2025-12-26 09:41:02,715 | INFO     | Config:
exp_name: spressure_N10k_lr1e-3_e250_run2
model:
  input_dim: 3
  output_dim: 1
  head_num: 8
  hidden_dim: 256
  res: true
  slice_num: 32
  layer_num: 5
  mlp_ratio: 1.5
  dropout: 0.1
training:
  target: y_pres
  x_mean:
  - 1.575143
  - -0.0188374
  - 0.6046101
  x_std:
  - 1.3669719
  - 0.6226963
  - 0.39627418
  y_mean: -94.5
  y_std: 117.25
  batch_size: 1
  epochs: 250
  lr: 0.001
  scheduler_step: 50
  scheduler_gamma: 0.5
  max_grad_norm: 0.1
  num_workers: 1
  weight_decay: 0.0
  test_only: 0
  gpus: '0'
  seed: 42
dataload:
  directory: /mnt/wjc_group/mae-zhangbj/DrivAerNet_dataset/

2025-12-26 09:41:02,715 | INFO     | args.exp_name : spressure_N10k_lr1e-3_e250_run2
2025-12-26 09:41:02,715 | INFO     | Starting training with 1 GPUs
2025-12-26 09:41:06,493 | INFO     | Total trainable parameters: 3381321
2025-12-26 09:41:06,494 | INFO     | Data loaded: 2457 training batches, 531 validation batches, 534 test batches
2025-12-26 09:41:06,495 | INFO     | Staring training for 250 epochs
2025-12-26 10:04:15,699 | INFO     | Epoch 1/250 - Train Loss: 0.372386, Val Loss: 0.280313[0m
2025-12-26 10:04:15,733 | INFO     | New best model saved with Val Loss: 0.280313
2025-12-26 10:24:58,424 | INFO     | Epoch 2/250 - Train Loss: 0.216937, Val Loss: 0.158770[0m
2025-12-26 10:24:58,472 | INFO     | New best model saved with Val Loss: 0.158770
2025-12-26 10:46:10,466 | INFO     | Epoch 3/250 - Train Loss: 0.158759, Val Loss: 0.124068[0m
2025-12-26 10:46:10,514 | INFO     | New best model saved with Val Loss: 0.124068
2025-12-26 11:11:54,244 | INFO     | Epoch 4/250 - Train Loss: 0.128920, Val Loss: 0.115349[0m
2025-12-26 11:11:54,299 | INFO     | New best model saved with Val Loss: 0.115349
2025-12-26 11:44:08,833 | INFO     | Epoch 5/250 - Train Loss: 0.112942, Val Loss: 0.094931[0m
2025-12-26 11:44:08,884 | INFO     | New best model saved with Val Loss: 0.094931
2025-12-26 11:45:11,788 | INFO     | Config:
exp_name: spressure_N10k_lr1e-3_e250_run2
model:
  input_dim: 3
  output_dim: 1
  head_num: 8
  hidden_dim: 256
  res: true
  slice_num: 32
  layer_num: 5
  mlp_ratio: 1.5
  dropout: 0.1
training:
  target: y_pres
  x_mean:
  - 1.575143
  - -0.0188374
  - 0.6046101
  x_std:
  - 1.3669719
  - 0.6226963
  - 0.39627418
  y_mean: -94.5
  y_std: 117.25
  batch_size: 1
  epochs: 250
  lr: 0.001
  scheduler_step: 50
  scheduler_gamma: 0.5
  max_grad_norm: 0.1
  num_workers: 1
  weight_decay: 0.0
  test_only: 0
  gpus: '0'
  seed: 42
dataload:
  directory: /mnt/wjc_group/mae-zhangbj/DrivAerNet_dataset/

2025-12-26 11:45:11,788 | INFO     | args.exp_name : spressure_N10k_lr1e-3_e250_run2
2025-12-26 11:45:11,789 | INFO     | Starting training with 1 GPUs
2025-12-26 11:45:15,957 | INFO     | Total trainable parameters: 3381321
2025-12-26 11:45:15,957 | INFO     | Data loaded: 2457 training batches, 531 validation batches, 534 test batches
2025-12-26 11:45:15,958 | INFO     | Staring training for 250 epochs
2025-12-26 12:01:04,618 | INFO     | Epoch 6/250 - Train Loss: 0.102010, Val Loss: 0.088000[0m
2025-12-26 12:01:04,669 | INFO     | New best model saved with Val Loss: 0.088000
2025-12-26 12:17:59,193 | INFO     | Epoch 7/250 - Train Loss: 0.093983, Val Loss: 0.090656[0m
2025-12-26 12:34:53,795 | INFO     | Epoch 8/250 - Train Loss: 0.087084, Val Loss: 0.084635[0m
2025-12-26 12:34:53,849 | INFO     | New best model saved with Val Loss: 0.084635
2025-12-26 12:51:48,417 | INFO     | Epoch 9/250 - Train Loss: 0.083213, Val Loss: 0.075543[0m
2025-12-26 12:51:48,472 | INFO     | New best model saved with Val Loss: 0.075543
2025-12-26 13:08:42,997 | INFO     | Epoch 10/250 - Train Loss: 0.079785, Val Loss: 0.069753[0m
2025-12-26 13:08:43,048 | INFO     | New best model saved with Val Loss: 0.069753
2025-12-26 13:25:37,681 | INFO     | Epoch 11/250 - Train Loss: 0.076398, Val Loss: 0.068089[0m
2025-12-26 13:25:37,733 | INFO     | New best model saved with Val Loss: 0.068089
2025-12-26 13:42:32,270 | INFO     | Epoch 12/250 - Train Loss: 0.074259, Val Loss: 0.065702[0m
2025-12-26 13:42:32,312 | INFO     | New best model saved with Val Loss: 0.065702
2025-12-26 13:59:26,861 | INFO     | Epoch 13/250 - Train Loss: 0.071640, Val Loss: 0.066584[0m
2025-12-26 14:16:21,404 | INFO     | Epoch 14/250 - Train Loss: 0.069695, Val Loss: 0.063993[0m
2025-12-26 14:16:21,457 | INFO     | New best model saved with Val Loss: 0.063993
2025-12-26 14:33:16,032 | INFO     | Epoch 15/250 - Train Loss: 0.067390, Val Loss: 0.061563[0m
2025-12-26 14:33:16,086 | INFO     | New best model saved with Val Loss: 0.061563
2025-12-26 14:50:10,578 | INFO     | Epoch 16/250 - Train Loss: 0.066289, Val Loss: 0.059579[0m
2025-12-26 14:50:10,633 | INFO     | New best model saved with Val Loss: 0.059579
2025-12-26 15:07:05,157 | INFO     | Epoch 17/250 - Train Loss: 0.064723, Val Loss: 0.057805[0m
2025-12-26 15:07:05,212 | INFO     | New best model saved with Val Loss: 0.057805
2025-12-26 15:23:59,682 | INFO     | Epoch 18/250 - Train Loss: 0.063737, Val Loss: 0.058935[0m
2025-12-26 15:40:53,768 | INFO     | Epoch 19/250 - Train Loss: 0.062401, Val Loss: 0.057168[0m
2025-12-26 15:40:53,822 | INFO     | New best model saved with Val Loss: 0.057168
2025-12-26 15:57:47,875 | INFO     | Epoch 20/250 - Train Loss: 0.061032, Val Loss: 0.055715[0m
2025-12-26 15:57:47,929 | INFO     | New best model saved with Val Loss: 0.055715
2025-12-26 16:14:42,223 | INFO     | Epoch 21/250 - Train Loss: 0.060834, Val Loss: 0.052675[0m
2025-12-26 16:14:42,278 | INFO     | New best model saved with Val Loss: 0.052675
2025-12-26 16:31:36,646 | INFO     | Epoch 22/250 - Train Loss: 0.059856, Val Loss: 0.055332[0m
2025-12-26 16:48:30,913 | INFO     | Epoch 23/250 - Train Loss: 0.059231, Val Loss: 0.052849[0m
2025-12-26 17:05:25,342 | INFO     | Epoch 24/250 - Train Loss: 0.058341, Val Loss: 0.053448[0m
2025-12-26 17:22:19,750 | INFO     | Epoch 25/250 - Train Loss: 0.057583, Val Loss: 0.052484[0m
2025-12-26 17:22:19,803 | INFO     | New best model saved with Val Loss: 0.052484
2025-12-26 17:39:14,248 | INFO     | Epoch 26/250 - Train Loss: 0.057153, Val Loss: 0.050411[0m
2025-12-26 17:39:14,299 | INFO     | New best model saved with Val Loss: 0.050411
2025-12-26 17:56:08,816 | INFO     | Epoch 27/250 - Train Loss: 0.056810, Val Loss: 0.051059[0m
2025-12-26 18:13:03,359 | INFO     | Epoch 28/250 - Train Loss: 0.055918, Val Loss: 0.051903[0m
2025-12-26 18:29:57,917 | INFO     | Epoch 29/250 - Train Loss: 0.055708, Val Loss: 0.055146[0m
2025-12-26 18:46:52,346 | INFO     | Epoch 30/250 - Train Loss: 0.055103, Val Loss: 0.054505[0m
2025-12-26 19:03:46,881 | INFO     | Epoch 31/250 - Train Loss: 0.054709, Val Loss: 0.052052[0m
2025-12-26 19:20:41,444 | INFO     | Epoch 32/250 - Train Loss: 0.054714, Val Loss: 0.048479[0m
2025-12-26 19:20:41,494 | INFO     | New best model saved with Val Loss: 0.048479
2025-12-26 19:37:35,963 | INFO     | Epoch 33/250 - Train Loss: 0.054091, Val Loss: 0.052142[0m
2025-12-26 19:54:30,450 | INFO     | Epoch 34/250 - Train Loss: 0.053635, Val Loss: 0.050753[0m
2025-12-26 20:11:24,897 | INFO     | Epoch 35/250 - Train Loss: 0.053351, Val Loss: 0.049297[0m
2025-12-26 20:28:19,353 | INFO     | Epoch 36/250 - Train Loss: 0.054019, Val Loss: 0.047812[0m
2025-12-26 20:28:19,399 | INFO     | New best model saved with Val Loss: 0.047812
2025-12-26 20:45:13,911 | INFO     | Epoch 37/250 - Train Loss: 0.052770, Val Loss: 0.046638[0m
2025-12-26 20:45:13,965 | INFO     | New best model saved with Val Loss: 0.046638
2025-12-26 21:02:08,381 | INFO     | Epoch 38/250 - Train Loss: 0.053251, Val Loss: 0.047253[0m
2025-12-26 21:19:02,857 | INFO     | Epoch 39/250 - Train Loss: 0.052298, Val Loss: 0.060269[0m
2025-12-26 21:35:57,317 | INFO     | Epoch 40/250 - Train Loss: 0.052043, Val Loss: 0.046885[0m
2025-12-26 21:52:51,858 | INFO     | Epoch 41/250 - Train Loss: 0.051763, Val Loss: 0.047476[0m
2025-12-26 22:09:46,326 | INFO     | Epoch 42/250 - Train Loss: 0.051911, Val Loss: 0.047417[0m
2025-12-26 22:26:40,819 | INFO     | Epoch 43/250 - Train Loss: 0.051154, Val Loss: 0.046421[0m
2025-12-26 22:26:40,875 | INFO     | New best model saved with Val Loss: 0.046421
2025-12-26 22:43:35,324 | INFO     | Epoch 44/250 - Train Loss: 0.051297, Val Loss: 0.050245[0m
2025-12-26 23:00:29,632 | INFO     | Epoch 45/250 - Train Loss: 0.050853, Val Loss: 0.047510[0m
2025-12-26 23:17:23,862 | INFO     | Epoch 46/250 - Train Loss: 0.050338, Val Loss: 0.046696[0m
2025-12-26 23:34:18,234 | INFO     | Epoch 47/250 - Train Loss: 0.050611, Val Loss: 0.045577[0m
2025-12-26 23:34:18,289 | INFO     | New best model saved with Val Loss: 0.045577
2025-12-26 23:51:12,275 | INFO     | Epoch 48/250 - Train Loss: 0.050293, Val Loss: 0.053391[0m
2025-12-27 00:08:06,279 | INFO     | Epoch 49/250 - Train Loss: 0.050171, Val Loss: 0.046758[0m
2025-12-27 00:25:00,411 | INFO     | Epoch 50/250 - Train Loss: 0.049969, Val Loss: 0.045407[0m
2025-12-27 00:25:00,464 | INFO     | New best model saved with Val Loss: 0.045407
2025-12-27 00:41:54,690 | INFO     | Epoch 51/250 - Train Loss: 0.046386, Val Loss: 0.043699[0m
2025-12-27 00:41:54,744 | INFO     | New best model saved with Val Loss: 0.043699
2025-12-27 00:58:48,855 | INFO     | Epoch 52/250 - Train Loss: 0.046374, Val Loss: 0.046289[0m
2025-12-27 01:15:42,955 | INFO     | Epoch 53/250 - Train Loss: 0.046065, Val Loss: 0.043958[0m
2025-12-27 01:32:36,988 | INFO     | Epoch 54/250 - Train Loss: 0.046115, Val Loss: 0.042331[0m
2025-12-27 01:32:37,040 | INFO     | New best model saved with Val Loss: 0.042331
2025-12-27 01:49:31,133 | INFO     | Epoch 55/250 - Train Loss: 0.046158, Val Loss: 0.043791[0m
2025-12-27 02:06:25,105 | INFO     | Epoch 56/250 - Train Loss: 0.046205, Val Loss: 0.042686[0m
2025-12-27 02:23:19,057 | INFO     | Epoch 57/250 - Train Loss: 0.045793, Val Loss: 0.043071[0m
2025-12-27 02:40:13,129 | INFO     | Epoch 58/250 - Train Loss: 0.045525, Val Loss: 0.042602[0m
2025-12-27 02:57:07,162 | INFO     | Epoch 59/250 - Train Loss: 0.046163, Val Loss: 0.042206[0m
2025-12-27 02:57:07,216 | INFO     | New best model saved with Val Loss: 0.042206
2025-12-27 03:14:01,199 | INFO     | Epoch 60/250 - Train Loss: 0.045285, Val Loss: 0.042613[0m
2025-12-27 03:30:55,351 | INFO     | Epoch 61/250 - Train Loss: 0.045590, Val Loss: 0.041836[0m
2025-12-27 03:30:55,399 | INFO     | New best model saved with Val Loss: 0.041836
2025-12-27 03:47:49,425 | INFO     | Epoch 62/250 - Train Loss: 0.045897, Val Loss: 0.042485[0m
2025-12-27 04:04:43,436 | INFO     | Epoch 63/250 - Train Loss: 0.045376, Val Loss: 0.055240[0m
2025-12-27 04:21:37,389 | INFO     | Epoch 64/250 - Train Loss: 0.045554, Val Loss: 0.042039[0m
2025-12-27 04:38:31,419 | INFO     | Epoch 65/250 - Train Loss: 0.045382, Val Loss: 0.042124[0m
2025-12-27 04:55:25,478 | INFO     | Epoch 66/250 - Train Loss: 0.045676, Val Loss: 0.042156[0m
2025-12-27 05:12:19,525 | INFO     | Epoch 67/250 - Train Loss: 0.045228, Val Loss: 0.042124[0m
2025-12-27 05:29:13,666 | INFO     | Epoch 68/250 - Train Loss: 0.044899, Val Loss: 0.042005[0m
2025-12-27 05:46:07,697 | INFO     | Epoch 69/250 - Train Loss: 0.045468, Val Loss: 0.042403[0m
2025-12-27 06:03:01,748 | INFO     | Epoch 70/250 - Train Loss: 0.044892, Val Loss: 0.042243[0m
2025-12-27 06:19:55,820 | INFO     | Epoch 71/250 - Train Loss: 0.045220, Val Loss: 0.041610[0m
2025-12-27 06:19:55,872 | INFO     | New best model saved with Val Loss: 0.041610
2025-12-27 06:36:49,961 | INFO     | Epoch 72/250 - Train Loss: 0.045244, Val Loss: 0.041432[0m
2025-12-27 06:36:50,009 | INFO     | New best model saved with Val Loss: 0.041432
2025-12-27 06:53:43,995 | INFO     | Epoch 73/250 - Train Loss: 0.044594, Val Loss: 0.041624[0m
2025-12-27 07:10:38,053 | INFO     | Epoch 74/250 - Train Loss: 0.044967, Val Loss: 0.042211[0m
2025-12-27 07:27:32,182 | INFO     | Epoch 75/250 - Train Loss: 0.044978, Val Loss: 0.045172[0m
2025-12-27 07:44:26,194 | INFO     | Epoch 76/250 - Train Loss: 0.044426, Val Loss: 0.041718[0m
2025-12-27 08:01:20,300 | INFO     | Epoch 77/250 - Train Loss: 0.044959, Val Loss: 0.041417[0m
2025-12-27 08:01:20,356 | INFO     | New best model saved with Val Loss: 0.041417
2025-12-27 08:18:14,401 | INFO     | Epoch 78/250 - Train Loss: 0.044901, Val Loss: 0.041385[0m
2025-12-27 08:18:14,452 | INFO     | New best model saved with Val Loss: 0.041385
2025-12-27 08:35:08,494 | INFO     | Epoch 79/250 - Train Loss: 0.045086, Val Loss: 0.041333[0m
2025-12-27 08:35:08,545 | INFO     | New best model saved with Val Loss: 0.041333
2025-12-27 08:52:02,538 | INFO     | Epoch 80/250 - Train Loss: 0.044481, Val Loss: 0.041667[0m
2025-12-27 09:08:56,739 | INFO     | Epoch 81/250 - Train Loss: 0.044769, Val Loss: 0.041917[0m
2025-12-27 09:25:50,778 | INFO     | Epoch 82/250 - Train Loss: 0.044298, Val Loss: 0.041675[0m
2025-12-27 09:42:44,742 | INFO     | Epoch 83/250 - Train Loss: 0.045005, Val Loss: 0.041463[0m
2025-12-27 09:59:38,801 | INFO     | Epoch 84/250 - Train Loss: 0.044360, Val Loss: 0.043233[0m
2025-12-27 10:16:32,833 | INFO     | Epoch 85/250 - Train Loss: 0.044618, Val Loss: 0.041933[0m
2025-12-27 10:33:26,946 | INFO     | Epoch 86/250 - Train Loss: 0.044292, Val Loss: 0.041260[0m
2025-12-27 10:33:27,002 | INFO     | New best model saved with Val Loss: 0.041260
2025-12-27 10:50:21,082 | INFO     | Epoch 87/250 - Train Loss: 0.044917, Val Loss: 0.041767[0m
2025-12-27 11:07:15,202 | INFO     | Epoch 88/250 - Train Loss: 0.044503, Val Loss: 0.042526[0m
2025-12-27 11:24:09,244 | INFO     | Epoch 89/250 - Train Loss: 0.044283, Val Loss: 0.041400[0m
2025-12-27 11:41:03,241 | INFO     | Epoch 90/250 - Train Loss: 0.044717, Val Loss: 0.041794[0m
2025-12-27 11:57:57,342 | INFO     | Epoch 91/250 - Train Loss: 0.044344, Val Loss: 0.040947[0m
2025-12-27 11:57:57,398 | INFO     | New best model saved with Val Loss: 0.040947
2025-12-27 12:14:51,488 | INFO     | Epoch 92/250 - Train Loss: 0.044753, Val Loss: 0.043239[0m
2025-12-27 12:31:45,554 | INFO     | Epoch 93/250 - Train Loss: 0.044270, Val Loss: 0.042820[0m
2025-12-27 12:48:39,583 | INFO     | Epoch 94/250 - Train Loss: 0.044684, Val Loss: 0.041033[0m
2025-12-27 13:05:33,555 | INFO     | Epoch 95/250 - Train Loss: 0.044064, Val Loss: 0.042037[0m
2025-12-27 13:22:27,523 | INFO     | Epoch 96/250 - Train Loss: 0.044069, Val Loss: 0.040988[0m
2025-12-27 13:39:21,490 | INFO     | Epoch 97/250 - Train Loss: 0.044271, Val Loss: 0.044255[0m
2025-12-27 13:56:15,491 | INFO     | Epoch 98/250 - Train Loss: 0.044461, Val Loss: 0.041301[0m
2025-12-27 14:13:09,494 | INFO     | Epoch 99/250 - Train Loss: 0.044493, Val Loss: 0.042749[0m
2025-12-27 14:30:03,482 | INFO     | Epoch 100/250 - Train Loss: 0.044418, Val Loss: 0.045035[0m
2025-12-27 14:46:57,612 | INFO     | Epoch 101/250 - Train Loss: 0.042520, Val Loss: 0.040281[0m
2025-12-27 14:46:57,665 | INFO     | New best model saved with Val Loss: 0.040281
2025-12-27 15:03:51,839 | INFO     | Epoch 102/250 - Train Loss: 0.041716, Val Loss: 0.039550[0m
2025-12-27 15:03:51,895 | INFO     | New best model saved with Val Loss: 0.039550
2025-12-27 15:20:46,659 | INFO     | Epoch 103/250 - Train Loss: 0.041679, Val Loss: 0.039774[0m
2025-12-27 15:37:41,472 | INFO     | Epoch 104/250 - Train Loss: 0.041185, Val Loss: 0.040126[0m
2025-12-27 15:54:36,236 | INFO     | Epoch 105/250 - Train Loss: 0.041628, Val Loss: 0.040165[0m
2025-12-27 16:11:30,976 | INFO     | Epoch 106/250 - Train Loss: 0.041157, Val Loss: 0.039680[0m
2025-12-27 16:28:25,800 | INFO     | Epoch 107/250 - Train Loss: 0.041379, Val Loss: 0.041967[0m
2025-12-27 16:45:20,630 | INFO     | Epoch 108/250 - Train Loss: 0.041132, Val Loss: 0.039894[0m
2025-12-27 17:02:15,418 | INFO     | Epoch 109/250 - Train Loss: 0.041692, Val Loss: 0.039426[0m
2025-12-27 17:02:15,473 | INFO     | New best model saved with Val Loss: 0.039426
2025-12-27 17:19:10,278 | INFO     | Epoch 110/250 - Train Loss: 0.041168, Val Loss: 0.041186[0m
2025-12-27 17:36:05,168 | INFO     | Epoch 111/250 - Train Loss: 0.040536, Val Loss: 0.040464[0m
2025-12-27 17:52:59,960 | INFO     | Epoch 112/250 - Train Loss: 0.041653, Val Loss: 0.040390[0m
2025-12-27 18:09:54,785 | INFO     | Epoch 113/250 - Train Loss: 0.040529, Val Loss: 0.039454[0m
2025-12-27 18:26:49,597 | INFO     | Epoch 114/250 - Train Loss: 0.041283, Val Loss: 0.040442[0m
