2025-12-11 19:36:15,514 | INFO     | Config:
exp_name: DrivAerML_velocity_N3w_lr5e-4_e300
model:
  input_dim: 3
  output_dim: 3
  head_num: 4
  hidden_dim: 256
  res: true
  head_dim: 64
  slice_num: 64
  layer_num: 8
  mlp_ratio: 2
  dropout: 0.1
training:
  input: volume_anchor_position
  target: volume_anchor_velocity
  batch_size: 1
  epochs: 300
  lr: 0.0005
  scheduler_step: 50
  scheduler_gamma: 0.7
  max_grad_norm: 0.1
  num_workers: 1
  weight_decay: 1.0e-05
  test_only: 1
  gpus: '0'
  root_dir: /mnt/wjc_group/mae-zhangbj/DrivAerML_dataset
  seed: 42

2025-12-11 19:36:15,514 | INFO     | args.exp_name : DrivAerML_velocity_N3w_lr5e-4_e300
2025-12-11 19:36:15,514 | INFO     | Starting training with 1 GPUs
2025-12-11 19:36:16,117 | INFO     | Total trainable parameters: 4614947
2025-12-11 19:36:16,118 | INFO     | Data loaded: 393 training batches, 33 validation batches, 45 test batches
2025-12-11 19:36:16,118 | INFO     | Loading best model for testing only
[Testing]:   0%|          | 0/45 [00:00<?, ?it/s][Testing]:   2%|▏         | 1/45 [00:01<00:57,  1.30s/it][Testing]:   4%|▍         | 2/45 [00:01<00:26,  1.62it/s][Testing]:   7%|▋         | 3/45 [00:01<00:16,  2.51it/s][Testing]:   9%|▉         | 4/45 [00:01<00:14,  2.78it/s][Testing]:  11%|█         | 5/45 [00:02<00:11,  3.53it/s][Testing]:  13%|█▎        | 6/45 [00:03<00:29,  1.34it/s][Testing]:  16%|█▌        | 7/45 [00:03<00:20,  1.82it/s][Testing]:  18%|█▊        | 8/45 [00:12<01:52,  3.04s/it][Testing]:  20%|██        | 9/45 [00:20<02:45,  4.61s/it][Testing]:  22%|██▏       | 10/45 [00:29<03:26,  5.90s/it][Testing]:  22%|██▏       | 10/45 [00:35<02:03,  3.54s/it]
Traceback (most recent call last):
  File "/home/mae-zhangbj/ML_Turbulent/RopeTransolver/train.py", line 488, in <module>
    main()
  File "/home/mae-zhangbj/ML_Turbulent/RopeTransolver/train.py", line 484, in main
    train_and_evaluate(args, device)
  File "/home/mae-zhangbj/ML_Turbulent/RopeTransolver/train.py", line 122, in train_and_evaluate
    test_model(model, test_dataloader, criterion, device, os.path.join('experiments', args.exp_name), args)
  File "/home/mae-zhangbj/ML_Turbulent/RopeTransolver/train.py", line 362, in test_model
    for batch in tqdm(test_dataloader, desc="[Testing]"):
                 ^^^^^^^^^^^^^^^^^^^^^^^^^^^^^^^^^^^^^^^
  File "/home/mae-zhangbj/miniconda3/envs/Rope/lib/python3.12/site-packages/tqdm/std.py", line 1181, in __iter__
    for obj in iterable:
               ^^^^^^^^
  File "/home/mae-zhangbj/miniconda3/envs/Rope/lib/python3.12/site-packages/torch/utils/data/dataloader.py", line 708, in __next__
    data = self._next_data()
           ^^^^^^^^^^^^^^^^^
  File "/home/mae-zhangbj/miniconda3/envs/Rope/lib/python3.12/site-packages/torch/utils/data/dataloader.py", line 1480, in _next_data
    return self._process_data(data)
           ^^^^^^^^^^^^^^^^^^^^^^^^
  File "/home/mae-zhangbj/miniconda3/envs/Rope/lib/python3.12/site-packages/torch/utils/data/dataloader.py", line 1505, in _process_data
    data.reraise()
  File "/home/mae-zhangbj/miniconda3/envs/Rope/lib/python3.12/site-packages/torch/_utils.py", line 733, in reraise
    raise exception
FileNotFoundError: Caught FileNotFoundError in DataLoader worker process 0.
Original Traceback (most recent call last):
  File "/home/mae-zhangbj/miniconda3/envs/Rope/lib/python3.12/site-packages/torch/utils/data/_utils/worker.py", line 349, in _worker_loop
    data = fetcher.fetch(index)  # type: ignore[possibly-undefined]
           ^^^^^^^^^^^^^^^^^^^^
  File "/home/mae-zhangbj/miniconda3/envs/Rope/lib/python3.12/site-packages/torch/utils/data/_utils/fetch.py", line 52, in fetch
    data = [self.dataset[idx] for idx in possibly_batched_index]
            ~~~~~~~~~~~~^^^^^
  File "/home/mae-zhangbj/ML_Turbulent/RopeTransolver/drivaerml_dataset.py", line 121, in __getitem__
    'volume_pMeanTrim': self.getitem_volume_pMeanTrim(idx),
                        ^^^^^^^^^^^^^^^^^^^^^^^^^^^^^^^^^^
  File "/home/mae-zhangbj/ML_Turbulent/RopeTransolver/drivaerml_dataset.py", line 206, in getitem_volume_pMeanTrim
    return self._load(idx=idx, filename_base="volume_cell_pMeanTrim").unsqueeze(1)
           ^^^^^^^^^^^^^^^^^^^^^^^^^^^^^^^^^^^^^^^^^^^^^^^^^^^^^^^^^^
  File "/home/mae-zhangbj/ML_Turbulent/RopeTransolver/drivaerml_dataset.py", line 172, in _load
    raise FileNotFoundError(f"Neither {np_path} nor {pt_path} (nor _v2 versions) found for run_{design_id}")
FileNotFoundError: Neither /mnt/wjc_group/mae-zhangbj/DrivAerML_dataset/run_133/volume_cell_pMeanTrim.npy nor /mnt/wjc_group/mae-zhangbj/DrivAerML_dataset/run_133/volume_cell_pMeanTrim.pt (nor _v2 versions) found for run_133

