2025-12-12 10:28:35,236 | INFO     | Config:
exp_name: velocity_N10k_lr1e-3_e250
model:
  input_dim: 3
  output_dim: 3
  head_num: 8
  hidden_dim: 256
  res: true
  head_dim: 64
  slice_num: 32
  layer_num: 5
  mlp_ratio: 1
  dropout: 0.0
training:
  input: volume_anchor_position
  target: volume_anchor_velocity
  batch_size: 1
  epochs: 250
  lr: 0.001
  scheduler_step: 50
  scheduler_gamma: 0.5
  max_grad_norm: 0.1
  num_workers: 1
  weight_decay: 0.0
  test_only: 1
  gpus: '0'
  root_dir: /mnt/wjc_group/mae-zhangbj/DrivAerML_dataset
  seed: 42

2025-12-12 10:28:35,236 | INFO     | args.exp_name : velocity_N10k_lr1e-3_e250
2025-12-12 10:28:35,236 | INFO     | Starting training with 1 GPUs
2025-12-12 10:28:35,461 | INFO     | Total trainable parameters: 2266059
2025-12-12 10:28:35,462 | INFO     | Data loaded: 389 training batches, 33 validation batches, 48 test batches
2025-12-12 10:28:35,462 | INFO     | Staring training for 250 epochs
[Training]:   0%|          | 0/389 [00:00<?, ?it/s][Training]:   0%|          | 1/389 [00:10<1:09:45, 10.79s/it][Training]:   1%|          | 2/389 [00:11<31:29,  4.88s/it]  [Training]:   1%|          | 3/389 [00:12<20:35,  3.20s/it][Training]:   1%|          | 4/389 [00:16<21:00,  3.28s/it][Training]:   1%|▏         | 5/389 [00:18<18:47,  2.94s/it][Training]:   2%|▏         | 6/389 [01:20<2:27:57, 23.18s/it][Training]:   2%|▏         | 7/389 [01:22<1:42:25, 16.09s/it][Training]:   2%|▏         | 8/389 [01:29<1:23:20, 13.13s/it][Training]:   2%|▏         | 9/389 [01:29<58:21,  9.22s/it]  [Training]:   3%|▎         | 10/389 [01:32<44:33,  7.05s/it][Training]:   3%|▎         | 11/389 [01:55<1:16:27, 12.14s/it][Training]:   3%|▎         | 11/389 [02:17<1:18:43, 12.50s/it]
Traceback (most recent call last):
  File "/home/mae-zhangbj/ML_Turbulent/RopeTransolver/train_DrivAerML.py", line 488, in <module>
    main()
  File "/home/mae-zhangbj/ML_Turbulent/RopeTransolver/train_DrivAerML.py", line 484, in main
    train_and_evaluate(args, device)
  File "/home/mae-zhangbj/ML_Turbulent/RopeTransolver/train_DrivAerML.py", line 139, in train_and_evaluate
    train_loss = train_one_epoch(model, train_dataloader, optimizer, criterion, device, args)
                 ^^^^^^^^^^^^^^^^^^^^^^^^^^^^^^^^^^^^^^^^^^^^^^^^^^^^^^^^^^^^^^^^^^^^^^^^^^^^
  File "/home/mae-zhangbj/ML_Turbulent/RopeTransolver/train_DrivAerML.py", line 262, in train_one_epoch
    for batch in tqdm(train_dataloader, desc="[Training]"):
                 ^^^^^^^^^^^^^^^^^^^^^^^^^^^^^^^^^^^^^^^^^
  File "/home/mae-zhangbj/miniconda3/envs/Rope/lib/python3.12/site-packages/tqdm/std.py", line 1181, in __iter__
    for obj in iterable:
               ^^^^^^^^
  File "/home/mae-zhangbj/miniconda3/envs/Rope/lib/python3.12/site-packages/torch/utils/data/dataloader.py", line 708, in __next__
    data = self._next_data()
           ^^^^^^^^^^^^^^^^^
  File "/home/mae-zhangbj/miniconda3/envs/Rope/lib/python3.12/site-packages/torch/utils/data/dataloader.py", line 1480, in _next_data
    return self._process_data(data)
           ^^^^^^^^^^^^^^^^^^^^^^^^
  File "/home/mae-zhangbj/miniconda3/envs/Rope/lib/python3.12/site-packages/torch/utils/data/dataloader.py", line 1505, in _process_data
    data.reraise()
  File "/home/mae-zhangbj/miniconda3/envs/Rope/lib/python3.12/site-packages/torch/_utils.py", line 733, in reraise
    raise exception
NameError: Caught NameError in DataLoader worker process 0.
Original Traceback (most recent call last):
  File "/home/mae-zhangbj/miniconda3/envs/Rope/lib/python3.12/site-packages/torch/utils/data/_utils/worker.py", line 349, in _worker_loop
    data = fetcher.fetch(index)  # type: ignore[possibly-undefined]
           ^^^^^^^^^^^^^^^^^^^^
  File "/home/mae-zhangbj/miniconda3/envs/Rope/lib/python3.12/site-packages/torch/utils/data/_utils/fetch.py", line 52, in fetch
    data = [self.dataset[idx] for idx in possibly_batched_index]
            ~~~~~~~~~~~~^^^^^
  File "/home/mae-zhangbj/ML_Turbulent/RopeTransolver/preprocessors_DrivAerML/drivaerml_dataset.py", line 120, in __getitem__
    'volume_position': self.getitem_volume_position(idx),
                       ^^^^^^^^^^^^^^^^^^^^^^^^^^^^^^^^^
  File "/home/mae-zhangbj/ML_Turbulent/RopeTransolver/preprocessors_DrivAerML/drivaerml_dataset.py", line 201, in getitem_volume_position
    return self._load(idx=idx, filename_base="volume_cell_position")
           ^^^^^^^^^^^^^^^^^^^^^^^^^^^^^^^^^^^^^^^^^^^^^^^^^^^^^^^^^
  File "/home/mae-zhangbj/ML_Turbulent/RopeTransolver/preprocessors_DrivAerML/drivaerml_dataset.py", line 172, in _load
    raise FileNotFoundError(f"Neither {np_path} nor {pt_path} (nor _v2 versions) found for run_{design_id}")
                                                     ^^^^^^^
NameError: name 'pt_path' is not defined. Did you mean: 'np_path'?

