2025-12-12 12:22:21,210 | INFO     | Config:
exp_name: velocity_N10k_lr1e-3_e250
model:
  input_dim: 3
  output_dim: 3
  head_num: 8
  hidden_dim: 256
  res: true
  head_dim: 64
  slice_num: 32
  layer_num: 5
  mlp_ratio: 1
  dropout: 0.0
training:
  input: volume_anchor_position
  target: volume_anchor_velocity
  batch_size: 1
  epochs: 250
  lr: 0.001
  scheduler_step: 50
  scheduler_gamma: 0.5
  max_grad_norm: 0.1
  num_workers: 1
  weight_decay: 0.0
  test_only: 1
  gpus: '0'
  root_dir: /mnt/wjc_group/mae-zhangbj/DrivAerML_dataset/small
  seed: 42

2025-12-12 12:22:21,210 | INFO     | args.exp_name : velocity_N10k_lr1e-3_e250
2025-12-12 12:22:21,210 | INFO     | Starting training with 1 GPUs
2025-12-12 12:22:21,630 | INFO     | Total trainable parameters: 2266059
2025-12-12 12:22:21,631 | INFO     | Data loaded: 389 training batches, 33 validation batches, 48 test batches
2025-12-12 12:22:21,632 | INFO     | Staring training for 250 epochs
[Training]:   0%|          | 0/389 [00:00<?, ?it/s][Training]:   0%|          | 1/389 [00:00<03:17,  1.97it/s][Training]:   1%|          | 3/389 [00:00<01:13,  5.22it/s][Training]:   1%|▏         | 5/389 [00:00<00:51,  7.44it/s][Training]:   2%|▏         | 7/389 [00:00<00:42,  8.97it/s][Training]:   2%|▏         | 9/389 [00:01<00:37, 10.01it/s][Training]:   3%|▎         | 11/389 [00:01<00:35, 10.75it/s][Training]:   3%|▎         | 11/389 [00:01<00:45,  8.37it/s]
Traceback (most recent call last):
  File "/home/mae-zhangbj/ML_Turbulent/RopeTransolver/train_DrivAerML.py", line 488, in <module>
    main()
  File "/home/mae-zhangbj/ML_Turbulent/RopeTransolver/train_DrivAerML.py", line 484, in main
    train_and_evaluate(args, device)
  File "/home/mae-zhangbj/ML_Turbulent/RopeTransolver/train_DrivAerML.py", line 139, in train_and_evaluate
    train_loss = train_one_epoch(model, train_dataloader, optimizer, criterion, device, args)
                 ^^^^^^^^^^^^^^^^^^^^^^^^^^^^^^^^^^^^^^^^^^^^^^^^^^^^^^^^^^^^^^^^^^^^^^^^^^^^
  File "/home/mae-zhangbj/ML_Turbulent/RopeTransolver/train_DrivAerML.py", line 262, in train_one_epoch
    for batch in tqdm(train_dataloader, desc="[Training]"):
                 ^^^^^^^^^^^^^^^^^^^^^^^^^^^^^^^^^^^^^^^^^
  File "/home/mae-zhangbj/miniconda3/envs/Rope/lib/python3.12/site-packages/tqdm/std.py", line 1181, in __iter__
    for obj in iterable:
               ^^^^^^^^
  File "/home/mae-zhangbj/miniconda3/envs/Rope/lib/python3.12/site-packages/torch/utils/data/dataloader.py", line 708, in __next__
    data = self._next_data()
           ^^^^^^^^^^^^^^^^^
  File "/home/mae-zhangbj/miniconda3/envs/Rope/lib/python3.12/site-packages/torch/utils/data/dataloader.py", line 1480, in _next_data
    return self._process_data(data)
           ^^^^^^^^^^^^^^^^^^^^^^^^
  File "/home/mae-zhangbj/miniconda3/envs/Rope/lib/python3.12/site-packages/torch/utils/data/dataloader.py", line 1505, in _process_data
    data.reraise()
  File "/home/mae-zhangbj/miniconda3/envs/Rope/lib/python3.12/site-packages/torch/_utils.py", line 733, in reraise
    raise exception
FileNotFoundError: Caught FileNotFoundError in DataLoader worker process 0.
Original Traceback (most recent call last):
  File "/home/mae-zhangbj/miniconda3/envs/Rope/lib/python3.12/site-packages/torch/utils/data/_utils/worker.py", line 349, in _worker_loop
    data = fetcher.fetch(index)  # type: ignore[possibly-undefined]
           ^^^^^^^^^^^^^^^^^^^^
  File "/home/mae-zhangbj/miniconda3/envs/Rope/lib/python3.12/site-packages/torch/utils/data/_utils/fetch.py", line 52, in fetch
    data = [self.dataset[idx] for idx in possibly_batched_index]
            ~~~~~~~~~~~~^^^^^
  File "/home/mae-zhangbj/ML_Turbulent/RopeTransolver/preprocessors_DrivAerML/drivaerml_dataset.py", line 120, in __getitem__
    'volume_position': self.getitem_volume_position(idx),
                       ^^^^^^^^^^^^^^^^^^^^^^^^^^^^^^^^^
  File "/home/mae-zhangbj/ML_Turbulent/RopeTransolver/preprocessors_DrivAerML/drivaerml_dataset.py", line 202, in getitem_volume_position
    return self._load(idx=idx, filename_base="volume_cell_position")
           ^^^^^^^^^^^^^^^^^^^^^^^^^^^^^^^^^^^^^^^^^^^^^^^^^^^^^^^^^
  File "/home/mae-zhangbj/ML_Turbulent/RopeTransolver/preprocessors_DrivAerML/drivaerml_dataset.py", line 173, in _load
    raise FileNotFoundError(f"Neither {np_path}  (nor _v2 versions) found for run_{design_id}")
FileNotFoundError: Neither /mnt/wjc_group/mae-zhangbj/DrivAerML_dataset/small/run_249/volume_cell_position.npy  (nor _v2 versions) found for run_249

Exception in thread Thread-2 (_pin_memory_loop):
Traceback (most recent call last):
  File "/home/mae-zhangbj/miniconda3/envs/Rope/lib/python3.12/threading.py", line 1075, in _bootstrap_inner
