2025-12-12 09:25:45,921 | INFO     | Config:
exp_name: DrivAerML_spressure_N3w_lr5e-4_e300
model:
  input_dim: 3
  output_dim: 1
  head_num: 4
  hidden_dim: 256
  res: true
  head_dim: 64
  slice_num: 64
  layer_num: 8
  mlp_ratio: 2
  dropout: 0.1
training:
  input: surface_anchor_position
  target: surface_anchor_pressure
  batch_size: 1
  epochs: 300
  lr: 0.0005
  scheduler_step: 50
  scheduler_gamma: 0.7
  max_grad_norm: 0.1
  num_workers: 1
  weight_decay: 1.0e-05
  test_only: 1
  gpus: '0'
  root_dir: /mnt/wjc_group/mae-zhangbj/drivaerML_N100_000
  seed: 42

2025-12-12 09:25:45,921 | INFO     | args.exp_name : DrivAerML_spressure_N3w_lr5e-4_e300
2025-12-12 09:25:45,921 | INFO     | Starting training with 1 GPUs
2025-12-12 09:25:46,204 | INFO     | Total trainable parameters: 4614433
2025-12-12 09:25:46,205 | INFO     | Data loaded: 393 training batches, 33 validation batches, 48 test batches
2025-12-12 09:25:46,206 | INFO     | Staring training for 300 epochs
[Training]:   0%|          | 0/393 [00:00<?, ?it/s][Training]:   0%|          | 0/393 [00:02<?, ?it/s]
Traceback (most recent call last):
  File "/home/mae-zhangbj/ML_Turbulent/RopeTransolver/train.py", line 488, in <module>
    main()
  File "/home/mae-zhangbj/ML_Turbulent/RopeTransolver/train.py", line 484, in main
    train_and_evaluate(args, device)
  File "/home/mae-zhangbj/ML_Turbulent/RopeTransolver/train.py", line 139, in train_and_evaluate
    train_loss = train_one_epoch(model, train_dataloader, optimizer, criterion, device, args)
                 ^^^^^^^^^^^^^^^^^^^^^^^^^^^^^^^^^^^^^^^^^^^^^^^^^^^^^^^^^^^^^^^^^^^^^^^^^^^^
  File "/home/mae-zhangbj/ML_Turbulent/RopeTransolver/train.py", line 262, in train_one_epoch
    for batch in tqdm(train_dataloader, desc="[Training]"):
                 ^^^^^^^^^^^^^^^^^^^^^^^^^^^^^^^^^^^^^^^^^
  File "/home/mae-zhangbj/miniconda3/envs/Rope/lib/python3.12/site-packages/tqdm/std.py", line 1181, in __iter__
    for obj in iterable:
               ^^^^^^^^
  File "/home/mae-zhangbj/miniconda3/envs/Rope/lib/python3.12/site-packages/torch/utils/data/dataloader.py", line 708, in __next__
    data = self._next_data()
           ^^^^^^^^^^^^^^^^^
  File "/home/mae-zhangbj/miniconda3/envs/Rope/lib/python3.12/site-packages/torch/utils/data/dataloader.py", line 1480, in _next_data
    return self._process_data(data)
           ^^^^^^^^^^^^^^^^^^^^^^^^
  File "/home/mae-zhangbj/miniconda3/envs/Rope/lib/python3.12/site-packages/torch/utils/data/dataloader.py", line 1505, in _process_data
    data.reraise()
  File "/home/mae-zhangbj/miniconda3/envs/Rope/lib/python3.12/site-packages/torch/_utils.py", line 733, in reraise
    raise exception
FileNotFoundError: Caught FileNotFoundError in DataLoader worker process 0.
Original Traceback (most recent call last):
  File "/home/mae-zhangbj/miniconda3/envs/Rope/lib/python3.12/site-packages/torch/utils/data/_utils/worker.py", line 349, in _worker_loop
    data = fetcher.fetch(index)  # type: ignore[possibly-undefined]
           ^^^^^^^^^^^^^^^^^^^^
  File "/home/mae-zhangbj/miniconda3/envs/Rope/lib/python3.12/site-packages/torch/utils/data/_utils/fetch.py", line 52, in fetch
    data = [self.dataset[idx] for idx in possibly_batched_index]
            ~~~~~~~~~~~~^^^^^
  File "/home/mae-zhangbj/ML_Turbulent/RopeTransolver/drivaerml_dataset.py", line 121, in __getitem__
    'volume_pMeanTrim': self.getitem_volume_pMeanTrim(idx),
                        ^^^^^^^^^^^^^^^^^^^^^^^^^^^^^^^^^^
  File "/home/mae-zhangbj/ML_Turbulent/RopeTransolver/drivaerml_dataset.py", line 206, in getitem_volume_pMeanTrim
    return self._load(idx=idx, filename_base="volume_cell_pMeanTrim").unsqueeze(1)
           ^^^^^^^^^^^^^^^^^^^^^^^^^^^^^^^^^^^^^^^^^^^^^^^^^^^^^^^^^^
  File "/home/mae-zhangbj/ML_Turbulent/RopeTransolver/drivaerml_dataset.py", line 172, in _load
    raise FileNotFoundError(f"Neither {np_path} nor {pt_path} (nor _v2 versions) found for run_{design_id}")
FileNotFoundError: Neither /mnt/wjc_group/mae-zhangbj/drivaerML_N100_000/run_427/volume_cell_pMeanTrim.npy nor /mnt/wjc_group/mae-zhangbj/drivaerML_N100_000/run_427/volume_cell_pMeanTrim.pt (nor _v2 versions) found for run_427

