CUDA available GPUs: 1
Current device index: 0
Device name: Tesla V100-SXM2-32GB
Physical GPU(s) specified in CUDA_VISIBLE_DEVICES: ['3']
Using physical GPU 3 (visible as cuda:0 in PyTorch)
2025-12-12 13:02:30,185 | INFO     | Config:
exp_name: DrivAerNet_spressure_N10k_lr1e-3_e250
model:
  input_dim: 3
  output_dim: 1
  head_num: 8
  hidden_dim: 256
  res: true
  head_dim: 64
  slice_num: 32
  layer_num: 5
  mlp_ratio: 1
  dropout: 0.1
training:
  batch_size: 1
  epochs: 250
  lr: 0.001
  scheduler_step: 50
  scheduler_gamma: 0.5
  max_grad_norm: 0.1
  num_workers: 1
  weight_decay: 0.0
  test_only: 1
  gpus: '0'
  seed: 42
dataload:
  directory: /mnt/wjc_group/mae-zhangbj/DrivAerNet_dataset/

2025-12-12 13:02:30,185 | INFO     | args.exp_name : DrivAerNet_spressure_N10k_lr1e-3_e250
2025-12-12 13:02:30,185 | INFO     | Starting training with 1 GPUs
