2025-12-11 19:30:41,672 | INFO     | Config:
exp_name: DrivAerML_velocity_N3w_lr5e-4_e300
model:
  input_dim: 3
  output_dim: 3
  head_num: 4
  hidden_dim: 256
  res: true
  head_dim: 64
  slice_num: 64
  layer_num: 8
  mlp_ratio: 2
  dropout: 0.1
training:
  input: volume_anchor_position
  target: volume_anchor_velocity
  batch_size: 1
  epochs: 300
  lr: 0.0005
  scheduler_step: 50
  scheduler_gamma: 0.7
  max_grad_norm: 0.1
  num_workers: 1
  weight_decay: 1.0e-05
  test_only: 1
  gpus: '0'
  root_dir: /work/mae-zhangbj/Data_ab_ubt/drivaerml
  seed: 42

2025-12-11 19:30:41,672 | INFO     | args.exp_name : DrivAerML_velocity_N3w_lr5e-4_e300
2025-12-11 19:30:41,672 | INFO     | Starting training with 1 GPUs
2025-12-11 19:30:42,293 | INFO     | Total trainable parameters: 4614947
2025-12-11 19:30:42,294 | INFO     | Data loaded: 393 training batches, 33 validation batches, 48 test batches
2025-12-11 19:30:42,295 | INFO     | Loading best model for testing only
[Testing]:   0%|          | 0/48 [00:00<?, ?it/s][Testing]:   0%|          | 0/48 [00:00<?, ?it/s]
Traceback (most recent call last):
  File "/home/mae-zhangbj/ML_Turbulent/RopeTransolver/train.py", line 488, in <module>
    main()
  File "/home/mae-zhangbj/ML_Turbulent/RopeTransolver/train.py", line 484, in main
    train_and_evaluate(args, device)
  File "/home/mae-zhangbj/ML_Turbulent/RopeTransolver/train.py", line 122, in train_and_evaluate
    test_model(model, test_dataloader, criterion, device, os.path.join('experiments', args.exp_name), args)
  File "/home/mae-zhangbj/ML_Turbulent/RopeTransolver/train.py", line 362, in test_model
    for batch in tqdm(test_dataloader, desc="[Testing]"):
                 ^^^^^^^^^^^^^^^^^^^^^^^^^^^^^^^^^^^^^^^
  File "/home/mae-zhangbj/miniconda3/envs/Rope/lib/python3.12/site-packages/tqdm/std.py", line 1181, in __iter__
    for obj in iterable:
               ^^^^^^^^
  File "/home/mae-zhangbj/miniconda3/envs/Rope/lib/python3.12/site-packages/torch/utils/data/dataloader.py", line 708, in __next__
    data = self._next_data()
           ^^^^^^^^^^^^^^^^^
  File "/home/mae-zhangbj/miniconda3/envs/Rope/lib/python3.12/site-packages/torch/utils/data/dataloader.py", line 1480, in _next_data
    return self._process_data(data)
           ^^^^^^^^^^^^^^^^^^^^^^^^
  File "/home/mae-zhangbj/miniconda3/envs/Rope/lib/python3.12/site-packages/torch/utils/data/dataloader.py", line 1505, in _process_data
    data.reraise()
  File "/home/mae-zhangbj/miniconda3/envs/Rope/lib/python3.12/site-packages/torch/_utils.py", line 733, in reraise
    raise exception
AssertionError: Caught AssertionError in DataLoader worker process 0.
Original Traceback (most recent call last):
  File "/home/mae-zhangbj/miniconda3/envs/Rope/lib/python3.12/site-packages/torch/utils/data/_utils/worker.py", line 349, in _worker_loop
    data = fetcher.fetch(index)  # type: ignore[possibly-undefined]
           ^^^^^^^^^^^^^^^^^^^^
  File "/home/mae-zhangbj/miniconda3/envs/Rope/lib/python3.12/site-packages/torch/utils/data/_utils/fetch.py", line 52, in fetch
    data = [self.dataset[idx] for idx in possibly_batched_index]
            ~~~~~~~~~~~~^^^^^
  File "/home/mae-zhangbj/ML_Turbulent/RopeTransolver/drivaerml_dataset.py", line 117, in __getitem__
    'surface_position_vtp': self.getitem_surface_position_vtp(idx),
                            ^^^^^^^^^^^^^^^^^^^^^^^^^^^^^^^^^^^^^^
  File "/home/mae-zhangbj/ML_Turbulent/RopeTransolver/drivaerml_dataset.py", line 182, in getitem_surface_position_vtp
    return self._load(idx=idx, filename_base="surface_position_vtp")
           ^^^^^^^^^^^^^^^^^^^^^^^^^^^^^^^^^^^^^^^^^^^^^^^^^^^^^^^^^
  File "/home/mae-zhangbj/ML_Turbulent/RopeTransolver/drivaerml_dataset.py", line 144, in _load
    assert design_uri.exists(), f"{design_uri.as_posix()} does not exist"
           ^^^^^^^^^^^^^^^^^^^
AssertionError: /work/mae-zhangbj/Data_ab_ubt/drivaerml/run_11 does not exist

