2025-12-18 09:38:43,448 | INFO     | Config:
exp_name: velocity_N10k_lr5e-4_e250
model:
  input_dim: 3
  output_dim: 3
  head_num: 8
  hidden_dim: 256
  res: true
  slice_num: 32
  layer_num: 5
  mlp_ratio: 1.5
  dropout: 0.1
training:
  input: volume_anchor_position
  target: volume_anchor_velocity
  batch_size: 1
  epochs: 250
  lr: 0.0005
  scheduler_step: 50
  scheduler_gamma: 0.5
  max_grad_norm: 0.1
  num_workers: 1
  weight_decay: 0.0
  test_only: 0
  gpus: '0'
  root_dir: /mnt/wjc_group/mae-zhangbj/DrivAerML_dataset/small
  seed: 42

2025-12-18 09:38:43,448 | INFO     | args.exp_name : velocity_N10k_lr5e-4_e250
2025-12-18 09:38:43,448 | INFO     | Starting training with 1 GPUs
Traceback (most recent call last):
  File "/home/mae-zhangbj/ML_Turbulent/RopeTransolver/train_DrivAerML.py", line 486, in <module>
    main()
  File "/home/mae-zhangbj/ML_Turbulent/RopeTransolver/train_DrivAerML.py", line 482, in main
    train_and_evaluate(args, device)
  File "/home/mae-zhangbj/ML_Turbulent/RopeTransolver/train_DrivAerML.py", line 86, in train_and_evaluate
    model = initialize_model(args, device)
            ^^^^^^^^^^^^^^^^^^^^^^^^^^^^^^
  File "/home/mae-zhangbj/ML_Turbulent/RopeTransolver/train_DrivAerML.py", line 40, in initialize_model
    model = Model(hidden_dim=args.model.hidden_dim,
            ^^^^^^^^^^^^^^^^^^^^^^^^^^^^^^^^^^^^^^^
  File "/home/mae-zhangbj/ML_Turbulent/RopeTransolver/model_transolver.py", line 46, in __init__
    self.blocks = nn.ModuleList([Transolver_block(head_num=head_num, hidden_dim=hidden_dim,
                                 ^^^^^^^^^^^^^^^^^^^^^^^^^^^^^^^^^^^^^^^^^^^^^^^^^^^^^^^^^^
  File "/home/mae-zhangbj/ML_Turbulent/RopeTransolver/modules_RT/transolver_block.py", line 31, in __init__
    self.mlp = MLP(mlp_input=hidden_dim,
               ^^^^^^^^^^^^^^^^^^^^^^^^^
  File "/home/mae-zhangbj/ML_Turbulent/RopeTransolver/modules_RT/mlp.py", line 19, in __init__
    self.linear_pre = nn.Sequential(nn.Linear(self.n_input, self.n_hidden), act())
                                    ^^^^^^^^^^^^^^^^^^^^^^^^^^^^^^^^^^^^^^
  File "/home/mae-zhangbj/miniconda3/envs/Rope/lib/python3.12/site-packages/torch/nn/modules/linear.py", line 106, in __init__
    torch.empty((out_features, in_features), **factory_kwargs)
TypeError: empty() received an invalid combination of arguments - got (tuple, dtype=NoneType, device=NoneType), but expected one of:
 * (tuple of ints size, *, tuple of names names, torch.memory_format memory_format = None, torch.dtype dtype = None, torch.layout layout = None, torch.device device = None, bool pin_memory = False, bool requires_grad = False)
 * (tuple of ints size, *, torch.memory_format memory_format = None, Tensor out = None, torch.dtype dtype = None, torch.layout layout = None, torch.device device = None, bool pin_memory = False, bool requires_grad = False)

