2025-12-19 09:31:37,557 | INFO     | Config:
exp_name: velocity_N10k_lr1e-3_e150
model:
  input_dim: 3
  output_dim: 3
  head_num: 8
  hidden_dim: 256
  res: true
  slice_num: 32
  layer_num: 5
  mlp_ratio: 1.5
  dropout: 0.1
training:
  input: volume_anchor_position
  target: volume_anchor_velocity
  batch_size: 1
  epochs: 150
  lr: 0.001
  scheduler_step: 250
  scheduler_gamma: 1
  max_grad_norm: 0.1
  num_workers: 1
  weight_decay: 0.0
  test_only: 0
  gpus: '0'
  root_dir: /mnt/wjc_group/mae-zhangbj/DrivAerML_dataset/small
  seed: 42

2025-12-19 09:31:37,557 | INFO     | args.exp_name : velocity_N10k_lr1e-3_e150
2025-12-19 09:31:37,558 | INFO     | Starting training with 1 GPUs
2025-12-19 09:31:37,771 | INFO     | Total trainable parameters: 3252299
2025-12-19 09:31:37,772 | INFO     | Data loaded: 380 training batches, 33 validation batches, 44 test batches
2025-12-19 09:31:37,772 | INFO     | Staring training for 150 epochs
[Training]:   0%|          | 0/380 [00:00<?, ?it/s]2025-12-19 09:31:37,930 | INFO     | After pos_embed: {fx.shape}
[Training]:   0%|          | 0/380 [00:00<?, ?it/s]
Traceback (most recent call last):
  File "/home/mae-zhangbj/ML_Turbulent/RopeTransolver/train_DrivAerML.py", line 485, in <module>
    main()
  File "/home/mae-zhangbj/ML_Turbulent/RopeTransolver/train_DrivAerML.py", line 481, in main
    train_and_evaluate(args, device)
  File "/home/mae-zhangbj/ML_Turbulent/RopeTransolver/train_DrivAerML.py", line 138, in train_and_evaluate
    train_loss = train_one_epoch(model, train_dataloader, optimizer, criterion, device, args)
                 ^^^^^^^^^^^^^^^^^^^^^^^^^^^^^^^^^^^^^^^^^^^^^^^^^^^^^^^^^^^^^^^^^^^^^^^^^^^^
  File "/home/mae-zhangbj/ML_Turbulent/RopeTransolver/train_DrivAerML.py", line 270, in train_one_epoch
    pred_velocity = model(data_volume)
                    ^^^^^^^^^^^^^^^^^^
  File "/home/mae-zhangbj/miniconda3/envs/Rope/lib/python3.12/site-packages/torch/nn/modules/module.py", line 1739, in _wrapped_call_impl
    return self._call_impl(*args, **kwargs)
           ^^^^^^^^^^^^^^^^^^^^^^^^^^^^^^^^
  File "/home/mae-zhangbj/miniconda3/envs/Rope/lib/python3.12/site-packages/torch/nn/modules/module.py", line 1750, in _call_impl
    return forward_call(*args, **kwargs)
           ^^^^^^^^^^^^^^^^^^^^^^^^^^^^^
  File "/home/mae-zhangbj/ML_Turbulent/RopeTransolver/modules_RT/model/model_transolver.py", line 79, in forward
    fx = self.preprocess(fx)
         ^^^^^^^^^^^^^^^^^^^
  File "/home/mae-zhangbj/miniconda3/envs/Rope/lib/python3.12/site-packages/torch/nn/modules/module.py", line 1739, in _wrapped_call_impl
    return self._call_impl(*args, **kwargs)
           ^^^^^^^^^^^^^^^^^^^^^^^^^^^^^^^^
  File "/home/mae-zhangbj/miniconda3/envs/Rope/lib/python3.12/site-packages/torch/nn/modules/module.py", line 1750, in _call_impl
    return forward_call(*args, **kwargs)
           ^^^^^^^^^^^^^^^^^^^^^^^^^^^^^
  File "/home/mae-zhangbj/ML_Turbulent/RopeTransolver/modules_RT/mlp.py", line 24, in forward
    x = self.linear_pre(x)
        ^^^^^^^^^^^^^^^^^^
  File "/home/mae-zhangbj/miniconda3/envs/Rope/lib/python3.12/site-packages/torch/nn/modules/module.py", line 1739, in _wrapped_call_impl
    return self._call_impl(*args, **kwargs)
           ^^^^^^^^^^^^^^^^^^^^^^^^^^^^^^^^
  File "/home/mae-zhangbj/miniconda3/envs/Rope/lib/python3.12/site-packages/torch/nn/modules/module.py", line 1750, in _call_impl
    return forward_call(*args, **kwargs)
           ^^^^^^^^^^^^^^^^^^^^^^^^^^^^^
  File "/home/mae-zhangbj/miniconda3/envs/Rope/lib/python3.12/site-packages/torch/nn/modules/container.py", line 250, in forward
    input = module(input)
            ^^^^^^^^^^^^^
  File "/home/mae-zhangbj/miniconda3/envs/Rope/lib/python3.12/site-packages/torch/nn/modules/module.py", line 1739, in _wrapped_call_impl
    return self._call_impl(*args, **kwargs)
           ^^^^^^^^^^^^^^^^^^^^^^^^^^^^^^^^
  File "/home/mae-zhangbj/miniconda3/envs/Rope/lib/python3.12/site-packages/torch/nn/modules/module.py", line 1750, in _call_impl
    return forward_call(*args, **kwargs)
           ^^^^^^^^^^^^^^^^^^^^^^^^^^^^^
  File "/home/mae-zhangbj/miniconda3/envs/Rope/lib/python3.12/site-packages/torch/nn/modules/linear.py", line 125, in forward
    return F.linear(input, self.weight, self.bias)
           ^^^^^^^^^^^^^^^^^^^^^^^^^^^^^^^^^^^^^^^
RuntimeError: mat1 and mat2 shapes cannot be multiplied (10000x256 and 3x512)
