2025-12-11 19:37:05,755 | INFO     | Config:
exp_name: DrivAerML_velocity_N3w_lr5e-4_e300
model:
  input_dim: 3
  output_dim: 3
  head_num: 4
  hidden_dim: 256
  res: true
  head_dim: 64
  slice_num: 64
  layer_num: 8
  mlp_ratio: 2
  dropout: 0.1
training:
  input: volume_anchor_position
  target: volume_anchor_velocity
  batch_size: 1
  epochs: 300
  lr: 0.0005
  scheduler_step: 50
  scheduler_gamma: 0.7
  max_grad_norm: 0.1
  num_workers: 1
  weight_decay: 1.0e-05
  test_only: 1
  gpus: '0'
  root_dir: /mnt/wjc_group/mae-zhangbj/DrivAerML_dataset
  seed: 42

2025-12-11 19:37:05,755 | INFO     | args.exp_name : DrivAerML_velocity_N3w_lr5e-4_e300
2025-12-11 19:37:05,755 | INFO     | Starting training with 1 GPUs
2025-12-11 19:37:06,339 | INFO     | Total trainable parameters: 4614947
2025-12-11 19:37:06,339 | INFO     | Data loaded: 393 training batches, 33 validation batches, 44 test batches
2025-12-11 19:37:06,340 | INFO     | Loading best model for testing only
[Testing]:   0%|          | 0/44 [00:00<?, ?it/s][Testing]:   2%|▏         | 1/44 [00:03<02:12,  3.08s/it][Testing]:   5%|▍         | 2/44 [00:05<02:01,  2.90s/it][Testing]:   7%|▋         | 3/44 [00:09<02:03,  3.02s/it][Testing]:   9%|▉         | 4/44 [00:11<01:48,  2.71s/it][Testing]:  11%|█▏        | 5/44 [00:12<01:20,  2.06s/it][Testing]:  14%|█▎        | 6/44 [00:14<01:20,  2.11s/it][Testing]:  16%|█▌        | 7/44 [00:14<00:56,  1.52s/it][Testing]:  18%|█▊        | 8/44 [00:14<00:39,  1.08s/it][Testing]:  20%|██        | 9/44 [00:14<00:27,  1.27it/s][Testing]:  23%|██▎       | 10/44 [00:16<00:37,  1.09s/it][Testing]:  25%|██▌       | 11/44 [00:23<01:37,  2.95s/it][Testing]:  25%|██▌       | 11/44 [00:28<01:26,  2.62s/it]
Traceback (most recent call last):
  File "/home/mae-zhangbj/ML_Turbulent/RopeTransolver/train.py", line 488, in <module>
    main()
  File "/home/mae-zhangbj/ML_Turbulent/RopeTransolver/train.py", line 484, in main
    train_and_evaluate(args, device)
  File "/home/mae-zhangbj/ML_Turbulent/RopeTransolver/train.py", line 122, in train_and_evaluate
    test_model(model, test_dataloader, criterion, device, os.path.join('experiments', args.exp_name), args)
  File "/home/mae-zhangbj/ML_Turbulent/RopeTransolver/train.py", line 362, in test_model
    for batch in tqdm(test_dataloader, desc="[Testing]"):
                 ^^^^^^^^^^^^^^^^^^^^^^^^^^^^^^^^^^^^^^^
  File "/home/mae-zhangbj/miniconda3/envs/Rope/lib/python3.12/site-packages/tqdm/std.py", line 1181, in __iter__
    for obj in iterable:
               ^^^^^^^^
  File "/home/mae-zhangbj/miniconda3/envs/Rope/lib/python3.12/site-packages/torch/utils/data/dataloader.py", line 708, in __next__
    data = self._next_data()
           ^^^^^^^^^^^^^^^^^
  File "/home/mae-zhangbj/miniconda3/envs/Rope/lib/python3.12/site-packages/torch/utils/data/dataloader.py", line 1480, in _next_data
    return self._process_data(data)
           ^^^^^^^^^^^^^^^^^^^^^^^^
  File "/home/mae-zhangbj/miniconda3/envs/Rope/lib/python3.12/site-packages/torch/utils/data/dataloader.py", line 1505, in _process_data
    data.reraise()
  File "/home/mae-zhangbj/miniconda3/envs/Rope/lib/python3.12/site-packages/torch/_utils.py", line 733, in reraise
    raise exception
FileNotFoundError: Caught FileNotFoundError in DataLoader worker process 0.
Original Traceback (most recent call last):
  File "/home/mae-zhangbj/miniconda3/envs/Rope/lib/python3.12/site-packages/torch/utils/data/_utils/worker.py", line 349, in _worker_loop
    data = fetcher.fetch(index)  # type: ignore[possibly-undefined]
           ^^^^^^^^^^^^^^^^^^^^
  File "/home/mae-zhangbj/miniconda3/envs/Rope/lib/python3.12/site-packages/torch/utils/data/_utils/fetch.py", line 52, in fetch
    data = [self.dataset[idx] for idx in possibly_batched_index]
            ~~~~~~~~~~~~^^^^^
  File "/home/mae-zhangbj/ML_Turbulent/RopeTransolver/drivaerml_dataset.py", line 121, in __getitem__
    'volume_pMeanTrim': self.getitem_volume_pMeanTrim(idx),
                        ^^^^^^^^^^^^^^^^^^^^^^^^^^^^^^^^^^
  File "/home/mae-zhangbj/ML_Turbulent/RopeTransolver/drivaerml_dataset.py", line 206, in getitem_volume_pMeanTrim
    return self._load(idx=idx, filename_base="volume_cell_pMeanTrim").unsqueeze(1)
           ^^^^^^^^^^^^^^^^^^^^^^^^^^^^^^^^^^^^^^^^^^^^^^^^^^^^^^^^^^
  File "/home/mae-zhangbj/ML_Turbulent/RopeTransolver/drivaerml_dataset.py", line 172, in _load
    raise FileNotFoundError(f"Neither {np_path} nor {pt_path} (nor _v2 versions) found for run_{design_id}")
FileNotFoundError: Neither /mnt/wjc_group/mae-zhangbj/DrivAerML_dataset/run_158/volume_cell_pMeanTrim.npy nor /mnt/wjc_group/mae-zhangbj/DrivAerML_dataset/run_158/volume_cell_pMeanTrim.pt (nor _v2 versions) found for run_158

