2025-12-12 10:10:39,790 | INFO     | Config:
exp_name: velocity_N10k_lr1e-3_e250
model:
  input_dim: 3
  output_dim: 3
  head_num: 8
  hidden_dim: 256
  res: true
  head_dim: 64
  slice_num: 32
  layer_num: 5
  mlp_ratio: 1
  dropout: 0.0
training:
  input: volume_anchor_position
  target: volume_anchor_velocity
  batch_size: 1
  epochs: 250
  lr: 0.001
  scheduler_step: 50
  scheduler_gamma: 0.5
  max_grad_norm: 0.1
  num_workers: 1
  weight_decay: 0.0
  test_only: 1
  gpus: '0'
  root_dir: /mnt/wjc_group/mae-zhangbj/DrivAerML_dataset
  seed: 42

2025-12-12 10:10:39,791 | INFO     | args.exp_name : velocity_N10k_lr1e-3_e250
2025-12-12 10:10:39,791 | INFO     | Starting training with 1 GPUs
2025-12-12 10:10:40,013 | INFO     | Total trainable parameters: 2266059
2025-12-12 10:10:40,014 | INFO     | Data loaded: 391 training batches, 33 validation batches, 48 test batches
2025-12-12 10:10:40,014 | INFO     | Staring training for 250 epochs
[Training]:   0%|          | 0/391 [00:00<?, ?it/s][Training]:   0%|          | 1/391 [00:00<03:29,  1.86it/s][Training]:   1%|          | 3/391 [00:00<01:20,  4.82it/s][Training]:   1%|▏         | 5/391 [00:00<00:56,  6.83it/s][Training]:   2%|▏         | 7/391 [00:01<00:46,  8.19it/s][Training]:   2%|▏         | 9/391 [00:01<00:41,  9.13it/s][Training]:   3%|▎         | 11/391 [00:01<00:38,  9.77it/s][Training]:   3%|▎         | 13/391 [00:01<00:36, 10.22it/s][Training]:   4%|▍         | 15/391 [00:01<00:35, 10.53it/s][Training]:   4%|▍         | 17/391 [00:01<00:34, 10.75it/s][Training]:   5%|▍         | 19/391 [00:02<00:34, 10.91it/s][Training]:   5%|▌         | 21/391 [00:02<00:33, 11.03it/s][Training]:   6%|▌         | 23/391 [00:02<00:33, 11.10it/s][Training]:   6%|▌         | 23/391 [00:02<00:39,  9.21it/s]
Traceback (most recent call last):
  File "/home/mae-zhangbj/ML_Turbulent/RopeTransolver/train_DrivAerML.py", line 488, in <module>
    main()
  File "/home/mae-zhangbj/ML_Turbulent/RopeTransolver/train_DrivAerML.py", line 484, in main
    train_and_evaluate(args, device)
  File "/home/mae-zhangbj/ML_Turbulent/RopeTransolver/train_DrivAerML.py", line 139, in train_and_evaluate
    train_loss = train_one_epoch(model, train_dataloader, optimizer, criterion, device, args)
                 ^^^^^^^^^^^^^^^^^^^^^^^^^^^^^^^^^^^^^^^^^^^^^^^^^^^^^^^^^^^^^^^^^^^^^^^^^^^^
  File "/home/mae-zhangbj/ML_Turbulent/RopeTransolver/train_DrivAerML.py", line 262, in train_one_epoch
    for batch in tqdm(train_dataloader, desc="[Training]"):
                 ^^^^^^^^^^^^^^^^^^^^^^^^^^^^^^^^^^^^^^^^^
  File "/home/mae-zhangbj/miniconda3/envs/Rope/lib/python3.12/site-packages/tqdm/std.py", line 1181, in __iter__
    for obj in iterable:
               ^^^^^^^^
  File "/home/mae-zhangbj/miniconda3/envs/Rope/lib/python3.12/site-packages/torch/utils/data/dataloader.py", line 708, in __next__
    data = self._next_data()
           ^^^^^^^^^^^^^^^^^
  File "/home/mae-zhangbj/miniconda3/envs/Rope/lib/python3.12/site-packages/torch/utils/data/dataloader.py", line 1480, in _next_data
    return self._process_data(data)
           ^^^^^^^^^^^^^^^^^^^^^^^^
  File "/home/mae-zhangbj/miniconda3/envs/Rope/lib/python3.12/site-packages/torch/utils/data/dataloader.py", line 1505, in _process_data
    data.reraise()
  File "/home/mae-zhangbj/miniconda3/envs/Rope/lib/python3.12/site-packages/torch/_utils.py", line 733, in reraise
    raise exception
FileNotFoundError: Caught FileNotFoundError in DataLoader worker process 0.
Original Traceback (most recent call last):
  File "/home/mae-zhangbj/miniconda3/envs/Rope/lib/python3.12/site-packages/torch/utils/data/_utils/worker.py", line 349, in _worker_loop
    data = fetcher.fetch(index)  # type: ignore[possibly-undefined]
           ^^^^^^^^^^^^^^^^^^^^
  File "/home/mae-zhangbj/miniconda3/envs/Rope/lib/python3.12/site-packages/torch/utils/data/_utils/fetch.py", line 52, in fetch
    data = [self.dataset[idx] for idx in possibly_batched_index]
            ~~~~~~~~~~~~^^^^^
  File "/home/mae-zhangbj/ML_Turbulent/RopeTransolver/drivaerml_dataset.py", line 121, in __getitem__
    'volume_pMeanTrim': self.getitem_volume_pMeanTrim(idx),
                        ^^^^^^^^^^^^^^^^^^^^^^^^^^^^^^^^^^
  File "/home/mae-zhangbj/ML_Turbulent/RopeTransolver/drivaerml_dataset.py", line 206, in getitem_volume_pMeanTrim
    return self._load(idx=idx, filename_base="volume_cell_pMeanTrim").unsqueeze(1)
           ^^^^^^^^^^^^^^^^^^^^^^^^^^^^^^^^^^^^^^^^^^^^^^^^^^^^^^^^^^
  File "/home/mae-zhangbj/ML_Turbulent/RopeTransolver/drivaerml_dataset.py", line 172, in _load
    raise FileNotFoundError(f"Neither {np_path} nor {pt_path} (nor _v2 versions) found for run_{design_id}")
FileNotFoundError: Neither /mnt/wjc_group/mae-zhangbj/DrivAerML_dataset/run_480/volume_cell_pMeanTrim.npy nor /mnt/wjc_group/mae-zhangbj/DrivAerML_dataset/run_480/volume_cell_pMeanTrim.pt (nor _v2 versions) found for run_480

