2025-12-17 15:14:03,180 | INFO     | Config:
exp_name: velocity_N10k_lr1e-3_e250
model:
  input_dim: 3
  output_dim: 3
  head_num: 8
  hidden_dim: 256
  res: true
  head_dim: 64
  slice_num: 64
  layer_num: 8
  mlp_ratio: 2
  dropout: 0.1
training:
  input: volume_anchor_position
  target: volume_anchor_velocity
  batch_size: 1
  epochs: 250
  lr: 0.001
  scheduler_step: 50
  scheduler_gamma: 0.5
  max_grad_norm: 0.1
  num_workers: 1
  weight_decay: 0.0
  test_only: 0
  gpus: '0'
  root_dir: /mnt/wjc_group/mae-zhangbj/DrivAerML_dataset/small
  seed: 42

2025-12-17 15:14:03,181 | INFO     | args.exp_name : velocity_N10k_lr1e-3_e250
2025-12-17 15:14:03,181 | INFO     | Starting training with 1 GPUs
2025-12-17 15:14:03,424 | INFO     | Total trainable parameters: 4524867
2025-12-17 15:14:03,425 | INFO     | Data loaded: 380 training batches, 33 validation batches, 44 test batches
2025-12-17 15:14:03,425 | INFO     | Staring training for 250 epochs
[Training]:   0%|          | 0/380 [00:00<?, ?it/s][Training]:   0%|          | 0/380 [00:00<?, ?it/s]
Traceback (most recent call last):
  File "/home/mae-zhangbj/ML_Turbulent/RopeTransolver/train_DrivAerML.py", line 486, in <module>
    main()
  File "/home/mae-zhangbj/ML_Turbulent/RopeTransolver/train_DrivAerML.py", line 482, in main
    train_and_evaluate(args, device)
  File "/home/mae-zhangbj/ML_Turbulent/RopeTransolver/train_DrivAerML.py", line 139, in train_and_evaluate
    train_loss = train_one_epoch(model, train_dataloader, optimizer, criterion, device, args)
                 ^^^^^^^^^^^^^^^^^^^^^^^^^^^^^^^^^^^^^^^^^^^^^^^^^^^^^^^^^^^^^^^^^^^^^^^^^^^^
  File "/home/mae-zhangbj/ML_Turbulent/RopeTransolver/train_DrivAerML.py", line 271, in train_one_epoch
    pred_velocity = model(data_volume)
                    ^^^^^^^^^^^^^^^^^^
  File "/home/mae-zhangbj/miniconda3/envs/Rope/lib/python3.12/site-packages/torch/nn/modules/module.py", line 1739, in _wrapped_call_impl
    return self._call_impl(*args, **kwargs)
           ^^^^^^^^^^^^^^^^^^^^^^^^^^^^^^^^
  File "/home/mae-zhangbj/miniconda3/envs/Rope/lib/python3.12/site-packages/torch/nn/modules/module.py", line 1750, in _call_impl
    return forward_call(*args, **kwargs)
           ^^^^^^^^^^^^^^^^^^^^^^^^^^^^^
  File "/home/mae-zhangbj/ML_Turbulent/RopeTransolver/model_transolver.py", line 76, in forward
    fx = self.volume_bias(self.pos_embed(x))
                          ^^^^^^^^^^^^^^^^^
  File "/home/mae-zhangbj/miniconda3/envs/Rope/lib/python3.12/site-packages/torch/nn/modules/module.py", line 1739, in _wrapped_call_impl
    return self._call_impl(*args, **kwargs)
           ^^^^^^^^^^^^^^^^^^^^^^^^^^^^^^^^
  File "/home/mae-zhangbj/miniconda3/envs/Rope/lib/python3.12/site-packages/torch/nn/modules/module.py", line 1750, in _call_impl
    return forward_call(*args, **kwargs)
           ^^^^^^^^^^^^^^^^^^^^^^^^^^^^^
  File "/home/mae-zhangbj/ML_Turbulent/RopeTransolver/modules_RT/continuous_sincos_embed.py", line 54, in forward
    assert torch.all(coords >= 0)
           ^^^^^^^^^^^^^^^^^^^^^^
AssertionError
