CUDA available GPUs: 1
Current device index: 0
Device name: Tesla V100-SXM2-32GB
Physical GPU(s) specified in CUDA_VISIBLE_DEVICES: ['3']
Using physical GPU 3 (visible as cuda:0 in PyTorch)
2025-12-10 11:18:06,063 | INFO     | Config:
exp_name: RTformer_DrivAerNet
model:
  input_dim: 3
  output_dim: 1
  head_num: 4
  hidden_dim: 256
  res: true
  head_dim: 64
  slice_num: 64
  layer_num: 8
  mlp_ratio: 2
  dropout: 0.1
training:
  batch_size: 1
  epochs: 150
  lr: 0.0005
  scheduler_step: 50
  scheduler_gamma: 0.7
  max_grad_norm: 0.1
  num_workers: 1
  weight_decay: 1.0e-05
  test_only: 0
  gpus: '0'
  root_dir: ~/drivaerML_N100_000
  seed: 42
dataload:
  directory: /home/mae-zhangbj/DrivAerNet_dataset/

2025-12-10 11:18:06,063 | INFO     | args.exp_name : RTformer_DrivAerNet
2025-12-10 11:18:06,063 | INFO     | Starting training with 1 GPUs
2025-12-10 11:18:06,816 | INFO     | Total trainable parameters: 4524353
2025-12-10 11:18:06,816 | INFO     | Data loaded: 676 training batches, 166 validation batches, 150 test batches
2025-12-10 11:18:06,817 | INFO     | Staring training for 150 epochs
[Training]:   0%|          | 0/676 [00:00<?, ?it/s][Training]:   0%|          | 0/676 [00:00<?, ?it/s]
Traceback (most recent call last):
  File "/home/mae-zhangbj/ML_Turbulent/RopeTransolver/train_drivaernet.py", line 431, in <module>
    main()
  File "/home/mae-zhangbj/ML_Turbulent/RopeTransolver/train_drivaernet.py", line 427, in main
    train_and_evaluate(args, device)
  File "/home/mae-zhangbj/ML_Turbulent/RopeTransolver/train_drivaernet.py", line 149, in train_and_evaluate
    train_loss = train_one_epoch(model, train_dataloader, optimizer, criterion, device, args)
                 ^^^^^^^^^^^^^^^^^^^^^^^^^^^^^^^^^^^^^^^^^^^^^^^^^^^^^^^^^^^^^^^^^^^^^^^^^^^^
  File "/home/mae-zhangbj/ML_Turbulent/RopeTransolver/train_drivaernet.py", line 276, in train_one_epoch
    x = (x - POS_MEAN) / POS_STD
         ~~^~~~~~~~~~
TypeError: unsupported operand type(s) for -: 'Tensor' and 'list'
