CUDA available GPUs: 1
Current device index: 0
Device name: Tesla V100-SXM2-32GB
Physical GPU(s) specified in CUDA_VISIBLE_DEVICES: ['3']
Using physical GPU 3 (visible as cuda:0 in PyTorch)
2025-12-19 12:52:51,900 | INFO     | Config:
exp_name: spressure_N10k_lr1e-3_e250
model:
  input_dim: 3
  output_dim: 1
  head_num: 8
  hidden_dim: 256
  res: true
  slice_num: 32
  layer_num: 5
  mlp_ratio: 1.5
  dropout: 0.1
training:
  batch_size: 1
  epochs: 250
  lr: 0.001
  scheduler_step: 50
  scheduler_gamma: 0.5
  max_grad_norm: 0.1
  num_workers: 1
  weight_decay: 0.0
  test_only: 0
  gpus: '0'
  seed: 42
dataload:
  directory: /mnt/wjc_group/mae-zhangbj/DrivAerNet_dataset/

2025-12-19 12:52:51,900 | INFO     | args.exp_name : spressure_N10k_lr1e-3_e250
2025-12-19 12:52:51,900 | INFO     | Starting training with 1 GPUs
2025-12-19 12:52:53,461 | INFO     | Total trainable parameters: 3381321
2025-12-19 12:52:53,462 | INFO     | Data loaded: 405 training batches, 81 validation batches, 106 test batches
2025-12-19 12:52:53,462 | INFO     | Staring training for 250 epochs
[Training]:   0%|          | 0/405 [00:00<?, ?it/s][Training]:   0%|          | 0/405 [00:00<?, ?it/s]
Traceback (most recent call last):
  File "/home/mae-zhangbj/ML_Turbulent/RopeTransolver/train_DrivAerNet.py", line 429, in <module>
    main()
  File "/home/mae-zhangbj/ML_Turbulent/RopeTransolver/train_DrivAerNet.py", line 425, in main
    train_and_evaluate(args, device)
  File "/home/mae-zhangbj/ML_Turbulent/RopeTransolver/train_DrivAerNet.py", line 146, in train_and_evaluate
    train_loss = train_one_epoch(model, train_dataloader, optimizer, criterion, device, args)
                 ^^^^^^^^^^^^^^^^^^^^^^^^^^^^^^^^^^^^^^^^^^^^^^^^^^^^^^^^^^^^^^^^^^^^^^^^^^^^
  File "/home/mae-zhangbj/ML_Turbulent/RopeTransolver/train_DrivAerNet.py", line 270, in train_one_epoch
    y = data['y'].permute(1,0).to(device)
        ^^^^^^^^^^^^^^^^^^^^^^
RuntimeError: permute(sparse_coo): number of dimensions in the tensor input does not match the length of the desired ordering of dimensions i.e. input.dim() = 3 is not equal to len(dims) = 2
