2025-12-10 14:40:50,472 | INFO     | Config:
exp_name: RTformer_s_pressure_without_pos_nor
model:
  input_dim: 3
  output_dim: 1
  head_num: 4
  hidden_dim: 256
  res: true
  head_dim: 64
  slice_num: 64
  layer_num: 8
  mlp_ratio: 2
  dropout: 0.1
training:
  input: surface_anchor_position
  target: surface_anchor_pressure
  batch_size: 1
  epochs: 150
  lr: 0.0001
  scheduler_step: 50
  scheduler_gamma: 0.7
  max_grad_norm: 0.1
  num_workers: 1
  weight_decay: 1.0e-05
  test_only: 1
  gpus: '0'
  root_dir: ~/drivaerML_N100_000
  seed: 42

2025-12-10 14:40:50,472 | INFO     | args.exp_name : RTformer_s_pressure_without_pos_nor
2025-12-10 14:40:50,472 | INFO     | Starting training with 1 GPUs
2025-12-10 14:40:50,753 | INFO     | Total trainable parameters: 4614433
2025-12-10 14:40:50,754 | INFO     | Data loaded: 384 training batches, 33 validation batches, 48 test batches
2025-12-10 14:40:50,755 | INFO     | Loading best model for testing only
[Testing]:   0%|          | 0/48 [00:00<?, ?it/s][Testing]:   2%|▏         | 1/48 [00:00<00:18,  2.61it/s][Testing]:   8%|▊         | 4/48 [00:00<00:04,  9.94it/s][Testing]:  17%|█▋        | 8/48 [00:00<00:02, 16.75it/s][Testing]:  25%|██▌       | 12/48 [00:00<00:01, 21.22it/s][Testing]:  33%|███▎      | 16/48 [00:00<00:01, 23.03it/s][Testing]:  40%|███▉      | 19/48 [00:01<00:01, 23.80it/s][Testing]:  48%|████▊     | 23/48 [00:01<00:00, 25.89it/s][Testing]:  56%|█████▋    | 27/48 [00:01<00:00, 27.24it/s][Testing]:  65%|██████▍   | 31/48 [00:01<00:00, 28.26it/s][Testing]:  73%|███████▎  | 35/48 [00:01<00:00, 29.00it/s][Testing]:  81%|████████▏ | 39/48 [00:01<00:00, 29.39it/s][Testing]:  90%|████████▉ | 43/48 [00:01<00:00, 29.81it/s][Testing]:  98%|█████████▊| 47/48 [00:01<00:00, 29.68it/s][Testing]: 100%|██████████| 48/48 [00:01<00:00, 24.03it/s]
2025-12-10 14:40:52,800 | INFO     | *******************[35mL2_erro:[0m
2025-12-10 14:40:52,800 | INFO     |  0.136516
2025-12-10 14:40:52,800 | INFO     | *******************[35mmse_loss:[0m
2025-12-10 14:40:52,800 | INFO     |  0.031861
2025-12-10 14:40:52,800 | INFO     | *******************[35minference_time:[0m
2025-12-10 14:40:52,800 | INFO     |  0.015319
Traceback (most recent call last):
  File "/home/mae-zhangbj/ML_Turbulent/RopeTransolver/train.py", line 490, in <module>
    main()
  File "/home/mae-zhangbj/ML_Turbulent/RopeTransolver/train.py", line 486, in main
    train_and_evaluate(args, device)
  File "/home/mae-zhangbj/ML_Turbulent/RopeTransolver/train.py", line 123, in train_and_evaluate
    dist.destroy_process_group()
  File "/home/mae-zhangbj/miniconda3/envs/Rope/lib/python3.12/site-packages/torch/distributed/distributed_c10d.py", line 2125, in destroy_process_group
    assert pg is not None
           ^^^^^^^^^^^^^^
AssertionError
