2025-12-10 14:41:20,725 | INFO     | Config:
exp_name: RTformer_s_pressure_without_pos_nor
model:
  input_dim: 3
  output_dim: 1
  head_num: 4
  hidden_dim: 256
  res: true
  head_dim: 64
  slice_num: 64
  layer_num: 8
  mlp_ratio: 2
  dropout: 0.1
training:
  input: surface_anchor_position
  target: surface_anchor_pressure
  batch_size: 1
  epochs: 150
  lr: 0.0001
  scheduler_step: 50
  scheduler_gamma: 0.7
  max_grad_norm: 0.1
  num_workers: 1
  weight_decay: 1.0e-05
  test_only: 1
  gpus: '0'
  root_dir: ~/drivaerML_N100_000
  seed: 42

2025-12-10 14:41:20,725 | INFO     | args.exp_name : RTformer_s_pressure_without_pos_nor
2025-12-10 14:41:20,725 | INFO     | Starting training with 1 GPUs
2025-12-10 14:41:21,003 | INFO     | Total trainable parameters: 4614433
2025-12-10 14:41:21,004 | INFO     | Data loaded: 384 training batches, 33 validation batches, 48 test batches
2025-12-10 14:41:21,005 | INFO     | Loading best model for testing only
[Testing]:   0%|          | 0/48 [00:00<?, ?it/s][Testing]:   2%|▏         | 1/48 [00:00<00:19,  2.40it/s][Testing]:   8%|▊         | 4/48 [00:00<00:04,  9.18it/s][Testing]:  15%|█▍        | 7/48 [00:00<00:02, 14.37it/s][Testing]:  21%|██        | 10/48 [00:00<00:02, 18.22it/s][Testing]:  29%|██▉       | 14/48 [00:00<00:01, 22.26it/s][Testing]:  35%|███▌      | 17/48 [00:00<00:01, 24.04it/s][Testing]:  42%|████▏     | 20/48 [00:01<00:01, 24.93it/s][Testing]:  50%|█████     | 24/48 [00:01<00:00, 26.83it/s][Testing]:  56%|█████▋    | 27/48 [00:01<00:00, 27.53it/s][Testing]:  65%|██████▍   | 31/48 [00:01<00:00, 28.54it/s][Testing]:  73%|███████▎  | 35/48 [00:01<00:00, 29.20it/s][Testing]:  81%|████████▏ | 39/48 [00:01<00:00, 29.65it/s][Testing]:  90%|████████▉ | 43/48 [00:01<00:00, 29.97it/s][Testing]:  98%|█████████▊| 47/48 [00:01<00:00, 30.19it/s][Testing]: 100%|██████████| 48/48 [00:02<00:00, 23.54it/s]
2025-12-10 14:41:23,093 | INFO     | *******************[35mL2_erro:[0m
2025-12-10 14:41:23,093 | INFO     |  0.136516
2025-12-10 14:41:23,093 | INFO     | *******************[35mmse_loss:[0m
2025-12-10 14:41:23,093 | INFO     |  0.031861
2025-12-10 14:41:23,093 | INFO     | *******************[35minference_time:[0m
2025-12-10 14:41:23,093 | INFO     |  0.015683
