CUDA available GPUs: 1
Current device index: 0
Device name: Tesla V100-SXM2-32GB
Physical GPU(s) specified in CUDA_VISIBLE_DEVICES: ['3']
Using physical GPU 3 (visible as cuda:0 in PyTorch)
2025-12-10 13:12:49,601 | INFO     | Config:
exp_name: RTformer_DrivAerNet
model:
  input_dim: 3
  output_dim: 1
  head_num: 4
  hidden_dim: 256
  res: true
  head_dim: 64
  slice_num: 64
  layer_num: 8
  mlp_ratio: 2
  dropout: 0.1
training:
  batch_size: 1
  epochs: 150
  lr: 0.0005
  scheduler_step: 50
  scheduler_gamma: 0.7
  max_grad_norm: 0.1
  num_workers: 1
  weight_decay: 1.0e-05
  test_only: 0
  gpus: '0'
  root_dir: ~/drivaerML_N100_000
  seed: 42
dataload:
  directory: /home/mae-zhangbj/DrivAerNet_dataset/

2025-12-10 13:12:49,601 | INFO     | args.exp_name : RTformer_DrivAerNet
2025-12-10 13:12:49,601 | INFO     | Starting training with 1 GPUs
2025-12-10 13:12:51,064 | INFO     | Total trainable parameters: 4524353
2025-12-10 13:12:51,064 | INFO     | Data loaded: 676 training batches, 166 validation batches, 150 test batches
2025-12-10 13:12:51,064 | INFO     | Staring training for 150 epochs
[Training]:   0%|          | 0/676 [00:00<?, ?it/s]2025-12-10 13:12:51,201 | INFO     | x.shape: torch.Size([1, 30000, 3])
2025-12-10 13:12:51,201 | INFO     | y.shape: torch.Size([30000, 1])
[Training]:   0%|          | 0/676 [00:00<?, ?it/s]
Traceback (most recent call last):
  File "/home/mae-zhangbj/ML_Turbulent/RopeTransolver/train_drivaernet.py", line 440, in <module>
    main()
  File "/home/mae-zhangbj/ML_Turbulent/RopeTransolver/train_drivaernet.py", line 436, in main
    train_and_evaluate(args, device)
  File "/home/mae-zhangbj/ML_Turbulent/RopeTransolver/train_drivaernet.py", line 149, in train_and_evaluate
    train_loss = train_one_epoch(model, train_dataloader, optimizer, criterion, device, args)
                 ^^^^^^^^^^^^^^^^^^^^^^^^^^^^^^^^^^^^^^^^^^^^^^^^^^^^^^^^^^^^^^^^^^^^^^^^^^^^
  File "/home/mae-zhangbj/ML_Turbulent/RopeTransolver/train_drivaernet.py", line 278, in train_one_epoch
    logging.info(f"x[1,0,0]: {x[1,0,:]}")
                              ~^^^^^^^
IndexError: index 1 is out of bounds for dimension 0 with size 1
