2025-12-12 13:32:46,502 | INFO     | Config:
exp_name: velocity_N10k_lr1e-3_e250
model:
  input_dim: 3
  output_dim: 3
  head_num: 8
  hidden_dim: 256
  res: true
  head_dim: 64
  slice_num: 32
  layer_num: 5
  mlp_ratio: 1
  dropout: 0.0
training:
  input: volume_anchor_position
  target: volume_anchor_velocity
  batch_size: 1
  epochs: 250
  lr: 0.001
  scheduler_step: 50
  scheduler_gamma: 0.5
  max_grad_norm: 0.1
  num_workers: 1
  weight_decay: 0.0
  test_only: 0
  gpus: '0'
  root_dir: /mnt/wjc_group/mae-zhangbj/DrivAerML_dataset/small
  seed: 42

2025-12-12 13:32:46,502 | INFO     | args.exp_name : velocity_N10k_lr1e-3_e250
2025-12-12 13:32:46,502 | INFO     | Starting training with 1 GPUs
2025-12-12 13:32:46,735 | INFO     | Total trainable parameters: 2266059
2025-12-12 13:32:46,736 | INFO     | Data loaded: 380 training batches, 33 validation batches, 46 test batches
2025-12-12 13:32:46,737 | INFO     | Staring training for 250 epochs
[Training]:   0%|          | 0/380 [00:00<?, ?it/s][Training]:   0%|          | 1/380 [00:02<14:25,  2.28s/it][Training]:   1%|          | 2/380 [00:04<12:25,  1.97s/it][Training]:   1%|          | 3/380 [00:06<15:01,  2.39s/it][Training]:   1%|          | 4/380 [00:09<15:06,  2.41s/it][Training]:   1%|▏         | 5/380 [00:11<13:56,  2.23s/it][Training]:   2%|▏         | 6/380 [00:14<15:21,  2.46s/it][Training]:   2%|▏         | 7/380 [00:16<15:08,  2.43s/it][Training]:   2%|▏         | 8/380 [00:18<14:15,  2.30s/it][Training]:   2%|▏         | 9/380 [00:20<13:14,  2.14s/it][Training]:   3%|▎         | 10/380 [00:22<12:22,  2.01s/it][Training]:   3%|▎         | 11/380 [00:23<11:10,  1.82s/it][Training]:   3%|▎         | 12/380 [00:25<12:03,  1.97s/it][Training]:   3%|▎         | 13/380 [00:27<12:02,  1.97s/it][Training]:   4%|▎         | 14/380 [00:29<12:13,  2.00s/it][Training]:   4%|▍         | 15/380 [00:31<11:24,  1.88s/it][Training]:   4%|▍         | 16/380 [00:33<12:07,  2.00s/it][Training]:   4%|▍         | 17/380 [00:35<11:48,  1.95s/it][Training]:   5%|▍         | 18/380 [00:38<12:50,  2.13s/it]