2026-03-17 05:56:14,739 | INFO     | Config:
exp_name: spressure_N10k_lr1e-3_e250
model:
  input_dim: 3
  output_dim: 1
  res: true
  emb_dims: 1024
  k: 40
  mlp_ratio: 1.5
  dropout: 0.4
training:
  input: surface_anchor_position
  target: surface_anchor_pressure
  batch_size: 1
  epochs: 250
  lr: 0.001
  scheduler_step: 50
  scheduler_gamma: 0.5
  max_grad_norm: 0.1
  num_workers: 1
  weight_decay: 0.0001
  test_only: 1
  gpus: '0'
  root_dir: /mnt/wjc_group/mae-zhangbj/DrivAerML_dataset/small
  seed: 42

2026-03-17 05:56:14,739 | INFO     | args.exp_name : spressure_N10k_lr1e-3_e250
2026-03-17 05:56:14,739 | INFO     | Starting training with 1 GPUs
2026-03-17 05:56:15,014 | INFO     | Total trainable parameters: 1437705
2026-03-17 05:56:15,015 | INFO     | Data loaded: 1 training batches, 1 validation batches, 1 test batches
best_model_path:experiments_DrivAerML/spressure_N10k_lr1e-3_e250/best_model.pth
2026-03-17 05:56:15,765 | INFO     | Loading best model for testing only
[Testing]:   0%|          | 0/1 [00:00<?, ?it/s][Testing]: 100%|██████████| 1/1 [00:01<00:00,  1.03s/it][Testing]: 100%|██████████| 1/1 [00:01<00:00,  1.05s/it]
2026-03-17 05:56:16,831 | INFO     | *******************[35mL2_erro:[0m
2026-03-17 05:56:16,831 | INFO     |  1.827081
2026-03-17 05:56:16,831 | INFO     | *******************[35mmse_loss:[0m
2026-03-17 05:56:16,831 | INFO     |  5.606339
2026-03-17 05:56:16,831 | INFO     | *******************[35minference_time:[0m
2026-03-17 05:56:16,831 | INFO     |  0.341161
