2026-04-21 05:35:55,268 | INFO     | Config:
exp_name: spressure_N10k_lr1e-3_e250
model:
  input_dim: 3
  output_dim: 1
  res: true
  emb_dims: 1024
  k: 40
  mlp_ratio: 1.5
  dropout: 0.4
  output_channels: 1
training:
  input: surface_anchor_position
  target: surface_anchor_pressure
  batch_size: 1
  epochs: 150
  lr: 0.001
  scheduler_step: 50
  scheduler_gamma: 0.5
  max_grad_norm: 0.1
  num_workers: 1
  weight_decay: 0.0001
  test_only: 0
  gpus: '0'
  seed: 42
dataload:
  directory: /Users/zhangbojun/ShapeNet_dataset

2026-04-21 05:35:55,268 | INFO     | args.exp_name : spressure_N10k_lr1e-3_e250
2026-04-21 05:35:55,268 | INFO     | Starting training with 1 GPUs
2026-04-21 05:35:55,514 | INFO     | Total trainable parameters: 1437705
Traceback (most recent call last):
  File "/home/mae-zhangbj/ML_Turbulent/RegDGCNN/train_DrivAerML.py", line 454, in <module>
    main()
  File "/home/mae-zhangbj/ML_Turbulent/RegDGCNN/train_DrivAerML.py", line 450, in main
    train_and_evaluate(args, device)
  File "/home/mae-zhangbj/ML_Turbulent/RegDGCNN/train_DrivAerML.py", line 91, in train_and_evaluate
    args.training.root_dir, args.training.batch_size, use_query_positions=True, num_workers=args.training.num_workers,
    ^^^^^^^^^^^^^^^^^^^^^^
AttributeError: 'types.SimpleNamespace' object has no attribute 'root_dir'
