2026-03-17 05:46:11,586 | INFO     | Config:
exp_name: spressure_N10k_lr1e-3_e250
model:
  input_dim: 3
  output_dim: 1
  res: true
  emb_dims: 1024
  k: 40
  mlp_ratio: 1.5
  dropout: 0.4
training:
  input: surface_anchor_position
  target: surface_anchor_pressure
  batch_size: 1
  epochs: 250
  lr: 0.001
  scheduler_step: 50
  scheduler_gamma: 0.5
  max_grad_norm: 0.1
  num_workers: 1
  weight_decay: 0.0001
  test_only: 1
  gpus: '0'
  root_dir: /mnt/wjc_group/mae-zhangbj/DrivAerML_dataset/small
  seed: 42

2026-03-17 05:46:11,586 | INFO     | args.exp_name : spressure_N10k_lr1e-3_e250
2026-03-17 05:46:11,586 | INFO     | Starting training with 1 GPUs
2026-03-17 05:46:11,797 | INFO     | Total trainable parameters: 1437705
2026-03-17 05:46:11,798 | INFO     | Data loaded: 1 training batches, 1 validation batches, 1 test batches
best_model_path:experiments_DrivAerML/spressure_N10k_lr1e-3_e250/best_model.pth
2026-03-17 05:46:12,520 | INFO     | Staring training for 250 epochs
[Training]:   0%|          | 0/1 [00:00<?, ?it/s][Training]: 100%|██████████| 1/1 [00:00<00:00,  1.23it/s][Training]: 100%|██████████| 1/1 [00:00<00:00,  1.20it/s]
[Validation]:   0%|          | 0/1 [00:00<?, ?it/s][Validation]: 100%|██████████| 1/1 [00:00<00:00,  3.29it/s][Validation]: 100%|██████████| 1/1 [00:00<00:00,  2.99it/s]
2026-03-17 05:46:13,699 | INFO     | Epoch 1/250 - Train Loss: 1.146683, Val Loss: 5.658716[0m
2026-03-17 05:46:13,714 | INFO     | New best model saved with Val Loss: 5.658716
Traceback (most recent call last):
  File "/home/mae-zhangbj/ML_Turbulent/RegDGCNN/train_DrivAerML.py", line 446, in <module>
    main()
  File "/home/mae-zhangbj/ML_Turbulent/RegDGCNN/train_DrivAerML.py", line 442, in main
    train_and_evaluate(args, device)
  File "/home/mae-zhangbj/ML_Turbulent/RegDGCNN/train_DrivAerML.py", line 154, in train_and_evaluate
    scheduler.step()
TypeError: ReduceLROnPlateau.step() missing 1 required positional argument: 'metrics'
