2026-04-21 05:37:32,037 | INFO     | Config:
exp_name: spressure_N10k_lr1e-3_e250
model:
  input_dim: 3
  output_dim: 1
  res: true
  emb_dims: 1024
  k: 40
  mlp_ratio: 1.5
  dropout: 0.4
  output_channels: 1
training:
  input: surface_anchor_position
  target: surface_anchor_pressure
  batch_size: 1
  epochs: 150
  lr: 0.001
  scheduler_step: 50
  scheduler_gamma: 0.5
  max_grad_norm: 0.1
  num_workers: 1
  weight_decay: 0.0001
  test_only: 0
  gpus: '0'
  seed: 42
  root_dir: /mnt/wjc_group/mae-zhangbj/DrivAerML_dataset/small
dataload:
  directory: /Users/zhangbojun/ShapeNet_dataset

2026-04-21 05:37:32,037 | INFO     | args.exp_name : spressure_N10k_lr1e-3_e250
2026-04-21 05:37:32,037 | INFO     | Starting training with 1 GPUs
2026-04-21 05:37:32,251 | INFO     | Total trainable parameters: 1437705
2026-04-21 05:37:32,252 | INFO     | Data loaded: 380 training batches, 33 validation batches, 44 test batches
best_model_path:experiments_DrivAerML/spressure_N10k_lr1e-3_e250/best_model.pth
2026-04-21 05:37:32,990 | INFO     | Staring training for 150 epochs
[Training]:   0%|          | 0/380 [00:00<?, ?it/s][Training]:   0%|          | 0/380 [00:00<?, ?it/s]
Traceback (most recent call last):
  File "/home/mae-zhangbj/ML_Turbulent/RegDGCNN/train_DrivAerML.py", line 454, in <module>
    main()
  File "/home/mae-zhangbj/ML_Turbulent/RegDGCNN/train_DrivAerML.py", line 450, in main
    train_and_evaluate(args, device)
  File "/home/mae-zhangbj/ML_Turbulent/RegDGCNN/train_DrivAerML.py", line 130, in train_and_evaluate
    train_loss = train_one_epoch(model, train_dataloader, optimizer, criterion, device, args)
                 ^^^^^^^^^^^^^^^^^^^^^^^^^^^^^^^^^^^^^^^^^^^^^^^^^^^^^^^^^^^^^^^^^^^^^^^^^^^^
  File "/home/mae-zhangbj/ML_Turbulent/RegDGCNN/train_DrivAerML.py", line 267, in train_one_epoch
    y_hat = model(x)
            ^^^^^^^^
  File "/home/mae-zhangbj/miniconda3/envs/Rope/lib/python3.12/site-packages/torch/nn/modules/module.py", line 1739, in _wrapped_call_impl
    return self._call_impl(*args, **kwargs)
           ^^^^^^^^^^^^^^^^^^^^^^^^^^^^^^^^
  File "/home/mae-zhangbj/miniconda3/envs/Rope/lib/python3.12/site-packages/torch/nn/modules/module.py", line 1750, in _call_impl
    return forward_call(*args, **kwargs)
           ^^^^^^^^^^^^^^^^^^^^^^^^^^^^^
  File "/home/mae-zhangbj/ML_Turbulent/RegDGCNN/model_pressure.py", line 180, in forward
    x0 = get_graph_feature(x, k=self.k)  # (batch_size, 3, num_points) -> (batch_size, 3*2, num_points, k)
         ^^^^^^^^^^^^^^^^^^^^^^^^^^^^^^
  File "/home/mae-zhangbj/ML_Turbulent/RegDGCNN/model_pressure.py", line 55, in get_graph_feature
    idx = knn(x, k=k)  # (batch_size, num_points, k)
          ^^^^^^^^^^^
  File "/home/mae-zhangbj/ML_Turbulent/RegDGCNN/model_pressure.py", line 34, in knn
    idx = pairwise_distance.topk(k=k, dim=-1)[1]  # (batch_size, num_points, k)
          ^^^^^^^^^^^^^^^^^^^^^^^^^^^^^^^^^^^
RuntimeError: selected index k out of range
