CUDA available GPUs: 1
Current device index: 0
Device name: Tesla V100-SXM2-32GB
Physical GPU(s) specified in CUDA_VISIBLE_DEVICES: ['0']
Using physical GPU 0 (visible as cuda:0 in PyTorch)
2026-04-21 04:51:46,985 | INFO     | Config:
exp_name: ShapeNet_pressure
model:
  input_dim: 3
  output_dim: 1
  res: true
  emb_dims: 1024
  k: 40
  mlp_ratio: 1.5
  dropout: 0.4
  output_channels: 1
training:
  input: x
  target: y
  x_mean:
  - 1.5163924
  - -2.8424793e-05
  - 0.59128469
  x_std:
  - 1.415569
  - 0.65566987
  - 0.38558245
  y_mean: -93.28388
  y_std: 121.19236
  batch_size: 1
  epochs: 150
  lr: 0.001
  scheduler_step: 50
  scheduler_gamma: 0.5
  max_grad_norm: 0.1
  num_workers: 1
  weight_decay: 1.0e-05
  test_only: 0
  plt: 0
  gpus: '0'
  seed: 42
dataload:
  directory: /mnt/wjc_group/mae-zhangbj/ShapeNet_dataset

2026-04-21 04:51:46,986 | INFO     | args.exp_name : ShapeNet_pressure
2026-04-21 04:51:46,986 | INFO     | Starting training with 1 GPUs
2026-04-21 04:52:06,304 | INFO     | Total trainable parameters: 1437705
2026-04-21 04:52:06,304 | INFO     | Data loaded: 440 training batches, 55 validation batches, 55 test batches
Traceback (most recent call last):
  File "/home/mae-zhangbj/ML_Turbulent/RegDGCNN/train_ShapeNet.py", line 433, in <module>
    main()
  File "/home/mae-zhangbj/ML_Turbulent/RegDGCNN/train_ShapeNet.py", line 429, in main
    train_and_evaluate(args, device)
  File "/home/mae-zhangbj/ML_Turbulent/RegDGCNN/train_ShapeNet.py", line 106, in train_and_evaluate
    optimizer = optim.Adam(model.parameters(), lr=args.lr, weight_decay=1e-4)
                                                  ^^^^^^^
AttributeError: 'types.SimpleNamespace' object has no attribute 'lr'
