CUDA available GPUs: 1
Current device index: 0
Device name: Tesla V100-SXM2-32GB
Physical GPU(s) specified in CUDA_VISIBLE_DEVICES: ['0']
Using physical GPU 0 (visible as cuda:0 in PyTorch)
2026-04-21 04:46:10,706 | INFO     | Config:
exp_name: ShapeNet_pressure
model:
  input_dim: 3
  output_dim: 1
  head_num: 8
  hidden_dim: 192
  res: true
  slice_num: 32
  layer_num: 8
  mlp_ratio: 1.5
  dropout: 0.1
training:
  input: x
  target: y
  x_mean:
  - 1.5163924
  - -2.8424793e-05
  - 0.59128469
  x_std:
  - 1.415569
  - 0.65566987
  - 0.38558245
  y_mean: -93.28388
  y_std: 121.19236
  batch_size: 1
  epochs: 150
  lr: 0.001
  scheduler_step: 50
  scheduler_gamma: 0.5
  max_grad_norm: 0.1
  num_workers: 1
  weight_decay: 0.0
  test_only: 1
  plt: 1
  gpus: '0'
  seed: 42
dataload:
  directory: /Users/zhangbojun/ShapeNet_dataset

2026-04-21 04:46:10,706 | INFO     | args.exp_name : ShapeNet_pressure
2026-04-21 04:46:10,706 | INFO     | Starting training with 1 GPUs
Traceback (most recent call last):
  File "/home/mae-zhangbj/ML_Turbulent/RegDGCNN/train_ShapeNet.py", line 437, in <module>
    main()
  File "/home/mae-zhangbj/ML_Turbulent/RegDGCNN/train_ShapeNet.py", line 433, in main
    train_and_evaluate(args, device)
  File "/home/mae-zhangbj/ML_Turbulent/RegDGCNN/train_ShapeNet.py", line 78, in train_and_evaluate
    model = initialize_model(args, device)
            ^^^^^^^^^^^^^^^^^^^^^^^^^^^^^^
  File "/home/mae-zhangbj/ML_Turbulent/RegDGCNN/train_ShapeNet.py", line 38, in initialize_model
    k=args.model.k,
      ^^^^^^^^^^^^
AttributeError: 'types.SimpleNamespace' object has no attribute 'k'
