2025-12-29 12:40:24,341 | INFO     | Config:
exp_name: WWC_spressure_N10k_lr1e-3_e250_run3
model:
  input_dim: 3
  output_dim: 1
  head_num: 8
  hidden_dim: 256
  res: true
  slice_num: 32
  layer_num: 5
  mlp_ratio: 1.5
  dropout: 0.1
training:
  input: x_pres
  target: y_pres
  x_mean:
  - 1.5163924
  - -2.8424793e-05
  - 0.59128469
  x_std:
  - 1.415569
  - 0.65566987
  - 0.38558245
  y_mean: -93.28388
  y_std: 121.19236
  batch_size: 1
  epochs: 250
  lr: 0.001
  scheduler_step: 50
  scheduler_gamma: 0.5
  max_grad_norm: 0.1
  num_workers: 1
  weight_decay: 0.0
  test_only: 0
  gpus: '0'
  seed: 42
dataload:
  directory: /mnt/wjc_group/mae-zhangbj/DrivAerNet++_dataset/E_S_WWC_WM

2025-12-29 12:40:24,341 | INFO     | args.exp_name : WWC_spressure_N10k_lr1e-3_e250_run3
2025-12-29 12:40:24,341 | INFO     | Starting training with 1 GPUs
2025-12-29 12:40:25,442 | INFO     | Total trainable parameters: 3381321
2025-12-29 12:40:25,442 | INFO     | Data loaded: 456 training batches, 117 validation batches, 109 test batches
2025-12-29 12:40:25,442 | INFO     | Staring training for 250 epochs
2025-12-29 12:43:35,636 | INFO     | Epoch 1/250 - Train Loss: 1.002366, Val Loss: 0.772863[0m
2025-12-29 12:43:35,664 | INFO     | New best model saved with Val Loss: 0.772863
2025-12-29 12:46:45,475 | INFO     | Epoch 2/250 - Train Loss: 0.588885, Val Loss: 0.442371[0m
2025-12-29 12:46:45,525 | INFO     | New best model saved with Val Loss: 0.442371
2025-12-29 12:49:55,004 | INFO     | Epoch 3/250 - Train Loss: 0.443706, Val Loss: 0.396588[0m
2025-12-29 12:49:55,054 | INFO     | New best model saved with Val Loss: 0.396588
2025-12-29 12:53:04,265 | INFO     | Epoch 4/250 - Train Loss: 0.392220, Val Loss: 0.375213[0m
2025-12-29 12:53:04,319 | INFO     | New best model saved with Val Loss: 0.375213
2025-12-29 12:56:13,590 | INFO     | Epoch 5/250 - Train Loss: 0.361871, Val Loss: 0.332111[0m
2025-12-29 12:56:13,642 | INFO     | New best model saved with Val Loss: 0.332111
2025-12-29 12:59:23,013 | INFO     | Epoch 6/250 - Train Loss: 0.324032, Val Loss: 0.324032[0m
2025-12-29 12:59:23,067 | INFO     | New best model saved with Val Loss: 0.324032
2025-12-29 13:02:32,517 | INFO     | Epoch 7/250 - Train Loss: 0.298027, Val Loss: 0.267509[0m
2025-12-29 13:02:32,568 | INFO     | New best model saved with Val Loss: 0.267509
2025-12-29 13:05:41,963 | INFO     | Epoch 8/250 - Train Loss: 0.270020, Val Loss: 0.251946[0m
2025-12-29 13:05:42,010 | INFO     | New best model saved with Val Loss: 0.251946
2025-12-29 13:08:51,488 | INFO     | Epoch 9/250 - Train Loss: 0.257662, Val Loss: 0.229022[0m
2025-12-29 13:08:51,529 | INFO     | New best model saved with Val Loss: 0.229022
2025-12-29 13:12:01,060 | INFO     | Epoch 10/250 - Train Loss: 0.238973, Val Loss: 0.231109[0m
2025-12-29 13:15:10,709 | INFO     | Epoch 11/250 - Train Loss: 0.225201, Val Loss: 0.225577[0m
2025-12-29 13:15:10,763 | INFO     | New best model saved with Val Loss: 0.225577
2025-12-29 13:18:20,305 | INFO     | Epoch 12/250 - Train Loss: 0.223616, Val Loss: 0.210319[0m
2025-12-29 13:18:20,362 | INFO     | New best model saved with Val Loss: 0.210319
2025-12-29 13:21:29,963 | INFO     | Epoch 13/250 - Train Loss: 0.212248, Val Loss: 0.204410[0m
2025-12-29 13:21:30,014 | INFO     | New best model saved with Val Loss: 0.204410
2025-12-29 13:24:39,587 | INFO     | Epoch 14/250 - Train Loss: 0.204910, Val Loss: 0.198896[0m
2025-12-29 13:24:39,634 | INFO     | New best model saved with Val Loss: 0.198896
2025-12-29 13:27:49,207 | INFO     | Epoch 15/250 - Train Loss: 0.200595, Val Loss: 0.202519[0m
2025-12-29 13:30:58,789 | INFO     | Epoch 16/250 - Train Loss: 0.198897, Val Loss: 0.193203[0m
2025-12-29 13:30:58,843 | INFO     | New best model saved with Val Loss: 0.193203
2025-12-29 13:34:08,479 | INFO     | Epoch 17/250 - Train Loss: 0.190637, Val Loss: 0.179489[0m
2025-12-29 13:34:08,532 | INFO     | New best model saved with Val Loss: 0.179489
2025-12-29 13:37:18,134 | INFO     | Epoch 18/250 - Train Loss: 0.186266, Val Loss: 0.177566[0m
2025-12-29 13:37:18,186 | INFO     | New best model saved with Val Loss: 0.177566
2025-12-29 13:40:27,867 | INFO     | Epoch 19/250 - Train Loss: 0.182900, Val Loss: 0.182835[0m
2025-12-29 13:43:37,535 | INFO     | Epoch 20/250 - Train Loss: 0.179332, Val Loss: 0.167326[0m
2025-12-29 13:43:37,589 | INFO     | New best model saved with Val Loss: 0.167326
2025-12-29 13:46:47,335 | INFO     | Epoch 21/250 - Train Loss: 0.171316, Val Loss: 0.172087[0m
2025-12-29 13:49:57,031 | INFO     | Epoch 22/250 - Train Loss: 0.170909, Val Loss: 0.165579[0m
2025-12-29 13:49:57,085 | INFO     | New best model saved with Val Loss: 0.165579
2025-12-29 13:53:06,787 | INFO     | Epoch 23/250 - Train Loss: 0.162818, Val Loss: 0.159527[0m
2025-12-29 13:53:06,840 | INFO     | New best model saved with Val Loss: 0.159527
2025-12-29 13:56:16,519 | INFO     | Epoch 24/250 - Train Loss: 0.162075, Val Loss: 0.149521[0m
2025-12-29 13:56:16,569 | INFO     | New best model saved with Val Loss: 0.149521
2025-12-29 13:59:26,247 | INFO     | Epoch 25/250 - Train Loss: 0.160264, Val Loss: 0.157623[0m
2025-12-29 14:02:35,923 | INFO     | Epoch 26/250 - Train Loss: 0.153323, Val Loss: 0.145702[0m
2025-12-29 14:02:35,971 | INFO     | New best model saved with Val Loss: 0.145702
2025-12-29 14:05:45,661 | INFO     | Epoch 27/250 - Train Loss: 0.150638, Val Loss: 0.142662[0m
2025-12-29 14:05:45,712 | INFO     | New best model saved with Val Loss: 0.142662
2025-12-29 14:08:55,362 | INFO     | Epoch 28/250 - Train Loss: 0.145266, Val Loss: 0.137312[0m
2025-12-29 14:08:55,416 | INFO     | New best model saved with Val Loss: 0.137312
2025-12-29 14:12:05,140 | INFO     | Epoch 29/250 - Train Loss: 0.140052, Val Loss: 0.128569[0m
2025-12-29 14:12:05,189 | INFO     | New best model saved with Val Loss: 0.128569
2025-12-29 14:15:14,909 | INFO     | Epoch 30/250 - Train Loss: 0.135332, Val Loss: 0.121929[0m
2025-12-29 14:15:14,960 | INFO     | New best model saved with Val Loss: 0.121929
2025-12-29 14:18:24,760 | INFO     | Epoch 31/250 - Train Loss: 0.130268, Val Loss: 0.116809[0m
2025-12-29 14:18:24,813 | INFO     | New best model saved with Val Loss: 0.116809
2025-12-29 14:21:34,522 | INFO     | Epoch 32/250 - Train Loss: 0.124819, Val Loss: 0.117618[0m
2025-12-29 14:24:44,234 | INFO     | Epoch 33/250 - Train Loss: 0.120331, Val Loss: 0.106151[0m
2025-12-29 14:24:44,286 | INFO     | New best model saved with Val Loss: 0.106151
2025-12-29 14:27:53,988 | INFO     | Epoch 34/250 - Train Loss: 0.116656, Val Loss: 0.100806[0m
2025-12-29 14:27:54,038 | INFO     | New best model saved with Val Loss: 0.100806
2025-12-29 14:31:03,805 | INFO     | Epoch 35/250 - Train Loss: 0.112463, Val Loss: 0.096482[0m
2025-12-29 14:31:03,861 | INFO     | New best model saved with Val Loss: 0.096482
2025-12-29 14:34:13,599 | INFO     | Epoch 36/250 - Train Loss: 0.108703, Val Loss: 0.095376[0m
2025-12-29 14:34:13,640 | INFO     | New best model saved with Val Loss: 0.095376
2025-12-29 14:37:23,334 | INFO     | Epoch 37/250 - Train Loss: 0.105534, Val Loss: 0.097462[0m
2025-12-29 14:40:33,048 | INFO     | Epoch 38/250 - Train Loss: 0.102623, Val Loss: 0.098400[0m
2025-12-29 14:43:42,765 | INFO     | Epoch 39/250 - Train Loss: 0.100962, Val Loss: 0.087814[0m
2025-12-29 14:43:42,817 | INFO     | New best model saved with Val Loss: 0.087814
2025-12-29 14:46:52,563 | INFO     | Epoch 40/250 - Train Loss: 0.098617, Val Loss: 0.092328[0m
2025-12-29 14:50:02,423 | INFO     | Epoch 41/250 - Train Loss: 0.094972, Val Loss: 0.082475[0m
2025-12-29 14:50:02,469 | INFO     | New best model saved with Val Loss: 0.082475
2025-12-29 14:53:12,281 | INFO     | Epoch 42/250 - Train Loss: 0.092683, Val Loss: 0.082786[0m
2025-12-29 14:56:22,114 | INFO     | Epoch 43/250 - Train Loss: 0.091155, Val Loss: 0.083785[0m
2025-12-29 14:59:31,997 | INFO     | Epoch 44/250 - Train Loss: 0.090398, Val Loss: 0.080623[0m
2025-12-29 14:59:32,051 | INFO     | New best model saved with Val Loss: 0.080623
2025-12-29 15:02:41,926 | INFO     | Epoch 45/250 - Train Loss: 0.088652, Val Loss: 0.077785[0m
2025-12-29 15:02:41,976 | INFO     | New best model saved with Val Loss: 0.077785
2025-12-29 15:05:51,840 | INFO     | Epoch 46/250 - Train Loss: 0.089237, Val Loss: 0.084194[0m
2025-12-29 15:09:01,754 | INFO     | Epoch 47/250 - Train Loss: 0.086124, Val Loss: 0.078639[0m
2025-12-29 15:12:11,657 | INFO     | Epoch 48/250 - Train Loss: 0.083609, Val Loss: 0.076333[0m
2025-12-29 15:12:11,707 | INFO     | New best model saved with Val Loss: 0.076333
2025-12-29 15:15:21,617 | INFO     | Epoch 49/250 - Train Loss: 0.085951, Val Loss: 0.074884[0m
2025-12-29 15:15:21,671 | INFO     | New best model saved with Val Loss: 0.074884
2025-12-29 15:18:31,572 | INFO     | Epoch 50/250 - Train Loss: 0.081664, Val Loss: 0.074577[0m
2025-12-29 15:18:31,614 | INFO     | New best model saved with Val Loss: 0.074577
2025-12-29 15:21:41,651 | INFO     | Epoch 51/250 - Train Loss: 0.071126, Val Loss: 0.065891[0m
2025-12-29 15:21:41,704 | INFO     | New best model saved with Val Loss: 0.065891
2025-12-29 15:24:51,606 | INFO     | Epoch 52/250 - Train Loss: 0.071922, Val Loss: 0.064838[0m
2025-12-29 15:24:51,661 | INFO     | New best model saved with Val Loss: 0.064838
2025-12-29 15:28:01,599 | INFO     | Epoch 53/250 - Train Loss: 0.069529, Val Loss: 0.063566[0m
2025-12-29 15:28:01,644 | INFO     | New best model saved with Val Loss: 0.063566
2025-12-29 15:31:11,606 | INFO     | Epoch 54/250 - Train Loss: 0.069652, Val Loss: 0.067281[0m
2025-12-29 15:34:21,577 | INFO     | Epoch 55/250 - Train Loss: 0.068826, Val Loss: 0.061761[0m
2025-12-29 15:34:21,632 | INFO     | New best model saved with Val Loss: 0.061761
2025-12-29 15:37:31,610 | INFO     | Epoch 56/250 - Train Loss: 0.068180, Val Loss: 0.062509[0m
2025-12-29 15:40:41,545 | INFO     | Epoch 57/250 - Train Loss: 0.067571, Val Loss: 0.061449[0m
2025-12-29 15:40:41,592 | INFO     | New best model saved with Val Loss: 0.061449
2025-12-29 15:43:51,529 | INFO     | Epoch 58/250 - Train Loss: 0.067167, Val Loss: 0.060451[0m
2025-12-29 15:43:51,576 | INFO     | New best model saved with Val Loss: 0.060451
2025-12-29 15:47:01,516 | INFO     | Epoch 59/250 - Train Loss: 0.067544, Val Loss: 0.061435[0m
2025-12-29 15:50:11,477 | INFO     | Epoch 60/250 - Train Loss: 0.065574, Val Loss: 0.061207[0m
2025-12-29 15:53:21,532 | INFO     | Epoch 61/250 - Train Loss: 0.066917, Val Loss: 0.062735[0m
2025-12-29 15:56:31,583 | INFO     | Epoch 62/250 - Train Loss: 0.065158, Val Loss: 0.060769[0m
2025-12-29 15:59:41,582 | INFO     | Epoch 63/250 - Train Loss: 0.064297, Val Loss: 0.060498[0m
2025-12-29 16:02:51,636 | INFO     | Epoch 64/250 - Train Loss: 0.064644, Val Loss: 0.061193[0m
2025-12-29 16:06:01,695 | INFO     | Epoch 65/250 - Train Loss: 0.064269, Val Loss: 0.062545[0m
2025-12-29 16:09:11,722 | INFO     | Epoch 66/250 - Train Loss: 0.063312, Val Loss: 0.062761[0m
2025-12-29 16:12:21,740 | INFO     | Epoch 67/250 - Train Loss: 0.063524, Val Loss: 0.058780[0m
2025-12-29 16:12:21,794 | INFO     | New best model saved with Val Loss: 0.058780
2025-12-29 16:15:31,807 | INFO     | Epoch 68/250 - Train Loss: 0.063177, Val Loss: 0.061001[0m
2025-12-29 16:18:41,809 | INFO     | Epoch 69/250 - Train Loss: 0.062616, Val Loss: 0.059174[0m
2025-12-29 16:21:51,706 | INFO     | Epoch 70/250 - Train Loss: 0.063155, Val Loss: 0.059525[0m
2025-12-29 16:25:01,776 | INFO     | Epoch 71/250 - Train Loss: 0.061702, Val Loss: 0.060665[0m
2025-12-29 16:28:11,788 | INFO     | Epoch 72/250 - Train Loss: 0.061329, Val Loss: 0.058323[0m
2025-12-29 16:28:11,837 | INFO     | New best model saved with Val Loss: 0.058323
2025-12-29 16:31:21,852 | INFO     | Epoch 73/250 - Train Loss: 0.061423, Val Loss: 0.058326[0m
2025-12-29 16:34:31,920 | INFO     | Epoch 74/250 - Train Loss: 0.060849, Val Loss: 0.056707[0m
2025-12-29 16:34:31,981 | INFO     | New best model saved with Val Loss: 0.056707
2025-12-29 16:37:42,019 | INFO     | Epoch 75/250 - Train Loss: 0.060316, Val Loss: 0.060016[0m
2025-12-29 16:40:52,102 | INFO     | Epoch 76/250 - Train Loss: 0.059584, Val Loss: 0.056515[0m
2025-12-29 16:40:52,144 | INFO     | New best model saved with Val Loss: 0.056515
2025-12-29 16:44:02,225 | INFO     | Epoch 77/250 - Train Loss: 0.060203, Val Loss: 0.057102[0m
2025-12-29 16:47:12,396 | INFO     | Epoch 78/250 - Train Loss: 0.060019, Val Loss: 0.055747[0m
2025-12-29 16:47:12,450 | INFO     | New best model saved with Val Loss: 0.055747
2025-12-29 16:50:22,751 | INFO     | Epoch 79/250 - Train Loss: 0.059098, Val Loss: 0.056385[0m
2025-12-29 16:53:33,073 | INFO     | Epoch 80/250 - Train Loss: 0.059355, Val Loss: 0.056226[0m
2025-12-29 16:56:43,446 | INFO     | Epoch 81/250 - Train Loss: 0.059093, Val Loss: 0.056250[0m
2025-12-29 16:59:53,763 | INFO     | Epoch 82/250 - Train Loss: 0.058906, Val Loss: 0.057232[0m
2025-12-29 17:03:04,075 | INFO     | Epoch 83/250 - Train Loss: 0.059192, Val Loss: 0.055784[0m
2025-12-29 17:06:14,408 | INFO     | Epoch 84/250 - Train Loss: 0.057814, Val Loss: 0.054423[0m
2025-12-29 17:06:14,463 | INFO     | New best model saved with Val Loss: 0.054423
2025-12-29 17:09:24,841 | INFO     | Epoch 85/250 - Train Loss: 0.057628, Val Loss: 0.054918[0m
2025-12-29 17:12:35,101 | INFO     | Epoch 86/250 - Train Loss: 0.058974, Val Loss: 0.055287[0m
2025-12-29 17:15:45,406 | INFO     | Epoch 87/250 - Train Loss: 0.056911, Val Loss: 0.060885[0m
2025-12-29 17:18:55,704 | INFO     | Epoch 88/250 - Train Loss: 0.056921, Val Loss: 0.058728[0m
2025-12-29 17:22:06,022 | INFO     | Epoch 89/250 - Train Loss: 0.057214, Val Loss: 0.053523[0m
2025-12-29 17:22:06,075 | INFO     | New best model saved with Val Loss: 0.053523
2025-12-29 17:25:16,406 | INFO     | Epoch 90/250 - Train Loss: 0.057509, Val Loss: 0.054713[0m
2025-12-29 17:28:26,831 | INFO     | Epoch 91/250 - Train Loss: 0.056273, Val Loss: 0.052798[0m
2025-12-29 17:28:26,886 | INFO     | New best model saved with Val Loss: 0.052798
2025-12-29 17:31:37,238 | INFO     | Epoch 92/250 - Train Loss: 0.056273, Val Loss: 0.054793[0m
2025-12-29 17:34:47,566 | INFO     | Epoch 93/250 - Train Loss: 0.055190, Val Loss: 0.053024[0m
2025-12-29 17:37:57,925 | INFO     | Epoch 94/250 - Train Loss: 0.056862, Val Loss: 0.068634[0m
2025-12-29 17:41:08,284 | INFO     | Epoch 95/250 - Train Loss: 0.055856, Val Loss: 0.051876[0m
2025-12-29 17:41:08,337 | INFO     | New best model saved with Val Loss: 0.051876
2025-12-29 17:44:18,661 | INFO     | Epoch 96/250 - Train Loss: 0.054989, Val Loss: 0.052594[0m
2025-12-29 17:47:28,901 | INFO     | Epoch 97/250 - Train Loss: 0.056041, Val Loss: 0.052472[0m
2025-12-29 17:50:39,158 | INFO     | Epoch 98/250 - Train Loss: 0.054501, Val Loss: 0.053552[0m
2025-12-29 17:53:49,459 | INFO     | Epoch 99/250 - Train Loss: 0.054320, Val Loss: 0.054107[0m
2025-12-29 17:56:59,728 | INFO     | Epoch 100/250 - Train Loss: 0.054371, Val Loss: 0.053312[0m
2025-12-29 18:00:10,106 | INFO     | Epoch 101/250 - Train Loss: 0.049077, Val Loss: 0.049495[0m
2025-12-29 18:00:10,162 | INFO     | New best model saved with Val Loss: 0.049495
2025-12-29 18:03:20,459 | INFO     | Epoch 102/250 - Train Loss: 0.048116, Val Loss: 0.048332[0m
2025-12-29 18:03:20,513 | INFO     | New best model saved with Val Loss: 0.048332
2025-12-29 18:06:30,793 | INFO     | Epoch 103/250 - Train Loss: 0.048999, Val Loss: 0.048351[0m
2025-12-29 18:09:41,082 | INFO     | Epoch 104/250 - Train Loss: 0.048253, Val Loss: 0.048688[0m
2025-12-29 18:12:51,379 | INFO     | Epoch 105/250 - Train Loss: 0.048179, Val Loss: 0.047828[0m
2025-12-29 18:12:51,439 | INFO     | New best model saved with Val Loss: 0.047828
2025-12-29 18:16:01,740 | INFO     | Epoch 106/250 - Train Loss: 0.047755, Val Loss: 0.047067[0m
2025-12-29 18:16:01,790 | INFO     | New best model saved with Val Loss: 0.047067
2025-12-29 18:19:12,067 | INFO     | Epoch 107/250 - Train Loss: 0.047289, Val Loss: 0.048019[0m
2025-12-29 18:22:22,324 | INFO     | Epoch 108/250 - Train Loss: 0.047104, Val Loss: 0.048714[0m
2025-12-29 18:25:32,567 | INFO     | Epoch 109/250 - Train Loss: 0.047971, Val Loss: 0.051969[0m
2025-12-29 18:28:42,809 | INFO     | Epoch 110/250 - Train Loss: 0.047798, Val Loss: 0.048139[0m
2025-12-29 18:31:53,173 | INFO     | Epoch 111/250 - Train Loss: 0.046897, Val Loss: 0.047956[0m
2025-12-29 18:35:03,429 | INFO     | Epoch 112/250 - Train Loss: 0.049203, Val Loss: 0.047503[0m
2025-12-29 18:38:13,669 | INFO     | Epoch 113/250 - Train Loss: 0.046439, Val Loss: 0.047174[0m
2025-12-29 18:41:23,915 | INFO     | Epoch 114/250 - Train Loss: 0.046230, Val Loss: 0.047360[0m
2025-12-29 18:44:34,148 | INFO     | Epoch 115/250 - Train Loss: 0.046470, Val Loss: 0.047552[0m
2025-12-29 18:47:44,183 | INFO     | Epoch 116/250 - Train Loss: 0.045925, Val Loss: 0.049565[0m
2025-12-29 18:50:54,245 | INFO     | Epoch 117/250 - Train Loss: 0.048202, Val Loss: 0.047418[0m
2025-12-29 18:54:04,272 | INFO     | Epoch 118/250 - Train Loss: 0.046587, Val Loss: 0.047394[0m
2025-12-29 18:57:14,347 | INFO     | Epoch 119/250 - Train Loss: 0.045368, Val Loss: 0.048284[0m
2025-12-29 19:00:24,384 | INFO     | Epoch 120/250 - Train Loss: 0.046315, Val Loss: 0.047072[0m
2025-12-29 19:03:34,504 | INFO     | Epoch 121/250 - Train Loss: 0.045388, Val Loss: 0.047625[0m
2025-12-29 19:06:44,525 | INFO     | Epoch 122/250 - Train Loss: 0.046999, Val Loss: 0.047263[0m
2025-12-29 19:09:54,595 | INFO     | Epoch 123/250 - Train Loss: 0.046072, Val Loss: 0.046784[0m
2025-12-29 19:09:54,650 | INFO     | New best model saved with Val Loss: 0.046784
2025-12-29 19:13:04,721 | INFO     | Epoch 124/250 - Train Loss: 0.044934, Val Loss: 0.046559[0m
2025-12-29 19:13:04,780 | INFO     | New best model saved with Val Loss: 0.046559
2025-12-29 19:16:14,826 | INFO     | Epoch 125/250 - Train Loss: 0.050082, Val Loss: 0.048697[0m
2025-12-29 19:19:24,887 | INFO     | Epoch 126/250 - Train Loss: 0.046043, Val Loss: 0.046681[0m
2025-12-29 19:22:34,917 | INFO     | Epoch 127/250 - Train Loss: 0.045167, Val Loss: 0.046717[0m
2025-12-29 19:25:44,947 | INFO     | Epoch 128/250 - Train Loss: 0.044049, Val Loss: 0.048538[0m
2025-12-29 19:28:55,022 | INFO     | Epoch 129/250 - Train Loss: 0.044959, Val Loss: 0.048458[0m
2025-12-29 19:32:05,049 | INFO     | Epoch 130/250 - Train Loss: 0.045173, Val Loss: 0.046666[0m
2025-12-29 19:35:15,200 | INFO     | Epoch 131/250 - Train Loss: 0.045568, Val Loss: 0.049117[0m
2025-12-29 19:38:25,300 | INFO     | Epoch 132/250 - Train Loss: 0.044904, Val Loss: 0.048577[0m
2025-12-29 19:41:35,372 | INFO     | Epoch 133/250 - Train Loss: 0.046858, Val Loss: 0.047078[0m
2025-12-29 19:44:45,500 | INFO     | Epoch 134/250 - Train Loss: 0.044468, Val Loss: 0.050666[0m
2025-12-29 19:47:55,556 | INFO     | Epoch 135/250 - Train Loss: 0.044845, Val Loss: 0.047118[0m
2025-12-29 19:51:05,652 | INFO     | Epoch 136/250 - Train Loss: 0.044093, Val Loss: 0.049414[0m
2025-12-29 19:54:15,709 | INFO     | Epoch 137/250 - Train Loss: 0.043771, Val Loss: 0.047211[0m
2025-12-29 19:57:25,762 | INFO     | Epoch 138/250 - Train Loss: 0.043990, Val Loss: 0.046238[0m
2025-12-29 19:57:25,816 | INFO     | New best model saved with Val Loss: 0.046238
2025-12-29 20:00:35,853 | INFO     | Epoch 139/250 - Train Loss: 0.045401, Val Loss: 0.047350[0m
2025-12-29 20:03:45,870 | INFO     | Epoch 140/250 - Train Loss: 0.047373, Val Loss: 0.049732[0m
2025-12-29 20:06:56,023 | INFO     | Epoch 141/250 - Train Loss: 0.043416, Val Loss: 0.046296[0m
2025-12-29 20:10:06,113 | INFO     | Epoch 142/250 - Train Loss: 0.043754, Val Loss: 0.047066[0m
2025-12-29 20:13:16,202 | INFO     | Epoch 143/250 - Train Loss: 0.042769, Val Loss: 0.047057[0m
2025-12-29 20:16:26,273 | INFO     | Epoch 144/250 - Train Loss: 0.044646, Val Loss: 0.047497[0m
2025-12-29 20:19:36,350 | INFO     | Epoch 145/250 - Train Loss: 0.046745, Val Loss: 0.047600[0m
2025-12-29 20:22:46,400 | INFO     | Epoch 146/250 - Train Loss: 0.043428, Val Loss: 0.052704[0m
2025-12-29 20:25:56,378 | INFO     | Epoch 147/250 - Train Loss: 0.042712, Val Loss: 0.045410[0m
2025-12-29 20:25:56,433 | INFO     | New best model saved with Val Loss: 0.045410
2025-12-29 20:29:06,365 | INFO     | Epoch 148/250 - Train Loss: 0.041901, Val Loss: 0.046191[0m
2025-12-29 20:32:16,375 | INFO     | Epoch 149/250 - Train Loss: 0.044679, Val Loss: 0.045848[0m
2025-12-29 20:35:26,362 | INFO     | Epoch 150/250 - Train Loss: 0.044286, Val Loss: 0.046677[0m
2025-12-29 20:38:36,473 | INFO     | Epoch 151/250 - Train Loss: 0.039917, Val Loss: 0.045394[0m
2025-12-29 20:38:36,526 | INFO     | New best model saved with Val Loss: 0.045394
2025-12-29 20:41:46,571 | INFO     | Epoch 152/250 - Train Loss: 0.040274, Val Loss: 0.051170[0m
2025-12-29 20:44:56,637 | INFO     | Epoch 153/250 - Train Loss: 0.040050, Val Loss: 0.044791[0m
2025-12-29 20:44:56,685 | INFO     | New best model saved with Val Loss: 0.044791
2025-12-29 20:48:06,723 | INFO     | Epoch 154/250 - Train Loss: 0.039035, Val Loss: 0.044325[0m
2025-12-29 20:48:06,764 | INFO     | New best model saved with Val Loss: 0.044325
2025-12-29 20:51:16,845 | INFO     | Epoch 155/250 - Train Loss: 0.039519, Val Loss: 0.044337[0m
2025-12-29 20:54:26,924 | INFO     | Epoch 156/250 - Train Loss: 0.038954, Val Loss: 0.044840[0m
2025-12-29 20:57:37,022 | INFO     | Epoch 157/250 - Train Loss: 0.038836, Val Loss: 0.044842[0m
2025-12-29 21:00:47,107 | INFO     | Epoch 158/250 - Train Loss: 0.038801, Val Loss: 0.045363[0m
2025-12-29 21:03:57,300 | INFO     | Epoch 159/250 - Train Loss: 0.038848, Val Loss: 0.044707[0m
2025-12-29 21:07:07,423 | INFO     | Epoch 160/250 - Train Loss: 0.038515, Val Loss: 0.045887[0m
2025-12-29 21:10:17,862 | INFO     | Epoch 161/250 - Train Loss: 0.038464, Val Loss: 0.045077[0m
2025-12-29 21:13:28,125 | INFO     | Epoch 162/250 - Train Loss: 0.039003, Val Loss: 0.044364[0m
2025-12-29 21:16:38,407 | INFO     | Epoch 163/250 - Train Loss: 0.038705, Val Loss: 0.046368[0m
2025-12-29 21:19:48,741 | INFO     | Epoch 164/250 - Train Loss: 0.038221, Val Loss: 0.046666[0m
2025-12-29 21:22:59,028 | INFO     | Epoch 165/250 - Train Loss: 0.038137, Val Loss: 0.044788[0m
2025-12-29 21:26:09,332 | INFO     | Epoch 166/250 - Train Loss: 0.038023, Val Loss: 0.044984[0m
2025-12-29 21:29:19,626 | INFO     | Epoch 167/250 - Train Loss: 0.038008, Val Loss: 0.046264[0m
2025-12-29 21:32:29,938 | INFO     | Epoch 168/250 - Train Loss: 0.039194, Val Loss: 0.044820[0m
2025-12-29 21:35:40,233 | INFO     | Epoch 169/250 - Train Loss: 0.038225, Val Loss: 0.044365[0m
2025-12-29 21:38:50,511 | INFO     | Epoch 170/250 - Train Loss: 0.037805, Val Loss: 0.044276[0m
2025-12-29 21:38:50,566 | INFO     | New best model saved with Val Loss: 0.044276
2025-12-29 21:42:00,849 | INFO     | Epoch 171/250 - Train Loss: 0.037568, Val Loss: 0.044526[0m
2025-12-29 21:45:11,090 | INFO     | Epoch 172/250 - Train Loss: 0.037393, Val Loss: 0.044656[0m
2025-12-29 21:48:21,266 | INFO     | Epoch 173/250 - Train Loss: 0.037682, Val Loss: 0.045309[0m
2025-12-29 21:51:31,449 | INFO     | Epoch 174/250 - Train Loss: 0.039080, Val Loss: 0.046664[0m
2025-12-29 21:54:41,655 | INFO     | Epoch 175/250 - Train Loss: 0.037874, Val Loss: 0.044596[0m
2025-12-29 21:57:51,846 | INFO     | Epoch 176/250 - Train Loss: 0.038966, Val Loss: 0.045363[0m
2025-12-29 22:01:02,008 | INFO     | Epoch 177/250 - Train Loss: 0.037137, Val Loss: 0.044996[0m
2025-12-29 22:04:12,251 | INFO     | Epoch 178/250 - Train Loss: 0.036627, Val Loss: 0.044953[0m
2025-12-29 22:07:22,477 | INFO     | Epoch 179/250 - Train Loss: 0.037365, Val Loss: 0.052604[0m
2025-12-29 22:10:32,664 | INFO     | Epoch 180/250 - Train Loss: 0.039949, Val Loss: 0.044437[0m
2025-12-29 22:13:42,952 | INFO     | Epoch 181/250 - Train Loss: 0.038591, Val Loss: 0.044606[0m
2025-12-29 22:16:53,169 | INFO     | Epoch 182/250 - Train Loss: 0.037328, Val Loss: 0.044889[0m
2025-12-29 22:20:03,362 | INFO     | Epoch 183/250 - Train Loss: 0.036472, Val Loss: 0.044983[0m
2025-12-29 22:23:13,581 | INFO     | Epoch 184/250 - Train Loss: 0.036843, Val Loss: 0.044461[0m
2025-12-29 22:26:23,798 | INFO     | Epoch 185/250 - Train Loss: 0.036376, Val Loss: 0.044961[0m
2025-12-29 22:29:34,042 | INFO     | Epoch 186/250 - Train Loss: 0.036573, Val Loss: 0.045101[0m
2025-12-29 22:32:44,230 | INFO     | Epoch 187/250 - Train Loss: 0.038425, Val Loss: 0.044997[0m
2025-12-29 22:35:54,411 | INFO     | Epoch 188/250 - Train Loss: 0.037014, Val Loss: 0.044928[0m
2025-12-29 22:39:04,604 | INFO     | Epoch 189/250 - Train Loss: 0.036471, Val Loss: 0.044679[0m
2025-12-29 22:42:14,795 | INFO     | Epoch 190/250 - Train Loss: 0.036203, Val Loss: 0.044970[0m
2025-12-29 22:45:25,092 | INFO     | Epoch 191/250 - Train Loss: 0.036470, Val Loss: 0.046294[0m
2025-12-29 22:48:35,237 | INFO     | Epoch 192/250 - Train Loss: 0.040232, Val Loss: 0.044198[0m
2025-12-29 22:48:35,288 | INFO     | New best model saved with Val Loss: 0.044198
2025-12-29 22:51:45,486 | INFO     | Epoch 193/250 - Train Loss: 0.036054, Val Loss: 0.044550[0m
2025-12-29 22:54:55,656 | INFO     | Epoch 194/250 - Train Loss: 0.035704, Val Loss: 0.044504[0m
2025-12-29 22:58:05,775 | INFO     | Epoch 195/250 - Train Loss: 0.035879, Val Loss: 0.044871[0m
2025-12-29 23:01:15,940 | INFO     | Epoch 196/250 - Train Loss: 0.035813, Val Loss: 0.045582[0m
2025-12-29 23:04:26,085 | INFO     | Epoch 197/250 - Train Loss: 0.035855, Val Loss: 0.046342[0m
2025-12-29 23:07:36,206 | INFO     | Epoch 198/250 - Train Loss: 0.038947, Val Loss: 0.044845[0m
2025-12-29 23:10:46,368 | INFO     | Epoch 199/250 - Train Loss: 0.035765, Val Loss: 0.044639[0m
2025-12-29 23:13:56,526 | INFO     | Epoch 200/250 - Train Loss: 0.035685, Val Loss: 0.044340[0m
2025-12-29 23:17:06,854 | INFO     | Epoch 201/250 - Train Loss: 0.034345, Val Loss: 0.043916[0m
2025-12-29 23:17:06,908 | INFO     | New best model saved with Val Loss: 0.043916
2025-12-29 23:20:17,062 | INFO     | Epoch 202/250 - Train Loss: 0.034100, Val Loss: 0.043911[0m
2025-12-29 23:20:17,108 | INFO     | New best model saved with Val Loss: 0.043911
2025-12-29 23:23:27,309 | INFO     | Epoch 203/250 - Train Loss: 0.034094, Val Loss: 0.043955[0m
2025-12-29 23:26:37,486 | INFO     | Epoch 204/250 - Train Loss: 0.034095, Val Loss: 0.044167[0m
2025-12-29 23:29:47,632 | INFO     | Epoch 205/250 - Train Loss: 0.034032, Val Loss: 0.043888[0m
2025-12-29 23:29:47,681 | INFO     | New best model saved with Val Loss: 0.043888
2025-12-29 23:32:57,788 | INFO     | Epoch 206/250 - Train Loss: 0.033929, Val Loss: 0.043895[0m
2025-12-29 23:36:07,926 | INFO     | Epoch 207/250 - Train Loss: 0.034587, Val Loss: 0.044381[0m
2025-12-29 23:39:18,031 | INFO     | Epoch 208/250 - Train Loss: 0.034167, Val Loss: 0.044029[0m
2025-12-29 23:42:28,120 | INFO     | Epoch 209/250 - Train Loss: 0.033728, Val Loss: 0.043773[0m
2025-12-29 23:42:28,173 | INFO     | New best model saved with Val Loss: 0.043773
2025-12-29 23:45:38,288 | INFO     | Epoch 210/250 - Train Loss: 0.033676, Val Loss: 0.044359[0m
2025-12-29 23:48:48,450 | INFO     | Epoch 211/250 - Train Loss: 0.033674, Val Loss: 0.044249[0m
2025-12-29 23:51:58,479 | INFO     | Epoch 212/250 - Train Loss: 0.033608, Val Loss: 0.043957[0m
2025-12-29 23:55:08,526 | INFO     | Epoch 213/250 - Train Loss: 0.033803, Val Loss: 0.044077[0m
2025-12-29 23:58:18,620 | INFO     | Epoch 214/250 - Train Loss: 0.033524, Val Loss: 0.043832[0m
2025-12-30 00:01:28,716 | INFO     | Epoch 215/250 - Train Loss: 0.033809, Val Loss: 0.044371[0m
2025-12-30 00:04:38,793 | INFO     | Epoch 216/250 - Train Loss: 0.034297, Val Loss: 0.043950[0m
2025-12-30 00:07:48,843 | INFO     | Epoch 217/250 - Train Loss: 0.033375, Val Loss: 0.044442[0m
2025-12-30 00:10:58,956 | INFO     | Epoch 218/250 - Train Loss: 0.033442, Val Loss: 0.045196[0m
2025-12-30 00:14:08,998 | INFO     | Epoch 219/250 - Train Loss: 0.033256, Val Loss: 0.044223[0m
2025-12-30 00:17:19,077 | INFO     | Epoch 220/250 - Train Loss: 0.033235, Val Loss: 0.043925[0m
2025-12-30 00:20:29,241 | INFO     | Epoch 221/250 - Train Loss: 0.033502, Val Loss: 0.043811[0m
2025-12-30 00:23:39,259 | INFO     | Epoch 222/250 - Train Loss: 0.033090, Val Loss: 0.043846[0m
2025-12-30 00:26:49,340 | INFO     | Epoch 223/250 - Train Loss: 0.033931, Val Loss: 0.044800[0m
2025-12-30 00:29:59,387 | INFO     | Epoch 224/250 - Train Loss: 0.033223, Val Loss: 0.044135[0m
2025-12-30 00:33:09,311 | INFO     | Epoch 225/250 - Train Loss: 0.034234, Val Loss: 0.043809[0m
2025-12-30 00:36:19,075 | INFO     | Epoch 226/250 - Train Loss: 0.033091, Val Loss: 0.043896[0m
2025-12-30 00:39:28,814 | INFO     | Epoch 227/250 - Train Loss: 0.033039, Val Loss: 0.046085[0m
2025-12-30 00:42:38,554 | INFO     | Epoch 228/250 - Train Loss: 0.033069, Val Loss: 0.043837[0m
2025-12-30 00:45:48,333 | INFO     | Epoch 229/250 - Train Loss: 0.032822, Val Loss: 0.043994[0m
2025-12-30 00:48:58,168 | INFO     | Epoch 230/250 - Train Loss: 0.032972, Val Loss: 0.043657[0m
2025-12-30 00:48:58,219 | INFO     | New best model saved with Val Loss: 0.043657
2025-12-30 00:52:08,189 | INFO     | Epoch 231/250 - Train Loss: 0.033436, Val Loss: 0.043927[0m
2025-12-30 00:55:18,102 | INFO     | Epoch 232/250 - Train Loss: 0.032880, Val Loss: 0.044487[0m
2025-12-30 00:58:28,019 | INFO     | Epoch 233/250 - Train Loss: 0.032793, Val Loss: 0.043704[0m
2025-12-30 01:01:38,021 | INFO     | Epoch 234/250 - Train Loss: 0.032819, Val Loss: 0.044281[0m
2025-12-30 01:04:48,050 | INFO     | Epoch 235/250 - Train Loss: 0.032809, Val Loss: 0.043940[0m
2025-12-30 01:07:57,988 | INFO     | Epoch 236/250 - Train Loss: 0.032599, Val Loss: 0.043763[0m
2025-12-30 01:11:07,870 | INFO     | Epoch 237/250 - Train Loss: 0.032656, Val Loss: 0.043996[0m
2025-12-30 01:14:17,721 | INFO     | Epoch 238/250 - Train Loss: 0.032694, Val Loss: 0.044340[0m
2025-12-30 01:17:27,613 | INFO     | Epoch 239/250 - Train Loss: 0.033279, Val Loss: 0.044020[0m
2025-12-30 01:20:37,486 | INFO     | Epoch 240/250 - Train Loss: 0.032503, Val Loss: 0.044488[0m
2025-12-30 01:23:47,476 | INFO     | Epoch 241/250 - Train Loss: 0.032526, Val Loss: 0.044105[0m
2025-12-30 01:26:57,337 | INFO     | Epoch 242/250 - Train Loss: 0.034024, Val Loss: 0.044491[0m
2025-12-30 01:30:07,130 | INFO     | Epoch 243/250 - Train Loss: 0.033066, Val Loss: 0.043970[0m
2025-12-30 01:33:16,985 | INFO     | Epoch 244/250 - Train Loss: 0.032405, Val Loss: 0.043804[0m
2025-12-30 01:36:26,815 | INFO     | Epoch 245/250 - Train Loss: 0.032110, Val Loss: 0.044156[0m
2025-12-30 01:39:36,640 | INFO     | Epoch 246/250 - Train Loss: 0.032470, Val Loss: 0.044629[0m
2025-12-30 01:42:46,472 | INFO     | Epoch 247/250 - Train Loss: 0.032342, Val Loss: 0.043719[0m
2025-12-30 01:45:56,294 | INFO     | Epoch 248/250 - Train Loss: 0.032245, Val Loss: 0.044200[0m
2025-12-30 01:49:06,084 | INFO     | Epoch 249/250 - Train Loss: 0.032361, Val Loss: 0.045291[0m
2025-12-30 01:52:15,857 | INFO     | Epoch 250/250 - Train Loss: 0.032523, Val Loss: 0.044292[0m
2025-12-30 01:52:15,979 | INFO     | Final model saved to experiments_DrivAerNet++/WWC_spressure_N10k_lr1e-3_e250_run3/final_model.pth
2025-12-30 01:52:15,979 | INFO     | Testing the final model
2025-12-30 01:52:26,181 | INFO     | *******************[35mL2_erro:[0m
2025-12-30 01:52:26,182 | INFO     |  0.160753
2025-12-30 01:52:26,182 | INFO     | *******************[35mmse_loss:[0m
2025-12-30 01:52:26,182 | INFO     |  0.042044
2025-12-30 01:52:26,182 | INFO     | *******************[35minference_time:[0m
2025-12-30 01:52:26,182 | INFO     |  0.000000
2025-12-30 01:52:26,182 | INFO     | Testing the best model
2025-12-30 01:52:36,379 | INFO     | *******************[35mL2_erro:[0m
2025-12-30 01:52:36,380 | INFO     |  0.159566
2025-12-30 01:52:36,380 | INFO     | *******************[35mmse_loss:[0m
2025-12-30 01:52:36,380 | INFO     |  0.041421
2025-12-30 01:52:36,380 | INFO     | *******************[35minference_time:[0m
2025-12-30 01:52:36,380 | INFO     |  0.000000
