2025-12-19 10:04:46,090 | INFO     | Config:
exp_name: spressure_N10k_lr1e-3_e250
model:
  input_dim: 3
  output_dim: 1
  head_num: 8
  hidden_dim: 256
  res: true
  slice_num: 32
  layer_num: 5
  mlp_ratio: 1.5
  dropout: 0.1
training:
  batch_size: 1
  epochs: 250
  lr: 0.001
  scheduler_step: 50
  scheduler_gamma: 0.5
  max_grad_norm: 0.1
  num_workers: 1
  weight_decay: 0.0
  test_only: 0
  gpus: '0'
  seed: 42
dataload:
  directory: /mnt/wjc_group/mae-zhangbj/DrivAerNet_dataset/

2025-12-19 10:04:46,091 | INFO     | args.exp_name : spressure_N10k_lr1e-3_e250
2025-12-19 10:04:46,091 | INFO     | Starting training with 1 GPUs
2025-12-19 10:06:31,549 | INFO     | Total trainable parameters: 3381321
2025-12-19 10:06:31,549 | INFO     | Data loaded: 2768 training batches, 593 validation batches, 595 test batches
2025-12-19 10:06:31,550 | INFO     | Staring training for 250 epochs
2025-12-19 12:52:51,900 | INFO     | Config:
exp_name: spressure_N10k_lr1e-3_e250
model:
  input_dim: 3
  output_dim: 1
  head_num: 8
  hidden_dim: 256
  res: true
  slice_num: 32
  layer_num: 5
  mlp_ratio: 1.5
  dropout: 0.1
training:
  batch_size: 1
  epochs: 250
  lr: 0.001
  scheduler_step: 50
  scheduler_gamma: 0.5
  max_grad_norm: 0.1
  num_workers: 1
  weight_decay: 0.0
  test_only: 0
  gpus: '0'
  seed: 42
dataload:
  directory: /mnt/wjc_group/mae-zhangbj/DrivAerNet_dataset/

2025-12-19 12:52:51,900 | INFO     | args.exp_name : spressure_N10k_lr1e-3_e250
2025-12-19 12:52:51,900 | INFO     | Starting training with 1 GPUs
2025-12-19 12:52:53,461 | INFO     | Total trainable parameters: 3381321
2025-12-19 12:52:53,462 | INFO     | Data loaded: 405 training batches, 81 validation batches, 106 test batches
2025-12-19 12:52:53,462 | INFO     | Staring training for 250 epochs
2025-12-19 12:55:31,002 | INFO     | Config:
exp_name: spressure_N10k_lr1e-3_e250
model:
  input_dim: 3
  output_dim: 1
  head_num: 8
  hidden_dim: 256
  res: true
  slice_num: 32
  layer_num: 5
  mlp_ratio: 1.5
  dropout: 0.1
training:
  batch_size: 1
  epochs: 250
  lr: 0.001
  scheduler_step: 50
  scheduler_gamma: 0.5
  max_grad_norm: 0.1
  num_workers: 1
  weight_decay: 0.0
  test_only: 0
  gpus: '0'
  seed: 42
dataload:
  directory: /mnt/wjc_group/mae-zhangbj/DrivAerNet_dataset/

2025-12-19 12:55:31,002 | INFO     | args.exp_name : spressure_N10k_lr1e-3_e250
2025-12-19 12:55:31,002 | INFO     | Starting training with 1 GPUs
2025-12-19 12:55:32,064 | INFO     | Total trainable parameters: 3381321
2025-12-19 12:55:32,064 | INFO     | Data loaded: 405 training batches, 81 validation batches, 106 test batches
2025-12-19 12:55:32,064 | INFO     | Staring training for 250 epochs
2025-12-19 12:55:32,162 | INFO     | y.shape: torch.Size([1, 10000, 1])
2025-12-19 12:55:33,823 | INFO     | y.shape: torch.Size([1, 10000, 1])
2025-12-19 12:55:35,186 | INFO     | y.shape: torch.Size([1, 10000, 1])
2025-12-19 12:55:36,550 | INFO     | y.shape: torch.Size([1, 10000, 1])
2025-12-19 12:55:37,913 | INFO     | y.shape: torch.Size([1, 10000, 1])
2025-12-19 12:55:39,275 | INFO     | y.shape: torch.Size([1, 10000, 1])
2025-12-19 12:55:40,635 | INFO     | y.shape: torch.Size([1, 10000, 1])
2025-12-19 12:55:42,000 | INFO     | y.shape: torch.Size([1, 10000, 1])
2025-12-19 12:55:43,362 | INFO     | y.shape: torch.Size([1, 10000, 1])
2025-12-19 12:55:44,723 | INFO     | y.shape: torch.Size([1, 10000, 1])
2025-12-19 12:55:46,086 | INFO     | y.shape: torch.Size([1, 10000, 1])
2025-12-19 12:55:47,449 | INFO     | y.shape: torch.Size([1, 10000, 1])
2025-12-19 12:55:48,810 | INFO     | y.shape: torch.Size([1, 10000, 1])
2025-12-19 12:55:50,178 | INFO     | y.shape: torch.Size([1, 10000, 1])
2025-12-19 12:55:51,539 | INFO     | y.shape: torch.Size([1, 10000, 1])
2025-12-19 12:55:52,901 | INFO     | y.shape: torch.Size([1, 10000, 1])
2025-12-19 12:55:54,262 | INFO     | y.shape: torch.Size([1, 10000, 1])
2025-12-19 12:55:55,623 | INFO     | y.shape: torch.Size([1, 10000, 1])
2025-12-19 12:55:56,983 | INFO     | y.shape: torch.Size([1, 10000, 1])
2025-12-19 12:55:58,346 | INFO     | y.shape: torch.Size([1, 10000, 1])
2025-12-19 12:55:59,708 | INFO     | y.shape: torch.Size([1, 10000, 1])
2025-12-19 12:56:01,069 | INFO     | y.shape: torch.Size([1, 10000, 1])
2025-12-19 12:56:02,430 | INFO     | y.shape: torch.Size([1, 10000, 1])
2025-12-19 12:56:03,792 | INFO     | y.shape: torch.Size([1, 10000, 1])
2025-12-19 12:56:05,153 | INFO     | y.shape: torch.Size([1, 10000, 1])
2025-12-19 12:56:06,514 | INFO     | y.shape: torch.Size([1, 10000, 1])
2025-12-19 12:56:07,876 | INFO     | y.shape: torch.Size([1, 10000, 1])
2025-12-19 12:56:09,237 | INFO     | y.shape: torch.Size([1, 10000, 1])
2025-12-19 12:56:10,598 | INFO     | y.shape: torch.Size([1, 10000, 1])
2025-12-19 12:56:11,959 | INFO     | y.shape: torch.Size([1, 10000, 1])
2025-12-19 12:56:13,322 | INFO     | y.shape: torch.Size([1, 10000, 1])
2025-12-19 12:56:14,684 | INFO     | y.shape: torch.Size([1, 10000, 1])
2025-12-19 12:56:16,045 | INFO     | y.shape: torch.Size([1, 10000, 1])
2025-12-19 12:56:17,407 | INFO     | y.shape: torch.Size([1, 10000, 1])
2025-12-19 12:56:18,768 | INFO     | y.shape: torch.Size([1, 10000, 1])
2025-12-19 12:56:20,129 | INFO     | y.shape: torch.Size([1, 10000, 1])
2025-12-19 12:56:21,496 | INFO     | y.shape: torch.Size([1, 10000, 1])
2025-12-19 12:56:22,858 | INFO     | y.shape: torch.Size([1, 10000, 1])
2025-12-19 12:56:24,221 | INFO     | y.shape: torch.Size([1, 10000, 1])
2025-12-19 12:56:25,582 | INFO     | y.shape: torch.Size([1, 10000, 1])
2025-12-19 12:56:26,943 | INFO     | y.shape: torch.Size([1, 10000, 1])
2025-12-19 12:56:35,990 | INFO     | Config:
exp_name: spressure_N10k_lr1e-3_e250
model:
  input_dim: 3
  output_dim: 1
  head_num: 8
  hidden_dim: 256
  res: true
  slice_num: 32
  layer_num: 5
  mlp_ratio: 1.5
  dropout: 0.1
training:
  batch_size: 1
  epochs: 250
  lr: 0.001
  scheduler_step: 50
  scheduler_gamma: 0.5
  max_grad_norm: 0.1
  num_workers: 1
  weight_decay: 0.0
  test_only: 0
  gpus: '0'
  seed: 42
dataload:
  directory: /mnt/wjc_group/mae-zhangbj/DrivAerNet_dataset/

2025-12-19 12:56:35,991 | INFO     | args.exp_name : spressure_N10k_lr1e-3_e250
2025-12-19 12:56:35,991 | INFO     | Starting training with 1 GPUs
2025-12-19 12:56:37,001 | INFO     | Total trainable parameters: 3381321
2025-12-19 12:56:37,001 | INFO     | Data loaded: 405 training batches, 81 validation batches, 106 test batches
2025-12-19 12:56:37,001 | INFO     | Staring training for 250 epochs
2025-12-19 12:56:37,098 | INFO     | x.shape: torch.Size([1, 10000, 3])
2025-12-19 12:56:37,098 | INFO     | y.shape: torch.Size([1, 10000, 1])
2025-12-19 12:56:38,733 | INFO     | x.shape: torch.Size([1, 10000, 3])
2025-12-19 12:56:38,734 | INFO     | y.shape: torch.Size([1, 10000, 1])
2025-12-19 12:56:40,093 | INFO     | x.shape: torch.Size([1, 10000, 3])
2025-12-19 12:56:40,093 | INFO     | y.shape: torch.Size([1, 10000, 1])
2025-12-19 12:56:41,454 | INFO     | x.shape: torch.Size([1, 10000, 3])
2025-12-19 12:56:41,455 | INFO     | y.shape: torch.Size([1, 10000, 1])
2025-12-19 12:56:42,817 | INFO     | x.shape: torch.Size([1, 10000, 3])
2025-12-19 12:56:42,817 | INFO     | y.shape: torch.Size([1, 10000, 1])
2025-12-19 12:56:44,177 | INFO     | x.shape: torch.Size([1, 10000, 3])
2025-12-19 12:56:44,177 | INFO     | y.shape: torch.Size([1, 10000, 1])
2025-12-19 12:56:45,534 | INFO     | x.shape: torch.Size([1, 10000, 3])
2025-12-19 12:56:45,534 | INFO     | y.shape: torch.Size([1, 10000, 1])
2025-12-19 12:56:46,893 | INFO     | x.shape: torch.Size([1, 10000, 3])
2025-12-19 12:56:46,894 | INFO     | y.shape: torch.Size([1, 10000, 1])
2025-12-19 12:56:48,254 | INFO     | x.shape: torch.Size([1, 10000, 3])
2025-12-19 12:56:48,254 | INFO     | y.shape: torch.Size([1, 10000, 1])
2025-12-19 12:56:49,615 | INFO     | x.shape: torch.Size([1, 10000, 3])
2025-12-19 12:56:49,615 | INFO     | y.shape: torch.Size([1, 10000, 1])
2025-12-19 12:58:13,280 | INFO     | Config:
exp_name: spressure_N10k_lr1e-3_e250
model:
  input_dim: 3
  output_dim: 1
  head_num: 8
  hidden_dim: 256
  res: true
  slice_num: 32
  layer_num: 5
  mlp_ratio: 1.5
  dropout: 0.1
training:
  batch_size: 1
  epochs: 250
  lr: 0.001
  scheduler_step: 50
  scheduler_gamma: 0.5
  max_grad_norm: 0.1
  num_workers: 1
  weight_decay: 0.0
  test_only: 0
  gpus: '0'
  seed: 42
dataload:
  directory: /mnt/wjc_group/mae-zhangbj/DrivAerNet_dataset/

2025-12-19 12:58:13,280 | INFO     | args.exp_name : spressure_N10k_lr1e-3_e250
2025-12-19 12:58:13,281 | INFO     | Starting training with 1 GPUs
2025-12-19 12:58:14,383 | INFO     | Total trainable parameters: 3381321
2025-12-19 12:58:14,384 | INFO     | Data loaded: 405 training batches, 81 validation batches, 106 test batches
2025-12-19 12:58:14,385 | INFO     | Staring training for 250 epochs
2025-12-19 13:07:51,363 | INFO     | Epoch 1/250 - Train Loss: 0.682325, Val Loss: 0.386437[0m
2025-12-19 13:07:51,392 | INFO     | New best model saved with Val Loss: 0.386437
2025-12-19 13:17:28,635 | INFO     | Epoch 2/250 - Train Loss: 0.368197, Val Loss: 0.362296[0m
2025-12-19 13:17:28,686 | INFO     | New best model saved with Val Loss: 0.362296
2025-12-19 13:27:05,143 | INFO     | Epoch 3/250 - Train Loss: 0.334451, Val Loss: 0.331960[0m
2025-12-19 13:27:05,195 | INFO     | New best model saved with Val Loss: 0.331960
2025-12-19 13:36:41,542 | INFO     | Epoch 4/250 - Train Loss: 0.319052, Val Loss: 0.325254[0m
2025-12-19 13:36:41,582 | INFO     | New best model saved with Val Loss: 0.325254
2025-12-19 13:46:18,687 | INFO     | Epoch 5/250 - Train Loss: 0.292116, Val Loss: 0.309577[0m
2025-12-19 13:46:18,746 | INFO     | New best model saved with Val Loss: 0.309577
2025-12-19 13:55:56,125 | INFO     | Epoch 6/250 - Train Loss: 0.272815, Val Loss: 0.259243[0m
2025-12-19 13:55:56,178 | INFO     | New best model saved with Val Loss: 0.259243
2025-12-19 14:05:33,365 | INFO     | Epoch 7/250 - Train Loss: 0.251121, Val Loss: 0.279521[0m
2025-12-19 14:15:10,595 | INFO     | Epoch 8/250 - Train Loss: 0.237309, Val Loss: 0.230014[0m
2025-12-19 14:15:10,647 | INFO     | New best model saved with Val Loss: 0.230014
2025-12-19 14:24:47,458 | INFO     | Epoch 9/250 - Train Loss: 0.217731, Val Loss: 0.226015[0m
2025-12-19 14:24:47,513 | INFO     | New best model saved with Val Loss: 0.226015
2025-12-19 14:34:24,784 | INFO     | Epoch 10/250 - Train Loss: 0.214590, Val Loss: 0.202711[0m
2025-12-19 14:34:24,838 | INFO     | New best model saved with Val Loss: 0.202711
2025-12-19 14:44:02,219 | INFO     | Epoch 11/250 - Train Loss: 0.193773, Val Loss: 0.196108[0m
2025-12-19 14:44:02,266 | INFO     | New best model saved with Val Loss: 0.196108
2025-12-19 14:53:39,523 | INFO     | Epoch 12/250 - Train Loss: 0.185184, Val Loss: 0.167808[0m
2025-12-19 14:53:39,575 | INFO     | New best model saved with Val Loss: 0.167808
2025-12-19 15:03:16,849 | INFO     | Epoch 13/250 - Train Loss: 0.165545, Val Loss: 0.154533[0m
2025-12-19 15:03:16,901 | INFO     | New best model saved with Val Loss: 0.154533
2025-12-19 15:12:53,792 | INFO     | Epoch 14/250 - Train Loss: 0.160519, Val Loss: 0.152950[0m
2025-12-19 15:12:53,832 | INFO     | New best model saved with Val Loss: 0.152950
2025-12-19 15:22:30,709 | INFO     | Epoch 15/250 - Train Loss: 0.149745, Val Loss: 0.139372[0m
2025-12-19 15:22:30,769 | INFO     | New best model saved with Val Loss: 0.139372
2025-12-19 15:32:07,712 | INFO     | Epoch 16/250 - Train Loss: 0.147553, Val Loss: 0.133439[0m
2025-12-19 15:32:07,763 | INFO     | New best model saved with Val Loss: 0.133439
2025-12-19 15:41:44,588 | INFO     | Epoch 17/250 - Train Loss: 0.142597, Val Loss: 0.128694[0m
2025-12-19 15:41:44,643 | INFO     | New best model saved with Val Loss: 0.128694
2025-12-19 15:51:21,444 | INFO     | Epoch 18/250 - Train Loss: 0.135336, Val Loss: 0.136849[0m
2025-12-19 16:00:58,313 | INFO     | Epoch 19/250 - Train Loss: 0.127703, Val Loss: 0.121675[0m
2025-12-19 16:00:58,365 | INFO     | New best model saved with Val Loss: 0.121675
2025-12-19 16:10:35,313 | INFO     | Epoch 20/250 - Train Loss: 0.126841, Val Loss: 0.144552[0m
2025-12-19 16:20:12,980 | INFO     | Epoch 21/250 - Train Loss: 0.129321, Val Loss: 0.122144[0m
2025-12-19 16:29:49,793 | INFO     | Epoch 22/250 - Train Loss: 0.119387, Val Loss: 0.115279[0m
2025-12-19 16:29:49,845 | INFO     | New best model saved with Val Loss: 0.115279
2025-12-19 16:39:26,557 | INFO     | Epoch 23/250 - Train Loss: 0.115969, Val Loss: 0.131604[0m
2025-12-19 16:49:02,660 | INFO     | Epoch 24/250 - Train Loss: 0.114284, Val Loss: 0.118700[0m
2025-12-19 16:58:39,938 | INFO     | Epoch 25/250 - Train Loss: 0.112875, Val Loss: 0.121427[0m
2025-12-19 17:08:17,355 | INFO     | Epoch 26/250 - Train Loss: 0.110268, Val Loss: 0.105062[0m
2025-12-19 17:08:17,404 | INFO     | New best model saved with Val Loss: 0.105062
2025-12-19 17:17:54,897 | INFO     | Epoch 27/250 - Train Loss: 0.109182, Val Loss: 0.101318[0m
2025-12-19 17:17:54,944 | INFO     | New best model saved with Val Loss: 0.101318
2025-12-19 17:27:32,488 | INFO     | Epoch 28/250 - Train Loss: 0.107135, Val Loss: 0.106774[0m
2025-12-19 17:37:09,933 | INFO     | Epoch 29/250 - Train Loss: 0.103337, Val Loss: 0.105049[0m
2025-12-19 17:46:47,485 | INFO     | Epoch 30/250 - Train Loss: 0.102699, Val Loss: 0.104943[0m
2025-12-19 17:56:25,041 | INFO     | Epoch 31/250 - Train Loss: 0.099502, Val Loss: 0.099070[0m
2025-12-19 17:56:25,092 | INFO     | New best model saved with Val Loss: 0.099070
2025-12-19 18:06:02,625 | INFO     | Epoch 32/250 - Train Loss: 0.107218, Val Loss: 0.104105[0m
2025-12-19 18:15:40,201 | INFO     | Epoch 33/250 - Train Loss: 0.098852, Val Loss: 0.100085[0m
2025-12-19 18:25:17,535 | INFO     | Epoch 34/250 - Train Loss: 0.096012, Val Loss: 0.094373[0m
2025-12-19 18:25:17,590 | INFO     | New best model saved with Val Loss: 0.094373
2025-12-19 18:34:54,171 | INFO     | Epoch 35/250 - Train Loss: 0.099193, Val Loss: 0.099409[0m
2025-12-19 18:44:31,158 | INFO     | Epoch 36/250 - Train Loss: 0.093871, Val Loss: 0.092127[0m
2025-12-19 18:44:31,207 | INFO     | New best model saved with Val Loss: 0.092127
2025-12-19 18:54:08,273 | INFO     | Epoch 37/250 - Train Loss: 0.091899, Val Loss: 0.089021[0m
2025-12-19 18:54:08,327 | INFO     | New best model saved with Val Loss: 0.089021
2025-12-19 19:03:45,398 | INFO     | Epoch 38/250 - Train Loss: 0.092514, Val Loss: 0.095230[0m
2025-12-19 19:13:22,442 | INFO     | Epoch 39/250 - Train Loss: 0.090863, Val Loss: 0.087919[0m
2025-12-19 19:13:22,497 | INFO     | New best model saved with Val Loss: 0.087919
2025-12-19 19:22:59,481 | INFO     | Epoch 40/250 - Train Loss: 0.093873, Val Loss: 0.087963[0m
2025-12-19 19:32:36,662 | INFO     | Epoch 41/250 - Train Loss: 0.087078, Val Loss: 0.084417[0m
2025-12-19 19:32:36,702 | INFO     | New best model saved with Val Loss: 0.084417
2025-12-19 19:42:13,722 | INFO     | Epoch 42/250 - Train Loss: 0.087543, Val Loss: 0.091014[0m
2025-12-19 19:51:50,712 | INFO     | Epoch 43/250 - Train Loss: 0.087829, Val Loss: 0.085345[0m
2025-12-19 20:01:27,657 | INFO     | Epoch 44/250 - Train Loss: 0.085356, Val Loss: 0.083741[0m
2025-12-19 20:01:27,704 | INFO     | New best model saved with Val Loss: 0.083741
2025-12-19 20:11:04,964 | INFO     | Epoch 45/250 - Train Loss: 0.085508, Val Loss: 0.086715[0m
2025-12-19 20:20:42,236 | INFO     | Epoch 46/250 - Train Loss: 0.086109, Val Loss: 0.083656[0m
2025-12-19 20:20:42,287 | INFO     | New best model saved with Val Loss: 0.083656
2025-12-19 20:30:19,756 | INFO     | Epoch 47/250 - Train Loss: 0.084681, Val Loss: 0.087457[0m
2025-12-19 20:39:57,235 | INFO     | Epoch 48/250 - Train Loss: 0.083277, Val Loss: 0.089002[0m
2025-12-19 20:49:34,641 | INFO     | Epoch 49/250 - Train Loss: 0.083747, Val Loss: 0.081084[0m
2025-12-19 20:49:34,702 | INFO     | New best model saved with Val Loss: 0.081084
2025-12-19 20:59:12,197 | INFO     | Epoch 50/250 - Train Loss: 0.080282, Val Loss: 0.077680[0m
2025-12-19 20:59:12,249 | INFO     | New best model saved with Val Loss: 0.077680
2025-12-19 21:08:49,825 | INFO     | Epoch 51/250 - Train Loss: 0.071165, Val Loss: 0.071794[0m
2025-12-19 21:08:49,878 | INFO     | New best model saved with Val Loss: 0.071794
2025-12-19 21:18:27,289 | INFO     | Epoch 52/250 - Train Loss: 0.070440, Val Loss: 0.070471[0m
2025-12-19 21:18:27,345 | INFO     | New best model saved with Val Loss: 0.070471
2025-12-19 21:28:04,824 | INFO     | Epoch 53/250 - Train Loss: 0.070368, Val Loss: 0.071592[0m
2025-12-19 21:37:42,225 | INFO     | Epoch 54/250 - Train Loss: 0.070137, Val Loss: 0.072522[0m
2025-12-19 21:47:19,370 | INFO     | Epoch 55/250 - Train Loss: 0.069341, Val Loss: 0.070379[0m
2025-12-19 21:47:19,425 | INFO     | New best model saved with Val Loss: 0.070379
2025-12-19 21:56:56,619 | INFO     | Epoch 56/250 - Train Loss: 0.069609, Val Loss: 0.071034[0m
2025-12-19 22:06:34,063 | INFO     | Epoch 57/250 - Train Loss: 0.069365, Val Loss: 0.074948[0m
2025-12-19 22:16:11,428 | INFO     | Epoch 58/250 - Train Loss: 0.069703, Val Loss: 0.070780[0m
2025-12-19 22:25:48,821 | INFO     | Epoch 59/250 - Train Loss: 0.069573, Val Loss: 0.068936[0m
2025-12-19 22:25:48,872 | INFO     | New best model saved with Val Loss: 0.068936
2025-12-19 22:35:26,277 | INFO     | Epoch 60/250 - Train Loss: 0.068223, Val Loss: 0.068714[0m
2025-12-19 22:35:26,329 | INFO     | New best model saved with Val Loss: 0.068714
2025-12-19 22:45:03,813 | INFO     | Epoch 61/250 - Train Loss: 0.069327, Val Loss: 0.068580[0m
2025-12-19 22:45:03,868 | INFO     | New best model saved with Val Loss: 0.068580
2025-12-19 22:54:41,260 | INFO     | Epoch 62/250 - Train Loss: 0.067111, Val Loss: 0.078471[0m
2025-12-19 23:04:18,669 | INFO     | Epoch 63/250 - Train Loss: 0.068457, Val Loss: 0.071977[0m
2025-12-19 23:13:56,118 | INFO     | Epoch 64/250 - Train Loss: 0.066196, Val Loss: 0.066552[0m
2025-12-19 23:13:56,164 | INFO     | New best model saved with Val Loss: 0.066552
2025-12-19 23:23:33,425 | INFO     | Epoch 65/250 - Train Loss: 0.065943, Val Loss: 0.068741[0m
2025-12-19 23:33:10,939 | INFO     | Epoch 66/250 - Train Loss: 0.066228, Val Loss: 0.069144[0m
2025-12-19 23:42:48,068 | INFO     | Epoch 67/250 - Train Loss: 0.066237, Val Loss: 0.066429[0m
2025-12-19 23:42:48,118 | INFO     | New best model saved with Val Loss: 0.066429
2025-12-19 23:52:25,619 | INFO     | Epoch 68/250 - Train Loss: 0.065680, Val Loss: 0.067212[0m
2025-12-20 00:02:03,084 | INFO     | Epoch 69/250 - Train Loss: 0.065976, Val Loss: 0.064539[0m
2025-12-20 00:02:03,135 | INFO     | New best model saved with Val Loss: 0.064539
2025-12-20 00:11:40,575 | INFO     | Epoch 70/250 - Train Loss: 0.066932, Val Loss: 0.067015[0m
2025-12-20 00:21:18,073 | INFO     | Epoch 71/250 - Train Loss: 0.064658, Val Loss: 0.064868[0m
2025-12-20 00:30:55,581 | INFO     | Epoch 72/250 - Train Loss: 0.064240, Val Loss: 0.065731[0m
2025-12-20 00:40:33,161 | INFO     | Epoch 73/250 - Train Loss: 0.069497, Val Loss: 0.068644[0m
2025-12-20 00:50:10,592 | INFO     | Epoch 74/250 - Train Loss: 0.064109, Val Loss: 0.065063[0m
2025-12-20 00:59:47,787 | INFO     | Epoch 75/250 - Train Loss: 0.063191, Val Loss: 0.064067[0m
2025-12-20 00:59:47,843 | INFO     | New best model saved with Val Loss: 0.064067
2025-12-20 01:09:25,073 | INFO     | Epoch 76/250 - Train Loss: 0.063126, Val Loss: 0.065764[0m
2025-12-20 01:19:02,134 | INFO     | Epoch 77/250 - Train Loss: 0.063364, Val Loss: 0.064477[0m
2025-12-20 01:28:38,700 | INFO     | Epoch 78/250 - Train Loss: 0.062865, Val Loss: 0.065507[0m
2025-12-20 01:38:15,454 | INFO     | Epoch 79/250 - Train Loss: 0.063170, Val Loss: 0.063515[0m
2025-12-20 01:38:15,506 | INFO     | New best model saved with Val Loss: 0.063515
2025-12-20 01:47:52,386 | INFO     | Epoch 80/250 - Train Loss: 0.063869, Val Loss: 0.064179[0m
2025-12-20 01:57:29,232 | INFO     | Epoch 81/250 - Train Loss: 0.064796, Val Loss: 0.065121[0m
2025-12-20 02:07:05,955 | INFO     | Epoch 82/250 - Train Loss: 0.063054, Val Loss: 0.063669[0m
2025-12-20 02:16:42,685 | INFO     | Epoch 83/250 - Train Loss: 0.062299, Val Loss: 0.061787[0m
2025-12-20 02:16:42,735 | INFO     | New best model saved with Val Loss: 0.061787
2025-12-20 02:26:19,514 | INFO     | Epoch 84/250 - Train Loss: 0.062025, Val Loss: 0.062835[0m
2025-12-20 02:35:55,936 | INFO     | Epoch 85/250 - Train Loss: 0.062918, Val Loss: 0.064800[0m
2025-12-20 02:45:32,605 | INFO     | Epoch 86/250 - Train Loss: 0.061584, Val Loss: 0.063568[0m
2025-12-20 02:55:09,372 | INFO     | Epoch 87/250 - Train Loss: 0.061380, Val Loss: 0.062860[0m
2025-12-20 03:04:45,837 | INFO     | Epoch 88/250 - Train Loss: 0.062213, Val Loss: 0.063523[0m
2025-12-20 03:14:23,163 | INFO     | Epoch 89/250 - Train Loss: 0.062372, Val Loss: 0.062578[0m
2025-12-20 03:24:00,563 | INFO     | Epoch 90/250 - Train Loss: 0.060029, Val Loss: 0.061803[0m
2025-12-20 03:33:38,035 | INFO     | Epoch 91/250 - Train Loss: 0.061178, Val Loss: 0.065051[0m
2025-12-20 03:43:15,418 | INFO     | Epoch 92/250 - Train Loss: 0.064114, Val Loss: 0.063934[0m
2025-12-20 03:52:52,791 | INFO     | Epoch 93/250 - Train Loss: 0.062248, Val Loss: 0.062066[0m
2025-12-20 04:02:30,151 | INFO     | Epoch 94/250 - Train Loss: 0.061745, Val Loss: 0.063076[0m
2025-12-20 04:12:07,145 | INFO     | Epoch 95/250 - Train Loss: 0.059604, Val Loss: 0.062224[0m
2025-12-20 04:21:44,494 | INFO     | Epoch 96/250 - Train Loss: 0.061032, Val Loss: 0.062147[0m
2025-12-20 04:31:21,808 | INFO     | Epoch 97/250 - Train Loss: 0.060226, Val Loss: 0.063317[0m
2025-12-20 04:40:59,131 | INFO     | Epoch 98/250 - Train Loss: 0.064245, Val Loss: 0.063078[0m
2025-12-20 04:50:36,205 | INFO     | Epoch 99/250 - Train Loss: 0.059677, Val Loss: 0.061064[0m
2025-12-20 04:50:36,246 | INFO     | New best model saved with Val Loss: 0.061064
2025-12-20 05:00:13,629 | INFO     | Epoch 100/250 - Train Loss: 0.060683, Val Loss: 0.062301[0m
2025-12-20 05:09:51,096 | INFO     | Epoch 101/250 - Train Loss: 0.055484, Val Loss: 0.059675[0m
2025-12-20 05:09:51,143 | INFO     | New best model saved with Val Loss: 0.059675
2025-12-20 05:19:28,522 | INFO     | Epoch 102/250 - Train Loss: 0.054350, Val Loss: 0.058340[0m
2025-12-20 05:19:28,577 | INFO     | New best model saved with Val Loss: 0.058340
2025-12-20 05:29:05,941 | INFO     | Epoch 103/250 - Train Loss: 0.053802, Val Loss: 0.059292[0m
2025-12-20 05:38:43,263 | INFO     | Epoch 104/250 - Train Loss: 0.054304, Val Loss: 0.058547[0m
2025-12-20 05:48:20,461 | INFO     | Epoch 105/250 - Train Loss: 0.053492, Val Loss: 0.059650[0m
2025-12-20 05:57:57,232 | INFO     | Epoch 106/250 - Train Loss: 0.054110, Val Loss: 0.058685[0m
2025-12-20 06:07:34,206 | INFO     | Epoch 107/250 - Train Loss: 0.054062, Val Loss: 0.058418[0m
2025-12-20 06:17:11,040 | INFO     | Epoch 108/250 - Train Loss: 0.054016, Val Loss: 0.059628[0m
2025-12-20 06:26:47,895 | INFO     | Epoch 109/250 - Train Loss: 0.053207, Val Loss: 0.058520[0m
2025-12-20 06:36:24,457 | INFO     | Epoch 110/250 - Train Loss: 0.053331, Val Loss: 0.058655[0m
2025-12-20 06:46:01,313 | INFO     | Epoch 111/250 - Train Loss: 0.054158, Val Loss: 0.057487[0m
2025-12-20 06:46:01,366 | INFO     | New best model saved with Val Loss: 0.057487
2025-12-20 06:55:38,098 | INFO     | Epoch 112/250 - Train Loss: 0.053737, Val Loss: 0.059207[0m
2025-12-20 07:05:14,849 | INFO     | Epoch 113/250 - Train Loss: 0.052863, Val Loss: 0.058438[0m
2025-12-20 07:14:51,559 | INFO     | Epoch 114/250 - Train Loss: 0.052511, Val Loss: 0.059314[0m
2025-12-20 07:24:28,319 | INFO     | Epoch 115/250 - Train Loss: 0.053432, Val Loss: 0.058591[0m
2025-12-20 07:34:04,817 | INFO     | Epoch 116/250 - Train Loss: 0.053405, Val Loss: 0.058854[0m
2025-12-20 07:43:41,554 | INFO     | Epoch 117/250 - Train Loss: 0.053162, Val Loss: 0.058892[0m
2025-12-20 07:53:18,418 | INFO     | Epoch 118/250 - Train Loss: 0.051607, Val Loss: 0.058022[0m
2025-12-20 08:02:55,227 | INFO     | Epoch 119/250 - Train Loss: 0.052417, Val Loss: 0.058168[0m
2025-12-20 08:12:31,730 | INFO     | Epoch 120/250 - Train Loss: 0.053392, Val Loss: 0.057819[0m
2025-12-20 08:22:09,244 | INFO     | Epoch 121/250 - Train Loss: 0.054605, Val Loss: 0.061976[0m
2025-12-20 08:31:46,560 | INFO     | Epoch 122/250 - Train Loss: 0.056786, Val Loss: 0.057653[0m
2025-12-20 08:41:23,954 | INFO     | Epoch 123/250 - Train Loss: 0.052029, Val Loss: 0.057387[0m
2025-12-20 08:41:24,008 | INFO     | New best model saved with Val Loss: 0.057387
2025-12-20 08:51:01,401 | INFO     | Epoch 124/250 - Train Loss: 0.052868, Val Loss: 0.057966[0m
2025-12-20 09:00:38,789 | INFO     | Epoch 125/250 - Train Loss: 0.051892, Val Loss: 0.057703[0m
2025-12-20 09:10:15,951 | INFO     | Epoch 126/250 - Train Loss: 0.050866, Val Loss: 0.063536[0m
2025-12-20 09:19:53,369 | INFO     | Epoch 127/250 - Train Loss: 0.054063, Val Loss: 0.058179[0m
2025-12-20 09:25:29,355 | INFO     | Config:
exp_name: spressure_N10k_lr1e-3_e250
model:
  input_dim: 3
  output_dim: 1
  head_num: 8
  hidden_dim: 256
  res: true
  slice_num: 32
  layer_num: 5
  mlp_ratio: 1.5
  dropout: 0.1
training:
  batch_size: 1
  epochs: 250
  lr: 0.001
  scheduler_step: 50
  scheduler_gamma: 0.5
  max_grad_norm: 0.1
  num_workers: 1
  weight_decay: 0.0
  test_only: 0
  gpus: '0'
  seed: 42
dataload:
  directory: /mnt/wjc_group/mae-zhangbj/DrivAerNet_dataset/

2025-12-20 09:25:29,355 | INFO     | args.exp_name : spressure_N10k_lr1e-3_e250
2025-12-20 09:25:29,355 | INFO     | Starting training with 1 GPUs
2025-12-20 09:25:30,487 | INFO     | Total trainable parameters: 3381321
2025-12-20 09:25:30,488 | INFO     | Data loaded: 405 training batches, 81 validation batches, 106 test batches
2025-12-20 09:25:30,488 | INFO     | Staring training for 250 epochs
2025-12-20 09:29:31,329 | INFO     | Epoch 128/250 - Train Loss: 0.050926, Val Loss: 0.059123[0m
2025-12-20 09:39:09,702 | INFO     | Epoch 129/250 - Train Loss: 0.050622, Val Loss: 0.058132[0m
2025-12-20 09:48:47,920 | INFO     | Epoch 130/250 - Train Loss: 0.049843, Val Loss: 0.058562[0m
2025-12-20 09:58:25,970 | INFO     | Epoch 131/250 - Train Loss: 0.056472, Val Loss: 0.059679[0m
2025-12-20 10:08:04,241 | INFO     | Epoch 132/250 - Train Loss: 0.052707, Val Loss: 0.060050[0m
2025-12-20 10:17:42,455 | INFO     | Epoch 133/250 - Train Loss: 0.055125, Val Loss: 0.060485[0m
2025-12-20 10:27:20,001 | INFO     | Epoch 134/250 - Train Loss: 0.050164, Val Loss: 0.058570[0m
2025-12-20 10:36:57,597 | INFO     | Epoch 135/250 - Train Loss: 0.051237, Val Loss: 0.060324[0m
2025-12-20 10:46:35,281 | INFO     | Epoch 136/250 - Train Loss: 0.050822, Val Loss: 0.058191[0m
2025-12-20 10:56:12,688 | INFO     | Epoch 137/250 - Train Loss: 0.051377, Val Loss: 0.058272[0m
2025-12-20 11:05:50,073 | INFO     | Epoch 138/250 - Train Loss: 0.054427, Val Loss: 0.058632[0m
2025-12-20 11:15:27,440 | INFO     | Epoch 139/250 - Train Loss: 0.051960, Val Loss: 0.057654[0m
2025-12-20 11:25:04,817 | INFO     | Epoch 140/250 - Train Loss: 0.049604, Val Loss: 0.064685[0m
2025-12-20 11:34:42,167 | INFO     | Epoch 141/250 - Train Loss: 0.056294, Val Loss: 0.058146[0m
2025-12-20 11:44:19,097 | INFO     | Epoch 142/250 - Train Loss: 0.049813, Val Loss: 0.062965[0m
2025-12-20 11:53:56,103 | INFO     | Epoch 143/250 - Train Loss: 0.051881, Val Loss: 0.057614[0m
2025-12-20 12:03:33,185 | INFO     | Epoch 144/250 - Train Loss: 0.051077, Val Loss: 0.063967[0m
2025-12-20 12:13:10,321 | INFO     | Epoch 145/250 - Train Loss: 0.054928, Val Loss: 0.057984[0m
2025-12-20 12:22:47,398 | INFO     | Epoch 146/250 - Train Loss: 0.054507, Val Loss: 0.059668[0m
2025-12-20 12:32:24,304 | INFO     | Epoch 147/250 - Train Loss: 0.049165, Val Loss: 0.057430[0m
2025-12-20 12:42:01,440 | INFO     | Epoch 148/250 - Train Loss: 0.050044, Val Loss: 0.059319[0m
2025-12-20 12:51:38,502 | INFO     | Epoch 149/250 - Train Loss: 0.048613, Val Loss: 0.057731[0m
2025-12-20 13:01:15,588 | INFO     | Epoch 150/250 - Train Loss: 0.049935, Val Loss: 0.059914[0m
2025-12-20 13:10:52,907 | INFO     | Epoch 151/250 - Train Loss: 0.046623, Val Loss: 0.057690[0m
2025-12-20 13:20:29,768 | INFO     | Epoch 152/250 - Train Loss: 0.045760, Val Loss: 0.056343[0m
2025-12-20 13:20:29,824 | INFO     | New best model saved with Val Loss: 0.056343
2025-12-20 13:30:07,312 | INFO     | Epoch 153/250 - Train Loss: 0.045666, Val Loss: 0.056207[0m
2025-12-20 13:30:07,364 | INFO     | New best model saved with Val Loss: 0.056207
2025-12-20 13:39:44,846 | INFO     | Epoch 154/250 - Train Loss: 0.045574, Val Loss: 0.057014[0m
2025-12-20 13:49:22,263 | INFO     | Epoch 155/250 - Train Loss: 0.045688, Val Loss: 0.057579[0m
2025-12-20 13:58:59,718 | INFO     | Epoch 156/250 - Train Loss: 0.045416, Val Loss: 0.057572[0m
2025-12-20 14:08:36,929 | INFO     | Epoch 157/250 - Train Loss: 0.045805, Val Loss: 0.057166[0m
2025-12-20 14:18:14,413 | INFO     | Epoch 158/250 - Train Loss: 0.045297, Val Loss: 0.056500[0m
2025-12-20 14:27:51,870 | INFO     | Epoch 159/250 - Train Loss: 0.046338, Val Loss: 0.056587[0m
2025-12-20 14:37:29,309 | INFO     | Epoch 160/250 - Train Loss: 0.045501, Val Loss: 0.057135[0m
2025-12-20 14:47:06,816 | INFO     | Epoch 161/250 - Train Loss: 0.045305, Val Loss: 0.056918[0m
2025-12-20 14:56:44,245 | INFO     | Epoch 162/250 - Train Loss: 0.045961, Val Loss: 0.056772[0m
2025-12-20 15:06:21,464 | INFO     | Epoch 163/250 - Train Loss: 0.044309, Val Loss: 0.057780[0m
2025-12-20 15:15:58,629 | INFO     | Epoch 164/250 - Train Loss: 0.046291, Val Loss: 0.056867[0m
2025-12-20 15:25:35,810 | INFO     | Epoch 165/250 - Train Loss: 0.044489, Val Loss: 0.057252[0m
2025-12-20 15:35:12,964 | INFO     | Epoch 166/250 - Train Loss: 0.044808, Val Loss: 0.056495[0m
2025-12-20 15:44:49,916 | INFO     | Epoch 167/250 - Train Loss: 0.044300, Val Loss: 0.058044[0m
2025-12-20 15:54:26,821 | INFO     | Epoch 168/250 - Train Loss: 0.044255, Val Loss: 0.056537[0m
2025-12-20 16:04:03,800 | INFO     | Epoch 169/250 - Train Loss: 0.043793, Val Loss: 0.056635[0m
2025-12-20 16:13:40,790 | INFO     | Epoch 170/250 - Train Loss: 0.044131, Val Loss: 0.056483[0m
2025-12-20 16:23:17,940 | INFO     | Epoch 171/250 - Train Loss: 0.043424, Val Loss: 0.057786[0m
2025-12-20 16:32:54,943 | INFO     | Epoch 172/250 - Train Loss: 0.043777, Val Loss: 0.056711[0m
2025-12-20 16:42:31,834 | INFO     | Epoch 173/250 - Train Loss: 0.043439, Val Loss: 0.058429[0m
2025-12-20 16:52:08,706 | INFO     | Epoch 174/250 - Train Loss: 0.043256, Val Loss: 0.057430[0m
2025-12-20 17:01:45,592 | INFO     | Epoch 175/250 - Train Loss: 0.043114, Val Loss: 0.057832[0m
2025-12-20 17:11:22,317 | INFO     | Epoch 176/250 - Train Loss: 0.043837, Val Loss: 0.057467[0m
2025-12-20 17:20:58,879 | INFO     | Epoch 177/250 - Train Loss: 0.043012, Val Loss: 0.057335[0m
2025-12-20 17:30:35,683 | INFO     | Epoch 178/250 - Train Loss: 0.042676, Val Loss: 0.057068[0m
2025-12-20 17:40:12,550 | INFO     | Epoch 179/250 - Train Loss: 0.044616, Val Loss: 0.059137[0m
2025-12-20 17:49:49,494 | INFO     | Epoch 180/250 - Train Loss: 0.044236, Val Loss: 0.057362[0m
2025-12-20 17:59:26,540 | INFO     | Epoch 181/250 - Train Loss: 0.042656, Val Loss: 0.057610[0m
2025-12-20 18:09:03,448 | INFO     | Epoch 182/250 - Train Loss: 0.042245, Val Loss: 0.057260[0m
2025-12-20 18:18:40,398 | INFO     | Epoch 183/250 - Train Loss: 0.042310, Val Loss: 0.056930[0m
2025-12-20 18:28:16,987 | INFO     | Epoch 184/250 - Train Loss: 0.042199, Val Loss: 0.056901[0m
2025-12-20 18:37:55,074 | INFO     | Epoch 185/250 - Train Loss: 0.048089, Val Loss: 0.056656[0m
2025-12-20 18:47:33,203 | INFO     | Epoch 186/250 - Train Loss: 0.043564, Val Loss: 0.066023[0m
2025-12-20 18:57:11,190 | INFO     | Epoch 187/250 - Train Loss: 0.049398, Val Loss: 0.058235[0m
2025-12-20 19:06:48,404 | INFO     | Epoch 188/250 - Train Loss: 0.046232, Val Loss: 0.061774[0m
2025-12-20 19:16:25,846 | INFO     | Epoch 189/250 - Train Loss: 0.044556, Val Loss: 0.056990[0m
2025-12-20 19:26:03,231 | INFO     | Epoch 190/250 - Train Loss: 0.041895, Val Loss: 0.056153[0m
2025-12-20 19:26:03,278 | INFO     | New best model saved with Val Loss: 0.056153
2025-12-20 19:35:40,773 | INFO     | Epoch 191/250 - Train Loss: 0.041244, Val Loss: 0.058009[0m
2025-12-20 19:45:18,265 | INFO     | Epoch 192/250 - Train Loss: 0.041271, Val Loss: 0.057143[0m
2025-12-20 19:54:55,653 | INFO     | Epoch 193/250 - Train Loss: 0.042578, Val Loss: 0.056711[0m
2025-12-20 20:04:33,102 | INFO     | Epoch 194/250 - Train Loss: 0.041289, Val Loss: 0.057423[0m
2025-12-20 20:14:10,217 | INFO     | Epoch 195/250 - Train Loss: 0.041260, Val Loss: 0.056998[0m
2025-12-20 20:23:47,683 | INFO     | Epoch 196/250 - Train Loss: 0.041380, Val Loss: 0.057801[0m
2025-12-20 20:33:25,187 | INFO     | Epoch 197/250 - Train Loss: 0.041511, Val Loss: 0.057631[0m
2025-12-20 20:43:02,217 | INFO     | Epoch 198/250 - Train Loss: 0.041282, Val Loss: 0.057316[0m
2025-12-20 20:52:39,661 | INFO     | Epoch 199/250 - Train Loss: 0.047335, Val Loss: 0.060398[0m
2025-12-20 21:02:17,110 | INFO     | Epoch 200/250 - Train Loss: 0.050996, Val Loss: 0.094196[0m
2025-12-20 21:11:54,684 | INFO     | Epoch 201/250 - Train Loss: 0.048528, Val Loss: 0.060232[0m
2025-12-20 21:21:32,139 | INFO     | Epoch 202/250 - Train Loss: 0.042707, Val Loss: 0.056406[0m
2025-12-20 21:31:09,608 | INFO     | Epoch 203/250 - Train Loss: 0.040358, Val Loss: 0.056204[0m
2025-12-20 21:40:47,065 | INFO     | Epoch 204/250 - Train Loss: 0.039985, Val Loss: 0.056685[0m
2025-12-20 21:47:37,071 | INFO     | Epoch 205/250 - Train Loss: 0.039954, Val Loss: 0.057010[0m
2025-12-20 21:54:01,516 | INFO     | Epoch 206/250 - Train Loss: 0.039774, Val Loss: 0.056562[0m
2025-12-20 21:57:36,814 | INFO     | Epoch 207/250 - Train Loss: 0.039541, Val Loss: 0.056463[0m
2025-12-20 22:00:22,952 | INFO     | Epoch 208/250 - Train Loss: 0.039424, Val Loss: 0.056492[0m
2025-12-20 22:03:09,107 | INFO     | Epoch 209/250 - Train Loss: 0.039477, Val Loss: 0.056767[0m
2025-12-20 22:05:55,269 | INFO     | Epoch 210/250 - Train Loss: 0.039368, Val Loss: 0.056443[0m
2025-12-20 22:08:41,535 | INFO     | Epoch 211/250 - Train Loss: 0.039478, Val Loss: 0.057812[0m
2025-12-20 22:11:27,735 | INFO     | Epoch 212/250 - Train Loss: 0.039321, Val Loss: 0.056668[0m
2025-12-20 22:14:13,902 | INFO     | Epoch 213/250 - Train Loss: 0.039180, Val Loss: 0.056996[0m
2025-12-20 22:17:00,055 | INFO     | Epoch 214/250 - Train Loss: 0.039186, Val Loss: 0.056534[0m
2025-12-20 22:19:46,205 | INFO     | Epoch 215/250 - Train Loss: 0.038972, Val Loss: 0.056799[0m
2025-12-20 22:22:32,359 | INFO     | Epoch 216/250 - Train Loss: 0.039290, Val Loss: 0.056458[0m
2025-12-20 22:25:18,495 | INFO     | Epoch 217/250 - Train Loss: 0.038966, Val Loss: 0.056603[0m
2025-12-20 22:28:04,664 | INFO     | Epoch 218/250 - Train Loss: 0.039309, Val Loss: 0.056798[0m
2025-12-20 22:30:50,810 | INFO     | Epoch 219/250 - Train Loss: 0.039274, Val Loss: 0.056838[0m
2025-12-20 22:33:36,951 | INFO     | Epoch 220/250 - Train Loss: 0.038811, Val Loss: 0.057151[0m
2025-12-20 22:36:23,214 | INFO     | Epoch 221/250 - Train Loss: 0.038676, Val Loss: 0.056395[0m
2025-12-20 22:39:09,350 | INFO     | Epoch 222/250 - Train Loss: 0.038640, Val Loss: 0.056768[0m
2025-12-20 22:41:55,482 | INFO     | Epoch 223/250 - Train Loss: 0.038465, Val Loss: 0.056473[0m
2025-12-20 22:44:41,629 | INFO     | Epoch 224/250 - Train Loss: 0.038561, Val Loss: 0.056782[0m
2025-12-20 22:47:27,778 | INFO     | Epoch 225/250 - Train Loss: 0.039347, Val Loss: 0.056645[0m
2025-12-20 22:50:13,923 | INFO     | Epoch 226/250 - Train Loss: 0.038357, Val Loss: 0.056997[0m
2025-12-20 22:53:00,084 | INFO     | Epoch 227/250 - Train Loss: 0.038258, Val Loss: 0.056831[0m
2025-12-20 22:55:46,244 | INFO     | Epoch 228/250 - Train Loss: 0.038221, Val Loss: 0.056848[0m
2025-12-20 22:58:32,416 | INFO     | Epoch 229/250 - Train Loss: 0.038498, Val Loss: 0.057111[0m
2025-12-20 23:01:18,572 | INFO     | Epoch 230/250 - Train Loss: 0.037979, Val Loss: 0.056566[0m
2025-12-20 23:04:04,825 | INFO     | Epoch 231/250 - Train Loss: 0.037998, Val Loss: 0.057098[0m
2025-12-20 23:06:50,981 | INFO     | Epoch 232/250 - Train Loss: 0.038013, Val Loss: 0.056951[0m
2025-12-20 23:09:37,139 | INFO     | Epoch 233/250 - Train Loss: 0.037941, Val Loss: 0.058231[0m
2025-12-20 23:12:23,277 | INFO     | Epoch 234/250 - Train Loss: 0.038546, Val Loss: 0.056851[0m
2025-12-20 23:15:09,435 | INFO     | Epoch 235/250 - Train Loss: 0.038160, Val Loss: 0.056883[0m
2025-12-20 23:17:55,590 | INFO     | Epoch 236/250 - Train Loss: 0.037826, Val Loss: 0.056755[0m
2025-12-20 23:20:41,762 | INFO     | Epoch 237/250 - Train Loss: 0.037753, Val Loss: 0.056852[0m
2025-12-20 23:23:27,944 | INFO     | Epoch 238/250 - Train Loss: 0.037864, Val Loss: 0.057620[0m
2025-12-20 23:26:14,101 | INFO     | Epoch 239/250 - Train Loss: 0.038100, Val Loss: 0.056352[0m
2025-12-20 23:29:00,255 | INFO     | Epoch 240/250 - Train Loss: 0.037537, Val Loss: 0.057007[0m
2025-12-20 23:31:46,522 | INFO     | Epoch 241/250 - Train Loss: 0.037368, Val Loss: 0.056851[0m
2025-12-20 23:34:32,687 | INFO     | Epoch 242/250 - Train Loss: 0.037390, Val Loss: 0.057065[0m
2025-12-20 23:37:18,845 | INFO     | Epoch 243/250 - Train Loss: 0.037291, Val Loss: 0.057133[0m
2025-12-20 23:40:05,005 | INFO     | Epoch 244/250 - Train Loss: 0.037232, Val Loss: 0.057047[0m
2025-12-20 23:42:51,164 | INFO     | Epoch 245/250 - Train Loss: 0.037212, Val Loss: 0.056900[0m
2025-12-20 23:45:37,322 | INFO     | Epoch 246/250 - Train Loss: 0.037232, Val Loss: 0.056726[0m
2025-12-20 23:48:23,484 | INFO     | Epoch 247/250 - Train Loss: 0.037206, Val Loss: 0.057474[0m
2025-12-20 23:51:09,650 | INFO     | Epoch 248/250 - Train Loss: 0.036959, Val Loss: 0.056950[0m
2025-12-20 23:53:55,806 | INFO     | Epoch 249/250 - Train Loss: 0.037025, Val Loss: 0.056951[0m
2025-12-20 23:56:41,967 | INFO     | Epoch 250/250 - Train Loss: 0.037020, Val Loss: 0.056699[0m
2025-12-20 23:56:42,084 | INFO     | Final model saved to experiments_DrivAerNet/spressure_N10k_lr1e-3_e250/final_model.pth
2025-12-20 23:56:42,084 | INFO     | Testing the final model
2025-12-20 23:56:51,888 | INFO     | *******************[35mL2_erro:[0m
2025-12-20 23:56:51,888 | INFO     |  0.169417
2025-12-20 23:56:51,888 | INFO     | *******************[35mmse_loss:[0m
2025-12-20 23:56:51,888 | INFO     |  0.049024
2025-12-20 23:56:51,888 | INFO     | *******************[35minference_time:[0m
2025-12-20 23:56:51,888 | INFO     |  0.000000
2025-12-20 23:56:51,888 | INFO     | Testing the best model
2025-12-20 23:57:01,699 | INFO     | *******************[35mL2_erro:[0m
2025-12-20 23:57:01,699 | INFO     |  0.169860
2025-12-20 23:57:01,699 | INFO     | *******************[35mmse_loss:[0m
2025-12-20 23:57:01,699 | INFO     |  0.049309
2025-12-20 23:57:01,699 | INFO     | *******************[35minference_time:[0m
2025-12-20 23:57:01,699 | INFO     |  0.000000
2025-12-22 19:21:45,092 | INFO     | Config:
exp_name: spressure_N10k_lr1e-3_e250
model:
  input_dim: 3
  output_dim: 1
  head_num: 8
  hidden_dim: 256
  res: true
  slice_num: 32
  layer_num: 5
  mlp_ratio: 1.5
  dropout: 0.1
training:
  batch_size: 1
  epochs: 250
  lr: 0.001
  scheduler_step: 50
  scheduler_gamma: 0.5
  max_grad_norm: 0.1
  num_workers: 1
  weight_decay: 0.0
  test_only: 0
  gpus: '0'
  seed: 42
dataload:
  directory: /mnt/wjc_group/mae-zhangbj/DrivAerNet_dataset/

2025-12-22 19:21:45,092 | INFO     | args.exp_name : spressure_N10k_lr1e-3_e250
2025-12-22 19:21:45,092 | INFO     | Starting training with 1 GPUs
2025-12-22 19:22:24,355 | INFO     | Config:
exp_name: spressure_N10k_lr1e-3_e250
model:
  input_dim: 3
  output_dim: 1
  head_num: 8
  hidden_dim: 256
  res: true
  slice_num: 32
  layer_num: 5
  mlp_ratio: 1.5
  dropout: 0.1
training:
  batch_size: 1
  epochs: 250
  lr: 0.001
  scheduler_step: 50
  scheduler_gamma: 0.5
  max_grad_norm: 0.1
  num_workers: 1
  weight_decay: 0.0
  test_only: 0
  gpus: '0'
  seed: 42
dataload:
  directory: /mnt/wjc_group/mae-zhangbj/DrivAerNet_dataset/

2025-12-22 19:22:24,355 | INFO     | args.exp_name : spressure_N10k_lr1e-3_e250
2025-12-22 19:22:24,355 | INFO     | Starting training with 1 GPUs
2025-12-22 19:22:27,676 | INFO     | Total trainable parameters: 3381321
2025-12-22 19:22:27,676 | INFO     | Data loaded: 2463 training batches, 531 validation batches, 535 test batches
2025-12-22 19:22:27,677 | INFO     | Staring training for 250 epochs
2025-12-22 19:39:24,290 | INFO     | Epoch 1/250 - Train Loss: 0.374993, Val Loss: 0.263055[0m
2025-12-22 19:39:24,340 | INFO     | New best model saved with Val Loss: 0.263055
2025-12-22 19:56:23,399 | INFO     | Epoch 2/250 - Train Loss: 0.212204, Val Loss: 0.174550[0m
2025-12-22 19:56:23,454 | INFO     | New best model saved with Val Loss: 0.174550
2025-12-22 20:13:24,462 | INFO     | Epoch 3/250 - Train Loss: 0.148996, Val Loss: 0.122937[0m
2025-12-22 20:13:24,517 | INFO     | New best model saved with Val Loss: 0.122937
2025-12-22 20:30:25,864 | INFO     | Epoch 4/250 - Train Loss: 0.120308, Val Loss: 0.106562[0m
2025-12-22 20:30:25,915 | INFO     | New best model saved with Val Loss: 0.106562
2025-12-22 20:47:27,177 | INFO     | Epoch 5/250 - Train Loss: 0.104290, Val Loss: 0.088834[0m
2025-12-22 20:47:27,236 | INFO     | New best model saved with Val Loss: 0.088834
2025-12-22 21:04:28,730 | INFO     | Epoch 6/250 - Train Loss: 0.094899, Val Loss: 0.081122[0m
2025-12-22 21:04:28,781 | INFO     | New best model saved with Val Loss: 0.081122
2025-12-22 21:21:30,260 | INFO     | Epoch 7/250 - Train Loss: 0.087853, Val Loss: 0.077213[0m
2025-12-22 21:21:30,315 | INFO     | New best model saved with Val Loss: 0.077213
2025-12-22 21:38:31,700 | INFO     | Epoch 8/250 - Train Loss: 0.082680, Val Loss: 0.071344[0m
2025-12-22 21:38:31,748 | INFO     | New best model saved with Val Loss: 0.071344
2025-12-22 21:55:32,977 | INFO     | Epoch 9/250 - Train Loss: 0.078098, Val Loss: 0.070003[0m
2025-12-22 21:55:33,035 | INFO     | New best model saved with Val Loss: 0.070003
2025-12-22 22:12:34,336 | INFO     | Epoch 10/250 - Train Loss: 0.074678, Val Loss: 0.070142[0m
2025-12-22 22:29:35,822 | INFO     | Epoch 11/250 - Train Loss: 0.072056, Val Loss: 0.070164[0m
2025-12-22 22:46:37,115 | INFO     | Epoch 12/250 - Train Loss: 0.069538, Val Loss: 0.066567[0m
2025-12-22 22:46:37,171 | INFO     | New best model saved with Val Loss: 0.066567
2025-12-22 23:03:38,487 | INFO     | Epoch 13/250 - Train Loss: 0.067843, Val Loss: 0.073794[0m
2025-12-22 23:20:39,769 | INFO     | Epoch 14/250 - Train Loss: 0.065804, Val Loss: 0.059279[0m
2025-12-22 23:20:39,823 | INFO     | New best model saved with Val Loss: 0.059279
2025-12-22 23:37:41,159 | INFO     | Epoch 15/250 - Train Loss: 0.064074, Val Loss: 0.057631[0m
2025-12-22 23:37:41,210 | INFO     | New best model saved with Val Loss: 0.057631
2025-12-22 23:54:42,313 | INFO     | Epoch 16/250 - Train Loss: 0.062898, Val Loss: 0.059680[0m
2025-12-23 00:11:43,405 | INFO     | Epoch 17/250 - Train Loss: 0.061343, Val Loss: 0.055333[0m
2025-12-23 00:11:43,456 | INFO     | New best model saved with Val Loss: 0.055333
2025-12-23 00:28:44,521 | INFO     | Epoch 18/250 - Train Loss: 0.060126, Val Loss: 0.054309[0m
2025-12-23 00:28:44,572 | INFO     | New best model saved with Val Loss: 0.054309
2025-12-23 00:45:45,590 | INFO     | Epoch 19/250 - Train Loss: 0.059500, Val Loss: 0.052773[0m
2025-12-23 00:45:45,643 | INFO     | New best model saved with Val Loss: 0.052773
2025-12-23 01:02:46,710 | INFO     | Epoch 20/250 - Train Loss: 0.058500, Val Loss: 0.056989[0m
2025-12-23 01:19:47,981 | INFO     | Epoch 21/250 - Train Loss: 0.057560, Val Loss: 0.052955[0m
2025-12-23 01:36:48,648 | INFO     | Epoch 22/250 - Train Loss: 0.057136, Val Loss: 0.051818[0m
2025-12-23 01:36:48,700 | INFO     | New best model saved with Val Loss: 0.051818
2025-12-23 01:53:49,239 | INFO     | Epoch 23/250 - Train Loss: 0.056806, Val Loss: 0.056792[0m
2025-12-23 02:10:49,855 | INFO     | Epoch 24/250 - Train Loss: 0.055871, Val Loss: 0.053601[0m
2025-12-23 02:27:50,586 | INFO     | Epoch 25/250 - Train Loss: 0.055539, Val Loss: 0.053352[0m
2025-12-23 02:44:51,409 | INFO     | Epoch 26/250 - Train Loss: 0.054850, Val Loss: 0.050061[0m
2025-12-23 02:44:51,462 | INFO     | New best model saved with Val Loss: 0.050061
2025-12-23 03:01:52,321 | INFO     | Epoch 27/250 - Train Loss: 0.054712, Val Loss: 0.050231[0m
2025-12-23 03:18:53,176 | INFO     | Epoch 28/250 - Train Loss: 0.053990, Val Loss: 0.052443[0m
2025-12-23 03:35:54,149 | INFO     | Epoch 29/250 - Train Loss: 0.053834, Val Loss: 0.049545[0m
2025-12-23 03:35:54,203 | INFO     | New best model saved with Val Loss: 0.049545
2025-12-23 03:52:54,954 | INFO     | Epoch 30/250 - Train Loss: 0.053598, Val Loss: 0.051339[0m
2025-12-23 04:09:55,467 | INFO     | Epoch 31/250 - Train Loss: 0.053349, Val Loss: 0.048114[0m
2025-12-23 04:09:55,519 | INFO     | New best model saved with Val Loss: 0.048114
2025-12-23 04:26:55,058 | INFO     | Epoch 32/250 - Train Loss: 0.052751, Val Loss: 0.052333[0m
2025-12-23 04:43:53,180 | INFO     | Epoch 33/250 - Train Loss: 0.052626, Val Loss: 0.047973[0m
2025-12-23 04:43:53,235 | INFO     | New best model saved with Val Loss: 0.047973
2025-12-23 05:00:51,342 | INFO     | Epoch 34/250 - Train Loss: 0.052312, Val Loss: 0.056408[0m
2025-12-23 05:17:49,235 | INFO     | Epoch 35/250 - Train Loss: 0.052132, Val Loss: 0.046895[0m
2025-12-23 05:17:49,286 | INFO     | New best model saved with Val Loss: 0.046895
2025-12-23 05:34:47,234 | INFO     | Epoch 36/250 - Train Loss: 0.051715, Val Loss: 0.050994[0m
2025-12-23 05:51:45,106 | INFO     | Epoch 37/250 - Train Loss: 0.051568, Val Loss: 0.047269[0m
2025-12-23 06:08:42,965 | INFO     | Epoch 38/250 - Train Loss: 0.051124, Val Loss: 0.046693[0m
2025-12-23 06:08:43,016 | INFO     | New best model saved with Val Loss: 0.046693
2025-12-23 06:25:40,968 | INFO     | Epoch 39/250 - Train Loss: 0.051380, Val Loss: 0.046878[0m
2025-12-23 06:42:39,115 | INFO     | Epoch 40/250 - Train Loss: 0.050560, Val Loss: 0.046586[0m
2025-12-23 06:42:39,169 | INFO     | New best model saved with Val Loss: 0.046586
2025-12-23 06:59:37,344 | INFO     | Epoch 41/250 - Train Loss: 0.050505, Val Loss: 0.049723[0m
2025-12-23 07:16:35,419 | INFO     | Epoch 42/250 - Train Loss: 0.050744, Val Loss: 0.045980[0m
2025-12-23 07:16:35,470 | INFO     | New best model saved with Val Loss: 0.045980
2025-12-23 07:33:33,518 | INFO     | Epoch 43/250 - Train Loss: 0.050776, Val Loss: 0.048418[0m
2025-12-23 07:50:31,513 | INFO     | Epoch 44/250 - Train Loss: 0.050173, Val Loss: 0.046050[0m
2025-12-23 08:07:29,475 | INFO     | Epoch 45/250 - Train Loss: 0.049983, Val Loss: 0.050829[0m
2025-12-23 08:24:27,237 | INFO     | Epoch 46/250 - Train Loss: 0.049638, Val Loss: 0.046035[0m
2025-12-23 08:41:25,148 | INFO     | Epoch 47/250 - Train Loss: 0.050319, Val Loss: 0.044869[0m
2025-12-23 08:41:25,203 | INFO     | New best model saved with Val Loss: 0.044869
2025-12-23 08:58:23,616 | INFO     | Epoch 48/250 - Train Loss: 0.049348, Val Loss: 0.045363[0m
2025-12-23 09:15:22,707 | INFO     | Epoch 49/250 - Train Loss: 0.049943, Val Loss: 0.046177[0m
2025-12-23 09:32:21,666 | INFO     | Epoch 50/250 - Train Loss: 0.049076, Val Loss: 0.046323[0m
2025-12-23 09:49:20,700 | INFO     | Epoch 51/250 - Train Loss: 0.045986, Val Loss: 0.042991[0m
2025-12-23 09:49:20,751 | INFO     | New best model saved with Val Loss: 0.042991
2025-12-23 10:06:19,784 | INFO     | Epoch 52/250 - Train Loss: 0.045727, Val Loss: 0.042278[0m
2025-12-23 10:06:19,840 | INFO     | New best model saved with Val Loss: 0.042278
2025-12-23 10:23:18,805 | INFO     | Epoch 53/250 - Train Loss: 0.046179, Val Loss: 0.042090[0m
2025-12-23 10:23:18,858 | INFO     | New best model saved with Val Loss: 0.042090
2025-12-23 10:40:17,895 | INFO     | Epoch 54/250 - Train Loss: 0.045411, Val Loss: 0.042335[0m
2025-12-23 10:57:17,033 | INFO     | Epoch 55/250 - Train Loss: 0.045564, Val Loss: 0.042085[0m
2025-12-23 10:57:17,089 | INFO     | New best model saved with Val Loss: 0.042085
2025-12-23 11:14:16,246 | INFO     | Epoch 56/250 - Train Loss: 0.045144, Val Loss: 0.043675[0m
2025-12-23 11:31:15,386 | INFO     | Epoch 57/250 - Train Loss: 0.045431, Val Loss: 0.042159[0m
2025-12-23 11:48:14,526 | INFO     | Epoch 58/250 - Train Loss: 0.045154, Val Loss: 0.045988[0m
2025-12-23 12:05:13,137 | INFO     | Epoch 59/250 - Train Loss: 0.045389, Val Loss: 0.044214[0m
2025-12-23 12:22:11,583 | INFO     | Epoch 60/250 - Train Loss: 0.044940, Val Loss: 0.044125[0m
2025-12-23 12:39:10,143 | INFO     | Epoch 61/250 - Train Loss: 0.045154, Val Loss: 0.042090[0m
2025-12-23 12:56:08,795 | INFO     | Epoch 62/250 - Train Loss: 0.044809, Val Loss: 0.042935[0m
2025-12-23 13:13:07,329 | INFO     | Epoch 63/250 - Train Loss: 0.044973, Val Loss: 0.041565[0m
2025-12-23 13:13:07,385 | INFO     | New best model saved with Val Loss: 0.041565
2025-12-23 13:30:05,838 | INFO     | Epoch 64/250 - Train Loss: 0.045368, Val Loss: 0.042163[0m
2025-12-23 13:47:04,306 | INFO     | Epoch 65/250 - Train Loss: 0.044653, Val Loss: 0.042923[0m
2025-12-23 14:04:02,765 | INFO     | Epoch 66/250 - Train Loss: 0.044774, Val Loss: 0.041701[0m
2025-12-23 14:21:01,217 | INFO     | Epoch 67/250 - Train Loss: 0.044799, Val Loss: 0.042389[0m
2025-12-23 14:37:59,715 | INFO     | Epoch 68/250 - Train Loss: 0.044398, Val Loss: 0.041591[0m
2025-12-23 14:54:58,192 | INFO     | Epoch 69/250 - Train Loss: 0.044739, Val Loss: 0.042537[0m
2025-12-23 15:11:56,446 | INFO     | Epoch 70/250 - Train Loss: 0.044620, Val Loss: 0.041615[0m
2025-12-23 15:28:54,716 | INFO     | Epoch 71/250 - Train Loss: 0.044650, Val Loss: 0.041397[0m
2025-12-23 15:28:54,764 | INFO     | New best model saved with Val Loss: 0.041397
2025-12-23 15:45:52,905 | INFO     | Epoch 72/250 - Train Loss: 0.044629, Val Loss: 0.041564[0m
2025-12-23 16:02:51,005 | INFO     | Epoch 73/250 - Train Loss: 0.044655, Val Loss: 0.041550[0m
2025-12-23 16:19:49,156 | INFO     | Epoch 74/250 - Train Loss: 0.044465, Val Loss: 0.042014[0m
2025-12-23 16:36:47,099 | INFO     | Epoch 75/250 - Train Loss: 0.044354, Val Loss: 0.041602[0m
2025-12-23 16:53:45,394 | INFO     | Epoch 76/250 - Train Loss: 0.044146, Val Loss: 0.040765[0m
2025-12-23 16:53:45,448 | INFO     | New best model saved with Val Loss: 0.040765
2025-12-23 17:10:43,696 | INFO     | Epoch 77/250 - Train Loss: 0.044505, Val Loss: 0.041244[0m
2025-12-23 17:27:41,766 | INFO     | Epoch 78/250 - Train Loss: 0.044483, Val Loss: 0.043103[0m
2025-12-23 17:44:39,768 | INFO     | Epoch 79/250 - Train Loss: 0.044095, Val Loss: 0.041859[0m
2025-12-23 18:01:38,002 | INFO     | Epoch 80/250 - Train Loss: 0.044236, Val Loss: 0.041469[0m
2025-12-23 18:18:36,275 | INFO     | Epoch 81/250 - Train Loss: 0.044105, Val Loss: 0.041407[0m
2025-12-23 18:35:34,506 | INFO     | Epoch 82/250 - Train Loss: 0.044349, Val Loss: 0.041941[0m
2025-12-23 18:52:32,755 | INFO     | Epoch 83/250 - Train Loss: 0.043859, Val Loss: 0.041689[0m
2025-12-23 19:09:30,946 | INFO     | Epoch 84/250 - Train Loss: 0.044340, Val Loss: 0.042615[0m
2025-12-23 19:26:29,114 | INFO     | Epoch 85/250 - Train Loss: 0.043814, Val Loss: 0.041550[0m
2025-12-23 19:43:27,189 | INFO     | Epoch 86/250 - Train Loss: 0.043961, Val Loss: 0.042044[0m
2025-12-23 20:00:25,233 | INFO     | Epoch 87/250 - Train Loss: 0.044014, Val Loss: 0.041224[0m
2025-12-23 20:17:23,401 | INFO     | Epoch 88/250 - Train Loss: 0.043795, Val Loss: 0.041528[0m
2025-12-23 20:34:21,404 | INFO     | Epoch 89/250 - Train Loss: 0.044086, Val Loss: 0.041624[0m
2025-12-23 20:51:19,430 | INFO     | Epoch 90/250 - Train Loss: 0.044509, Val Loss: 0.041260[0m
2025-12-23 21:08:17,645 | INFO     | Epoch 91/250 - Train Loss: 0.043560, Val Loss: 0.041077[0m
2025-12-23 21:25:15,799 | INFO     | Epoch 92/250 - Train Loss: 0.044128, Val Loss: 0.041555[0m
2025-12-23 21:42:13,968 | INFO     | Epoch 93/250 - Train Loss: 0.043586, Val Loss: 0.041866[0m
2025-12-23 21:59:12,438 | INFO     | Epoch 94/250 - Train Loss: 0.043759, Val Loss: 0.042383[0m
2025-12-23 22:16:10,995 | INFO     | Epoch 95/250 - Train Loss: 0.043843, Val Loss: 0.041284[0m
2025-12-23 22:33:10,152 | INFO     | Epoch 96/250 - Train Loss: 0.043974, Val Loss: 0.041066[0m
2025-12-23 22:50:08,758 | INFO     | Epoch 97/250 - Train Loss: 0.043573, Val Loss: 0.046921[0m
2025-12-23 23:07:07,406 | INFO     | Epoch 98/250 - Train Loss: 0.043585, Val Loss: 0.040851[0m
2025-12-23 23:24:06,009 | INFO     | Epoch 99/250 - Train Loss: 0.043907, Val Loss: 0.042306[0m
2025-12-23 23:41:04,679 | INFO     | Epoch 100/250 - Train Loss: 0.044133, Val Loss: 0.042689[0m
2025-12-23 23:58:03,516 | INFO     | Epoch 101/250 - Train Loss: 0.041569, Val Loss: 0.040007[0m
2025-12-23 23:58:03,571 | INFO     | New best model saved with Val Loss: 0.040007
2025-12-24 00:15:02,293 | INFO     | Epoch 102/250 - Train Loss: 0.041081, Val Loss: 0.040200[0m
2025-12-24 00:32:00,910 | INFO     | Epoch 103/250 - Train Loss: 0.040994, Val Loss: 0.040660[0m
2025-12-24 00:48:59,413 | INFO     | Epoch 104/250 - Train Loss: 0.040749, Val Loss: 0.040286[0m
2025-12-24 01:05:57,965 | INFO     | Epoch 105/250 - Train Loss: 0.040918, Val Loss: 0.039488[0m
2025-12-24 01:05:58,011 | INFO     | New best model saved with Val Loss: 0.039488
2025-12-24 01:22:56,623 | INFO     | Epoch 106/250 - Train Loss: 0.040422, Val Loss: 0.048410[0m
2025-12-24 01:39:55,301 | INFO     | Epoch 107/250 - Train Loss: 0.041116, Val Loss: 0.039740[0m
2025-12-24 01:56:53,822 | INFO     | Epoch 108/250 - Train Loss: 0.040856, Val Loss: 0.040841[0m
2025-12-24 02:13:52,351 | INFO     | Epoch 109/250 - Train Loss: 0.041047, Val Loss: 0.039935[0m
2025-12-24 02:30:50,743 | INFO     | Epoch 110/250 - Train Loss: 0.040438, Val Loss: 0.039501[0m
2025-12-24 02:47:49,665 | INFO     | Epoch 111/250 - Train Loss: 0.041147, Val Loss: 0.040298[0m
2025-12-24 03:04:48,548 | INFO     | Epoch 112/250 - Train Loss: 0.040525, Val Loss: 0.039510[0m
2025-12-24 03:21:47,013 | INFO     | Epoch 113/250 - Train Loss: 0.040475, Val Loss: 0.041376[0m
2025-12-24 03:38:45,495 | INFO     | Epoch 114/250 - Train Loss: 0.040435, Val Loss: 0.040222[0m
2025-12-24 03:55:43,987 | INFO     | Epoch 115/250 - Train Loss: 0.040044, Val Loss: 0.039244[0m
2025-12-24 03:55:44,038 | INFO     | New best model saved with Val Loss: 0.039244
2025-12-24 04:12:42,499 | INFO     | Epoch 116/250 - Train Loss: 0.040160, Val Loss: 0.039972[0m
2025-12-24 04:29:40,961 | INFO     | Epoch 117/250 - Train Loss: 0.041019, Val Loss: 0.040466[0m
2025-12-24 04:46:39,359 | INFO     | Epoch 118/250 - Train Loss: 0.039969, Val Loss: 0.039600[0m
2025-12-24 05:03:37,744 | INFO     | Epoch 119/250 - Train Loss: 0.039982, Val Loss: 0.041726[0m
2025-12-24 05:20:36,251 | INFO     | Epoch 120/250 - Train Loss: 0.040869, Val Loss: 0.040824[0m
2025-12-24 05:37:34,863 | INFO     | Epoch 121/250 - Train Loss: 0.040560, Val Loss: 0.039893[0m
2025-12-24 05:54:33,457 | INFO     | Epoch 122/250 - Train Loss: 0.040119, Val Loss: 0.040145[0m
2025-12-24 06:11:31,951 | INFO     | Epoch 123/250 - Train Loss: 0.040095, Val Loss: 0.039768[0m
2025-12-24 06:28:30,532 | INFO     | Epoch 124/250 - Train Loss: 0.039374, Val Loss: 0.042137[0m
2025-12-24 06:45:28,928 | INFO     | Epoch 125/250 - Train Loss: 0.038916, Val Loss: 0.039358[0m
2025-12-24 07:02:27,240 | INFO     | Epoch 126/250 - Train Loss: 0.040256, Val Loss: 0.040676[0m
2025-12-24 07:19:25,600 | INFO     | Epoch 127/250 - Train Loss: 0.041445, Val Loss: 0.041013[0m
2025-12-24 07:36:23,748 | INFO     | Epoch 128/250 - Train Loss: 0.038494, Val Loss: 0.039166[0m
2025-12-24 07:36:23,808 | INFO     | New best model saved with Val Loss: 0.039166
2025-12-24 07:53:22,396 | INFO     | Epoch 129/250 - Train Loss: 0.040954, Val Loss: 0.039574[0m
2025-12-24 08:10:20,853 | INFO     | Epoch 130/250 - Train Loss: 0.040456, Val Loss: 0.040451[0m
2025-12-24 08:27:19,333 | INFO     | Epoch 131/250 - Train Loss: 0.038657, Val Loss: 0.040103[0m
2025-12-24 08:44:19,117 | INFO     | Epoch 132/250 - Train Loss: 0.040195, Val Loss: 0.041696[0m
2025-12-24 09:01:21,601 | INFO     | Epoch 133/250 - Train Loss: 0.039693, Val Loss: 0.040845[0m
2025-12-24 09:18:23,147 | INFO     | Epoch 134/250 - Train Loss: 0.039581, Val Loss: 0.040713[0m
2025-12-24 09:35:24,764 | INFO     | Epoch 135/250 - Train Loss: 0.038567, Val Loss: 0.039769[0m
2025-12-24 09:52:26,457 | INFO     | Epoch 136/250 - Train Loss: 0.040446, Val Loss: 0.041647[0m
2025-12-24 10:09:28,106 | INFO     | Epoch 137/250 - Train Loss: 0.041214, Val Loss: 0.040664[0m
2025-12-24 10:26:29,834 | INFO     | Epoch 138/250 - Train Loss: 0.039785, Val Loss: 0.051095[0m
2025-12-24 10:43:31,505 | INFO     | Epoch 139/250 - Train Loss: 0.041855, Val Loss: 0.047040[0m
2025-12-24 11:00:33,178 | INFO     | Epoch 140/250 - Train Loss: 0.042666, Val Loss: 0.042667[0m
2025-12-24 11:17:35,044 | INFO     | Epoch 141/250 - Train Loss: 0.037903, Val Loss: 0.039156[0m
2025-12-24 11:17:35,094 | INFO     | New best model saved with Val Loss: 0.039156
2025-12-24 11:34:36,641 | INFO     | Epoch 142/250 - Train Loss: 0.040715, Val Loss: 0.044128[0m
2025-12-24 11:51:38,512 | INFO     | Epoch 143/250 - Train Loss: 0.042397, Val Loss: 0.040179[0m
2025-12-24 12:08:40,514 | INFO     | Epoch 144/250 - Train Loss: 0.039907, Val Loss: 0.043338[0m
2025-12-24 12:25:42,354 | INFO     | Epoch 145/250 - Train Loss: 0.038606, Val Loss: 0.049055[0m
2025-12-24 12:42:44,048 | INFO     | Epoch 146/250 - Train Loss: 0.042340, Val Loss: 0.039837[0m
2025-12-24 12:59:45,632 | INFO     | Epoch 147/250 - Train Loss: 0.038983, Val Loss: 0.042778[0m
2025-12-24 13:16:47,223 | INFO     | Epoch 148/250 - Train Loss: 0.040894, Val Loss: 0.042661[0m
2025-12-24 13:33:49,128 | INFO     | Epoch 149/250 - Train Loss: 0.040036, Val Loss: 0.047999[0m
2025-12-24 13:50:50,983 | INFO     | Epoch 150/250 - Train Loss: 0.041265, Val Loss: 0.043138[0m
2025-12-24 14:07:52,886 | INFO     | Epoch 151/250 - Train Loss: 0.036373, Val Loss: 0.039366[0m
2025-12-24 14:24:54,724 | INFO     | Epoch 152/250 - Train Loss: 0.035805, Val Loss: 0.038838[0m
2025-12-24 14:24:54,774 | INFO     | New best model saved with Val Loss: 0.038838
2025-12-24 14:41:56,516 | INFO     | Epoch 153/250 - Train Loss: 0.036227, Val Loss: 0.038858[0m
2025-12-24 14:58:58,434 | INFO     | Epoch 154/250 - Train Loss: 0.035118, Val Loss: 0.039159[0m
2025-12-24 15:16:00,439 | INFO     | Epoch 155/250 - Train Loss: 0.035506, Val Loss: 0.039046[0m
2025-12-24 15:33:02,555 | INFO     | Epoch 156/250 - Train Loss: 0.035280, Val Loss: 0.038673[0m
2025-12-24 15:33:02,606 | INFO     | New best model saved with Val Loss: 0.038673
2025-12-24 15:50:04,450 | INFO     | Epoch 157/250 - Train Loss: 0.036163, Val Loss: 0.040326[0m
2025-12-24 16:07:06,252 | INFO     | Epoch 158/250 - Train Loss: 0.035443, Val Loss: 0.039225[0m
2025-12-24 16:24:08,099 | INFO     | Epoch 159/250 - Train Loss: 0.034721, Val Loss: 0.038584[0m
2025-12-24 16:24:08,149 | INFO     | New best model saved with Val Loss: 0.038584
2025-12-24 16:41:09,939 | INFO     | Epoch 160/250 - Train Loss: 0.035144, Val Loss: 0.038221[0m
2025-12-24 16:41:09,991 | INFO     | New best model saved with Val Loss: 0.038221
2025-12-24 16:58:11,938 | INFO     | Epoch 161/250 - Train Loss: 0.034636, Val Loss: 0.038418[0m
2025-12-24 17:15:13,450 | INFO     | Epoch 162/250 - Train Loss: 0.034959, Val Loss: 0.040973[0m
2025-12-24 17:32:15,393 | INFO     | Epoch 163/250 - Train Loss: 0.035248, Val Loss: 0.040068[0m
2025-12-24 17:49:17,374 | INFO     | Epoch 164/250 - Train Loss: 0.035081, Val Loss: 0.038892[0m
2025-12-24 18:06:19,311 | INFO     | Epoch 165/250 - Train Loss: 0.035056, Val Loss: 0.038620[0m
2025-12-24 18:23:21,510 | INFO     | Epoch 166/250 - Train Loss: 0.035017, Val Loss: 0.038282[0m
2025-12-24 18:40:23,232 | INFO     | Epoch 167/250 - Train Loss: 0.034874, Val Loss: 0.042449[0m
2025-12-24 18:57:25,119 | INFO     | Epoch 168/250 - Train Loss: 0.035889, Val Loss: 0.038460[0m
2025-12-24 19:14:26,271 | INFO     | Epoch 169/250 - Train Loss: 0.034057, Val Loss: 0.038695[0m
2025-12-24 19:31:24,674 | INFO     | Epoch 170/250 - Train Loss: 0.034424, Val Loss: 0.039190[0m
2025-12-24 19:48:23,279 | INFO     | Epoch 171/250 - Train Loss: 0.035391, Val Loss: 0.038273[0m
2025-12-24 20:05:21,634 | INFO     | Epoch 172/250 - Train Loss: 0.034003, Val Loss: 0.038124[0m
2025-12-24 20:05:21,681 | INFO     | New best model saved with Val Loss: 0.038124
2025-12-24 20:22:20,247 | INFO     | Epoch 173/250 - Train Loss: 0.034620, Val Loss: 0.039180[0m
2025-12-24 20:39:18,754 | INFO     | Epoch 174/250 - Train Loss: 0.034750, Val Loss: 0.039422[0m
2025-12-24 20:56:17,151 | INFO     | Epoch 175/250 - Train Loss: 0.033998, Val Loss: 0.039075[0m
2025-12-24 21:13:15,429 | INFO     | Epoch 176/250 - Train Loss: 0.034248, Val Loss: 0.038472[0m
2025-12-24 21:30:13,757 | INFO     | Epoch 177/250 - Train Loss: 0.034615, Val Loss: 0.041164[0m
2025-12-24 21:47:12,329 | INFO     | Epoch 178/250 - Train Loss: 0.034317, Val Loss: 0.039083[0m
2025-12-24 22:04:10,881 | INFO     | Epoch 179/250 - Train Loss: 0.033710, Val Loss: 0.038741[0m
2025-12-24 22:21:09,456 | INFO     | Epoch 180/250 - Train Loss: 0.033595, Val Loss: 0.039278[0m
2025-12-24 22:38:08,131 | INFO     | Epoch 181/250 - Train Loss: 0.033875, Val Loss: 0.039732[0m
2025-12-24 22:55:06,702 | INFO     | Epoch 182/250 - Train Loss: 0.034405, Val Loss: 0.040216[0m
2025-12-24 23:12:05,298 | INFO     | Epoch 183/250 - Train Loss: 0.033355, Val Loss: 0.039441[0m
2025-12-24 23:29:03,671 | INFO     | Epoch 184/250 - Train Loss: 0.034070, Val Loss: 0.038820[0m
2025-12-24 23:46:01,887 | INFO     | Epoch 185/250 - Train Loss: 0.033528, Val Loss: 0.041614[0m
2025-12-25 00:03:00,107 | INFO     | Epoch 186/250 - Train Loss: 0.035744, Val Loss: 0.039267[0m
2025-12-25 00:19:58,348 | INFO     | Epoch 187/250 - Train Loss: 0.033522, Val Loss: 0.038690[0m
2025-12-25 00:36:56,401 | INFO     | Epoch 188/250 - Train Loss: 0.033519, Val Loss: 0.038562[0m
2025-12-25 00:53:54,572 | INFO     | Epoch 189/250 - Train Loss: 0.033212, Val Loss: 0.038926[0m
2025-12-25 01:10:52,678 | INFO     | Epoch 190/250 - Train Loss: 0.034727, Val Loss: 0.045849[0m
2025-12-25 01:27:50,692 | INFO     | Epoch 191/250 - Train Loss: 0.033706, Val Loss: 0.039411[0m
2025-12-25 01:44:48,753 | INFO     | Epoch 192/250 - Train Loss: 0.033292, Val Loss: 0.042096[0m
2025-12-25 02:01:46,944 | INFO     | Epoch 193/250 - Train Loss: 0.034272, Val Loss: 0.039650[0m
2025-12-25 02:18:45,109 | INFO     | Epoch 194/250 - Train Loss: 0.033448, Val Loss: 0.038368[0m
2025-12-25 02:35:43,250 | INFO     | Epoch 195/250 - Train Loss: 0.033118, Val Loss: 0.038750[0m
2025-12-25 02:52:41,293 | INFO     | Epoch 196/250 - Train Loss: 0.033328, Val Loss: 0.038917[0m
2025-12-25 03:09:39,656 | INFO     | Epoch 197/250 - Train Loss: 0.033841, Val Loss: 0.039911[0m
2025-12-25 03:26:37,818 | INFO     | Epoch 198/250 - Train Loss: 0.033431, Val Loss: 0.038744[0m
2025-12-25 03:43:35,842 | INFO     | Epoch 199/250 - Train Loss: 0.032817, Val Loss: 0.038603[0m
2025-12-25 04:00:33,946 | INFO     | Epoch 200/250 - Train Loss: 0.033389, Val Loss: 0.038964[0m
2025-12-25 04:17:32,214 | INFO     | Epoch 201/250 - Train Loss: 0.032610, Val Loss: 0.038415[0m
2025-12-25 04:34:30,282 | INFO     | Epoch 202/250 - Train Loss: 0.032182, Val Loss: 0.038372[0m
2025-12-25 04:51:28,333 | INFO     | Epoch 203/250 - Train Loss: 0.032150, Val Loss: 0.038596[0m
2025-12-25 05:08:26,384 | INFO     | Epoch 204/250 - Train Loss: 0.032124, Val Loss: 0.038832[0m
2025-12-25 05:25:24,311 | INFO     | Epoch 205/250 - Train Loss: 0.032131, Val Loss: 0.038786[0m
2025-12-25 05:42:22,121 | INFO     | Epoch 206/250 - Train Loss: 0.032032, Val Loss: 0.038280[0m
2025-12-25 05:59:20,119 | INFO     | Epoch 207/250 - Train Loss: 0.031997, Val Loss: 0.039094[0m
2025-12-25 06:16:18,167 | INFO     | Epoch 208/250 - Train Loss: 0.032005, Val Loss: 0.038566[0m
2025-12-25 06:33:16,156 | INFO     | Epoch 209/250 - Train Loss: 0.031932, Val Loss: 0.038457[0m
2025-12-25 06:50:14,244 | INFO     | Epoch 210/250 - Train Loss: 0.031867, Val Loss: 0.038410[0m
2025-12-25 07:07:12,200 | INFO     | Epoch 211/250 - Train Loss: 0.031909, Val Loss: 0.038317[0m
2025-12-25 07:24:10,436 | INFO     | Epoch 212/250 - Train Loss: 0.031824, Val Loss: 0.038368[0m
2025-12-25 07:41:08,442 | INFO     | Epoch 213/250 - Train Loss: 0.031830, Val Loss: 0.038419[0m
2025-12-25 07:58:06,373 | INFO     | Epoch 214/250 - Train Loss: 0.031797, Val Loss: 0.038198[0m
2025-12-25 08:15:04,472 | INFO     | Epoch 215/250 - Train Loss: 0.031801, Val Loss: 0.038580[0m
2025-12-25 08:32:02,990 | INFO     | Epoch 216/250 - Train Loss: 0.031742, Val Loss: 0.038524[0m
2025-12-25 08:49:01,432 | INFO     | Epoch 217/250 - Train Loss: 0.031688, Val Loss: 0.038369[0m
2025-12-25 09:05:59,864 | INFO     | Epoch 218/250 - Train Loss: 0.031731, Val Loss: 0.038491[0m
2025-12-25 09:22:58,314 | INFO     | Epoch 219/250 - Train Loss: 0.031653, Val Loss: 0.039265[0m
2025-12-25 09:39:56,655 | INFO     | Epoch 220/250 - Train Loss: 0.031662, Val Loss: 0.038492[0m
2025-12-25 09:56:55,078 | INFO     | Epoch 221/250 - Train Loss: 0.031641, Val Loss: 0.038702[0m
2025-12-25 10:13:53,622 | INFO     | Epoch 222/250 - Train Loss: 0.031633, Val Loss: 0.038718[0m
2025-12-25 10:30:52,110 | INFO     | Epoch 223/250 - Train Loss: 0.031509, Val Loss: 0.038554[0m
2025-12-25 10:47:52,707 | INFO     | Epoch 224/250 - Train Loss: 0.031516, Val Loss: 0.038531[0m
2025-12-25 11:04:53,258 | INFO     | Epoch 225/250 - Train Loss: 0.031514, Val Loss: 0.038678[0m
2025-12-25 11:21:53,433 | INFO     | Epoch 226/250 - Train Loss: 0.031432, Val Loss: 0.038885[0m
2025-12-25 11:38:53,872 | INFO     | Epoch 227/250 - Train Loss: 0.031446, Val Loss: 0.038876[0m
2025-12-25 11:55:54,233 | INFO     | Epoch 228/250 - Train Loss: 0.031456, Val Loss: 0.038602[0m
2025-12-25 12:12:55,060 | INFO     | Epoch 229/250 - Train Loss: 0.031377, Val Loss: 0.039013[0m
2025-12-25 12:29:55,495 | INFO     | Epoch 230/250 - Train Loss: 0.031378, Val Loss: 0.038977[0m
2025-12-25 12:46:56,053 | INFO     | Epoch 231/250 - Train Loss: 0.031332, Val Loss: 0.038435[0m
2025-12-25 13:03:56,233 | INFO     | Epoch 232/250 - Train Loss: 0.031333, Val Loss: 0.038592[0m
2025-12-25 13:20:56,576 | INFO     | Epoch 233/250 - Train Loss: 0.031336, Val Loss: 0.038741[0m
2025-12-25 13:37:56,827 | INFO     | Epoch 234/250 - Train Loss: 0.031257, Val Loss: 0.038729[0m
2025-12-25 13:54:56,907 | INFO     | Epoch 235/250 - Train Loss: 0.031279, Val Loss: 0.038644[0m
2025-12-25 14:11:57,345 | INFO     | Epoch 236/250 - Train Loss: 0.031266, Val Loss: 0.038388[0m
2025-12-25 14:28:57,598 | INFO     | Epoch 237/250 - Train Loss: 0.031239, Val Loss: 0.038815[0m
2025-12-25 14:45:57,970 | INFO     | Epoch 238/250 - Train Loss: 0.031268, Val Loss: 0.038566[0m
2025-12-25 15:02:58,282 | INFO     | Epoch 239/250 - Train Loss: 0.031213, Val Loss: 0.038790[0m
2025-12-25 15:19:58,553 | INFO     | Epoch 240/250 - Train Loss: 0.031160, Val Loss: 0.038587[0m
2025-12-25 15:36:58,863 | INFO     | Epoch 241/250 - Train Loss: 0.031143, Val Loss: 0.038574[0m
2025-12-25 15:39:19,920 | INFO     | Config:
exp_name: spressure_N10k_lr1e-3_e250
model:
  input_dim: 3
  output_dim: 1
  head_num: 8
  hidden_dim: 256
  res: true
  slice_num: 32
  layer_num: 5
  mlp_ratio: 1.5
  dropout: 0.1
training:
  target: y_pres
  x_mean:
  - 1.575143
  - -0.0188374
  - 0.6046101
  x_std:
  - 1.3669719
  - 0.6226963
  - 0.39627418
  y_mean: -94.5
  y_std: 117.25
  batch_size: 1
  epochs: 250
  lr: 0.001
  scheduler_step: 50
  scheduler_gamma: 0.5
  max_grad_norm: 0.1
  num_workers: 1
  weight_decay: 0.0
  test_only: 0
  gpus: '0'
  seed: 42
dataload:
  directory: /mnt/wjc_group/mae-zhangbj/DrivAerNet_dataset/

2025-12-25 15:39:19,920 | INFO     | args.exp_name : spressure_N10k_lr1e-3_e250
2025-12-25 15:39:19,921 | INFO     | Starting training with 1 GPUs
2025-12-25 15:39:24,256 | INFO     | Total trainable parameters: 3381321
2025-12-25 15:39:24,256 | INFO     | Data loaded: 2457 training batches, 531 validation batches, 534 test batches
2025-12-25 15:39:24,257 | INFO     | Staring training for 250 epochs
2025-12-25 15:53:59,055 | INFO     | Epoch 242/250 - Train Loss: 0.031140, Val Loss: 0.038491[0m
2025-12-25 16:11:00,042 | INFO     | Epoch 243/250 - Train Loss: 0.031085, Val Loss: 0.038748[0m
2025-12-25 16:28:00,841 | INFO     | Epoch 244/250 - Train Loss: 0.031060, Val Loss: 0.038737[0m
2025-12-25 16:45:01,459 | INFO     | Epoch 245/250 - Train Loss: 0.031077, Val Loss: 0.038668[0m
2025-12-25 17:02:02,189 | INFO     | Epoch 246/250 - Train Loss: 0.031098, Val Loss: 0.038611[0m
2025-12-25 17:19:03,195 | INFO     | Epoch 247/250 - Train Loss: 0.031013, Val Loss: 0.038752[0m
2025-12-25 17:36:04,046 | INFO     | Epoch 248/250 - Train Loss: 0.031005, Val Loss: 0.038768[0m
2025-12-25 17:53:04,236 | INFO     | Epoch 249/250 - Train Loss: 0.030977, Val Loss: 0.038569[0m
2025-12-25 18:10:04,623 | INFO     | Epoch 250/250 - Train Loss: 0.030974, Val Loss: 0.038686[0m
2025-12-25 18:10:04,773 | INFO     | Final model saved to experiments_DrivAerNet/spressure_N10k_lr1e-3_e250/final_model.pth
2025-12-25 18:10:04,773 | INFO     | Testing the final model
2025-12-25 18:10:54,502 | INFO     | *******************[35mL2_erro:[0m
2025-12-25 18:10:54,502 | INFO     |  0.151734
2025-12-25 18:10:54,502 | INFO     | *******************[35mmse_loss:[0m
2025-12-25 18:10:54,502 | INFO     |  0.046918
2025-12-25 18:10:54,502 | INFO     | *******************[35minference_time:[0m
2025-12-25 18:10:54,502 | INFO     |  0.000000
2025-12-25 18:10:54,502 | INFO     | Testing the best model
2025-12-25 18:11:44,245 | INFO     | *******************[35mL2_erro:[0m
2025-12-25 18:11:44,246 | INFO     |  0.150994
2025-12-25 18:11:44,246 | INFO     | *******************[35mmse_loss:[0m
2025-12-25 18:11:44,246 | INFO     |  0.045852
2025-12-25 18:11:44,246 | INFO     | *******************[35minference_time:[0m
2025-12-25 18:11:44,246 | INFO     |  0.000000
2025-12-29 13:00:56,675 | INFO     | Config:
exp_name: spressure_N10k_lr1e-3_e250
model:
  input_dim: 3
  output_dim: 1
  head_num: 8
  hidden_dim: 256
  res: true
  slice_num: 32
  layer_num: 5
  mlp_ratio: 1.5
  dropout: 0.1
training:
  input: x_pres
  target: y_pres
  batch_size: 1
  epochs: 250
  lr: 0.001
  scheduler_step: 50
  scheduler_gamma: 0.5
  max_grad_norm: 0.1
  num_workers: 1
  weight_decay: 0.0
  test_only: 0
  gpus: '0'
  seed: 42
dataload:
  directory: /mnt/wjc_group/mae-zhangbj/DrivAerNet_dataset/

2025-12-29 13:00:56,675 | INFO     | args.exp_name : spressure_N10k_lr1e-3_e250
2025-12-29 13:00:56,675 | INFO     | Starting training with 1 GPUs
2025-12-29 15:47:44,540 | INFO     | Config:
exp_name: spressure_N10k_lr1e-3_e250
model:
  input_dim: 3
  output_dim: 1
  head_num: 8
  hidden_dim: 256
  res: true
  slice_num: 32
  layer_num: 5
  mlp_ratio: 1.5
  dropout: 0.1
training:
  input: x_pres
  target: y_pres
  batch_size: 1
  epochs: 250
  lr: 0.001
  scheduler_step: 50
  scheduler_gamma: 0.5
  max_grad_norm: 0.1
  num_workers: 1
  weight_decay: 0.0
  test_only: 0
  gpus: '0'
  seed: 42
dataload:
  directory: /mnt/wjc_group/mae-zhangbj/DrivAerNet_dataset/

2025-12-29 15:47:44,540 | INFO     | args.exp_name : spressure_N10k_lr1e-3_e250
2025-12-29 15:47:44,540 | INFO     | Starting training with 1 GPUs
2025-12-29 15:47:49,987 | INFO     | Total trainable parameters: 3381321
2025-12-29 15:47:49,987 | INFO     | Data loaded: 2457 training batches, 531 validation batches, 534 test batches
2025-12-29 15:47:49,988 | INFO     | Staring training for 250 epochs
2025-12-29 15:56:17,588 | INFO     | Config:
exp_name: spressure_N10k_lr1e-3_e250
model:
  input_dim: 3
  output_dim: 1
  head_num: 8
  hidden_dim: 256
  res: true
  slice_num: 32
  layer_num: 5
  mlp_ratio: 1.5
  dropout: 0.1
training:
  input: x_pres
  target: y_pres
  y_mean: -93.62473
  y_std: 114.90945
  batch_size: 1
  epochs: 250
  lr: 0.001
  scheduler_step: 50
  scheduler_gamma: 0.5
  max_grad_norm: 0.1
  num_workers: 1
  weight_decay: 0.0
  test_only: 0
  gpus: '0'
  seed: 42
dataload:
  directory: /mnt/wjc_group/mae-zhangbj/DrivAerNet_dataset/

2025-12-29 15:56:17,588 | INFO     | args.exp_name : spressure_N10k_lr1e-3_e250
2025-12-29 15:56:17,588 | INFO     | Starting training with 1 GPUs
2025-12-29 15:56:23,018 | INFO     | Total trainable parameters: 3381321
2025-12-29 15:56:23,018 | INFO     | Data loaded: 2457 training batches, 531 validation batches, 534 test batches
2025-12-29 15:56:23,018 | INFO     | Staring training for 250 epochs
2025-12-29 16:13:17,726 | INFO     | Epoch 1/250 - Train Loss: 0.469313, Val Loss: 0.298871[0m
2025-12-29 16:13:17,783 | INFO     | New best model saved with Val Loss: 0.298871
2025-12-29 16:30:11,619 | INFO     | Epoch 2/250 - Train Loss: 0.250786, Val Loss: 0.230554[0m
2025-12-29 16:30:11,673 | INFO     | New best model saved with Val Loss: 0.230554
2025-12-29 16:47:08,536 | INFO     | Epoch 3/250 - Train Loss: 0.205965, Val Loss: 0.184449[0m
2025-12-29 16:47:08,590 | INFO     | New best model saved with Val Loss: 0.184449
2025-12-29 17:04:04,693 | INFO     | Epoch 4/250 - Train Loss: 0.178040, Val Loss: 0.148101[0m
2025-12-29 17:04:04,748 | INFO     | New best model saved with Val Loss: 0.148101
2025-12-29 17:21:00,749 | INFO     | Epoch 5/250 - Train Loss: 0.151458, Val Loss: 0.138499[0m
2025-12-29 17:21:00,802 | INFO     | New best model saved with Val Loss: 0.138499
2025-12-29 17:37:55,999 | INFO     | Epoch 6/250 - Train Loss: 0.133467, Val Loss: 0.118114[0m
2025-12-29 17:37:56,050 | INFO     | New best model saved with Val Loss: 0.118114
2025-12-29 17:54:51,319 | INFO     | Epoch 7/250 - Train Loss: 0.118685, Val Loss: 0.114716[0m
2025-12-29 17:54:51,371 | INFO     | New best model saved with Val Loss: 0.114716
2025-12-29 18:11:46,685 | INFO     | Epoch 8/250 - Train Loss: 0.108396, Val Loss: 0.106252[0m
2025-12-29 18:11:46,723 | INFO     | New best model saved with Val Loss: 0.106252
2025-12-29 18:28:41,982 | INFO     | Epoch 9/250 - Train Loss: 0.101525, Val Loss: 0.104806[0m
2025-12-29 18:28:42,037 | INFO     | New best model saved with Val Loss: 0.104806
2025-12-29 18:45:37,203 | INFO     | Epoch 10/250 - Train Loss: 0.095707, Val Loss: 0.086286[0m
2025-12-29 18:45:37,254 | INFO     | New best model saved with Val Loss: 0.086286
2025-12-29 19:02:33,149 | INFO     | Epoch 11/250 - Train Loss: 0.091823, Val Loss: 0.078313[0m
2025-12-29 19:02:33,201 | INFO     | New best model saved with Val Loss: 0.078313
2025-12-29 19:19:28,336 | INFO     | Epoch 12/250 - Train Loss: 0.087784, Val Loss: 0.075634[0m
2025-12-29 19:19:28,392 | INFO     | New best model saved with Val Loss: 0.075634
2025-12-29 19:36:23,559 | INFO     | Epoch 13/250 - Train Loss: 0.084494, Val Loss: 0.082867[0m
2025-12-29 19:53:18,804 | INFO     | Epoch 14/250 - Train Loss: 0.081927, Val Loss: 0.074818[0m
2025-12-29 19:53:18,859 | INFO     | New best model saved with Val Loss: 0.074818
2025-12-29 20:10:14,050 | INFO     | Epoch 15/250 - Train Loss: 0.079382, Val Loss: 0.081241[0m
2025-12-29 20:27:09,274 | INFO     | Epoch 16/250 - Train Loss: 0.078153, Val Loss: 0.069862[0m
2025-12-29 20:27:09,329 | INFO     | New best model saved with Val Loss: 0.069862
2025-12-29 20:44:04,480 | INFO     | Epoch 17/250 - Train Loss: 0.076875, Val Loss: 0.070635[0m
2025-12-29 21:00:59,628 | INFO     | Epoch 18/250 - Train Loss: 0.074736, Val Loss: 0.068747[0m
2025-12-29 21:00:59,684 | INFO     | New best model saved with Val Loss: 0.068747
2025-12-29 21:17:54,817 | INFO     | Epoch 19/250 - Train Loss: 0.073252, Val Loss: 0.063089[0m
2025-12-29 21:17:54,874 | INFO     | New best model saved with Val Loss: 0.063089
2025-12-29 21:34:50,040 | INFO     | Epoch 20/250 - Train Loss: 0.071985, Val Loss: 0.067308[0m
2025-12-29 21:51:45,258 | INFO     | Epoch 21/250 - Train Loss: 0.070930, Val Loss: 0.060010[0m
2025-12-29 21:51:45,314 | INFO     | New best model saved with Val Loss: 0.060010
2025-12-29 22:08:40,422 | INFO     | Epoch 22/250 - Train Loss: 0.070241, Val Loss: 0.066979[0m
2025-12-29 22:25:35,573 | INFO     | Epoch 23/250 - Train Loss: 0.069098, Val Loss: 0.058578[0m
2025-12-29 22:25:35,627 | INFO     | New best model saved with Val Loss: 0.058578
2025-12-29 22:42:30,806 | INFO     | Epoch 24/250 - Train Loss: 0.067507, Val Loss: 0.061825[0m
2025-12-29 22:59:25,870 | INFO     | Epoch 25/250 - Train Loss: 0.067146, Val Loss: 0.060278[0m
2025-12-29 23:16:20,827 | INFO     | Epoch 26/250 - Train Loss: 0.066508, Val Loss: 0.058657[0m
2025-12-29 23:33:15,873 | INFO     | Epoch 27/250 - Train Loss: 0.066347, Val Loss: 0.058306[0m
2025-12-29 23:33:15,928 | INFO     | New best model saved with Val Loss: 0.058306
2025-12-29 23:50:10,918 | INFO     | Epoch 28/250 - Train Loss: 0.064674, Val Loss: 0.060776[0m
2025-12-30 00:07:05,881 | INFO     | Epoch 29/250 - Train Loss: 0.064088, Val Loss: 0.057299[0m
2025-12-30 00:07:05,936 | INFO     | New best model saved with Val Loss: 0.057299
2025-12-30 00:24:00,988 | INFO     | Epoch 30/250 - Train Loss: 0.063469, Val Loss: 0.063964[0m
2025-12-30 00:40:56,006 | INFO     | Epoch 31/250 - Train Loss: 0.062860, Val Loss: 0.056948[0m
2025-12-30 00:40:56,057 | INFO     | New best model saved with Val Loss: 0.056948
2025-12-30 00:57:51,006 | INFO     | Epoch 32/250 - Train Loss: 0.062729, Val Loss: 0.055297[0m
2025-12-30 00:57:51,049 | INFO     | New best model saved with Val Loss: 0.055297
2025-12-30 01:14:46,109 | INFO     | Epoch 33/250 - Train Loss: 0.062405, Val Loss: 0.057098[0m
2025-12-30 01:31:41,081 | INFO     | Epoch 34/250 - Train Loss: 0.061458, Val Loss: 0.056709[0m
2025-12-30 01:48:35,974 | INFO     | Epoch 35/250 - Train Loss: 0.060680, Val Loss: 0.055333[0m
2025-12-30 02:05:30,821 | INFO     | Epoch 36/250 - Train Loss: 0.060811, Val Loss: 0.053188[0m
2025-12-30 02:05:30,871 | INFO     | New best model saved with Val Loss: 0.053188
2025-12-30 02:22:25,772 | INFO     | Epoch 37/250 - Train Loss: 0.060631, Val Loss: 0.051486[0m
2025-12-30 02:22:25,828 | INFO     | New best model saved with Val Loss: 0.051486
2025-12-30 02:39:20,695 | INFO     | Epoch 38/250 - Train Loss: 0.059851, Val Loss: 0.052380[0m
2025-12-30 02:56:15,519 | INFO     | Epoch 39/250 - Train Loss: 0.059352, Val Loss: 0.058483[0m
2025-12-30 03:13:10,481 | INFO     | Epoch 40/250 - Train Loss: 0.059310, Val Loss: 0.052334[0m
2025-12-30 03:30:05,425 | INFO     | Epoch 41/250 - Train Loss: 0.058887, Val Loss: 0.053755[0m
2025-12-30 03:47:00,228 | INFO     | Epoch 42/250 - Train Loss: 0.058699, Val Loss: 0.051605[0m
2025-12-30 04:03:55,034 | INFO     | Epoch 43/250 - Train Loss: 0.059128, Val Loss: 0.054672[0m
2025-12-30 04:20:49,895 | INFO     | Epoch 44/250 - Train Loss: 0.058632, Val Loss: 0.067779[0m
2025-12-30 04:37:44,779 | INFO     | Epoch 45/250 - Train Loss: 0.058693, Val Loss: 0.051282[0m
2025-12-30 04:37:44,830 | INFO     | New best model saved with Val Loss: 0.051282
2025-12-30 04:54:39,705 | INFO     | Epoch 46/250 - Train Loss: 0.056596, Val Loss: 0.054755[0m
2025-12-30 05:11:34,538 | INFO     | Epoch 47/250 - Train Loss: 0.057569, Val Loss: 0.050473[0m
2025-12-30 05:11:34,590 | INFO     | New best model saved with Val Loss: 0.050473
2025-12-30 05:28:29,398 | INFO     | Epoch 48/250 - Train Loss: 0.056521, Val Loss: 0.060411[0m
2025-12-30 05:45:24,193 | INFO     | Epoch 49/250 - Train Loss: 0.057293, Val Loss: 0.053784[0m
2025-12-30 06:02:18,984 | INFO     | Epoch 50/250 - Train Loss: 0.056783, Val Loss: 0.051472[0m
2025-12-30 06:19:13,902 | INFO     | Epoch 51/250 - Train Loss: 0.052112, Val Loss: 0.047578[0m
2025-12-30 06:19:13,957 | INFO     | New best model saved with Val Loss: 0.047578
2025-12-30 06:36:08,809 | INFO     | Epoch 52/250 - Train Loss: 0.052159, Val Loss: 0.048116[0m
2025-12-30 06:53:03,683 | INFO     | Epoch 53/250 - Train Loss: 0.051825, Val Loss: 0.053710[0m
2025-12-30 07:09:58,535 | INFO     | Epoch 54/250 - Train Loss: 0.051618, Val Loss: 0.046750[0m
2025-12-30 07:09:58,590 | INFO     | New best model saved with Val Loss: 0.046750
2025-12-30 07:26:53,512 | INFO     | Epoch 55/250 - Train Loss: 0.051341, Val Loss: 0.047972[0m
2025-12-30 07:43:48,419 | INFO     | Epoch 56/250 - Train Loss: 0.052016, Val Loss: 0.046687[0m
2025-12-30 07:43:48,471 | INFO     | New best model saved with Val Loss: 0.046687
2025-12-30 08:00:43,248 | INFO     | Epoch 57/250 - Train Loss: 0.050823, Val Loss: 0.049820[0m
2025-12-30 08:17:38,077 | INFO     | Epoch 58/250 - Train Loss: 0.051041, Val Loss: 0.048681[0m
2025-12-30 08:34:32,928 | INFO     | Epoch 59/250 - Train Loss: 0.051322, Val Loss: 0.046120[0m
2025-12-30 08:34:32,981 | INFO     | New best model saved with Val Loss: 0.046120
2025-12-30 08:51:27,812 | INFO     | Epoch 60/250 - Train Loss: 0.051190, Val Loss: 0.046051[0m
2025-12-30 08:51:27,873 | INFO     | New best model saved with Val Loss: 0.046051
2025-12-30 09:08:22,776 | INFO     | Epoch 61/250 - Train Loss: 0.051342, Val Loss: 0.046214[0m
2025-12-30 09:25:17,541 | INFO     | Epoch 62/250 - Train Loss: 0.051248, Val Loss: 0.048116[0m
2025-12-30 09:42:12,304 | INFO     | Epoch 63/250 - Train Loss: 0.051145, Val Loss: 0.057477[0m
2025-12-30 09:59:07,191 | INFO     | Epoch 64/250 - Train Loss: 0.050710, Val Loss: 0.046345[0m
2025-12-30 10:16:01,992 | INFO     | Epoch 65/250 - Train Loss: 0.051102, Val Loss: 0.047711[0m
2025-12-30 10:32:56,842 | INFO     | Epoch 66/250 - Train Loss: 0.050872, Val Loss: 0.047932[0m
2025-12-30 10:49:51,622 | INFO     | Epoch 67/250 - Train Loss: 0.050675, Val Loss: 0.046467[0m
2025-12-30 11:06:46,439 | INFO     | Epoch 68/250 - Train Loss: 0.050841, Val Loss: 0.045530[0m
2025-12-30 11:06:46,486 | INFO     | New best model saved with Val Loss: 0.045530
2025-12-30 11:23:41,354 | INFO     | Epoch 69/250 - Train Loss: 0.050602, Val Loss: 0.045626[0m
2025-12-30 11:40:36,143 | INFO     | Epoch 70/250 - Train Loss: 0.050561, Val Loss: 0.045999[0m
2025-12-30 11:57:31,028 | INFO     | Epoch 71/250 - Train Loss: 0.051539, Val Loss: 0.046231[0m
2025-12-30 12:14:25,880 | INFO     | Epoch 72/250 - Train Loss: 0.050307, Val Loss: 0.045538[0m
2025-12-30 12:31:20,779 | INFO     | Epoch 73/250 - Train Loss: 0.050534, Val Loss: 0.046459[0m
2025-12-30 12:48:15,553 | INFO     | Epoch 74/250 - Train Loss: 0.050761, Val Loss: 0.046151[0m
2025-12-30 13:05:10,363 | INFO     | Epoch 75/250 - Train Loss: 0.050103, Val Loss: 0.053147[0m
2025-12-30 13:22:05,167 | INFO     | Epoch 76/250 - Train Loss: 0.050361, Val Loss: 0.046457[0m
2025-12-30 13:38:59,983 | INFO     | Epoch 77/250 - Train Loss: 0.049764, Val Loss: 0.044950[0m
2025-12-30 13:39:00,039 | INFO     | New best model saved with Val Loss: 0.044950
2025-12-30 13:55:54,901 | INFO     | Epoch 78/250 - Train Loss: 0.050031, Val Loss: 0.046155[0m
