/work/mae-zhangbj/lib/miniconda3/envs/d2l/lib/python3.10/site-packages/torch_geometric/__init__.py:4: UserWarning: An issue occurred while importing 'pyg-lib'. Disabling its usage. Stacktrace: /lib64/libm.so.6: version `GLIBC_2.29' not found (required by /work/mae-zhangbj/lib/miniconda3/envs/d2l/lib/python3.10/site-packages/libpyg.so)
  import torch_geometric.typing
/work/mae-zhangbj/lib/miniconda3/envs/d2l/lib/python3.10/site-packages/torch_geometric/__init__.py:4: UserWarning: An issue occurred while importing 'torch-sparse'. Disabling its usage. Stacktrace: /lib64/libm.so.6: version `GLIBC_2.29' not found (required by /work/mae-zhangbj/lib/miniconda3/envs/d2l/lib/python3.10/site-packages/libpyg.so)
  import torch_geometric.typing
2025-12-04 17:10:58,832 - INFO - args.exp_name : Transolver_zbj
2025-12-04 17:10:58,833 - INFO - Starting training with 1 GPUs
2025-12-04 17:10:59,763 - INFO - Total trainable parameters: 4525124
2025-12-04 17:10:59,764 - INFO - Data loaded: 384 training batches, 33 validation batches, 48 test batches
2025-12-04 17:10:59,764 - INFO - Staring training for 300 epochs
[Training]:   0%|          | 0/384 [00:00<?, ?it/s][Training]:   0%|          | 0/384 [00:08<?, ?it/s]
[rank0]:[W1204 17:11:08.295600303 ProcessGroupNCCL.cpp:1496] Warning: WARNING: destroy_process_group() was not called before program exit, which can leak resources. For more info, please see https://pytorch.org/docs/stable/distributed.html#shutdown (function operator())
Traceback (most recent call last):
  File "/work/mae-zhangbj/ML_Turbulent/Current_work/RopeTransolver/train.py", line 502, in <module>
    main()
  File "/work/mae-zhangbj/ML_Turbulent/Current_work/RopeTransolver/train.py", line 498, in main
    mp.spawn(train_and_evaluate, args=(world_size, args), nprocs=world_size, join=True)
  File "/work/mae-zhangbj/lib/miniconda3/envs/d2l/lib/python3.10/site-packages/torch/multiprocessing/spawn.py", line 340, in spawn
    return start_processes(fn, args, nprocs, join, daemon, start_method="spawn")
  File "/work/mae-zhangbj/lib/miniconda3/envs/d2l/lib/python3.10/site-packages/torch/multiprocessing/spawn.py", line 296, in start_processes
    while not context.join():
  File "/work/mae-zhangbj/lib/miniconda3/envs/d2l/lib/python3.10/site-packages/torch/multiprocessing/spawn.py", line 215, in join
    raise ProcessRaisedException(msg, error_index, failed_process.pid)
torch.multiprocessing.spawn.ProcessRaisedException: 

-- Process 0 terminated with the following error:
Traceback (most recent call last):
  File "/work/mae-zhangbj/lib/miniconda3/envs/d2l/lib/python3.10/site-packages/torch/multiprocessing/spawn.py", line 90, in _wrap
    fn(i, *args)
  File "/work/mae-zhangbj/ML_Turbulent/Current_work/RopeTransolver/train.py", line 175, in train_and_evaluate
    train_loss = train_one_epoch(model, train_dataloader, optimizer, criterion, local_rank)
  File "/work/mae-zhangbj/ML_Turbulent/Current_work/RopeTransolver/train.py", line 314, in train_one_epoch
    loss = criterion(pred_velocity, targets_velocity)
  File "/work/mae-zhangbj/lib/miniconda3/envs/d2l/lib/python3.10/site-packages/torch/nn/modules/module.py", line 1739, in _wrapped_call_impl
    return self._call_impl(*args, **kwargs)
  File "/work/mae-zhangbj/lib/miniconda3/envs/d2l/lib/python3.10/site-packages/torch/nn/modules/module.py", line 1750, in _call_impl
    return forward_call(*args, **kwargs)
  File "/work/mae-zhangbj/lib/miniconda3/envs/d2l/lib/python3.10/site-packages/torch/nn/modules/loss.py", line 610, in forward
    return F.mse_loss(input, target, reduction=self.reduction)
  File "/work/mae-zhangbj/lib/miniconda3/envs/d2l/lib/python3.10/site-packages/torch/nn/functional.py", line 3884, in mse_loss
    expanded_input, expanded_target = torch.broadcast_tensors(input, target)
  File "/work/mae-zhangbj/lib/miniconda3/envs/d2l/lib/python3.10/site-packages/torch/functional.py", line 76, in broadcast_tensors
    return _VF.broadcast_tensors(tensors)  # type: ignore[attr-defined]
RuntimeError: The size of tensor a (4) must match the size of tensor b (3) at non-singleton dimension 2

