Starting DrivAerNet training on GPU nodes...
Running on host: a05u14g
Job ID: 2509860
Requested GPUs: 
=== environment diagnostics ===
/work/mae-zhangbj/lib/miniconda3/envs/d2l/bin/python
python: 3.10.18 (main, Jun  5 2025, 13:14:17) [GCC 11.2.0]
torch 2.6.0+cu124 torch.version.cuda 12.4 cuda_available True
nvidia-smi output:
Thu Dec  4 17:10:16 2025       
+-----------------------------------------------------------------------------------------+
| NVIDIA-SMI 550.54.15              Driver Version: 550.54.15      CUDA Version: 12.4     |
|-----------------------------------------+------------------------+----------------------+
| GPU  Name                 Persistence-M | Bus-Id          Disp.A | Volatile Uncorr. ECC |
| Fan  Temp   Perf          Pwr:Usage/Cap |           Memory-Usage | GPU-Util  Compute M. |
|                                         |                        |               MIG M. |
|=========================================+========================+======================|
|   0  Tesla V100-SXM2-32GB           On  |   00000000:2D:00.0 Off |                    0 |
| N/A   38C    P0             43W /  300W |      33MiB /  32768MiB |      0%   E. Process |
|                                         |                        |                  N/A |
+-----------------------------------------+------------------------+----------------------+
                                                                                         
+-----------------------------------------------------------------------------------------+
| Processes:                                                                              |
|  GPU   GI   CI        PID   Type   Process name                              GPU Memory |
|        ID   ID                                                               Usage      |
|=========================================================================================|
|    0   N/A  N/A   1790069      C   nvidia-cuda-mps-server                         30MiB |
+-----------------------------------------------------------------------------------------+
torch_scatter OK 2.1.2+pt26cu124
torch_sparse FAILED: /lib64/libm.so.6: version `GLIBC_2.29' not found (required by /work/mae-zhangbj/lib/miniconda3/envs/d2l/lib/python3.10/site-packages/libpyg.so)
torch_cluster OK 1.6.3+pt26cu124
torch_spline_conv OK 1.2.2+pt26cu124
torch_geometric OK 2.7.0
=== job end ===

------------------------------------------------------------
Sender: LSF System <lsfadmin@a05u14g>
Subject: Job 2509860: <gpu_transolver> in cluster <qmhpc> Done

Job <gpu_transolver> was submitted from host <a04u28l> by user <mae-zhangbj> in cluster <qmhpc> at Thu Dec  4 17:09:27 2025
Job was executed on host(s) <a05u14g>, in queue <8v100-32-sc>, as user <mae-zhangbj> in cluster <qmhpc> at Thu Dec  4 17:09:52 2025
</work/mae-zhangbj> was used as the home directory.
</work/mae-zhangbj/ML_Turbulent/Current_work/RopeTransolver> was used as the working directory.
Started at Thu Dec  4 17:09:52 2025
Terminated at Thu Dec  4 17:11:13 2025
Results reported at Thu Dec  4 17:11:13 2025

Your job looked like:

------------------------------------------------------------
# LSBATCH: User input
#!/bin/bash

#BSUB -J gpu_transolver      # Job name
#BSUB -q 8v100-32-sc       # Queue name (change if needed)
#BSUB -n 1                            # Number of CPU cores
#BSUB -R "span[ptile=1]"
#BSUB -gpu "num=1"
#BSUB -oo logs/out_%J.log             # Standard output (%J = job ID)
#BSUB -eo logs/err_%J.log             # Standard error
#BSUB -env "all"                      # Export your current environment

# -------------------------------
# Load environment and run script
# -------------------------------

echo "Starting DrivAerNet training on GPU nodes..."
echo "Running on host: $(hostname)"
echo "Job ID: $LSB_JOBID"
echo "Requested GPUs: $LSB_GPU_REQ"

# Activate d2l
source ~/lib/miniconda3/etc/profile.d/conda.sh || source /work/mae-zhangbj/lib/miniconda3/etc/profile.d/conda.sh
#conda activate pyg_gpu || { echo "conda activate failed"; exit 1; }
conda activate d2l || { echo "conda activate failed"; exit 1; }

module load cuda/12.4 || echo "module load cuda/12.4 failed or module not available"

# Optional: verify GPU is available
# Debug prints to confirm environment
echo "=== environment diagnostics ==="
which python
python -c "import sys; print('python:', sys.version.splitlines()[0])"
python -c "import torch; print('torch', torch.__version__, 'torch.version.cuda', torch.version.cuda, 'cuda_available', torch.cuda.is_available())"
echo "nvidia-smi output:"
nvidia-smi || echo "nvidia-smi failed or no GPU visible"

# Try importing key C-extensions to see if they load
python - <<'PY'
import importlib, sys
mods = ["torch_scatter","torch_sparse","torch_cluster","torch_spline_conv","torch_geometric"]
for m in mods:
    try:
        mod = importlib.import_module(m)
        print(m, "OK", getattr(mod, "__version__", None))
    except Exception as e:
        print(m, "FAILED:", e)
PY

#python test_model.py


(... more ...)
------------------------------------------------------------

Successfully completed.

Resource usage summary:

    CPU time :                                   21.16 sec.
    Max Memory :                                 1305 MB
    Average Memory :                             589.73 MB
    Total Requested Memory :                     -
    Delta Memory :                               -
    Max Swap :                                   -
    Max Processes :                              7
    Max Threads :                                22
    Run time :                                   88 sec.
    Turnaround time :                            106 sec.

The output (if any) is above this job summary.



PS:

Read file <logs/err_2509860.log> for stderr output of this job.

