Starting DrivAerNet training on GPU nodes...
Running on host: a05u14g
Job ID: 2508312
Requested GPUs: 
=== environment diagnostics ===
/work/mae-zhangbj/lib/miniconda3/envs/d2l/bin/python
python: 3.10.18 (main, Jun  5 2025, 13:14:17) [GCC 11.2.0]
torch 2.6.0+cu124 torch.version.cuda 12.4 cuda_available True
nvidia-smi output:
Thu Dec  4 15:28:08 2025       
+-----------------------------------------------------------------------------------------+
| NVIDIA-SMI 550.54.15              Driver Version: 550.54.15      CUDA Version: 12.4     |
|-----------------------------------------+------------------------+----------------------+
| GPU  Name                 Persistence-M | Bus-Id          Disp.A | Volatile Uncorr. ECC |
| Fan  Temp   Perf          Pwr:Usage/Cap |           Memory-Usage | GPU-Util  Compute M. |
|                                         |                        |               MIG M. |
|=========================================+========================+======================|
|   0  Tesla V100-SXM2-32GB           On  |   00000000:5B:00.0 Off |                    0 |
| N/A   46C    P0             44W /  300W |      33MiB /  32768MiB |      0%   E. Process |
|                                         |                        |                  N/A |
+-----------------------------------------+------------------------+----------------------+
                                                                                         
+-----------------------------------------------------------------------------------------+
| Processes:                                                                              |
|  GPU   GI   CI        PID   Type   Process name                              GPU Memory |
|        ID   ID                                                               Usage      |
|=========================================================================================|
|    0   N/A  N/A   1661899      C   nvidia-cuda-mps-server                         30MiB |
+-----------------------------------------------------------------------------------------+
