2025-12-26 11:55:18,050 | INFO     | Config:
exp_name: WWC_spressure_N10k_lr1e-3_e250
model:
  input_dim: 3
  output_dim: 1
  head_num: 8
  hidden_dim: 256
  res: true
  slice_num: 32
  layer_num: 5
  mlp_ratio: 1.5
  dropout: 0.1
training:
  target: y_pres
  x_mean:
  - 1.5163924
  - -2.8424793e-05
  - 0.59128469
  x_std:
  - 1.415569
  - 0.65566987
  - 0.38558245
  y_mean: -93.28388
  y_std: 121.19236
  batch_size: 1
  epochs: 250
  lr: 0.001
  scheduler_step: 50
  scheduler_gamma: 0.5
  max_grad_norm: 0.1
  num_workers: 1
  weight_decay: 0.0
  test_only: 0
  gpus: '0'
  seed: 42
dataload:
  directory: /mnt/wjc_group/mae-zhangbj/DrivAerNet++_dataset/E_S_WWC_WM

2025-12-26 11:55:18,050 | INFO     | args.exp_name : WWC_spressure_N10k_lr1e-3_e250
2025-12-26 11:55:18,050 | INFO     | Starting training with 1 GPUs
2025-12-26 11:55:18,851 | INFO     | Total trainable parameters: 3381321
2025-12-26 11:55:18,851 | INFO     | Data loaded: 456 training batches, 117 validation batches, 109 test batches
2025-12-26 11:55:18,852 | INFO     | Staring training for 250 epochs
2025-12-26 11:58:29,064 | INFO     | Epoch 1/250 - Train Loss: 0.774697, Val Loss: 0.447761[0m
2025-12-26 11:58:29,092 | INFO     | New best model saved with Val Loss: 0.447761
2025-12-26 12:01:39,114 | INFO     | Epoch 2/250 - Train Loss: 0.400628, Val Loss: 0.362637[0m
2025-12-26 12:01:39,169 | INFO     | New best model saved with Val Loss: 0.362637
2025-12-26 12:04:49,200 | INFO     | Epoch 3/250 - Train Loss: 0.368763, Val Loss: 0.368076[0m
2025-12-26 12:07:59,109 | INFO     | Epoch 4/250 - Train Loss: 0.335515, Val Loss: 0.306889[0m
2025-12-26 12:07:59,162 | INFO     | New best model saved with Val Loss: 0.306889
2025-12-26 12:11:09,203 | INFO     | Epoch 5/250 - Train Loss: 0.311294, Val Loss: 0.282213[0m
2025-12-26 12:11:09,256 | INFO     | New best model saved with Val Loss: 0.282213
2025-12-26 12:14:19,128 | INFO     | Epoch 6/250 - Train Loss: 0.276866, Val Loss: 0.243807[0m
2025-12-26 12:14:19,178 | INFO     | New best model saved with Val Loss: 0.243807
2025-12-26 12:17:29,057 | INFO     | Epoch 7/250 - Train Loss: 0.250128, Val Loss: 0.224277[0m
2025-12-26 12:17:29,112 | INFO     | New best model saved with Val Loss: 0.224277
2025-12-26 12:20:38,970 | INFO     | Epoch 8/250 - Train Loss: 0.242066, Val Loss: 0.233579[0m
2025-12-26 12:23:48,807 | INFO     | Epoch 9/250 - Train Loss: 0.211089, Val Loss: 0.199440[0m
2025-12-26 12:23:48,860 | INFO     | New best model saved with Val Loss: 0.199440
2025-12-26 12:26:58,691 | INFO     | Epoch 10/250 - Train Loss: 0.191729, Val Loss: 0.169485[0m
2025-12-26 12:26:58,745 | INFO     | New best model saved with Val Loss: 0.169485
2025-12-26 12:30:08,712 | INFO     | Epoch 11/250 - Train Loss: 0.174384, Val Loss: 0.163417[0m
2025-12-26 12:30:08,767 | INFO     | New best model saved with Val Loss: 0.163417
2025-12-26 12:33:18,613 | INFO     | Epoch 12/250 - Train Loss: 0.161416, Val Loss: 0.143171[0m
2025-12-26 12:33:18,665 | INFO     | New best model saved with Val Loss: 0.143171
2025-12-26 12:36:28,535 | INFO     | Epoch 13/250 - Train Loss: 0.147427, Val Loss: 0.121704[0m
2025-12-26 12:36:28,589 | INFO     | New best model saved with Val Loss: 0.121704
2025-12-26 12:39:38,447 | INFO     | Epoch 14/250 - Train Loss: 0.142704, Val Loss: 0.132628[0m
2025-12-26 12:42:48,290 | INFO     | Epoch 15/250 - Train Loss: 0.188844, Val Loss: 0.142143[0m
2025-12-26 12:45:58,143 | INFO     | Epoch 16/250 - Train Loss: 0.136462, Val Loss: 0.127996[0m
2025-12-26 12:49:07,967 | INFO     | Epoch 17/250 - Train Loss: 0.127125, Val Loss: 0.116830[0m
2025-12-26 12:49:08,017 | INFO     | New best model saved with Val Loss: 0.116830
2025-12-26 12:52:17,857 | INFO     | Epoch 18/250 - Train Loss: 0.121934, Val Loss: 0.129148[0m
2025-12-26 12:55:27,717 | INFO     | Epoch 19/250 - Train Loss: 0.117341, Val Loss: 0.103352[0m
2025-12-26 12:55:27,771 | INFO     | New best model saved with Val Loss: 0.103352
2025-12-26 12:58:37,599 | INFO     | Epoch 20/250 - Train Loss: 0.109606, Val Loss: 0.106442[0m
2025-12-26 13:01:47,573 | INFO     | Epoch 21/250 - Train Loss: 0.108039, Val Loss: 0.098844[0m
2025-12-26 13:01:47,626 | INFO     | New best model saved with Val Loss: 0.098844
2025-12-26 13:04:57,456 | INFO     | Epoch 22/250 - Train Loss: 0.101579, Val Loss: 0.097756[0m
2025-12-26 13:04:57,513 | INFO     | New best model saved with Val Loss: 0.097756
2025-12-26 13:08:07,373 | INFO     | Epoch 23/250 - Train Loss: 0.100509, Val Loss: 0.083786[0m
2025-12-26 13:08:07,422 | INFO     | New best model saved with Val Loss: 0.083786
2025-12-26 13:11:17,275 | INFO     | Epoch 24/250 - Train Loss: 0.095212, Val Loss: 0.087761[0m
2025-12-26 13:14:27,123 | INFO     | Epoch 25/250 - Train Loss: 0.092430, Val Loss: 0.082167[0m
2025-12-26 13:14:27,177 | INFO     | New best model saved with Val Loss: 0.082167
2025-12-26 13:17:37,045 | INFO     | Epoch 26/250 - Train Loss: 0.090722, Val Loss: 0.080942[0m
2025-12-26 13:17:37,093 | INFO     | New best model saved with Val Loss: 0.080942
2025-12-26 13:20:46,893 | INFO     | Epoch 27/250 - Train Loss: 0.087642, Val Loss: 0.078137[0m
2025-12-26 13:20:46,936 | INFO     | New best model saved with Val Loss: 0.078137
2025-12-26 13:23:56,748 | INFO     | Epoch 28/250 - Train Loss: 0.084908, Val Loss: 0.076702[0m
2025-12-26 13:23:56,787 | INFO     | New best model saved with Val Loss: 0.076702
2025-12-26 13:27:06,669 | INFO     | Epoch 29/250 - Train Loss: 0.083069, Val Loss: 0.084873[0m
2025-12-26 13:30:16,511 | INFO     | Epoch 30/250 - Train Loss: 0.082078, Val Loss: 0.083415[0m
2025-12-26 13:33:26,483 | INFO     | Epoch 31/250 - Train Loss: 0.079260, Val Loss: 0.080959[0m
2025-12-26 13:36:36,377 | INFO     | Epoch 32/250 - Train Loss: 0.077556, Val Loss: 0.074545[0m
2025-12-26 13:36:36,431 | INFO     | New best model saved with Val Loss: 0.074545
2025-12-26 13:39:46,247 | INFO     | Epoch 33/250 - Train Loss: 0.075690, Val Loss: 0.070403[0m
2025-12-26 13:39:46,295 | INFO     | New best model saved with Val Loss: 0.070403
2025-12-26 13:42:56,107 | INFO     | Epoch 34/250 - Train Loss: 0.073724, Val Loss: 0.070732[0m
2025-12-26 13:46:05,954 | INFO     | Epoch 35/250 - Train Loss: 0.072378, Val Loss: 0.067833[0m
2025-12-26 13:46:06,009 | INFO     | New best model saved with Val Loss: 0.067833
2025-12-26 13:49:15,835 | INFO     | Epoch 36/250 - Train Loss: 0.071578, Val Loss: 0.065759[0m
2025-12-26 13:49:15,895 | INFO     | New best model saved with Val Loss: 0.065759
2025-12-26 13:52:25,738 | INFO     | Epoch 37/250 - Train Loss: 0.071127, Val Loss: 0.063599[0m
2025-12-26 13:52:25,793 | INFO     | New best model saved with Val Loss: 0.063599
2025-12-26 13:55:35,657 | INFO     | Epoch 38/250 - Train Loss: 0.067656, Val Loss: 0.067240[0m
2025-12-26 13:58:45,476 | INFO     | Epoch 39/250 - Train Loss: 0.068002, Val Loss: 0.071935[0m
2025-12-26 14:01:55,323 | INFO     | Epoch 40/250 - Train Loss: 0.069282, Val Loss: 0.061197[0m
2025-12-26 14:01:55,375 | INFO     | New best model saved with Val Loss: 0.061197
2025-12-26 14:05:05,333 | INFO     | Epoch 41/250 - Train Loss: 0.089837, Val Loss: 0.068950[0m
2025-12-26 14:08:15,137 | INFO     | Epoch 42/250 - Train Loss: 0.068205, Val Loss: 0.066039[0m
2025-12-26 14:11:24,991 | INFO     | Epoch 43/250 - Train Loss: 0.064551, Val Loss: 0.067744[0m
2025-12-26 14:14:34,839 | INFO     | Epoch 44/250 - Train Loss: 0.063020, Val Loss: 0.058562[0m
2025-12-26 14:14:34,897 | INFO     | New best model saved with Val Loss: 0.058562
2025-12-26 14:17:44,710 | INFO     | Epoch 45/250 - Train Loss: 0.062029, Val Loss: 0.058296[0m
2025-12-26 14:17:44,763 | INFO     | New best model saved with Val Loss: 0.058296
2025-12-26 14:20:54,598 | INFO     | Epoch 46/250 - Train Loss: 0.062220, Val Loss: 0.064208[0m
2025-12-26 14:24:04,420 | INFO     | Epoch 47/250 - Train Loss: 0.062411, Val Loss: 0.057938[0m
2025-12-26 14:24:04,474 | INFO     | New best model saved with Val Loss: 0.057938
2025-12-26 14:27:14,302 | INFO     | Epoch 48/250 - Train Loss: 0.061408, Val Loss: 0.062064[0m
2025-12-26 14:30:24,135 | INFO     | Epoch 49/250 - Train Loss: 0.060693, Val Loss: 0.057786[0m
2025-12-26 14:30:24,188 | INFO     | New best model saved with Val Loss: 0.057786
2025-12-26 14:33:34,029 | INFO     | Epoch 50/250 - Train Loss: 0.059579, Val Loss: 0.053754[0m
2025-12-26 14:33:34,083 | INFO     | New best model saved with Val Loss: 0.053754
2025-12-26 14:36:44,034 | INFO     | Epoch 51/250 - Train Loss: 0.052278, Val Loss: 0.049823[0m
2025-12-26 14:36:44,088 | INFO     | New best model saved with Val Loss: 0.049823
2025-12-26 14:39:53,914 | INFO     | Epoch 52/250 - Train Loss: 0.050956, Val Loss: 0.048292[0m
2025-12-26 14:39:53,967 | INFO     | New best model saved with Val Loss: 0.048292
2025-12-26 14:43:03,833 | INFO     | Epoch 53/250 - Train Loss: 0.051379, Val Loss: 0.049229[0m
2025-12-26 14:46:13,683 | INFO     | Epoch 54/250 - Train Loss: 0.050861, Val Loss: 0.048283[0m
2025-12-26 14:46:13,733 | INFO     | New best model saved with Val Loss: 0.048283
2025-12-26 14:49:23,569 | INFO     | Epoch 55/250 - Train Loss: 0.049779, Val Loss: 0.049545[0m
2025-12-26 14:52:33,417 | INFO     | Epoch 56/250 - Train Loss: 0.049987, Val Loss: 0.047438[0m
2025-12-26 14:52:33,467 | INFO     | New best model saved with Val Loss: 0.047438
2025-12-26 14:55:43,303 | INFO     | Epoch 57/250 - Train Loss: 0.049866, Val Loss: 0.056218[0m
2025-12-26 14:58:53,164 | INFO     | Epoch 58/250 - Train Loss: 0.049273, Val Loss: 0.048826[0m
2025-12-26 15:02:02,996 | INFO     | Epoch 59/250 - Train Loss: 0.049221, Val Loss: 0.048913[0m
2025-12-26 15:05:12,841 | INFO     | Epoch 60/250 - Train Loss: 0.048891, Val Loss: 0.046143[0m
2025-12-26 15:05:12,896 | INFO     | New best model saved with Val Loss: 0.046143
2025-12-26 15:08:22,863 | INFO     | Epoch 61/250 - Train Loss: 0.048675, Val Loss: 0.049390[0m
2025-12-26 15:11:32,719 | INFO     | Epoch 62/250 - Train Loss: 0.048145, Val Loss: 0.049833[0m
2025-12-26 15:14:42,569 | INFO     | Epoch 63/250 - Train Loss: 0.048392, Val Loss: 0.048897[0m
2025-12-26 15:17:52,435 | INFO     | Epoch 64/250 - Train Loss: 0.047591, Val Loss: 0.047354[0m
2025-12-26 15:21:02,262 | INFO     | Epoch 65/250 - Train Loss: 0.047168, Val Loss: 0.046468[0m
2025-12-26 15:24:12,089 | INFO     | Epoch 66/250 - Train Loss: 0.047329, Val Loss: 0.045550[0m
2025-12-26 15:24:12,141 | INFO     | New best model saved with Val Loss: 0.045550
2025-12-26 15:27:21,942 | INFO     | Epoch 67/250 - Train Loss: 0.046462, Val Loss: 0.048169[0m
2025-12-26 15:30:31,657 | INFO     | Epoch 68/250 - Train Loss: 0.048075, Val Loss: 0.047092[0m
2025-12-26 15:33:41,365 | INFO     | Epoch 69/250 - Train Loss: 0.046284, Val Loss: 0.046505[0m
2025-12-26 15:36:51,091 | INFO     | Epoch 70/250 - Train Loss: 0.046501, Val Loss: 0.045416[0m
2025-12-26 15:36:51,148 | INFO     | New best model saved with Val Loss: 0.045416
2025-12-26 15:40:01,010 | INFO     | Epoch 71/250 - Train Loss: 0.045959, Val Loss: 0.045178[0m
2025-12-26 15:40:01,062 | INFO     | New best model saved with Val Loss: 0.045178
2025-12-26 15:43:10,812 | INFO     | Epoch 72/250 - Train Loss: 0.046574, Val Loss: 0.045974[0m
2025-12-26 15:46:20,527 | INFO     | Epoch 73/250 - Train Loss: 0.045430, Val Loss: 0.051149[0m
2025-12-26 15:49:30,249 | INFO     | Epoch 74/250 - Train Loss: 0.045695, Val Loss: 0.045903[0m
2025-12-26 15:52:39,986 | INFO     | Epoch 75/250 - Train Loss: 0.045089, Val Loss: 0.045117[0m
2025-12-26 15:52:40,040 | INFO     | New best model saved with Val Loss: 0.045117
2025-12-26 15:55:49,748 | INFO     | Epoch 76/250 - Train Loss: 0.045809, Val Loss: 0.043962[0m
2025-12-26 15:55:49,802 | INFO     | New best model saved with Val Loss: 0.043962
2025-12-26 15:58:59,559 | INFO     | Epoch 77/250 - Train Loss: 0.044398, Val Loss: 0.043569[0m
2025-12-26 15:58:59,613 | INFO     | New best model saved with Val Loss: 0.043569
2025-12-26 16:02:09,352 | INFO     | Epoch 78/250 - Train Loss: 0.044370, Val Loss: 0.046625[0m
2025-12-26 16:05:19,089 | INFO     | Epoch 79/250 - Train Loss: 0.044374, Val Loss: 0.046405[0m
2025-12-26 16:08:28,833 | INFO     | Epoch 80/250 - Train Loss: 0.044734, Val Loss: 0.044223[0m
2025-12-26 16:11:38,805 | INFO     | Epoch 81/250 - Train Loss: 0.044508, Val Loss: 0.046711[0m
2025-12-26 16:14:48,638 | INFO     | Epoch 82/250 - Train Loss: 0.044804, Val Loss: 0.046325[0m
2025-12-26 16:17:58,515 | INFO     | Epoch 83/250 - Train Loss: 0.044473, Val Loss: 0.045029[0m
2025-12-26 16:21:08,354 | INFO     | Epoch 84/250 - Train Loss: 0.044055, Val Loss: 0.073033[0m
2025-12-26 16:24:18,222 | INFO     | Epoch 85/250 - Train Loss: 0.045382, Val Loss: 0.045384[0m
2025-12-26 16:27:28,054 | INFO     | Epoch 86/250 - Train Loss: 0.042940, Val Loss: 0.045443[0m
2025-12-26 16:30:37,900 | INFO     | Epoch 87/250 - Train Loss: 0.043107, Val Loss: 0.043479[0m
2025-12-26 16:30:37,947 | INFO     | New best model saved with Val Loss: 0.043479
2025-12-26 16:33:47,774 | INFO     | Epoch 88/250 - Train Loss: 0.042564, Val Loss: 0.045791[0m
2025-12-26 16:36:57,615 | INFO     | Epoch 89/250 - Train Loss: 0.044184, Val Loss: 0.043785[0m
2025-12-26 16:40:07,503 | INFO     | Epoch 90/250 - Train Loss: 0.042157, Val Loss: 0.045003[0m
2025-12-26 16:43:17,466 | INFO     | Epoch 91/250 - Train Loss: 0.044164, Val Loss: 0.045472[0m
2025-12-26 16:46:27,358 | INFO     | Epoch 92/250 - Train Loss: 0.041169, Val Loss: 0.042505[0m
2025-12-26 16:46:27,411 | INFO     | New best model saved with Val Loss: 0.042505
2025-12-26 16:49:37,277 | INFO     | Epoch 93/250 - Train Loss: 0.042240, Val Loss: 0.044498[0m
2025-12-26 16:52:47,141 | INFO     | Epoch 94/250 - Train Loss: 0.042590, Val Loss: 0.044268[0m
2025-12-26 16:55:56,976 | INFO     | Epoch 95/250 - Train Loss: 0.041631, Val Loss: 0.046001[0m
2025-12-26 16:59:06,803 | INFO     | Epoch 96/250 - Train Loss: 0.041788, Val Loss: 0.045636[0m
2025-12-26 17:02:16,597 | INFO     | Epoch 97/250 - Train Loss: 0.041151, Val Loss: 0.043462[0m
2025-12-26 17:05:26,426 | INFO     | Epoch 98/250 - Train Loss: 0.042024, Val Loss: 0.043507[0m
2025-12-26 17:08:36,261 | INFO     | Epoch 99/250 - Train Loss: 0.040771, Val Loss: 0.043058[0m
2025-12-26 17:11:46,128 | INFO     | Epoch 100/250 - Train Loss: 0.041751, Val Loss: 0.045693[0m
2025-12-26 17:14:56,094 | INFO     | Epoch 101/250 - Train Loss: 0.037356, Val Loss: 0.041333[0m
2025-12-26 17:14:56,147 | INFO     | New best model saved with Val Loss: 0.041333
2025-12-26 17:18:06,018 | INFO     | Epoch 102/250 - Train Loss: 0.036254, Val Loss: 0.040306[0m
2025-12-26 17:18:06,067 | INFO     | New best model saved with Val Loss: 0.040306
2025-12-26 17:21:15,928 | INFO     | Epoch 103/250 - Train Loss: 0.035830, Val Loss: 0.040355[0m
2025-12-26 17:24:25,795 | INFO     | Epoch 104/250 - Train Loss: 0.036113, Val Loss: 0.040418[0m
2025-12-26 17:27:35,659 | INFO     | Epoch 105/250 - Train Loss: 0.036050, Val Loss: 0.041469[0m
2025-12-26 17:30:45,579 | INFO     | Epoch 106/250 - Train Loss: 0.035681, Val Loss: 0.040833[0m
2025-12-26 17:33:55,479 | INFO     | Epoch 107/250 - Train Loss: 0.035295, Val Loss: 0.040819[0m
2025-12-26 17:37:05,352 | INFO     | Epoch 108/250 - Train Loss: 0.037161, Val Loss: 0.045384[0m
2025-12-26 17:40:15,243 | INFO     | Epoch 109/250 - Train Loss: 0.035827, Val Loss: 0.040098[0m
2025-12-26 17:40:15,298 | INFO     | New best model saved with Val Loss: 0.040098
2025-12-26 17:43:25,167 | INFO     | Epoch 110/250 - Train Loss: 0.035398, Val Loss: 0.040430[0m
2025-12-26 17:46:35,143 | INFO     | Epoch 111/250 - Train Loss: 0.034983, Val Loss: 0.040381[0m
2025-12-26 17:49:45,016 | INFO     | Epoch 112/250 - Train Loss: 0.034950, Val Loss: 0.040841[0m
2025-12-26 17:52:54,977 | INFO     | Epoch 113/250 - Train Loss: 0.036806, Val Loss: 0.041208[0m
2025-12-26 17:56:04,890 | INFO     | Epoch 114/250 - Train Loss: 0.034747, Val Loss: 0.040592[0m
2025-12-26 17:59:14,721 | INFO     | Epoch 115/250 - Train Loss: 0.034077, Val Loss: 0.041147[0m
2025-12-26 18:02:24,588 | INFO     | Epoch 116/250 - Train Loss: 0.034768, Val Loss: 0.040432[0m
2025-12-26 18:05:34,460 | INFO     | Epoch 117/250 - Train Loss: 0.033594, Val Loss: 0.041291[0m
2025-12-26 18:08:44,320 | INFO     | Epoch 118/250 - Train Loss: 0.033474, Val Loss: 0.040920[0m
2025-12-26 18:11:54,204 | INFO     | Epoch 119/250 - Train Loss: 0.033245, Val Loss: 0.040681[0m
2025-12-26 18:15:04,065 | INFO     | Epoch 120/250 - Train Loss: 0.033520, Val Loss: 0.040994[0m
2025-12-26 18:18:14,054 | INFO     | Epoch 121/250 - Train Loss: 0.034980, Val Loss: 0.043059[0m
2025-12-26 18:21:23,931 | INFO     | Epoch 122/250 - Train Loss: 0.035530, Val Loss: 0.040351[0m
2025-12-26 18:24:33,783 | INFO     | Epoch 123/250 - Train Loss: 0.033946, Val Loss: 0.040672[0m
2025-12-26 18:27:43,638 | INFO     | Epoch 124/250 - Train Loss: 0.032782, Val Loss: 0.040414[0m
2025-12-26 18:30:53,501 | INFO     | Epoch 125/250 - Train Loss: 0.032649, Val Loss: 0.041314[0m
2025-12-26 18:34:03,349 | INFO     | Epoch 126/250 - Train Loss: 0.032406, Val Loss: 0.040497[0m
2025-12-26 18:37:13,211 | INFO     | Epoch 127/250 - Train Loss: 0.033827, Val Loss: 0.046853[0m
2025-12-26 18:40:23,060 | INFO     | Epoch 128/250 - Train Loss: 0.034656, Val Loss: 0.040173[0m
2025-12-26 18:43:32,914 | INFO     | Epoch 129/250 - Train Loss: 0.032938, Val Loss: 0.040012[0m
2025-12-26 18:43:32,968 | INFO     | New best model saved with Val Loss: 0.040012
2025-12-26 18:46:42,854 | INFO     | Epoch 130/250 - Train Loss: 0.033728, Val Loss: 0.040879[0m
2025-12-26 18:49:52,821 | INFO     | Epoch 131/250 - Train Loss: 0.032726, Val Loss: 0.040575[0m
2025-12-26 18:53:02,701 | INFO     | Epoch 132/250 - Train Loss: 0.033334, Val Loss: 0.040893[0m
2025-12-26 18:56:12,572 | INFO     | Epoch 133/250 - Train Loss: 0.031935, Val Loss: 0.040605[0m
2025-12-26 18:59:22,457 | INFO     | Epoch 134/250 - Train Loss: 0.031296, Val Loss: 0.040468[0m
2025-12-26 19:02:32,323 | INFO     | Epoch 135/250 - Train Loss: 0.031460, Val Loss: 0.040479[0m
2025-12-26 19:05:42,183 | INFO     | Epoch 136/250 - Train Loss: 0.031719, Val Loss: 0.040548[0m
2025-12-26 19:08:52,070 | INFO     | Epoch 137/250 - Train Loss: 0.033341, Val Loss: 0.042046[0m
2025-12-26 19:12:01,905 | INFO     | Epoch 138/250 - Train Loss: 0.031325, Val Loss: 0.040831[0m
2025-12-26 19:15:11,776 | INFO     | Epoch 139/250 - Train Loss: 0.031787, Val Loss: 0.041252[0m
2025-12-26 19:18:21,663 | INFO     | Epoch 140/250 - Train Loss: 0.034616, Val Loss: 0.040756[0m
2025-12-26 19:21:31,651 | INFO     | Epoch 141/250 - Train Loss: 0.032642, Val Loss: 0.041278[0m
2025-12-26 19:24:41,501 | INFO     | Epoch 142/250 - Train Loss: 0.033248, Val Loss: 0.040822[0m
2025-12-26 19:27:51,392 | INFO     | Epoch 143/250 - Train Loss: 0.031534, Val Loss: 0.041471[0m
2025-12-26 19:31:01,284 | INFO     | Epoch 144/250 - Train Loss: 0.031837, Val Loss: 0.040429[0m
2025-12-26 19:34:11,146 | INFO     | Epoch 145/250 - Train Loss: 0.033537, Val Loss: 0.042644[0m
2025-12-26 19:37:21,036 | INFO     | Epoch 146/250 - Train Loss: 0.031692, Val Loss: 0.042540[0m
2025-12-26 19:40:30,881 | INFO     | Epoch 147/250 - Train Loss: 0.032446, Val Loss: 0.040680[0m
2025-12-26 19:43:40,736 | INFO     | Epoch 148/250 - Train Loss: 0.031413, Val Loss: 0.041012[0m
2025-12-26 19:46:50,614 | INFO     | Epoch 149/250 - Train Loss: 0.030984, Val Loss: 0.040281[0m
2025-12-26 19:50:00,510 | INFO     | Epoch 150/250 - Train Loss: 0.030639, Val Loss: 0.040308[0m
2025-12-26 19:53:10,513 | INFO     | Epoch 151/250 - Train Loss: 0.028206, Val Loss: 0.039702[0m
2025-12-26 19:53:10,563 | INFO     | New best model saved with Val Loss: 0.039702
2025-12-26 19:56:20,449 | INFO     | Epoch 152/250 - Train Loss: 0.027855, Val Loss: 0.039595[0m
2025-12-26 19:56:20,509 | INFO     | New best model saved with Val Loss: 0.039595
2025-12-26 19:59:30,383 | INFO     | Epoch 153/250 - Train Loss: 0.027781, Val Loss: 0.039481[0m
2025-12-26 19:59:30,436 | INFO     | New best model saved with Val Loss: 0.039481
2025-12-26 20:02:40,312 | INFO     | Epoch 154/250 - Train Loss: 0.027720, Val Loss: 0.039372[0m
2025-12-26 20:02:40,365 | INFO     | New best model saved with Val Loss: 0.039372
2025-12-26 20:05:50,248 | INFO     | Epoch 155/250 - Train Loss: 0.027824, Val Loss: 0.040199[0m
2025-12-26 20:09:00,113 | INFO     | Epoch 156/250 - Train Loss: 0.027745, Val Loss: 0.039923[0m
2025-12-26 20:12:09,981 | INFO     | Epoch 157/250 - Train Loss: 0.027565, Val Loss: 0.039781[0m
2025-12-26 20:15:19,871 | INFO     | Epoch 158/250 - Train Loss: 0.027474, Val Loss: 0.040549[0m
2025-12-26 20:18:29,764 | INFO     | Epoch 159/250 - Train Loss: 0.027407, Val Loss: 0.040350[0m
2025-12-26 20:21:39,640 | INFO     | Epoch 160/250 - Train Loss: 0.027923, Val Loss: 0.039834[0m
2025-12-26 20:24:49,589 | INFO     | Epoch 161/250 - Train Loss: 0.029493, Val Loss: 0.041978[0m
2025-12-26 20:27:59,435 | INFO     | Epoch 162/250 - Train Loss: 0.027869, Val Loss: 0.040006[0m
2025-12-26 20:31:09,299 | INFO     | Epoch 163/250 - Train Loss: 0.026891, Val Loss: 0.039851[0m
2025-12-26 20:34:19,167 | INFO     | Epoch 164/250 - Train Loss: 0.027157, Val Loss: 0.040050[0m
2025-12-26 20:37:29,048 | INFO     | Epoch 165/250 - Train Loss: 0.030273, Val Loss: 0.040389[0m
2025-12-26 20:40:38,907 | INFO     | Epoch 166/250 - Train Loss: 0.027108, Val Loss: 0.039960[0m
2025-12-26 20:43:48,755 | INFO     | Epoch 167/250 - Train Loss: 0.026476, Val Loss: 0.039847[0m
2025-12-26 20:46:58,591 | INFO     | Epoch 168/250 - Train Loss: 0.026439, Val Loss: 0.041049[0m
2025-12-26 20:50:08,458 | INFO     | Epoch 169/250 - Train Loss: 0.027516, Val Loss: 0.040380[0m
2025-12-26 20:53:18,313 | INFO     | Epoch 170/250 - Train Loss: 0.026494, Val Loss: 0.040441[0m
2025-12-26 20:56:28,283 | INFO     | Epoch 171/250 - Train Loss: 0.026402, Val Loss: 0.040021[0m
2025-12-26 20:59:38,177 | INFO     | Epoch 172/250 - Train Loss: 0.026401, Val Loss: 0.040328[0m
2025-12-26 21:02:48,106 | INFO     | Epoch 173/250 - Train Loss: 0.026368, Val Loss: 0.040801[0m
2025-12-26 21:05:58,007 | INFO     | Epoch 174/250 - Train Loss: 0.026284, Val Loss: 0.040982[0m
2025-12-26 21:09:07,880 | INFO     | Epoch 175/250 - Train Loss: 0.026764, Val Loss: 0.040338[0m
2025-12-26 21:12:17,754 | INFO     | Epoch 176/250 - Train Loss: 0.026179, Val Loss: 0.041067[0m
2025-12-26 21:15:27,631 | INFO     | Epoch 177/250 - Train Loss: 0.027013, Val Loss: 0.040199[0m
2025-12-26 21:18:37,516 | INFO     | Epoch 178/250 - Train Loss: 0.026026, Val Loss: 0.040505[0m
2025-12-26 21:21:47,406 | INFO     | Epoch 179/250 - Train Loss: 0.026009, Val Loss: 0.040029[0m
2025-12-26 21:24:57,324 | INFO     | Epoch 180/250 - Train Loss: 0.025989, Val Loss: 0.040492[0m
2025-12-26 21:28:07,324 | INFO     | Epoch 181/250 - Train Loss: 0.025727, Val Loss: 0.040254[0m
2025-12-26 21:31:17,217 | INFO     | Epoch 182/250 - Train Loss: 0.025774, Val Loss: 0.040450[0m
2025-12-26 21:34:27,114 | INFO     | Epoch 183/250 - Train Loss: 0.025751, Val Loss: 0.040956[0m
2025-12-26 21:37:37,036 | INFO     | Epoch 184/250 - Train Loss: 0.025943, Val Loss: 0.040757[0m
2025-12-26 21:40:46,945 | INFO     | Epoch 185/250 - Train Loss: 0.025622, Val Loss: 0.040817[0m
2025-12-26 21:43:56,819 | INFO     | Epoch 186/250 - Train Loss: 0.026069, Val Loss: 0.040639[0m
2025-12-26 21:47:06,729 | INFO     | Epoch 187/250 - Train Loss: 0.026262, Val Loss: 0.040473[0m
2025-12-26 21:50:16,640 | INFO     | Epoch 188/250 - Train Loss: 0.025228, Val Loss: 0.040294[0m
2025-12-26 21:53:26,575 | INFO     | Epoch 189/250 - Train Loss: 0.025625, Val Loss: 0.040248[0m
2025-12-26 21:56:36,523 | INFO     | Epoch 190/250 - Train Loss: 0.025185, Val Loss: 0.040371[0m
2025-12-26 21:59:46,584 | INFO     | Epoch 191/250 - Train Loss: 0.025322, Val Loss: 0.040486[0m
2025-12-26 22:02:56,490 | INFO     | Epoch 192/250 - Train Loss: 0.025412, Val Loss: 0.040598[0m
2025-12-26 22:06:06,392 | INFO     | Epoch 193/250 - Train Loss: 0.026343, Val Loss: 0.041342[0m
2025-12-26 22:09:16,256 | INFO     | Epoch 194/250 - Train Loss: 0.025668, Val Loss: 0.040815[0m
2025-12-26 22:12:26,151 | INFO     | Epoch 195/250 - Train Loss: 0.025803, Val Loss: 0.040286[0m
2025-12-26 22:15:36,037 | INFO     | Epoch 196/250 - Train Loss: 0.025095, Val Loss: 0.040786[0m
2025-12-26 22:18:45,935 | INFO     | Epoch 197/250 - Train Loss: 0.024694, Val Loss: 0.040451[0m
2025-12-26 22:21:55,817 | INFO     | Epoch 198/250 - Train Loss: 0.024705, Val Loss: 0.041224[0m
2025-12-26 22:25:05,633 | INFO     | Epoch 199/250 - Train Loss: 0.024548, Val Loss: 0.041077[0m
2025-12-26 22:28:15,488 | INFO     | Epoch 200/250 - Train Loss: 0.025159, Val Loss: 0.040224[0m
2025-12-26 22:31:25,450 | INFO     | Epoch 201/250 - Train Loss: 0.023708, Val Loss: 0.040199[0m
2025-12-26 22:34:35,310 | INFO     | Epoch 202/250 - Train Loss: 0.023487, Val Loss: 0.040045[0m
2025-12-26 22:37:45,157 | INFO     | Epoch 203/250 - Train Loss: 0.023473, Val Loss: 0.039969[0m
2025-12-26 22:40:55,067 | INFO     | Epoch 204/250 - Train Loss: 0.023578, Val Loss: 0.040106[0m
2025-12-26 22:44:04,905 | INFO     | Epoch 205/250 - Train Loss: 0.023324, Val Loss: 0.040250[0m
2025-12-26 22:47:14,738 | INFO     | Epoch 206/250 - Train Loss: 0.023520, Val Loss: 0.040447[0m
2025-12-26 22:50:24,613 | INFO     | Epoch 207/250 - Train Loss: 0.023170, Val Loss: 0.040453[0m
2025-12-26 22:53:34,472 | INFO     | Epoch 208/250 - Train Loss: 0.023229, Val Loss: 0.040516[0m
2025-12-26 22:56:44,347 | INFO     | Epoch 209/250 - Train Loss: 0.023103, Val Loss: 0.040662[0m
2025-12-26 22:59:54,253 | INFO     | Epoch 210/250 - Train Loss: 0.023123, Val Loss: 0.040230[0m
2025-12-26 23:03:04,219 | INFO     | Epoch 211/250 - Train Loss: 0.023049, Val Loss: 0.040455[0m
2025-12-26 23:06:14,100 | INFO     | Epoch 212/250 - Train Loss: 0.022969, Val Loss: 0.040533[0m
2025-12-26 23:09:23,980 | INFO     | Epoch 213/250 - Train Loss: 0.023221, Val Loss: 0.040874[0m
2025-12-26 23:12:33,853 | INFO     | Epoch 214/250 - Train Loss: 0.023134, Val Loss: 0.040463[0m
2025-12-26 23:15:43,690 | INFO     | Epoch 215/250 - Train Loss: 0.022916, Val Loss: 0.040681[0m
2025-12-26 23:18:53,551 | INFO     | Epoch 216/250 - Train Loss: 0.022939, Val Loss: 0.040486[0m
2025-12-26 23:22:03,421 | INFO     | Epoch 217/250 - Train Loss: 0.022805, Val Loss: 0.040217[0m
2025-12-26 23:25:13,266 | INFO     | Epoch 218/250 - Train Loss: 0.022907, Val Loss: 0.040806[0m
2025-12-26 23:28:23,134 | INFO     | Epoch 219/250 - Train Loss: 0.022998, Val Loss: 0.040527[0m
2025-12-26 23:31:32,999 | INFO     | Epoch 220/250 - Train Loss: 0.022859, Val Loss: 0.040383[0m
2025-12-26 23:34:42,957 | INFO     | Epoch 221/250 - Train Loss: 0.022789, Val Loss: 0.040580[0m
2025-12-26 23:37:52,673 | INFO     | Epoch 222/250 - Train Loss: 0.022788, Val Loss: 0.040741[0m
2025-12-26 23:41:02,399 | INFO     | Epoch 223/250 - Train Loss: 0.023336, Val Loss: 0.040172[0m
2025-12-26 23:44:12,150 | INFO     | Epoch 224/250 - Train Loss: 0.022607, Val Loss: 0.040623[0m
2025-12-26 23:47:21,860 | INFO     | Epoch 225/250 - Train Loss: 0.022863, Val Loss: 0.040544[0m
2025-12-26 23:50:31,588 | INFO     | Epoch 226/250 - Train Loss: 0.022447, Val Loss: 0.040610[0m
2025-12-26 23:53:41,301 | INFO     | Epoch 227/250 - Train Loss: 0.022424, Val Loss: 0.040617[0m
2025-12-26 23:56:51,017 | INFO     | Epoch 228/250 - Train Loss: 0.022595, Val Loss: 0.040546[0m
2025-12-27 00:00:00,724 | INFO     | Epoch 229/250 - Train Loss: 0.022903, Val Loss: 0.040997[0m
2025-12-27 00:03:10,473 | INFO     | Epoch 230/250 - Train Loss: 0.022408, Val Loss: 0.040658[0m
2025-12-27 00:06:20,316 | INFO     | Epoch 231/250 - Train Loss: 0.023233, Val Loss: 0.040675[0m
2025-12-27 00:09:30,056 | INFO     | Epoch 232/250 - Train Loss: 0.022362, Val Loss: 0.040575[0m
2025-12-27 00:12:39,800 | INFO     | Epoch 233/250 - Train Loss: 0.022283, Val Loss: 0.040925[0m
2025-12-27 00:15:49,552 | INFO     | Epoch 234/250 - Train Loss: 0.022613, Val Loss: 0.040595[0m
2025-12-27 00:18:59,283 | INFO     | Epoch 235/250 - Train Loss: 0.022241, Val Loss: 0.040787[0m
2025-12-27 00:22:09,041 | INFO     | Epoch 236/250 - Train Loss: 0.022227, Val Loss: 0.041111[0m
2025-12-27 00:25:18,776 | INFO     | Epoch 237/250 - Train Loss: 0.022166, Val Loss: 0.040547[0m
2025-12-27 00:28:28,503 | INFO     | Epoch 238/250 - Train Loss: 0.022178, Val Loss: 0.040989[0m
2025-12-27 00:31:38,243 | INFO     | Epoch 239/250 - Train Loss: 0.022084, Val Loss: 0.040532[0m
2025-12-27 00:34:48,010 | INFO     | Epoch 240/250 - Train Loss: 0.022690, Val Loss: 0.040512[0m
2025-12-27 00:37:57,863 | INFO     | Epoch 241/250 - Train Loss: 0.024204, Val Loss: 0.041302[0m
2025-12-27 00:41:07,611 | INFO     | Epoch 242/250 - Train Loss: 0.022247, Val Loss: 0.040550[0m
2025-12-27 00:44:17,367 | INFO     | Epoch 243/250 - Train Loss: 0.022105, Val Loss: 0.040953[0m
2025-12-27 00:47:27,095 | INFO     | Epoch 244/250 - Train Loss: 0.021943, Val Loss: 0.040513[0m
2025-12-27 00:50:36,849 | INFO     | Epoch 245/250 - Train Loss: 0.021918, Val Loss: 0.040974[0m
2025-12-27 00:53:46,590 | INFO     | Epoch 246/250 - Train Loss: 0.022033, Val Loss: 0.040811[0m
2025-12-27 00:56:56,314 | INFO     | Epoch 247/250 - Train Loss: 0.021811, Val Loss: 0.040742[0m
2025-12-27 01:00:06,082 | INFO     | Epoch 248/250 - Train Loss: 0.022235, Val Loss: 0.040865[0m
2025-12-27 01:03:15,848 | INFO     | Epoch 249/250 - Train Loss: 0.022253, Val Loss: 0.041358[0m
2025-12-27 01:06:25,603 | INFO     | Epoch 250/250 - Train Loss: 0.022173, Val Loss: 0.040772[0m
2025-12-27 01:06:25,731 | INFO     | Final model saved to experiments_DrivAerNet++/WWC_spressure_N10k_lr1e-3_e250/final_model.pth
2025-12-27 01:06:25,731 | INFO     | Testing the final model
2025-12-27 01:06:35,835 | INFO     | *******************[35mL2_erro:[0m
2025-12-27 01:06:35,835 | INFO     |  0.152992
2025-12-27 01:06:35,835 | INFO     | *******************[35mmse_loss:[0m
2025-12-27 01:06:35,835 | INFO     |  0.038117
2025-12-27 01:06:35,835 | INFO     | *******************[35minference_time:[0m
2025-12-27 01:06:35,835 | INFO     |  0.000000
2025-12-27 01:06:35,836 | INFO     | Testing the best model
2025-12-27 01:06:45,983 | INFO     | *******************[35mL2_erro:[0m
2025-12-27 01:06:45,983 | INFO     |  0.150474
2025-12-27 01:06:45,983 | INFO     | *******************[35mmse_loss:[0m
2025-12-27 01:06:45,983 | INFO     |  0.036903
2025-12-27 01:06:45,984 | INFO     | *******************[35minference_time:[0m
2025-12-27 01:06:45,984 | INFO     |  0.000000
2025-12-27 14:32:10,174 | INFO     | Config:
exp_name: WWC_spressure_N10k_lr1e-3_e250
model:
  input_dim: 3
  output_dim: 1
  head_num: 8
  hidden_dim: 256
  res: true
  slice_num: 32
  layer_num: 5
  mlp_ratio: 1.5
  dropout: 0.1
training:
  input: x_pres
  target: y_pres
  x_mean:
  - 1.5163924
  - -2.8424793e-05
  - 0.59128469
  x_std:
  - 1.415569
  - 0.65566987
  - 0.38558245
  y_mean: -93.28388
  y_std: 121.19236
  batch_size: 1
  epochs: 250
  lr: 0.001
  scheduler_step: 50
  scheduler_gamma: 0.5
  max_grad_norm: 0.1
  num_workers: 1
  weight_decay: 0.0
  test_only: 0
  gpus: '0'
  seed: 42
dataload:
  directory: /mnt/wjc_group/mae-zhangbj/DrivAerNet++_dataset/E_S_WWC_WM

2025-12-27 14:32:10,174 | INFO     | args.exp_name : WWC_spressure_N10k_lr1e-3_e250
2025-12-27 14:32:10,174 | INFO     | Starting training with 1 GPUs
2025-12-27 14:32:11,256 | INFO     | Total trainable parameters: 3381321
2025-12-27 14:32:11,256 | INFO     | Data loaded: 456 training batches, 117 validation batches, 109 test batches
2025-12-27 14:32:11,258 | INFO     | Staring training for 250 epochs
2025-12-27 14:39:50,043 | INFO     | Epoch 1/250 - Train Loss: 0.798267, Val Loss: 0.453754[0m
2025-12-27 14:39:50,097 | INFO     | New best model saved with Val Loss: 0.453754
2025-12-27 14:50:47,049 | INFO     | Epoch 2/250 - Train Loss: 0.412025, Val Loss: 0.372492[0m
2025-12-27 14:50:47,105 | INFO     | New best model saved with Val Loss: 0.372492
2025-12-27 15:01:44,309 | INFO     | Epoch 3/250 - Train Loss: 0.358039, Val Loss: 0.371280[0m
2025-12-27 15:01:44,360 | INFO     | New best model saved with Val Loss: 0.371280
2025-12-27 15:12:40,437 | INFO     | Epoch 4/250 - Train Loss: 0.332289, Val Loss: 0.299803[0m
2025-12-27 15:12:40,491 | INFO     | New best model saved with Val Loss: 0.299803
2025-12-27 15:23:38,439 | INFO     | Epoch 5/250 - Train Loss: 0.309831, Val Loss: 0.311119[0m
2025-12-27 15:34:35,574 | INFO     | Epoch 6/250 - Train Loss: 0.293228, Val Loss: 0.271894[0m
2025-12-27 15:34:35,628 | INFO     | New best model saved with Val Loss: 0.271894
2025-12-27 15:45:32,844 | INFO     | Epoch 7/250 - Train Loss: 0.278677, Val Loss: 0.247567[0m
2025-12-27 15:45:32,896 | INFO     | New best model saved with Val Loss: 0.247567
2025-12-27 15:56:29,989 | INFO     | Epoch 8/250 - Train Loss: 0.257544, Val Loss: 0.243709[0m
2025-12-27 15:56:30,043 | INFO     | New best model saved with Val Loss: 0.243709
2025-12-27 16:07:27,314 | INFO     | Epoch 9/250 - Train Loss: 0.234650, Val Loss: 0.213613[0m
2025-12-27 16:07:27,363 | INFO     | New best model saved with Val Loss: 0.213613
2025-12-27 16:18:24,573 | INFO     | Epoch 10/250 - Train Loss: 0.215401, Val Loss: 0.214300[0m
2025-12-27 16:29:21,675 | INFO     | Epoch 11/250 - Train Loss: 0.193245, Val Loss: 0.195453[0m
2025-12-27 16:29:21,732 | INFO     | New best model saved with Val Loss: 0.195453
2025-12-27 16:40:18,791 | INFO     | Epoch 12/250 - Train Loss: 0.180944, Val Loss: 0.174487[0m
2025-12-27 16:40:18,845 | INFO     | New best model saved with Val Loss: 0.174487
2025-12-27 16:51:15,903 | INFO     | Epoch 13/250 - Train Loss: 0.171059, Val Loss: 0.159119[0m
2025-12-27 16:51:15,960 | INFO     | New best model saved with Val Loss: 0.159119
2025-12-27 17:02:13,026 | INFO     | Epoch 14/250 - Train Loss: 0.160924, Val Loss: 0.148754[0m
2025-12-27 17:02:13,079 | INFO     | New best model saved with Val Loss: 0.148754
2025-12-27 17:13:10,257 | INFO     | Epoch 15/250 - Train Loss: 0.152715, Val Loss: 0.138556[0m
2025-12-27 17:13:10,317 | INFO     | New best model saved with Val Loss: 0.138556
2025-12-27 17:24:07,431 | INFO     | Epoch 16/250 - Train Loss: 0.145177, Val Loss: 0.128909[0m
2025-12-27 17:24:07,486 | INFO     | New best model saved with Val Loss: 0.128909
2025-12-27 17:35:04,644 | INFO     | Epoch 17/250 - Train Loss: 0.136472, Val Loss: 0.129126[0m
2025-12-27 17:46:01,742 | INFO     | Epoch 18/250 - Train Loss: 0.135727, Val Loss: 0.120417[0m
2025-12-27 17:46:01,795 | INFO     | New best model saved with Val Loss: 0.120417
2025-12-27 17:56:58,926 | INFO     | Epoch 19/250 - Train Loss: 0.125930, Val Loss: 0.122357[0m
2025-12-27 18:07:56,140 | INFO     | Epoch 20/250 - Train Loss: 0.120099, Val Loss: 0.105157[0m
2025-12-27 18:07:56,194 | INFO     | New best model saved with Val Loss: 0.105157
2025-12-27 18:18:53,306 | INFO     | Epoch 21/250 - Train Loss: 0.115458, Val Loss: 0.105808[0m
2025-12-27 18:29:50,434 | INFO     | Epoch 22/250 - Train Loss: 0.111285, Val Loss: 0.103544[0m
2025-12-27 18:29:50,490 | INFO     | New best model saved with Val Loss: 0.103544
2025-12-29 12:37:50,585 | INFO     | Config:
exp_name: WWC_spressure_N10k_lr1e-3_e250
model:
  input_dim: 3
  output_dim: 1
  head_num: 8
  hidden_dim: 256
  res: true
  slice_num: 32
  layer_num: 5
  mlp_ratio: 1.5
  dropout: 0.1
training:
  input: x_pres
  target: y_pres
  x_mean:
  - 1.5163924
  - -2.8424793e-05
  - 0.59128469
  x_std:
  - 1.415569
  - 0.65566987
  - 0.38558245
  y_mean: -93.28388
  y_std: 121.19236
  batch_size: 1
  epochs: 250
  lr: 0.001
  scheduler_step: 50
  scheduler_gamma: 0.5
  max_grad_norm: 0.1
  num_workers: 1
  weight_decay: 0.0
  test_only: 0
  gpus: '0'
  seed: 42
dataload:
  directory: /mnt/wjc_group/mae-zhangbj/DrivAerNet++_dataset/E_S_WWC_WM

2025-12-29 12:37:50,585 | INFO     | args.exp_name : WWC_spressure_N10k_lr1e-3_e250
2025-12-29 12:37:50,585 | INFO     | Starting training with 1 GPUs
2025-12-29 12:37:51,773 | INFO     | Total trainable parameters: 3381321
2025-12-29 12:37:51,774 | INFO     | Data loaded: 456 training batches, 117 validation batches, 109 test batches
2025-12-29 12:37:51,774 | INFO     | Staring training for 250 epochs
2025-12-29 12:47:10,725 | INFO     | Epoch 1/250 - Train Loss: 1.004232, Val Loss: 0.822107[0m
2025-12-29 12:47:10,780 | INFO     | New best model saved with Val Loss: 0.822107
2025-12-29 12:58:06,469 | INFO     | Epoch 2/250 - Train Loss: 0.603693, Val Loss: 0.484701[0m
2025-12-29 12:58:06,520 | INFO     | New best model saved with Val Loss: 0.484701
2025-12-29 13:09:03,125 | INFO     | Epoch 3/250 - Train Loss: 0.453350, Val Loss: 0.425237[0m
2025-12-29 13:09:03,180 | INFO     | New best model saved with Val Loss: 0.425237
2025-12-29 13:19:59,719 | INFO     | Epoch 4/250 - Train Loss: 0.413661, Val Loss: 0.390947[0m
2025-12-29 13:19:59,773 | INFO     | New best model saved with Val Loss: 0.390947
2025-12-29 13:30:56,329 | INFO     | Epoch 5/250 - Train Loss: 0.369843, Val Loss: 0.328350[0m
2025-12-29 13:30:56,381 | INFO     | New best model saved with Val Loss: 0.328350
2025-12-29 13:41:51,789 | INFO     | Epoch 6/250 - Train Loss: 0.332155, Val Loss: 0.295917[0m
2025-12-29 13:41:51,840 | INFO     | New best model saved with Val Loss: 0.295917
2025-12-29 13:52:47,292 | INFO     | Epoch 7/250 - Train Loss: 0.290817, Val Loss: 0.258282[0m
2025-12-29 13:52:47,347 | INFO     | New best model saved with Val Loss: 0.258282
2025-12-29 14:03:42,632 | INFO     | Epoch 8/250 - Train Loss: 0.267836, Val Loss: 0.244806[0m
2025-12-29 14:03:42,684 | INFO     | New best model saved with Val Loss: 0.244806
2025-12-29 14:14:38,158 | INFO     | Epoch 9/250 - Train Loss: 0.246167, Val Loss: 0.222183[0m
2025-12-29 14:14:38,207 | INFO     | New best model saved with Val Loss: 0.222183
2025-12-29 14:25:33,711 | INFO     | Epoch 10/250 - Train Loss: 0.234839, Val Loss: 0.212013[0m
2025-12-29 14:25:33,766 | INFO     | New best model saved with Val Loss: 0.212013
2025-12-29 14:36:29,270 | INFO     | Epoch 11/250 - Train Loss: 0.223519, Val Loss: 0.208997[0m
2025-12-29 14:36:29,324 | INFO     | New best model saved with Val Loss: 0.208997
2025-12-29 14:47:24,863 | INFO     | Epoch 12/250 - Train Loss: 0.215447, Val Loss: 0.191917[0m
2025-12-29 14:47:24,915 | INFO     | New best model saved with Val Loss: 0.191917
2025-12-29 14:58:20,296 | INFO     | Epoch 13/250 - Train Loss: 0.207301, Val Loss: 0.195866[0m
2025-12-29 15:09:15,699 | INFO     | Epoch 14/250 - Train Loss: 0.199151, Val Loss: 0.186146[0m
2025-12-29 15:09:15,754 | INFO     | New best model saved with Val Loss: 0.186146
2025-12-29 15:20:11,297 | INFO     | Epoch 15/250 - Train Loss: 0.197030, Val Loss: 0.193553[0m
2025-12-29 15:31:06,814 | INFO     | Epoch 16/250 - Train Loss: 0.189871, Val Loss: 0.171903[0m
2025-12-29 15:31:06,861 | INFO     | New best model saved with Val Loss: 0.171903
2025-12-29 15:42:02,389 | INFO     | Epoch 17/250 - Train Loss: 0.181979, Val Loss: 0.171344[0m
2025-12-29 15:42:02,441 | INFO     | New best model saved with Val Loss: 0.171344
2025-12-29 15:52:57,907 | INFO     | Epoch 18/250 - Train Loss: 0.177424, Val Loss: 0.176452[0m
2025-12-29 16:03:53,524 | INFO     | Epoch 19/250 - Train Loss: 0.170302, Val Loss: 0.158941[0m
2025-12-29 16:03:53,577 | INFO     | New best model saved with Val Loss: 0.158941
2025-12-29 16:14:48,978 | INFO     | Epoch 20/250 - Train Loss: 0.163681, Val Loss: 0.151761[0m
2025-12-29 16:14:49,033 | INFO     | New best model saved with Val Loss: 0.151761
2025-12-29 16:25:44,602 | INFO     | Epoch 21/250 - Train Loss: 0.159901, Val Loss: 0.145455[0m
2025-12-29 16:25:44,660 | INFO     | New best model saved with Val Loss: 0.145455
2025-12-29 16:36:40,352 | INFO     | Epoch 22/250 - Train Loss: 0.159285, Val Loss: 0.145606[0m
2025-12-29 16:47:35,974 | INFO     | Epoch 23/250 - Train Loss: 0.151116, Val Loss: 0.142168[0m
2025-12-29 16:47:36,030 | INFO     | New best model saved with Val Loss: 0.142168
2025-12-29 16:58:31,374 | INFO     | Epoch 24/250 - Train Loss: 0.148506, Val Loss: 0.141684[0m
2025-12-29 16:58:31,430 | INFO     | New best model saved with Val Loss: 0.141684
2025-12-29 17:09:26,841 | INFO     | Epoch 25/250 - Train Loss: 0.145793, Val Loss: 0.143187[0m
2025-12-29 17:20:22,363 | INFO     | Epoch 26/250 - Train Loss: 0.142871, Val Loss: 0.148394[0m
2025-12-29 17:31:17,847 | INFO     | Epoch 27/250 - Train Loss: 0.140247, Val Loss: 0.132836[0m
2025-12-29 17:31:17,899 | INFO     | New best model saved with Val Loss: 0.132836
2025-12-29 17:42:13,403 | INFO     | Epoch 28/250 - Train Loss: 0.139356, Val Loss: 0.127081[0m
2025-12-29 17:42:13,458 | INFO     | New best model saved with Val Loss: 0.127081
2025-12-29 17:53:08,931 | INFO     | Epoch 29/250 - Train Loss: 0.134231, Val Loss: 0.138003[0m
2025-12-29 18:04:04,491 | INFO     | Epoch 30/250 - Train Loss: 0.132288, Val Loss: 0.123061[0m
2025-12-29 18:04:04,545 | INFO     | New best model saved with Val Loss: 0.123061
2025-12-29 18:14:59,956 | INFO     | Epoch 31/250 - Train Loss: 0.128639, Val Loss: 0.122922[0m
2025-12-29 18:15:00,011 | INFO     | New best model saved with Val Loss: 0.122922
2025-12-29 18:25:55,502 | INFO     | Epoch 32/250 - Train Loss: 0.124866, Val Loss: 0.114865[0m
2025-12-29 18:25:55,554 | INFO     | New best model saved with Val Loss: 0.114865
2025-12-29 18:36:51,140 | INFO     | Epoch 33/250 - Train Loss: 0.121477, Val Loss: 0.112095[0m
2025-12-29 18:36:51,198 | INFO     | New best model saved with Val Loss: 0.112095
2025-12-29 18:47:46,821 | INFO     | Epoch 34/250 - Train Loss: 0.117510, Val Loss: 0.100345[0m
2025-12-29 18:47:46,876 | INFO     | New best model saved with Val Loss: 0.100345
2025-12-29 18:58:42,340 | INFO     | Epoch 35/250 - Train Loss: 0.114891, Val Loss: 0.112477[0m
2025-12-29 19:09:37,929 | INFO     | Epoch 36/250 - Train Loss: 0.111957, Val Loss: 0.099984[0m
2025-12-29 19:09:37,984 | INFO     | New best model saved with Val Loss: 0.099984
2025-12-29 19:20:33,635 | INFO     | Epoch 37/250 - Train Loss: 0.109817, Val Loss: 0.100438[0m
2025-12-29 19:31:29,101 | INFO     | Epoch 38/250 - Train Loss: 0.106366, Val Loss: 0.096643[0m
2025-12-29 19:31:29,156 | INFO     | New best model saved with Val Loss: 0.096643
2025-12-29 19:42:24,738 | INFO     | Epoch 39/250 - Train Loss: 0.102870, Val Loss: 0.090439[0m
2025-12-29 19:42:24,785 | INFO     | New best model saved with Val Loss: 0.090439
2025-12-29 19:53:20,421 | INFO     | Epoch 40/250 - Train Loss: 0.100111, Val Loss: 0.095570[0m
2025-12-29 20:04:16,065 | INFO     | Epoch 41/250 - Train Loss: 0.099088, Val Loss: 0.082873[0m
2025-12-29 20:04:16,113 | INFO     | New best model saved with Val Loss: 0.082873
2025-12-29 20:15:11,752 | INFO     | Epoch 42/250 - Train Loss: 0.094340, Val Loss: 0.088765[0m
2025-12-29 20:26:07,275 | INFO     | Epoch 43/250 - Train Loss: 0.093442, Val Loss: 0.082747[0m
2025-12-29 20:26:07,329 | INFO     | New best model saved with Val Loss: 0.082747
2025-12-29 20:37:02,832 | INFO     | Epoch 44/250 - Train Loss: 0.091890, Val Loss: 0.086071[0m
2025-12-29 20:47:58,483 | INFO     | Epoch 45/250 - Train Loss: 0.091239, Val Loss: 0.080823[0m
2025-12-29 20:47:58,524 | INFO     | New best model saved with Val Loss: 0.080823
2025-12-29 20:58:54,104 | INFO     | Epoch 46/250 - Train Loss: 0.091495, Val Loss: 0.088802[0m
2025-12-29 21:09:49,740 | INFO     | Epoch 47/250 - Train Loss: 0.089026, Val Loss: 0.086320[0m
2025-12-29 21:20:45,245 | INFO     | Epoch 48/250 - Train Loss: 0.085927, Val Loss: 0.077064[0m
2025-12-29 21:20:45,299 | INFO     | New best model saved with Val Loss: 0.077064
2025-12-29 21:31:40,899 | INFO     | Epoch 49/250 - Train Loss: 0.086759, Val Loss: 0.080276[0m
2025-12-29 21:42:36,378 | INFO     | Epoch 50/250 - Train Loss: 0.085962, Val Loss: 0.080027[0m
2025-12-29 21:53:31,873 | INFO     | Epoch 51/250 - Train Loss: 0.073688, Val Loss: 0.069593[0m
2025-12-29 21:53:31,921 | INFO     | New best model saved with Val Loss: 0.069593
2025-12-29 22:04:27,234 | INFO     | Epoch 52/250 - Train Loss: 0.072637, Val Loss: 0.066936[0m
2025-12-29 22:04:27,290 | INFO     | New best model saved with Val Loss: 0.066936
2025-12-29 22:15:22,737 | INFO     | Epoch 53/250 - Train Loss: 0.072053, Val Loss: 0.068621[0m
2025-12-29 22:26:18,302 | INFO     | Epoch 54/250 - Train Loss: 0.071493, Val Loss: 0.067162[0m
2025-12-29 22:37:13,946 | INFO     | Epoch 55/250 - Train Loss: 0.070958, Val Loss: 0.065315[0m
2025-12-29 22:37:13,998 | INFO     | New best model saved with Val Loss: 0.065315
2025-12-29 22:48:09,692 | INFO     | Epoch 56/250 - Train Loss: 0.070080, Val Loss: 0.065305[0m
2025-12-29 22:48:09,744 | INFO     | New best model saved with Val Loss: 0.065305
2025-12-29 22:59:05,226 | INFO     | Epoch 57/250 - Train Loss: 0.069839, Val Loss: 0.064486[0m
2025-12-29 22:59:05,277 | INFO     | New best model saved with Val Loss: 0.064486
2025-12-29 23:10:00,792 | INFO     | Epoch 58/250 - Train Loss: 0.069190, Val Loss: 0.064078[0m
2025-12-29 23:10:00,846 | INFO     | New best model saved with Val Loss: 0.064078
2025-12-29 23:20:56,511 | INFO     | Epoch 59/250 - Train Loss: 0.069629, Val Loss: 0.064180[0m
2025-12-29 23:31:52,181 | INFO     | Epoch 60/250 - Train Loss: 0.067573, Val Loss: 0.063437[0m
2025-12-29 23:31:52,236 | INFO     | New best model saved with Val Loss: 0.063437
2025-12-29 23:42:47,861 | INFO     | Epoch 61/250 - Train Loss: 0.068868, Val Loss: 0.063398[0m
2025-12-29 23:42:47,908 | INFO     | New best model saved with Val Loss: 0.063398
2025-12-29 23:53:43,319 | INFO     | Epoch 62/250 - Train Loss: 0.067552, Val Loss: 0.063698[0m
2025-12-30 00:04:39,237 | INFO     | Epoch 63/250 - Train Loss: 0.066935, Val Loss: 0.063453[0m
2025-12-30 00:15:35,179 | INFO     | Epoch 64/250 - Train Loss: 0.067115, Val Loss: 0.060761[0m
2025-12-30 00:15:35,231 | INFO     | New best model saved with Val Loss: 0.060761
2025-12-30 00:26:30,957 | INFO     | Epoch 65/250 - Train Loss: 0.065718, Val Loss: 0.063862[0m
2025-12-30 00:37:26,914 | INFO     | Epoch 66/250 - Train Loss: 0.066045, Val Loss: 0.063113[0m
2025-12-30 00:48:22,892 | INFO     | Epoch 67/250 - Train Loss: 0.065352, Val Loss: 0.062816[0m
2025-12-30 00:59:18,726 | INFO     | Epoch 68/250 - Train Loss: 0.065624, Val Loss: 0.062772[0m
2025-12-30 01:10:14,544 | INFO     | Epoch 69/250 - Train Loss: 0.065123, Val Loss: 0.061243[0m
2025-12-30 01:21:10,381 | INFO     | Epoch 70/250 - Train Loss: 0.064581, Val Loss: 0.061468[0m
2025-12-30 01:32:06,213 | INFO     | Epoch 71/250 - Train Loss: 0.064573, Val Loss: 0.060641[0m
2025-12-30 01:32:06,265 | INFO     | New best model saved with Val Loss: 0.060641
2025-12-30 01:43:02,019 | INFO     | Epoch 72/250 - Train Loss: 0.064041, Val Loss: 0.060968[0m
2025-12-30 01:53:57,103 | INFO     | Epoch 73/250 - Train Loss: 0.063336, Val Loss: 0.060988[0m
2025-12-30 02:04:52,652 | INFO     | Epoch 74/250 - Train Loss: 0.063480, Val Loss: 0.058463[0m
2025-12-30 02:04:52,702 | INFO     | New best model saved with Val Loss: 0.058463
2025-12-30 02:15:48,407 | INFO     | Epoch 75/250 - Train Loss: 0.062785, Val Loss: 0.063636[0m
2025-12-30 02:26:44,035 | INFO     | Epoch 76/250 - Train Loss: 0.062547, Val Loss: 0.058998[0m
2025-12-30 02:37:39,707 | INFO     | Epoch 77/250 - Train Loss: 0.062502, Val Loss: 0.059100[0m
2025-12-30 02:48:35,331 | INFO     | Epoch 78/250 - Train Loss: 0.063040, Val Loss: 0.059159[0m
2025-12-30 02:59:30,976 | INFO     | Epoch 79/250 - Train Loss: 0.062831, Val Loss: 0.057744[0m
2025-12-30 02:59:31,030 | INFO     | New best model saved with Val Loss: 0.057744
2025-12-30 03:10:26,658 | INFO     | Epoch 80/250 - Train Loss: 0.061849, Val Loss: 0.058319[0m
2025-12-30 03:21:22,313 | INFO     | Epoch 81/250 - Train Loss: 0.061985, Val Loss: 0.059014[0m
2025-12-30 03:32:17,988 | INFO     | Epoch 82/250 - Train Loss: 0.061141, Val Loss: 0.059012[0m
2025-12-30 03:43:13,567 | INFO     | Epoch 83/250 - Train Loss: 0.060952, Val Loss: 0.059162[0m
2025-12-30 03:54:09,259 | INFO     | Epoch 84/250 - Train Loss: 0.061079, Val Loss: 0.056816[0m
2025-12-30 03:54:09,312 | INFO     | New best model saved with Val Loss: 0.056816
2025-12-30 04:05:05,054 | INFO     | Epoch 85/250 - Train Loss: 0.060596, Val Loss: 0.057088[0m
2025-12-30 04:16:00,707 | INFO     | Epoch 86/250 - Train Loss: 0.060917, Val Loss: 0.058976[0m
2025-12-30 04:26:56,435 | INFO     | Epoch 87/250 - Train Loss: 0.059510, Val Loss: 0.065566[0m
2025-12-30 04:37:52,046 | INFO     | Epoch 88/250 - Train Loss: 0.059674, Val Loss: 0.059979[0m
2025-12-30 04:48:47,777 | INFO     | Epoch 89/250 - Train Loss: 0.061239, Val Loss: 0.057038[0m
2025-12-30 04:59:43,285 | INFO     | Epoch 90/250 - Train Loss: 0.058929, Val Loss: 0.059167[0m
2025-12-30 05:10:38,879 | INFO     | Epoch 91/250 - Train Loss: 0.059461, Val Loss: 0.056859[0m
2025-12-30 05:21:34,509 | INFO     | Epoch 92/250 - Train Loss: 0.059191, Val Loss: 0.055979[0m
2025-12-30 05:21:34,561 | INFO     | New best model saved with Val Loss: 0.055979
2025-12-30 05:32:30,240 | INFO     | Epoch 93/250 - Train Loss: 0.058817, Val Loss: 0.057373[0m
2025-12-30 05:43:24,703 | INFO     | Epoch 94/250 - Train Loss: 0.059125, Val Loss: 0.068834[0m
2025-12-30 05:54:19,472 | INFO     | Epoch 95/250 - Train Loss: 0.059051, Val Loss: 0.054296[0m
2025-12-30 05:54:19,527 | INFO     | New best model saved with Val Loss: 0.054296
2025-12-30 06:05:13,992 | INFO     | Epoch 96/250 - Train Loss: 0.058358, Val Loss: 0.055067[0m
2025-12-30 06:16:08,472 | INFO     | Epoch 97/250 - Train Loss: 0.058784, Val Loss: 0.058454[0m
2025-12-30 06:27:02,968 | INFO     | Epoch 98/250 - Train Loss: 0.056768, Val Loss: 0.055190[0m
2025-12-30 06:37:57,439 | INFO     | Epoch 99/250 - Train Loss: 0.057145, Val Loss: 0.056416[0m
2025-12-30 06:48:51,866 | INFO     | Epoch 100/250 - Train Loss: 0.057750, Val Loss: 0.058114[0m
2025-12-30 06:59:46,352 | INFO     | Epoch 101/250 - Train Loss: 0.052421, Val Loss: 0.065436[0m
2025-12-30 07:10:40,757 | INFO     | Epoch 102/250 - Train Loss: 0.052199, Val Loss: 0.051025[0m
2025-12-30 07:10:40,809 | INFO     | New best model saved with Val Loss: 0.051025
2025-12-30 07:21:35,177 | INFO     | Epoch 103/250 - Train Loss: 0.051479, Val Loss: 0.053164[0m
2025-12-30 07:32:29,551 | INFO     | Epoch 104/250 - Train Loss: 0.051327, Val Loss: 0.051921[0m
2025-12-30 07:43:23,977 | INFO     | Epoch 105/250 - Train Loss: 0.051855, Val Loss: 0.052201[0m
2025-12-30 07:54:18,430 | INFO     | Epoch 106/250 - Train Loss: 0.050982, Val Loss: 0.050368[0m
2025-12-30 07:54:18,485 | INFO     | New best model saved with Val Loss: 0.050368
2025-12-30 08:05:12,943 | INFO     | Epoch 107/250 - Train Loss: 0.050878, Val Loss: 0.050274[0m
2025-12-30 08:05:12,986 | INFO     | New best model saved with Val Loss: 0.050274
2025-12-30 08:16:07,491 | INFO     | Epoch 108/250 - Train Loss: 0.050410, Val Loss: 0.051564[0m
2025-12-30 08:27:02,011 | INFO     | Epoch 109/250 - Train Loss: 0.050891, Val Loss: 0.055331[0m
2025-12-30 08:37:56,507 | INFO     | Epoch 110/250 - Train Loss: 0.050342, Val Loss: 0.050865[0m
2025-12-30 08:48:50,919 | INFO     | Epoch 111/250 - Train Loss: 0.050498, Val Loss: 0.051118[0m
2025-12-30 08:59:45,818 | INFO     | Epoch 112/250 - Train Loss: 0.050103, Val Loss: 0.051041[0m
2025-12-30 09:10:40,793 | INFO     | Epoch 113/250 - Train Loss: 0.050400, Val Loss: 0.051397[0m
2025-12-30 09:21:35,658 | INFO     | Epoch 114/250 - Train Loss: 0.049553, Val Loss: 0.050924[0m
2025-12-30 09:32:30,692 | INFO     | Epoch 115/250 - Train Loss: 0.051251, Val Loss: 0.051715[0m
2025-12-30 09:43:25,617 | INFO     | Epoch 116/250 - Train Loss: 0.049342, Val Loss: 0.050496[0m
2025-12-30 09:54:20,601 | INFO     | Epoch 117/250 - Train Loss: 0.049300, Val Loss: 0.050833[0m
2025-12-30 10:05:15,621 | INFO     | Epoch 118/250 - Train Loss: 0.049802, Val Loss: 0.051248[0m
2025-12-30 10:16:10,569 | INFO     | Epoch 119/250 - Train Loss: 0.050164, Val Loss: 0.054034[0m
2025-12-30 10:27:05,575 | INFO     | Epoch 120/250 - Train Loss: 0.049510, Val Loss: 0.049343[0m
2025-12-30 10:27:05,627 | INFO     | New best model saved with Val Loss: 0.049343
2025-12-30 10:38:00,610 | INFO     | Epoch 121/250 - Train Loss: 0.049059, Val Loss: 0.054669[0m
2025-12-30 10:48:55,590 | INFO     | Epoch 122/250 - Train Loss: 0.049262, Val Loss: 0.050081[0m
2025-12-30 10:59:50,366 | INFO     | Epoch 123/250 - Train Loss: 0.049060, Val Loss: 0.050273[0m
2025-12-30 11:10:45,040 | INFO     | Epoch 124/250 - Train Loss: 0.047952, Val Loss: 0.049497[0m
2025-12-30 11:21:39,417 | INFO     | Epoch 125/250 - Train Loss: 0.048283, Val Loss: 0.052244[0m
2025-12-30 11:32:33,655 | INFO     | Epoch 126/250 - Train Loss: 0.048353, Val Loss: 0.049584[0m
2025-12-30 11:43:28,799 | INFO     | Epoch 127/250 - Train Loss: 0.048934, Val Loss: 0.049429[0m
2025-12-30 11:54:23,046 | INFO     | Epoch 128/250 - Train Loss: 0.048161, Val Loss: 0.060971[0m
2025-12-30 12:05:17,129 | INFO     | Epoch 129/250 - Train Loss: 0.048463, Val Loss: 0.054566[0m
2025-12-30 12:16:11,116 | INFO     | Epoch 130/250 - Train Loss: 0.048523, Val Loss: 0.049198[0m
2025-12-30 12:16:11,171 | INFO     | New best model saved with Val Loss: 0.049198
2025-12-30 12:27:05,284 | INFO     | Epoch 131/250 - Train Loss: 0.047279, Val Loss: 0.049657[0m
2025-12-30 12:37:59,232 | INFO     | Epoch 132/250 - Train Loss: 0.048696, Val Loss: 0.050937[0m
2025-12-30 12:48:53,255 | INFO     | Epoch 133/250 - Train Loss: 0.049127, Val Loss: 0.051288[0m
2025-12-30 12:59:47,209 | INFO     | Epoch 134/250 - Train Loss: 0.047011, Val Loss: 0.050398[0m
2025-12-30 13:10:41,218 | INFO     | Epoch 135/250 - Train Loss: 0.047640, Val Loss: 0.055917[0m
2025-12-30 13:21:35,252 | INFO     | Epoch 136/250 - Train Loss: 0.047295, Val Loss: 0.050628[0m
2025-12-30 13:32:29,263 | INFO     | Epoch 137/250 - Train Loss: 0.047954, Val Loss: 0.049842[0m
2025-12-30 13:43:23,271 | INFO     | Epoch 138/250 - Train Loss: 0.047020, Val Loss: 0.048887[0m
2025-12-30 13:43:23,327 | INFO     | New best model saved with Val Loss: 0.048887
2025-12-30 13:54:17,353 | INFO     | Epoch 139/250 - Train Loss: 0.048161, Val Loss: 0.049737[0m
2025-12-30 14:05:11,342 | INFO     | Epoch 140/250 - Train Loss: 0.048262, Val Loss: 0.050683[0m
