2025-12-22 17:44:29,256 | INFO     | Config:
exp_name: spressure_N10k_lr1e-3_e250_run1
model:
  input_dim: 3
  output_dim: 1
  head_num: 8
  hidden_dim: 256
  res: true
  slice_num: 32
  layer_num: 5
  mlp_ratio: 1.5
  dropout: 0.1
training:
  input: surface_anchor_position
  target: surface_anchor_pressure
  batch_size: 1
  epochs: 250
  lr: 0.001
  scheduler_step: 50
  scheduler_gamma: 0.5
  max_grad_norm: 0.1
  num_workers: 1
  weight_decay: 0.0
  test_only: 0
  gpus: '0'
  root_dir: /mnt/wjc_group/mae-zhangbj/DrivAerML_dataset/small
  seed: 42

2025-12-22 17:44:29,256 | INFO     | args.exp_name : spressure_N10k_lr1e-3_e250_run1
2025-12-22 17:44:29,256 | INFO     | Starting training with 1 GPUs
2025-12-22 17:44:29,753 | INFO     | Total trainable parameters: 3381321
2025-12-22 17:44:29,754 | INFO     | Data loaded: 380 training batches, 33 validation batches, 44 test batches
2025-12-22 17:44:29,755 | INFO     | Staring training for 250 epochs
2025-12-22 17:52:52,677 | INFO     | Epoch 1/250 - Train Loss: 0.876835, Val Loss: 0.618375[0m
2025-12-22 17:52:52,702 | INFO     | New best model saved with Val Loss: 0.618375
2025-12-22 18:01:40,599 | INFO     | Epoch 2/250 - Train Loss: 0.611773, Val Loss: 0.636640[0m
2025-12-22 18:10:28,294 | INFO     | Epoch 3/250 - Train Loss: 0.581581, Val Loss: 0.580222[0m
2025-12-22 18:10:28,346 | INFO     | New best model saved with Val Loss: 0.580222
2025-12-22 18:19:16,047 | INFO     | Epoch 4/250 - Train Loss: 0.577814, Val Loss: 0.532342[0m
2025-12-22 18:19:16,096 | INFO     | New best model saved with Val Loss: 0.532342
2025-12-22 18:28:03,703 | INFO     | Epoch 5/250 - Train Loss: 0.555296, Val Loss: 0.531314[0m
2025-12-22 18:28:03,755 | INFO     | New best model saved with Val Loss: 0.531314
2025-12-22 18:36:51,324 | INFO     | Epoch 6/250 - Train Loss: 0.534436, Val Loss: 0.537641[0m
2025-12-22 18:45:38,799 | INFO     | Epoch 7/250 - Train Loss: 0.510001, Val Loss: 0.550957[0m
2025-12-22 18:54:26,312 | INFO     | Epoch 8/250 - Train Loss: 0.495022, Val Loss: 0.450811[0m
2025-12-22 18:54:26,356 | INFO     | New best model saved with Val Loss: 0.450811
2025-12-22 19:03:13,816 | INFO     | Epoch 9/250 - Train Loss: 0.435808, Val Loss: 0.404856[0m
2025-12-22 19:03:13,869 | INFO     | New best model saved with Val Loss: 0.404856
2025-12-22 19:12:01,189 | INFO     | Epoch 10/250 - Train Loss: 0.423638, Val Loss: 0.396731[0m
2025-12-22 19:12:01,241 | INFO     | New best model saved with Val Loss: 0.396731
2025-12-22 19:20:48,715 | INFO     | Epoch 11/250 - Train Loss: 0.407401, Val Loss: 0.376920[0m
2025-12-22 19:20:48,767 | INFO     | New best model saved with Val Loss: 0.376920
2025-12-22 19:29:36,303 | INFO     | Epoch 12/250 - Train Loss: 0.375688, Val Loss: 0.334989[0m
2025-12-22 19:29:36,355 | INFO     | New best model saved with Val Loss: 0.334989
2025-12-22 19:38:23,873 | INFO     | Epoch 13/250 - Train Loss: 0.308733, Val Loss: 0.267153[0m
2025-12-22 19:38:23,929 | INFO     | New best model saved with Val Loss: 0.267153
2025-12-22 19:47:11,494 | INFO     | Epoch 14/250 - Train Loss: 0.272720, Val Loss: 0.247101[0m
2025-12-22 19:47:11,535 | INFO     | New best model saved with Val Loss: 0.247101
2025-12-22 19:55:59,080 | INFO     | Epoch 15/250 - Train Loss: 0.255724, Val Loss: 0.220330[0m
2025-12-22 19:55:59,132 | INFO     | New best model saved with Val Loss: 0.220330
2025-12-22 20:04:46,754 | INFO     | Epoch 16/250 - Train Loss: 0.233832, Val Loss: 0.215458[0m
2025-12-22 20:04:46,804 | INFO     | New best model saved with Val Loss: 0.215458
2025-12-22 20:13:34,345 | INFO     | Epoch 17/250 - Train Loss: 0.218072, Val Loss: 0.198093[0m
2025-12-22 20:13:34,384 | INFO     | New best model saved with Val Loss: 0.198093
2025-12-22 20:22:21,987 | INFO     | Epoch 18/250 - Train Loss: 0.203012, Val Loss: 0.189487[0m
2025-12-22 20:22:22,035 | INFO     | New best model saved with Val Loss: 0.189487
2025-12-22 20:31:09,596 | INFO     | Epoch 19/250 - Train Loss: 0.206503, Val Loss: 0.309282[0m
2025-12-22 20:39:57,140 | INFO     | Epoch 20/250 - Train Loss: 0.191107, Val Loss: 0.165420[0m
2025-12-22 20:39:57,187 | INFO     | New best model saved with Val Loss: 0.165420
2025-12-22 20:48:44,825 | INFO     | Epoch 21/250 - Train Loss: 0.177967, Val Loss: 0.175191[0m
2025-12-22 20:57:32,420 | INFO     | Epoch 22/250 - Train Loss: 0.164836, Val Loss: 0.152524[0m
2025-12-22 20:57:32,460 | INFO     | New best model saved with Val Loss: 0.152524
2025-12-22 21:06:20,049 | INFO     | Epoch 23/250 - Train Loss: 0.156692, Val Loss: 0.150066[0m
2025-12-22 21:06:20,088 | INFO     | New best model saved with Val Loss: 0.150066
2025-12-22 21:15:07,661 | INFO     | Epoch 24/250 - Train Loss: 0.150950, Val Loss: 0.134250[0m
2025-12-22 21:15:07,709 | INFO     | New best model saved with Val Loss: 0.134250
2025-12-22 21:23:55,253 | INFO     | Epoch 25/250 - Train Loss: 0.145454, Val Loss: 0.130467[0m
2025-12-22 21:23:55,304 | INFO     | New best model saved with Val Loss: 0.130467
2025-12-22 21:32:42,843 | INFO     | Epoch 26/250 - Train Loss: 0.140947, Val Loss: 0.131436[0m
2025-12-22 21:41:30,373 | INFO     | Epoch 27/250 - Train Loss: 0.136744, Val Loss: 0.119999[0m
2025-12-22 21:41:30,424 | INFO     | New best model saved with Val Loss: 0.119999
2025-12-22 21:50:17,974 | INFO     | Epoch 28/250 - Train Loss: 0.131932, Val Loss: 0.125191[0m
2025-12-22 21:59:05,474 | INFO     | Epoch 29/250 - Train Loss: 0.126871, Val Loss: 0.123973[0m
2025-12-22 22:07:52,907 | INFO     | Epoch 30/250 - Train Loss: 0.122320, Val Loss: 0.111781[0m
2025-12-22 22:07:52,958 | INFO     | New best model saved with Val Loss: 0.111781
2025-12-22 22:16:40,590 | INFO     | Epoch 31/250 - Train Loss: 0.118662, Val Loss: 0.116177[0m
2025-12-22 22:25:28,105 | INFO     | Epoch 32/250 - Train Loss: 0.117817, Val Loss: 0.106176[0m
2025-12-22 22:25:28,156 | INFO     | New best model saved with Val Loss: 0.106176
2025-12-22 22:34:15,653 | INFO     | Epoch 33/250 - Train Loss: 0.112306, Val Loss: 0.103446[0m
2025-12-22 22:34:15,704 | INFO     | New best model saved with Val Loss: 0.103446
2025-12-22 22:43:03,152 | INFO     | Epoch 34/250 - Train Loss: 0.110325, Val Loss: 0.099388[0m
2025-12-22 22:43:03,199 | INFO     | New best model saved with Val Loss: 0.099388
2025-12-22 22:51:50,668 | INFO     | Epoch 35/250 - Train Loss: 0.108446, Val Loss: 0.095585[0m
2025-12-22 22:51:50,719 | INFO     | New best model saved with Val Loss: 0.095585
2025-12-22 23:00:38,169 | INFO     | Epoch 36/250 - Train Loss: 0.102737, Val Loss: 0.091464[0m
2025-12-22 23:00:38,221 | INFO     | New best model saved with Val Loss: 0.091464
2025-12-22 23:09:25,714 | INFO     | Epoch 37/250 - Train Loss: 0.100799, Val Loss: 0.091815[0m
2025-12-22 23:18:13,169 | INFO     | Epoch 38/250 - Train Loss: 0.097401, Val Loss: 0.092603[0m
2025-12-22 23:27:00,634 | INFO     | Epoch 39/250 - Train Loss: 0.094925, Val Loss: 0.089311[0m
2025-12-22 23:27:00,674 | INFO     | New best model saved with Val Loss: 0.089311
2025-12-22 23:35:48,096 | INFO     | Epoch 40/250 - Train Loss: 0.093809, Val Loss: 0.088478[0m
2025-12-22 23:35:48,147 | INFO     | New best model saved with Val Loss: 0.088478
2025-12-22 23:44:35,628 | INFO     | Epoch 41/250 - Train Loss: 0.090711, Val Loss: 0.080533[0m
2025-12-22 23:44:35,679 | INFO     | New best model saved with Val Loss: 0.080533
2025-12-22 23:53:23,172 | INFO     | Epoch 42/250 - Train Loss: 0.088664, Val Loss: 0.080329[0m
2025-12-22 23:53:23,223 | INFO     | New best model saved with Val Loss: 0.080329
2025-12-23 00:02:10,672 | INFO     | Epoch 43/250 - Train Loss: 0.088711, Val Loss: 0.081611[0m
2025-12-23 00:10:58,133 | INFO     | Epoch 44/250 - Train Loss: 0.084086, Val Loss: 0.080712[0m
2025-12-23 00:19:45,564 | INFO     | Epoch 45/250 - Train Loss: 0.083823, Val Loss: 0.082634[0m
2025-12-23 00:28:33,033 | INFO     | Epoch 46/250 - Train Loss: 0.080330, Val Loss: 0.071338[0m
2025-12-23 00:28:33,085 | INFO     | New best model saved with Val Loss: 0.071338
2025-12-23 00:37:20,492 | INFO     | Epoch 47/250 - Train Loss: 0.078256, Val Loss: 0.074058[0m
2025-12-23 00:46:07,970 | INFO     | Epoch 48/250 - Train Loss: 0.077542, Val Loss: 0.071507[0m
2025-12-23 00:54:55,449 | INFO     | Epoch 49/250 - Train Loss: 0.075944, Val Loss: 0.068216[0m
2025-12-23 00:54:55,500 | INFO     | New best model saved with Val Loss: 0.068216
2025-12-23 01:03:42,889 | INFO     | Epoch 50/250 - Train Loss: 0.077229, Val Loss: 0.069134[0m
2025-12-23 01:12:30,429 | INFO     | Epoch 51/250 - Train Loss: 0.062483, Val Loss: 0.058233[0m
2025-12-23 01:12:30,480 | INFO     | New best model saved with Val Loss: 0.058233
2025-12-23 01:21:17,921 | INFO     | Epoch 52/250 - Train Loss: 0.060417, Val Loss: 0.057875[0m
2025-12-23 01:21:17,960 | INFO     | New best model saved with Val Loss: 0.057875
2025-12-23 01:30:05,348 | INFO     | Epoch 53/250 - Train Loss: 0.059865, Val Loss: 0.058156[0m
2025-12-23 01:38:52,752 | INFO     | Epoch 54/250 - Train Loss: 0.058917, Val Loss: 0.057174[0m
2025-12-23 01:38:52,803 | INFO     | New best model saved with Val Loss: 0.057174
2025-12-23 01:47:40,177 | INFO     | Epoch 55/250 - Train Loss: 0.058924, Val Loss: 0.054581[0m
2025-12-23 01:47:40,228 | INFO     | New best model saved with Val Loss: 0.054581
2025-12-23 01:56:27,615 | INFO     | Epoch 56/250 - Train Loss: 0.057784, Val Loss: 0.055051[0m
2025-12-23 02:05:14,998 | INFO     | Epoch 57/250 - Train Loss: 0.057059, Val Loss: 0.054418[0m
2025-12-23 02:05:15,048 | INFO     | New best model saved with Val Loss: 0.054418
2025-12-23 02:14:02,475 | INFO     | Epoch 58/250 - Train Loss: 0.056450, Val Loss: 0.051451[0m
2025-12-23 02:14:02,526 | INFO     | New best model saved with Val Loss: 0.051451
2025-12-23 02:22:49,985 | INFO     | Epoch 59/250 - Train Loss: 0.056036, Val Loss: 0.051555[0m
2025-12-23 02:31:37,335 | INFO     | Epoch 60/250 - Train Loss: 0.056025, Val Loss: 0.051682[0m
2025-12-23 02:40:24,692 | INFO     | Epoch 61/250 - Train Loss: 0.053149, Val Loss: 0.053956[0m
2025-12-23 02:49:12,080 | INFO     | Epoch 62/250 - Train Loss: 0.053119, Val Loss: 0.052276[0m
2025-12-23 02:57:59,381 | INFO     | Epoch 63/250 - Train Loss: 0.052646, Val Loss: 0.047338[0m
2025-12-23 02:57:59,431 | INFO     | New best model saved with Val Loss: 0.047338
2025-12-23 03:06:46,744 | INFO     | Epoch 64/250 - Train Loss: 0.051567, Val Loss: 0.049800[0m
2025-12-23 03:15:34,138 | INFO     | Epoch 65/250 - Train Loss: 0.051420, Val Loss: 0.048234[0m
2025-12-23 03:24:21,472 | INFO     | Epoch 66/250 - Train Loss: 0.050431, Val Loss: 0.047298[0m
2025-12-23 03:24:21,522 | INFO     | New best model saved with Val Loss: 0.047298
2025-12-23 03:33:08,856 | INFO     | Epoch 67/250 - Train Loss: 0.049686, Val Loss: 0.048128[0m
2025-12-23 03:41:56,253 | INFO     | Epoch 68/250 - Train Loss: 0.049389, Val Loss: 0.048420[0m
2025-12-23 03:50:43,663 | INFO     | Epoch 69/250 - Train Loss: 0.048911, Val Loss: 0.047497[0m
2025-12-23 03:59:30,962 | INFO     | Epoch 70/250 - Train Loss: 0.048360, Val Loss: 0.046372[0m
2025-12-23 03:59:31,014 | INFO     | New best model saved with Val Loss: 0.046372
2025-12-23 04:08:18,427 | INFO     | Epoch 71/250 - Train Loss: 0.047574, Val Loss: 0.046204[0m
2025-12-23 04:08:18,477 | INFO     | New best model saved with Val Loss: 0.046204
2025-12-23 04:17:05,837 | INFO     | Epoch 72/250 - Train Loss: 0.047899, Val Loss: 0.043211[0m
2025-12-23 04:17:05,887 | INFO     | New best model saved with Val Loss: 0.043211
2025-12-23 04:25:53,245 | INFO     | Epoch 73/250 - Train Loss: 0.046280, Val Loss: 0.043292[0m
2025-12-23 04:34:40,620 | INFO     | Epoch 74/250 - Train Loss: 0.046047, Val Loss: 0.045691[0m
2025-12-23 04:43:27,978 | INFO     | Epoch 75/250 - Train Loss: 0.046076, Val Loss: 0.042393[0m
2025-12-23 04:43:28,028 | INFO     | New best model saved with Val Loss: 0.042393
2025-12-23 04:52:15,336 | INFO     | Epoch 76/250 - Train Loss: 0.044685, Val Loss: 0.042919[0m
2025-12-23 05:01:02,665 | INFO     | Epoch 77/250 - Train Loss: 0.045704, Val Loss: 0.044098[0m
2025-12-23 05:09:50,033 | INFO     | Epoch 78/250 - Train Loss: 0.044742, Val Loss: 0.042786[0m
2025-12-23 05:18:37,368 | INFO     | Epoch 79/250 - Train Loss: 0.043681, Val Loss: 0.044929[0m
2025-12-23 05:27:24,733 | INFO     | Epoch 80/250 - Train Loss: 0.044142, Val Loss: 0.041150[0m
2025-12-23 05:27:24,783 | INFO     | New best model saved with Val Loss: 0.041150
2025-12-23 05:36:12,137 | INFO     | Epoch 81/250 - Train Loss: 0.043567, Val Loss: 0.042250[0m
2025-12-23 05:44:59,516 | INFO     | Epoch 82/250 - Train Loss: 0.043464, Val Loss: 0.047382[0m
2025-12-23 05:53:46,860 | INFO     | Epoch 83/250 - Train Loss: 0.042937, Val Loss: 0.042158[0m
2025-12-23 06:02:34,176 | INFO     | Epoch 84/250 - Train Loss: 0.042508, Val Loss: 0.040433[0m
2025-12-23 06:02:34,216 | INFO     | New best model saved with Val Loss: 0.040433
2025-12-23 06:11:21,649 | INFO     | Epoch 85/250 - Train Loss: 0.042268, Val Loss: 0.039263[0m
2025-12-23 06:11:21,700 | INFO     | New best model saved with Val Loss: 0.039263
2025-12-23 06:20:09,080 | INFO     | Epoch 86/250 - Train Loss: 0.041689, Val Loss: 0.039472[0m
2025-12-23 06:28:56,480 | INFO     | Epoch 87/250 - Train Loss: 0.042396, Val Loss: 0.040255[0m
2025-12-23 06:37:43,831 | INFO     | Epoch 88/250 - Train Loss: 0.041146, Val Loss: 0.040258[0m
2025-12-23 06:46:31,232 | INFO     | Epoch 89/250 - Train Loss: 0.041358, Val Loss: 0.039844[0m
2025-12-23 06:55:18,505 | INFO     | Epoch 90/250 - Train Loss: 0.040688, Val Loss: 0.039331[0m
2025-12-23 07:04:05,941 | INFO     | Epoch 91/250 - Train Loss: 0.040868, Val Loss: 0.037287[0m
2025-12-23 07:04:05,992 | INFO     | New best model saved with Val Loss: 0.037287
2025-12-23 07:12:53,359 | INFO     | Epoch 92/250 - Train Loss: 0.039704, Val Loss: 0.037302[0m
2025-12-23 07:21:40,736 | INFO     | Epoch 93/250 - Train Loss: 0.040558, Val Loss: 0.040248[0m
2025-12-23 07:30:28,065 | INFO     | Epoch 94/250 - Train Loss: 0.040235, Val Loss: 0.040565[0m
2025-12-23 07:39:15,380 | INFO     | Epoch 95/250 - Train Loss: 0.038823, Val Loss: 0.037912[0m
2025-12-23 07:48:02,754 | INFO     | Epoch 96/250 - Train Loss: 0.039047, Val Loss: 0.036494[0m
2025-12-23 07:48:02,805 | INFO     | New best model saved with Val Loss: 0.036494
2025-12-23 07:56:50,118 | INFO     | Epoch 97/250 - Train Loss: 0.038866, Val Loss: 0.038588[0m
2025-12-23 08:05:37,436 | INFO     | Epoch 98/250 - Train Loss: 0.038540, Val Loss: 0.036132[0m
2025-12-23 08:05:37,489 | INFO     | New best model saved with Val Loss: 0.036132
2025-12-23 08:14:24,877 | INFO     | Epoch 99/250 - Train Loss: 0.038156, Val Loss: 0.036329[0m
2025-12-23 08:23:12,178 | INFO     | Epoch 100/250 - Train Loss: 0.037262, Val Loss: 0.039961[0m
2025-12-23 08:31:59,525 | INFO     | Epoch 101/250 - Train Loss: 0.032150, Val Loss: 0.031101[0m
2025-12-23 08:31:59,576 | INFO     | New best model saved with Val Loss: 0.031101
2025-12-23 08:40:46,906 | INFO     | Epoch 102/250 - Train Loss: 0.031502, Val Loss: 0.031303[0m
2025-12-23 08:49:34,224 | INFO     | Epoch 103/250 - Train Loss: 0.031539, Val Loss: 0.030437[0m
2025-12-23 08:49:34,269 | INFO     | New best model saved with Val Loss: 0.030437
2025-12-23 08:58:21,798 | INFO     | Epoch 104/250 - Train Loss: 0.031234, Val Loss: 0.030682[0m
2025-12-23 09:07:09,486 | INFO     | Epoch 105/250 - Train Loss: 0.031022, Val Loss: 0.031236[0m
2025-12-23 09:15:57,172 | INFO     | Epoch 106/250 - Train Loss: 0.031189, Val Loss: 0.030085[0m
2025-12-23 09:15:57,224 | INFO     | New best model saved with Val Loss: 0.030085
2025-12-23 09:24:44,900 | INFO     | Epoch 107/250 - Train Loss: 0.030640, Val Loss: 0.032179[0m
2025-12-23 09:33:32,572 | INFO     | Epoch 108/250 - Train Loss: 0.031040, Val Loss: 0.032046[0m
2025-12-23 09:42:20,275 | INFO     | Epoch 109/250 - Train Loss: 0.030491, Val Loss: 0.030146[0m
2025-12-23 09:51:07,925 | INFO     | Epoch 110/250 - Train Loss: 0.030337, Val Loss: 0.030952[0m
2025-12-23 09:59:55,638 | INFO     | Epoch 111/250 - Train Loss: 0.030398, Val Loss: 0.029825[0m
2025-12-23 09:59:55,685 | INFO     | New best model saved with Val Loss: 0.029825
2025-12-23 10:08:43,349 | INFO     | Epoch 112/250 - Train Loss: 0.029951, Val Loss: 0.030097[0m
2025-12-23 10:17:31,057 | INFO     | Epoch 113/250 - Train Loss: 0.029957, Val Loss: 0.031438[0m
2025-12-23 10:26:18,737 | INFO     | Epoch 114/250 - Train Loss: 0.029528, Val Loss: 0.030008[0m
2025-12-23 10:35:06,397 | INFO     | Epoch 115/250 - Train Loss: 0.029725, Val Loss: 0.029010[0m
2025-12-23 10:35:06,448 | INFO     | New best model saved with Val Loss: 0.029010
2025-12-23 10:43:54,161 | INFO     | Epoch 116/250 - Train Loss: 0.029193, Val Loss: 0.030036[0m
2025-12-23 10:52:41,857 | INFO     | Epoch 117/250 - Train Loss: 0.029335, Val Loss: 0.028917[0m
2025-12-23 10:52:41,908 | INFO     | New best model saved with Val Loss: 0.028917
2025-12-23 11:01:29,553 | INFO     | Epoch 118/250 - Train Loss: 0.029216, Val Loss: 0.028929[0m
2025-12-23 11:10:17,234 | INFO     | Epoch 119/250 - Train Loss: 0.028677, Val Loss: 0.030002[0m
2025-12-23 11:19:04,877 | INFO     | Epoch 120/250 - Train Loss: 0.029291, Val Loss: 0.028976[0m
2025-12-23 11:27:52,595 | INFO     | Epoch 121/250 - Train Loss: 0.028626, Val Loss: 0.028400[0m
2025-12-23 11:27:52,642 | INFO     | New best model saved with Val Loss: 0.028400
2025-12-23 11:36:40,290 | INFO     | Epoch 122/250 - Train Loss: 0.028509, Val Loss: 0.028034[0m
2025-12-23 11:36:40,342 | INFO     | New best model saved with Val Loss: 0.028034
2025-12-23 11:45:28,035 | INFO     | Epoch 123/250 - Train Loss: 0.028590, Val Loss: 0.028661[0m
2025-12-23 11:54:15,697 | INFO     | Epoch 124/250 - Train Loss: 0.028631, Val Loss: 0.029244[0m
2025-12-23 12:03:03,240 | INFO     | Epoch 125/250 - Train Loss: 0.028389, Val Loss: 0.028047[0m
2025-12-23 12:11:50,746 | INFO     | Epoch 126/250 - Train Loss: 0.028139, Val Loss: 0.029678[0m
2025-12-23 12:20:38,294 | INFO     | Epoch 127/250 - Train Loss: 0.028115, Val Loss: 0.027518[0m
2025-12-23 12:20:38,345 | INFO     | New best model saved with Val Loss: 0.027518
2025-12-23 12:29:25,841 | INFO     | Epoch 128/250 - Train Loss: 0.027841, Val Loss: 0.028538[0m
2025-12-23 12:38:13,360 | INFO     | Epoch 129/250 - Train Loss: 0.027591, Val Loss: 0.028116[0m
2025-12-23 12:47:00,823 | INFO     | Epoch 130/250 - Train Loss: 0.027558, Val Loss: 0.028984[0m
2025-12-23 12:55:48,393 | INFO     | Epoch 131/250 - Train Loss: 0.027232, Val Loss: 0.027237[0m
2025-12-23 12:55:48,444 | INFO     | New best model saved with Val Loss: 0.027237
2025-12-23 13:04:35,943 | INFO     | Epoch 132/250 - Train Loss: 0.027509, Val Loss: 0.029142[0m
2025-12-23 13:13:23,467 | INFO     | Epoch 133/250 - Train Loss: 0.027356, Val Loss: 0.028776[0m
2025-12-23 13:22:11,037 | INFO     | Epoch 134/250 - Train Loss: 0.027252, Val Loss: 0.027111[0m
2025-12-23 13:22:11,091 | INFO     | New best model saved with Val Loss: 0.027111
2025-12-23 13:30:58,565 | INFO     | Epoch 135/250 - Train Loss: 0.027075, Val Loss: 0.026968[0m
2025-12-23 13:30:58,604 | INFO     | New best model saved with Val Loss: 0.026968
2025-12-23 13:39:46,129 | INFO     | Epoch 136/250 - Train Loss: 0.026891, Val Loss: 0.027755[0m
2025-12-23 13:48:33,620 | INFO     | Epoch 137/250 - Train Loss: 0.027172, Val Loss: 0.028568[0m
2025-12-23 13:57:21,173 | INFO     | Epoch 138/250 - Train Loss: 0.026911, Val Loss: 0.027326[0m
2025-12-23 14:06:08,721 | INFO     | Epoch 139/250 - Train Loss: 0.026682, Val Loss: 0.026678[0m
2025-12-23 14:06:08,767 | INFO     | New best model saved with Val Loss: 0.026678
2025-12-23 14:14:56,214 | INFO     | Epoch 140/250 - Train Loss: 0.026364, Val Loss: 0.026721[0m
2025-12-23 14:23:43,820 | INFO     | Epoch 141/250 - Train Loss: 0.026499, Val Loss: 0.027697[0m
2025-12-23 14:32:31,374 | INFO     | Epoch 142/250 - Train Loss: 0.026313, Val Loss: 0.026757[0m
2025-12-23 14:41:18,881 | INFO     | Epoch 143/250 - Train Loss: 0.026296, Val Loss: 0.027581[0m
2025-12-23 14:50:06,380 | INFO     | Epoch 144/250 - Train Loss: 0.026252, Val Loss: 0.027070[0m
2025-12-23 14:58:53,755 | INFO     | Epoch 145/250 - Train Loss: 0.026071, Val Loss: 0.028023[0m
2025-12-23 15:07:41,126 | INFO     | Epoch 146/250 - Train Loss: 0.026554, Val Loss: 0.027295[0m
2025-12-23 15:16:28,524 | INFO     | Epoch 147/250 - Train Loss: 0.025952, Val Loss: 0.028277[0m
2025-12-23 15:25:15,876 | INFO     | Epoch 148/250 - Train Loss: 0.025756, Val Loss: 0.028846[0m
2025-12-23 15:34:03,248 | INFO     | Epoch 149/250 - Train Loss: 0.025741, Val Loss: 0.026720[0m
2025-12-23 15:42:50,573 | INFO     | Epoch 150/250 - Train Loss: 0.025922, Val Loss: 0.027799[0m
2025-12-23 15:51:37,965 | INFO     | Epoch 151/250 - Train Loss: 0.022781, Val Loss: 0.023490[0m
2025-12-23 15:51:38,019 | INFO     | New best model saved with Val Loss: 0.023490
2025-12-23 16:00:25,353 | INFO     | Epoch 152/250 - Train Loss: 0.022536, Val Loss: 0.023755[0m
2025-12-23 16:09:12,695 | INFO     | Epoch 153/250 - Train Loss: 0.022457, Val Loss: 0.024561[0m
2025-12-23 16:18:00,032 | INFO     | Epoch 154/250 - Train Loss: 0.022315, Val Loss: 0.023691[0m
2025-12-23 16:26:47,405 | INFO     | Epoch 155/250 - Train Loss: 0.022315, Val Loss: 0.023594[0m
2025-12-23 16:35:34,773 | INFO     | Epoch 156/250 - Train Loss: 0.022351, Val Loss: 0.024690[0m
2025-12-23 16:44:22,396 | INFO     | Epoch 157/250 - Train Loss: 0.022206, Val Loss: 0.023931[0m
2025-12-23 16:53:09,768 | INFO     | Epoch 158/250 - Train Loss: 0.022041, Val Loss: 0.023300[0m
2025-12-23 16:53:09,821 | INFO     | New best model saved with Val Loss: 0.023300
2025-12-23 17:01:57,169 | INFO     | Epoch 159/250 - Train Loss: 0.022129, Val Loss: 0.023744[0m
2025-12-23 17:10:44,499 | INFO     | Epoch 160/250 - Train Loss: 0.021999, Val Loss: 0.023319[0m
2025-12-23 17:19:31,933 | INFO     | Epoch 161/250 - Train Loss: 0.021941, Val Loss: 0.024149[0m
2025-12-23 17:28:19,248 | INFO     | Epoch 162/250 - Train Loss: 0.021869, Val Loss: 0.023293[0m
2025-12-23 17:28:19,300 | INFO     | New best model saved with Val Loss: 0.023293
2025-12-23 17:37:06,706 | INFO     | Epoch 163/250 - Train Loss: 0.021806, Val Loss: 0.023245[0m
2025-12-23 17:37:06,757 | INFO     | New best model saved with Val Loss: 0.023245
2025-12-23 17:45:54,128 | INFO     | Epoch 164/250 - Train Loss: 0.021679, Val Loss: 0.023359[0m
2025-12-23 17:54:41,449 | INFO     | Epoch 165/250 - Train Loss: 0.021884, Val Loss: 0.023641[0m
2025-12-23 18:03:28,746 | INFO     | Epoch 166/250 - Train Loss: 0.021709, Val Loss: 0.022963[0m
2025-12-23 18:03:28,797 | INFO     | New best model saved with Val Loss: 0.022963
2025-12-23 18:12:16,154 | INFO     | Epoch 167/250 - Train Loss: 0.021521, Val Loss: 0.023133[0m
2025-12-23 18:21:03,541 | INFO     | Epoch 168/250 - Train Loss: 0.021478, Val Loss: 0.023160[0m
2025-12-23 18:29:50,905 | INFO     | Epoch 169/250 - Train Loss: 0.021552, Val Loss: 0.022507[0m
2025-12-23 18:29:50,956 | INFO     | New best model saved with Val Loss: 0.022507
2025-12-23 18:38:38,291 | INFO     | Epoch 170/250 - Train Loss: 0.021288, Val Loss: 0.023128[0m
2025-12-23 18:47:25,668 | INFO     | Epoch 171/250 - Train Loss: 0.021125, Val Loss: 0.022640[0m
2025-12-23 18:56:13,045 | INFO     | Epoch 172/250 - Train Loss: 0.021306, Val Loss: 0.022799[0m
2025-12-23 19:05:00,418 | INFO     | Epoch 173/250 - Train Loss: 0.021096, Val Loss: 0.022635[0m
2025-12-23 19:13:47,776 | INFO     | Epoch 174/250 - Train Loss: 0.021161, Val Loss: 0.022740[0m
2025-12-23 19:22:35,157 | INFO     | Epoch 175/250 - Train Loss: 0.021009, Val Loss: 0.022160[0m
2025-12-23 19:22:35,209 | INFO     | New best model saved with Val Loss: 0.022160
2025-12-23 19:31:22,524 | INFO     | Epoch 176/250 - Train Loss: 0.021031, Val Loss: 0.022885[0m
2025-12-23 19:40:09,933 | INFO     | Epoch 177/250 - Train Loss: 0.020998, Val Loss: 0.023056[0m
2025-12-23 19:48:57,257 | INFO     | Epoch 178/250 - Train Loss: 0.020993, Val Loss: 0.022681[0m
2025-12-23 19:57:44,625 | INFO     | Epoch 179/250 - Train Loss: 0.020781, Val Loss: 0.022332[0m
2025-12-23 20:06:31,969 | INFO     | Epoch 180/250 - Train Loss: 0.020901, Val Loss: 0.022904[0m
2025-12-23 20:15:19,384 | INFO     | Epoch 181/250 - Train Loss: 0.020673, Val Loss: 0.022473[0m
2025-12-23 20:24:06,701 | INFO     | Epoch 182/250 - Train Loss: 0.020655, Val Loss: 0.022578[0m
2025-12-23 20:32:54,033 | INFO     | Epoch 183/250 - Train Loss: 0.020715, Val Loss: 0.022062[0m
2025-12-23 20:32:54,084 | INFO     | New best model saved with Val Loss: 0.022062
2025-12-23 20:41:41,476 | INFO     | Epoch 184/250 - Train Loss: 0.020706, Val Loss: 0.022917[0m
2025-12-23 20:50:28,900 | INFO     | Epoch 185/250 - Train Loss: 0.020610, Val Loss: 0.022717[0m
2025-12-23 20:59:16,248 | INFO     | Epoch 186/250 - Train Loss: 0.020424, Val Loss: 0.021752[0m
2025-12-23 20:59:16,297 | INFO     | New best model saved with Val Loss: 0.021752
2025-12-23 21:08:03,684 | INFO     | Epoch 187/250 - Train Loss: 0.020612, Val Loss: 0.022492[0m
2025-12-23 21:16:51,081 | INFO     | Epoch 188/250 - Train Loss: 0.020384, Val Loss: 0.022522[0m
2025-12-23 21:25:38,403 | INFO     | Epoch 189/250 - Train Loss: 0.020300, Val Loss: 0.022338[0m
2025-12-23 21:34:25,792 | INFO     | Epoch 190/250 - Train Loss: 0.020386, Val Loss: 0.022266[0m
2025-12-23 21:43:13,212 | INFO     | Epoch 191/250 - Train Loss: 0.020195, Val Loss: 0.022820[0m
2025-12-23 21:52:00,592 | INFO     | Epoch 192/250 - Train Loss: 0.020289, Val Loss: 0.022591[0m
2025-12-23 22:00:47,909 | INFO     | Epoch 193/250 - Train Loss: 0.020362, Val Loss: 0.022453[0m
2025-12-23 22:09:35,216 | INFO     | Epoch 194/250 - Train Loss: 0.020255, Val Loss: 0.021991[0m
2025-12-23 22:18:22,577 | INFO     | Epoch 195/250 - Train Loss: 0.020098, Val Loss: 0.022127[0m
2025-12-23 22:27:09,924 | INFO     | Epoch 196/250 - Train Loss: 0.020092, Val Loss: 0.021897[0m
2025-12-23 22:35:57,312 | INFO     | Epoch 197/250 - Train Loss: 0.020088, Val Loss: 0.021914[0m
2025-12-23 22:44:44,637 | INFO     | Epoch 198/250 - Train Loss: 0.020049, Val Loss: 0.022606[0m
2025-12-23 22:53:31,975 | INFO     | Epoch 199/250 - Train Loss: 0.019990, Val Loss: 0.022069[0m
2025-12-23 23:02:19,256 | INFO     | Epoch 200/250 - Train Loss: 0.019887, Val Loss: 0.022009[0m
2025-12-23 23:11:06,629 | INFO     | Epoch 201/250 - Train Loss: 0.018448, Val Loss: 0.020368[0m
2025-12-23 23:11:06,676 | INFO     | New best model saved with Val Loss: 0.020368
2025-12-23 23:19:53,979 | INFO     | Epoch 202/250 - Train Loss: 0.018379, Val Loss: 0.020214[0m
2025-12-23 23:19:54,030 | INFO     | New best model saved with Val Loss: 0.020214
2025-12-23 23:28:41,366 | INFO     | Epoch 203/250 - Train Loss: 0.018369, Val Loss: 0.020273[0m
2025-12-23 23:37:28,705 | INFO     | Epoch 204/250 - Train Loss: 0.018343, Val Loss: 0.020267[0m
2025-12-23 23:46:16,056 | INFO     | Epoch 205/250 - Train Loss: 0.018305, Val Loss: 0.020779[0m
2025-12-23 23:55:03,421 | INFO     | Epoch 206/250 - Train Loss: 0.018340, Val Loss: 0.020407[0m
2025-12-24 00:03:50,717 | INFO     | Epoch 207/250 - Train Loss: 0.018254, Val Loss: 0.020547[0m
2025-12-24 00:12:38,064 | INFO     | Epoch 208/250 - Train Loss: 0.018252, Val Loss: 0.020277[0m
2025-12-24 00:21:25,421 | INFO     | Epoch 209/250 - Train Loss: 0.018277, Val Loss: 0.020186[0m
2025-12-24 00:21:25,472 | INFO     | New best model saved with Val Loss: 0.020186
2025-12-24 00:30:12,740 | INFO     | Epoch 210/250 - Train Loss: 0.018119, Val Loss: 0.020395[0m
2025-12-24 00:39:00,153 | INFO     | Epoch 211/250 - Train Loss: 0.018168, Val Loss: 0.020290[0m
2025-12-24 00:47:47,456 | INFO     | Epoch 212/250 - Train Loss: 0.018129, Val Loss: 0.020377[0m
2025-12-24 00:56:34,787 | INFO     | Epoch 213/250 - Train Loss: 0.018114, Val Loss: 0.020074[0m
2025-12-24 00:56:34,838 | INFO     | New best model saved with Val Loss: 0.020074
2025-12-24 01:05:22,180 | INFO     | Epoch 214/250 - Train Loss: 0.017998, Val Loss: 0.020180[0m
2025-12-24 01:14:09,525 | INFO     | Epoch 215/250 - Train Loss: 0.018056, Val Loss: 0.020417[0m
2025-12-24 01:22:56,872 | INFO     | Epoch 216/250 - Train Loss: 0.017933, Val Loss: 0.020557[0m
2025-12-24 01:31:44,224 | INFO     | Epoch 217/250 - Train Loss: 0.018003, Val Loss: 0.020147[0m
2025-12-24 01:40:31,485 | INFO     | Epoch 218/250 - Train Loss: 0.017890, Val Loss: 0.020127[0m
2025-12-24 01:49:18,801 | INFO     | Epoch 219/250 - Train Loss: 0.017872, Val Loss: 0.020042[0m
2025-12-24 01:49:18,852 | INFO     | New best model saved with Val Loss: 0.020042
2025-12-24 01:58:06,112 | INFO     | Epoch 220/250 - Train Loss: 0.017830, Val Loss: 0.020449[0m
2025-12-24 02:06:53,468 | INFO     | Epoch 221/250 - Train Loss: 0.017860, Val Loss: 0.020365[0m
2025-12-24 02:15:40,837 | INFO     | Epoch 222/250 - Train Loss: 0.017808, Val Loss: 0.020007[0m
2025-12-24 02:15:40,888 | INFO     | New best model saved with Val Loss: 0.020007
2025-12-24 02:24:28,176 | INFO     | Epoch 223/250 - Train Loss: 0.017811, Val Loss: 0.020377[0m
2025-12-24 02:33:15,456 | INFO     | Epoch 224/250 - Train Loss: 0.017746, Val Loss: 0.020147[0m
2025-12-24 02:42:02,853 | INFO     | Epoch 225/250 - Train Loss: 0.017746, Val Loss: 0.020158[0m
2025-12-24 02:50:50,168 | INFO     | Epoch 226/250 - Train Loss: 0.017745, Val Loss: 0.019743[0m
2025-12-24 02:50:50,221 | INFO     | New best model saved with Val Loss: 0.019743
2025-12-24 02:59:37,556 | INFO     | Epoch 227/250 - Train Loss: 0.017711, Val Loss: 0.019801[0m
2025-12-24 03:08:24,865 | INFO     | Epoch 228/250 - Train Loss: 0.017633, Val Loss: 0.020021[0m
2025-12-24 03:17:12,229 | INFO     | Epoch 229/250 - Train Loss: 0.017607, Val Loss: 0.020207[0m
2025-12-24 03:25:59,549 | INFO     | Epoch 230/250 - Train Loss: 0.017603, Val Loss: 0.019818[0m
2025-12-24 03:34:46,944 | INFO     | Epoch 231/250 - Train Loss: 0.017618, Val Loss: 0.019563[0m
2025-12-24 03:34:46,994 | INFO     | New best model saved with Val Loss: 0.019563
2025-12-24 03:43:34,341 | INFO     | Epoch 232/250 - Train Loss: 0.017496, Val Loss: 0.019636[0m
2025-12-24 03:52:21,634 | INFO     | Epoch 233/250 - Train Loss: 0.017489, Val Loss: 0.020086[0m
2025-12-24 04:01:08,981 | INFO     | Epoch 234/250 - Train Loss: 0.017475, Val Loss: 0.019863[0m
2025-12-24 04:09:56,333 | INFO     | Epoch 235/250 - Train Loss: 0.017600, Val Loss: 0.020228[0m
2025-12-24 04:18:43,704 | INFO     | Epoch 236/250 - Train Loss: 0.017459, Val Loss: 0.019856[0m
2025-12-24 04:27:31,044 | INFO     | Epoch 237/250 - Train Loss: 0.017381, Val Loss: 0.020208[0m
2025-12-24 04:36:18,345 | INFO     | Epoch 238/250 - Train Loss: 0.017320, Val Loss: 0.020083[0m
2025-12-24 04:45:05,665 | INFO     | Epoch 239/250 - Train Loss: 0.017396, Val Loss: 0.019873[0m
2025-12-24 04:53:52,959 | INFO     | Epoch 240/250 - Train Loss: 0.017350, Val Loss: 0.019974[0m
2025-12-24 05:02:40,334 | INFO     | Epoch 241/250 - Train Loss: 0.017411, Val Loss: 0.019975[0m
2025-12-24 05:11:27,640 | INFO     | Epoch 242/250 - Train Loss: 0.017270, Val Loss: 0.019514[0m
2025-12-24 05:11:27,691 | INFO     | New best model saved with Val Loss: 0.019514
2025-12-24 05:20:15,009 | INFO     | Epoch 243/250 - Train Loss: 0.017297, Val Loss: 0.019762[0m
2025-12-24 05:29:02,346 | INFO     | Epoch 244/250 - Train Loss: 0.017170, Val Loss: 0.019501[0m
2025-12-24 05:29:02,402 | INFO     | New best model saved with Val Loss: 0.019501
2025-12-24 05:37:49,704 | INFO     | Epoch 245/250 - Train Loss: 0.017247, Val Loss: 0.019386[0m
2025-12-24 05:37:49,750 | INFO     | New best model saved with Val Loss: 0.019386
2025-12-24 05:46:37,053 | INFO     | Epoch 246/250 - Train Loss: 0.017187, Val Loss: 0.020080[0m
2025-12-24 05:55:24,416 | INFO     | Epoch 247/250 - Train Loss: 0.017206, Val Loss: 0.019643[0m
2025-12-24 06:04:11,720 | INFO     | Epoch 248/250 - Train Loss: 0.017197, Val Loss: 0.019577[0m
2025-12-24 06:12:59,102 | INFO     | Epoch 249/250 - Train Loss: 0.017173, Val Loss: 0.019532[0m
2025-12-24 06:19:57,805 | INFO     | Epoch 250/250 - Train Loss: 0.017145, Val Loss: 0.019204[0m
2025-12-24 06:19:57,851 | INFO     | New best model saved with Val Loss: 0.019204
2025-12-24 06:19:57,961 | INFO     | Final model saved to experiments_DrivAerML/spressure_N10k_lr1e-3_e250_run1/final_model.pth
2025-12-24 06:19:57,961 | INFO     | Testing the final model
2025-12-24 06:20:08,009 | INFO     | *******************[35mL2_erro:[0m
2025-12-24 06:20:08,009 | INFO     |  0.102570
2025-12-24 06:20:08,009 | INFO     | *******************[35mmse_loss:[0m
2025-12-24 06:20:08,009 | INFO     |  0.018116
2025-12-24 06:20:08,009 | INFO     | *******************[35minference_time:[0m
2025-12-24 06:20:08,009 | INFO     |  0.007405
2025-12-24 06:20:08,010 | INFO     | Testing the best model
2025-12-24 06:20:18,228 | INFO     | *******************[35mL2_erro:[0m
2025-12-24 06:20:18,229 | INFO     |  0.102570
2025-12-24 06:20:18,229 | INFO     | *******************[35mmse_loss:[0m
2025-12-24 06:20:18,229 | INFO     |  0.018116
2025-12-24 06:20:18,229 | INFO     | *******************[35minference_time:[0m
2025-12-24 06:20:18,229 | INFO     |  0.007170
