2025-12-19 10:04:46,090 | INFO     | Config:
exp_name: spressure_N10k_lr1e-3_e250
model:
  input_dim: 3
  output_dim: 1
  head_num: 8
  hidden_dim: 256
  res: true
  slice_num: 32
  layer_num: 5
  mlp_ratio: 1.5
  dropout: 0.1
training:
  batch_size: 1
  epochs: 250
  lr: 0.001
  scheduler_step: 50
  scheduler_gamma: 0.5
  max_grad_norm: 0.1
  num_workers: 1
  weight_decay: 0.0
  test_only: 0
  gpus: '0'
  seed: 42
dataload:
  directory: /mnt/wjc_group/mae-zhangbj/DrivAerNet_dataset/

2025-12-19 10:04:46,091 | INFO     | args.exp_name : spressure_N10k_lr1e-3_e250
2025-12-19 10:04:46,091 | INFO     | Starting training with 1 GPUs
2025-12-19 10:06:31,549 | INFO     | Total trainable parameters: 3381321
2025-12-19 10:06:31,549 | INFO     | Data loaded: 2768 training batches, 593 validation batches, 595 test batches
2025-12-19 10:06:31,550 | INFO     | Staring training for 250 epochs
2025-12-19 12:52:51,900 | INFO     | Config:
exp_name: spressure_N10k_lr1e-3_e250
model:
  input_dim: 3
  output_dim: 1
  head_num: 8
  hidden_dim: 256
  res: true
  slice_num: 32
  layer_num: 5
  mlp_ratio: 1.5
  dropout: 0.1
training:
  batch_size: 1
  epochs: 250
  lr: 0.001
  scheduler_step: 50
  scheduler_gamma: 0.5
  max_grad_norm: 0.1
  num_workers: 1
  weight_decay: 0.0
  test_only: 0
  gpus: '0'
  seed: 42
dataload:
  directory: /mnt/wjc_group/mae-zhangbj/DrivAerNet_dataset/

2025-12-19 12:52:51,900 | INFO     | args.exp_name : spressure_N10k_lr1e-3_e250
2025-12-19 12:52:51,900 | INFO     | Starting training with 1 GPUs
2025-12-19 12:52:53,461 | INFO     | Total trainable parameters: 3381321
2025-12-19 12:52:53,462 | INFO     | Data loaded: 405 training batches, 81 validation batches, 106 test batches
2025-12-19 12:52:53,462 | INFO     | Staring training for 250 epochs
2025-12-19 12:55:31,002 | INFO     | Config:
exp_name: spressure_N10k_lr1e-3_e250
model:
  input_dim: 3
  output_dim: 1
  head_num: 8
  hidden_dim: 256
  res: true
  slice_num: 32
  layer_num: 5
  mlp_ratio: 1.5
  dropout: 0.1
training:
  batch_size: 1
  epochs: 250
  lr: 0.001
  scheduler_step: 50
  scheduler_gamma: 0.5
  max_grad_norm: 0.1
  num_workers: 1
  weight_decay: 0.0
  test_only: 0
  gpus: '0'
  seed: 42
dataload:
  directory: /mnt/wjc_group/mae-zhangbj/DrivAerNet_dataset/

2025-12-19 12:55:31,002 | INFO     | args.exp_name : spressure_N10k_lr1e-3_e250
2025-12-19 12:55:31,002 | INFO     | Starting training with 1 GPUs
2025-12-19 12:55:32,064 | INFO     | Total trainable parameters: 3381321
2025-12-19 12:55:32,064 | INFO     | Data loaded: 405 training batches, 81 validation batches, 106 test batches
2025-12-19 12:55:32,064 | INFO     | Staring training for 250 epochs
2025-12-19 12:55:32,162 | INFO     | y.shape: torch.Size([1, 10000, 1])
2025-12-19 12:55:33,823 | INFO     | y.shape: torch.Size([1, 10000, 1])
2025-12-19 12:55:35,186 | INFO     | y.shape: torch.Size([1, 10000, 1])
2025-12-19 12:55:36,550 | INFO     | y.shape: torch.Size([1, 10000, 1])
2025-12-19 12:55:37,913 | INFO     | y.shape: torch.Size([1, 10000, 1])
2025-12-19 12:55:39,275 | INFO     | y.shape: torch.Size([1, 10000, 1])
2025-12-19 12:55:40,635 | INFO     | y.shape: torch.Size([1, 10000, 1])
2025-12-19 12:55:42,000 | INFO     | y.shape: torch.Size([1, 10000, 1])
2025-12-19 12:55:43,362 | INFO     | y.shape: torch.Size([1, 10000, 1])
2025-12-19 12:55:44,723 | INFO     | y.shape: torch.Size([1, 10000, 1])
2025-12-19 12:55:46,086 | INFO     | y.shape: torch.Size([1, 10000, 1])
2025-12-19 12:55:47,449 | INFO     | y.shape: torch.Size([1, 10000, 1])
2025-12-19 12:55:48,810 | INFO     | y.shape: torch.Size([1, 10000, 1])
2025-12-19 12:55:50,178 | INFO     | y.shape: torch.Size([1, 10000, 1])
2025-12-19 12:55:51,539 | INFO     | y.shape: torch.Size([1, 10000, 1])
2025-12-19 12:55:52,901 | INFO     | y.shape: torch.Size([1, 10000, 1])
2025-12-19 12:55:54,262 | INFO     | y.shape: torch.Size([1, 10000, 1])
2025-12-19 12:55:55,623 | INFO     | y.shape: torch.Size([1, 10000, 1])
2025-12-19 12:55:56,983 | INFO     | y.shape: torch.Size([1, 10000, 1])
2025-12-19 12:55:58,346 | INFO     | y.shape: torch.Size([1, 10000, 1])
2025-12-19 12:55:59,708 | INFO     | y.shape: torch.Size([1, 10000, 1])
2025-12-19 12:56:01,069 | INFO     | y.shape: torch.Size([1, 10000, 1])
2025-12-19 12:56:02,430 | INFO     | y.shape: torch.Size([1, 10000, 1])
2025-12-19 12:56:03,792 | INFO     | y.shape: torch.Size([1, 10000, 1])
2025-12-19 12:56:05,153 | INFO     | y.shape: torch.Size([1, 10000, 1])
2025-12-19 12:56:06,514 | INFO     | y.shape: torch.Size([1, 10000, 1])
2025-12-19 12:56:07,876 | INFO     | y.shape: torch.Size([1, 10000, 1])
2025-12-19 12:56:09,237 | INFO     | y.shape: torch.Size([1, 10000, 1])
2025-12-19 12:56:10,598 | INFO     | y.shape: torch.Size([1, 10000, 1])
2025-12-19 12:56:11,959 | INFO     | y.shape: torch.Size([1, 10000, 1])
2025-12-19 12:56:13,322 | INFO     | y.shape: torch.Size([1, 10000, 1])
2025-12-19 12:56:14,684 | INFO     | y.shape: torch.Size([1, 10000, 1])
2025-12-19 12:56:16,045 | INFO     | y.shape: torch.Size([1, 10000, 1])
2025-12-19 12:56:17,407 | INFO     | y.shape: torch.Size([1, 10000, 1])
2025-12-19 12:56:18,768 | INFO     | y.shape: torch.Size([1, 10000, 1])
2025-12-19 12:56:20,129 | INFO     | y.shape: torch.Size([1, 10000, 1])
2025-12-19 12:56:21,496 | INFO     | y.shape: torch.Size([1, 10000, 1])
2025-12-19 12:56:22,858 | INFO     | y.shape: torch.Size([1, 10000, 1])
2025-12-19 12:56:24,221 | INFO     | y.shape: torch.Size([1, 10000, 1])
2025-12-19 12:56:25,582 | INFO     | y.shape: torch.Size([1, 10000, 1])
2025-12-19 12:56:26,943 | INFO     | y.shape: torch.Size([1, 10000, 1])
2025-12-19 12:56:35,990 | INFO     | Config:
exp_name: spressure_N10k_lr1e-3_e250
model:
  input_dim: 3
  output_dim: 1
  head_num: 8
  hidden_dim: 256
  res: true
  slice_num: 32
  layer_num: 5
  mlp_ratio: 1.5
  dropout: 0.1
training:
  batch_size: 1
  epochs: 250
  lr: 0.001
  scheduler_step: 50
  scheduler_gamma: 0.5
  max_grad_norm: 0.1
  num_workers: 1
  weight_decay: 0.0
  test_only: 0
  gpus: '0'
  seed: 42
dataload:
  directory: /mnt/wjc_group/mae-zhangbj/DrivAerNet_dataset/

2025-12-19 12:56:35,991 | INFO     | args.exp_name : spressure_N10k_lr1e-3_e250
2025-12-19 12:56:35,991 | INFO     | Starting training with 1 GPUs
2025-12-19 12:56:37,001 | INFO     | Total trainable parameters: 3381321
2025-12-19 12:56:37,001 | INFO     | Data loaded: 405 training batches, 81 validation batches, 106 test batches
2025-12-19 12:56:37,001 | INFO     | Staring training for 250 epochs
2025-12-19 12:56:37,098 | INFO     | x.shape: torch.Size([1, 10000, 3])
2025-12-19 12:56:37,098 | INFO     | y.shape: torch.Size([1, 10000, 1])
2025-12-19 12:56:38,733 | INFO     | x.shape: torch.Size([1, 10000, 3])
2025-12-19 12:56:38,734 | INFO     | y.shape: torch.Size([1, 10000, 1])
2025-12-19 12:56:40,093 | INFO     | x.shape: torch.Size([1, 10000, 3])
2025-12-19 12:56:40,093 | INFO     | y.shape: torch.Size([1, 10000, 1])
2025-12-19 12:56:41,454 | INFO     | x.shape: torch.Size([1, 10000, 3])
2025-12-19 12:56:41,455 | INFO     | y.shape: torch.Size([1, 10000, 1])
2025-12-19 12:56:42,817 | INFO     | x.shape: torch.Size([1, 10000, 3])
2025-12-19 12:56:42,817 | INFO     | y.shape: torch.Size([1, 10000, 1])
2025-12-19 12:56:44,177 | INFO     | x.shape: torch.Size([1, 10000, 3])
2025-12-19 12:56:44,177 | INFO     | y.shape: torch.Size([1, 10000, 1])
2025-12-19 12:56:45,534 | INFO     | x.shape: torch.Size([1, 10000, 3])
2025-12-19 12:56:45,534 | INFO     | y.shape: torch.Size([1, 10000, 1])
2025-12-19 12:56:46,893 | INFO     | x.shape: torch.Size([1, 10000, 3])
2025-12-19 12:56:46,894 | INFO     | y.shape: torch.Size([1, 10000, 1])
2025-12-19 12:56:48,254 | INFO     | x.shape: torch.Size([1, 10000, 3])
2025-12-19 12:56:48,254 | INFO     | y.shape: torch.Size([1, 10000, 1])
2025-12-19 12:56:49,615 | INFO     | x.shape: torch.Size([1, 10000, 3])
2025-12-19 12:56:49,615 | INFO     | y.shape: torch.Size([1, 10000, 1])
2025-12-19 12:58:13,280 | INFO     | Config:
exp_name: spressure_N10k_lr1e-3_e250
model:
  input_dim: 3
  output_dim: 1
  head_num: 8
  hidden_dim: 256
  res: true
  slice_num: 32
  layer_num: 5
  mlp_ratio: 1.5
  dropout: 0.1
training:
  batch_size: 1
  epochs: 250
  lr: 0.001
  scheduler_step: 50
  scheduler_gamma: 0.5
  max_grad_norm: 0.1
  num_workers: 1
  weight_decay: 0.0
  test_only: 0
  gpus: '0'
  seed: 42
dataload:
  directory: /mnt/wjc_group/mae-zhangbj/DrivAerNet_dataset/

2025-12-19 12:58:13,280 | INFO     | args.exp_name : spressure_N10k_lr1e-3_e250
2025-12-19 12:58:13,281 | INFO     | Starting training with 1 GPUs
2025-12-19 12:58:14,383 | INFO     | Total trainable parameters: 3381321
2025-12-19 12:58:14,384 | INFO     | Data loaded: 405 training batches, 81 validation batches, 106 test batches
2025-12-19 12:58:14,385 | INFO     | Staring training for 250 epochs
2025-12-19 13:07:51,363 | INFO     | Epoch 1/250 - Train Loss: 0.682325, Val Loss: 0.386437[0m
2025-12-19 13:07:51,392 | INFO     | New best model saved with Val Loss: 0.386437
2025-12-19 13:17:28,635 | INFO     | Epoch 2/250 - Train Loss: 0.368197, Val Loss: 0.362296[0m
2025-12-19 13:17:28,686 | INFO     | New best model saved with Val Loss: 0.362296
2025-12-19 13:27:05,143 | INFO     | Epoch 3/250 - Train Loss: 0.334451, Val Loss: 0.331960[0m
2025-12-19 13:27:05,195 | INFO     | New best model saved with Val Loss: 0.331960
2025-12-19 13:36:41,542 | INFO     | Epoch 4/250 - Train Loss: 0.319052, Val Loss: 0.325254[0m
2025-12-19 13:36:41,582 | INFO     | New best model saved with Val Loss: 0.325254
2025-12-19 13:46:18,687 | INFO     | Epoch 5/250 - Train Loss: 0.292116, Val Loss: 0.309577[0m
2025-12-19 13:46:18,746 | INFO     | New best model saved with Val Loss: 0.309577
2025-12-19 13:55:56,125 | INFO     | Epoch 6/250 - Train Loss: 0.272815, Val Loss: 0.259243[0m
2025-12-19 13:55:56,178 | INFO     | New best model saved with Val Loss: 0.259243
2025-12-19 14:05:33,365 | INFO     | Epoch 7/250 - Train Loss: 0.251121, Val Loss: 0.279521[0m
2025-12-19 14:15:10,595 | INFO     | Epoch 8/250 - Train Loss: 0.237309, Val Loss: 0.230014[0m
2025-12-19 14:15:10,647 | INFO     | New best model saved with Val Loss: 0.230014
2025-12-19 14:24:47,458 | INFO     | Epoch 9/250 - Train Loss: 0.217731, Val Loss: 0.226015[0m
2025-12-19 14:24:47,513 | INFO     | New best model saved with Val Loss: 0.226015
2025-12-19 14:34:24,784 | INFO     | Epoch 10/250 - Train Loss: 0.214590, Val Loss: 0.202711[0m
2025-12-19 14:34:24,838 | INFO     | New best model saved with Val Loss: 0.202711
2025-12-19 14:44:02,219 | INFO     | Epoch 11/250 - Train Loss: 0.193773, Val Loss: 0.196108[0m
2025-12-19 14:44:02,266 | INFO     | New best model saved with Val Loss: 0.196108
2025-12-19 14:53:39,523 | INFO     | Epoch 12/250 - Train Loss: 0.185184, Val Loss: 0.167808[0m
2025-12-19 14:53:39,575 | INFO     | New best model saved with Val Loss: 0.167808
2025-12-19 15:03:16,849 | INFO     | Epoch 13/250 - Train Loss: 0.165545, Val Loss: 0.154533[0m
2025-12-19 15:03:16,901 | INFO     | New best model saved with Val Loss: 0.154533
2025-12-19 15:12:53,792 | INFO     | Epoch 14/250 - Train Loss: 0.160519, Val Loss: 0.152950[0m
2025-12-19 15:12:53,832 | INFO     | New best model saved with Val Loss: 0.152950
2025-12-19 15:22:30,709 | INFO     | Epoch 15/250 - Train Loss: 0.149745, Val Loss: 0.139372[0m
2025-12-19 15:22:30,769 | INFO     | New best model saved with Val Loss: 0.139372
2025-12-19 15:32:07,712 | INFO     | Epoch 16/250 - Train Loss: 0.147553, Val Loss: 0.133439[0m
2025-12-19 15:32:07,763 | INFO     | New best model saved with Val Loss: 0.133439
2025-12-19 15:41:44,588 | INFO     | Epoch 17/250 - Train Loss: 0.142597, Val Loss: 0.128694[0m
2025-12-19 15:41:44,643 | INFO     | New best model saved with Val Loss: 0.128694
2025-12-19 15:51:21,444 | INFO     | Epoch 18/250 - Train Loss: 0.135336, Val Loss: 0.136849[0m
2025-12-19 16:00:58,313 | INFO     | Epoch 19/250 - Train Loss: 0.127703, Val Loss: 0.121675[0m
2025-12-19 16:00:58,365 | INFO     | New best model saved with Val Loss: 0.121675
2025-12-19 16:10:35,313 | INFO     | Epoch 20/250 - Train Loss: 0.126841, Val Loss: 0.144552[0m
2025-12-19 16:20:12,980 | INFO     | Epoch 21/250 - Train Loss: 0.129321, Val Loss: 0.122144[0m
2025-12-19 16:29:49,793 | INFO     | Epoch 22/250 - Train Loss: 0.119387, Val Loss: 0.115279[0m
2025-12-19 16:29:49,845 | INFO     | New best model saved with Val Loss: 0.115279
2025-12-19 16:39:26,557 | INFO     | Epoch 23/250 - Train Loss: 0.115969, Val Loss: 0.131604[0m
2025-12-19 16:49:02,660 | INFO     | Epoch 24/250 - Train Loss: 0.114284, Val Loss: 0.118700[0m
2025-12-19 16:58:39,938 | INFO     | Epoch 25/250 - Train Loss: 0.112875, Val Loss: 0.121427[0m
2025-12-19 17:08:17,355 | INFO     | Epoch 26/250 - Train Loss: 0.110268, Val Loss: 0.105062[0m
2025-12-19 17:08:17,404 | INFO     | New best model saved with Val Loss: 0.105062
2025-12-19 17:17:54,897 | INFO     | Epoch 27/250 - Train Loss: 0.109182, Val Loss: 0.101318[0m
2025-12-19 17:17:54,944 | INFO     | New best model saved with Val Loss: 0.101318
2025-12-19 17:27:32,488 | INFO     | Epoch 28/250 - Train Loss: 0.107135, Val Loss: 0.106774[0m
2025-12-19 17:37:09,933 | INFO     | Epoch 29/250 - Train Loss: 0.103337, Val Loss: 0.105049[0m
2025-12-19 17:46:47,485 | INFO     | Epoch 30/250 - Train Loss: 0.102699, Val Loss: 0.104943[0m
2025-12-19 17:56:25,041 | INFO     | Epoch 31/250 - Train Loss: 0.099502, Val Loss: 0.099070[0m
2025-12-19 17:56:25,092 | INFO     | New best model saved with Val Loss: 0.099070
2025-12-19 18:06:02,625 | INFO     | Epoch 32/250 - Train Loss: 0.107218, Val Loss: 0.104105[0m
2025-12-19 18:15:40,201 | INFO     | Epoch 33/250 - Train Loss: 0.098852, Val Loss: 0.100085[0m
2025-12-19 18:25:17,535 | INFO     | Epoch 34/250 - Train Loss: 0.096012, Val Loss: 0.094373[0m
2025-12-19 18:25:17,590 | INFO     | New best model saved with Val Loss: 0.094373
2025-12-19 18:34:54,171 | INFO     | Epoch 35/250 - Train Loss: 0.099193, Val Loss: 0.099409[0m
2025-12-19 18:44:31,158 | INFO     | Epoch 36/250 - Train Loss: 0.093871, Val Loss: 0.092127[0m
2025-12-19 18:44:31,207 | INFO     | New best model saved with Val Loss: 0.092127
2025-12-19 18:54:08,273 | INFO     | Epoch 37/250 - Train Loss: 0.091899, Val Loss: 0.089021[0m
2025-12-19 18:54:08,327 | INFO     | New best model saved with Val Loss: 0.089021
2025-12-19 19:03:45,398 | INFO     | Epoch 38/250 - Train Loss: 0.092514, Val Loss: 0.095230[0m
2025-12-19 19:13:22,442 | INFO     | Epoch 39/250 - Train Loss: 0.090863, Val Loss: 0.087919[0m
2025-12-19 19:13:22,497 | INFO     | New best model saved with Val Loss: 0.087919
2025-12-19 19:22:59,481 | INFO     | Epoch 40/250 - Train Loss: 0.093873, Val Loss: 0.087963[0m
2025-12-19 19:32:36,662 | INFO     | Epoch 41/250 - Train Loss: 0.087078, Val Loss: 0.084417[0m
2025-12-19 19:32:36,702 | INFO     | New best model saved with Val Loss: 0.084417
2025-12-19 19:42:13,722 | INFO     | Epoch 42/250 - Train Loss: 0.087543, Val Loss: 0.091014[0m
2025-12-19 19:51:50,712 | INFO     | Epoch 43/250 - Train Loss: 0.087829, Val Loss: 0.085345[0m
2025-12-19 20:01:27,657 | INFO     | Epoch 44/250 - Train Loss: 0.085356, Val Loss: 0.083741[0m
2025-12-19 20:01:27,704 | INFO     | New best model saved with Val Loss: 0.083741
2025-12-19 20:11:04,964 | INFO     | Epoch 45/250 - Train Loss: 0.085508, Val Loss: 0.086715[0m
2025-12-19 20:20:42,236 | INFO     | Epoch 46/250 - Train Loss: 0.086109, Val Loss: 0.083656[0m
2025-12-19 20:20:42,287 | INFO     | New best model saved with Val Loss: 0.083656
2025-12-19 20:30:19,756 | INFO     | Epoch 47/250 - Train Loss: 0.084681, Val Loss: 0.087457[0m
2025-12-19 20:39:57,235 | INFO     | Epoch 48/250 - Train Loss: 0.083277, Val Loss: 0.089002[0m
2025-12-19 20:49:34,641 | INFO     | Epoch 49/250 - Train Loss: 0.083747, Val Loss: 0.081084[0m
2025-12-19 20:49:34,702 | INFO     | New best model saved with Val Loss: 0.081084
2025-12-19 20:59:12,197 | INFO     | Epoch 50/250 - Train Loss: 0.080282, Val Loss: 0.077680[0m
2025-12-19 20:59:12,249 | INFO     | New best model saved with Val Loss: 0.077680
2025-12-19 21:08:49,825 | INFO     | Epoch 51/250 - Train Loss: 0.071165, Val Loss: 0.071794[0m
2025-12-19 21:08:49,878 | INFO     | New best model saved with Val Loss: 0.071794
2025-12-19 21:18:27,289 | INFO     | Epoch 52/250 - Train Loss: 0.070440, Val Loss: 0.070471[0m
2025-12-19 21:18:27,345 | INFO     | New best model saved with Val Loss: 0.070471
2025-12-19 21:28:04,824 | INFO     | Epoch 53/250 - Train Loss: 0.070368, Val Loss: 0.071592[0m
2025-12-19 21:37:42,225 | INFO     | Epoch 54/250 - Train Loss: 0.070137, Val Loss: 0.072522[0m
2025-12-19 21:47:19,370 | INFO     | Epoch 55/250 - Train Loss: 0.069341, Val Loss: 0.070379[0m
2025-12-19 21:47:19,425 | INFO     | New best model saved with Val Loss: 0.070379
2025-12-19 21:56:56,619 | INFO     | Epoch 56/250 - Train Loss: 0.069609, Val Loss: 0.071034[0m
2025-12-19 22:06:34,063 | INFO     | Epoch 57/250 - Train Loss: 0.069365, Val Loss: 0.074948[0m
2025-12-19 22:16:11,428 | INFO     | Epoch 58/250 - Train Loss: 0.069703, Val Loss: 0.070780[0m
2025-12-19 22:25:48,821 | INFO     | Epoch 59/250 - Train Loss: 0.069573, Val Loss: 0.068936[0m
2025-12-19 22:25:48,872 | INFO     | New best model saved with Val Loss: 0.068936
2025-12-19 22:35:26,277 | INFO     | Epoch 60/250 - Train Loss: 0.068223, Val Loss: 0.068714[0m
2025-12-19 22:35:26,329 | INFO     | New best model saved with Val Loss: 0.068714
2025-12-19 22:45:03,813 | INFO     | Epoch 61/250 - Train Loss: 0.069327, Val Loss: 0.068580[0m
2025-12-19 22:45:03,868 | INFO     | New best model saved with Val Loss: 0.068580
2025-12-19 22:54:41,260 | INFO     | Epoch 62/250 - Train Loss: 0.067111, Val Loss: 0.078471[0m
2025-12-19 23:04:18,669 | INFO     | Epoch 63/250 - Train Loss: 0.068457, Val Loss: 0.071977[0m
2025-12-19 23:13:56,118 | INFO     | Epoch 64/250 - Train Loss: 0.066196, Val Loss: 0.066552[0m
2025-12-19 23:13:56,164 | INFO     | New best model saved with Val Loss: 0.066552
2025-12-19 23:23:33,425 | INFO     | Epoch 65/250 - Train Loss: 0.065943, Val Loss: 0.068741[0m
2025-12-19 23:33:10,939 | INFO     | Epoch 66/250 - Train Loss: 0.066228, Val Loss: 0.069144[0m
2025-12-19 23:42:48,068 | INFO     | Epoch 67/250 - Train Loss: 0.066237, Val Loss: 0.066429[0m
2025-12-19 23:42:48,118 | INFO     | New best model saved with Val Loss: 0.066429
2025-12-19 23:52:25,619 | INFO     | Epoch 68/250 - Train Loss: 0.065680, Val Loss: 0.067212[0m
2025-12-20 00:02:03,084 | INFO     | Epoch 69/250 - Train Loss: 0.065976, Val Loss: 0.064539[0m
2025-12-20 00:02:03,135 | INFO     | New best model saved with Val Loss: 0.064539
2025-12-20 00:11:40,575 | INFO     | Epoch 70/250 - Train Loss: 0.066932, Val Loss: 0.067015[0m
2025-12-20 00:21:18,073 | INFO     | Epoch 71/250 - Train Loss: 0.064658, Val Loss: 0.064868[0m
2025-12-20 00:30:55,581 | INFO     | Epoch 72/250 - Train Loss: 0.064240, Val Loss: 0.065731[0m
2025-12-20 00:40:33,161 | INFO     | Epoch 73/250 - Train Loss: 0.069497, Val Loss: 0.068644[0m
2025-12-20 00:50:10,592 | INFO     | Epoch 74/250 - Train Loss: 0.064109, Val Loss: 0.065063[0m
2025-12-20 00:59:47,787 | INFO     | Epoch 75/250 - Train Loss: 0.063191, Val Loss: 0.064067[0m
2025-12-20 00:59:47,843 | INFO     | New best model saved with Val Loss: 0.064067
2025-12-20 01:09:25,073 | INFO     | Epoch 76/250 - Train Loss: 0.063126, Val Loss: 0.065764[0m
2025-12-20 01:19:02,134 | INFO     | Epoch 77/250 - Train Loss: 0.063364, Val Loss: 0.064477[0m
2025-12-20 01:28:38,700 | INFO     | Epoch 78/250 - Train Loss: 0.062865, Val Loss: 0.065507[0m
2025-12-20 01:38:15,454 | INFO     | Epoch 79/250 - Train Loss: 0.063170, Val Loss: 0.063515[0m
2025-12-20 01:38:15,506 | INFO     | New best model saved with Val Loss: 0.063515
2025-12-20 01:47:52,386 | INFO     | Epoch 80/250 - Train Loss: 0.063869, Val Loss: 0.064179[0m
2025-12-20 01:57:29,232 | INFO     | Epoch 81/250 - Train Loss: 0.064796, Val Loss: 0.065121[0m
2025-12-20 02:07:05,955 | INFO     | Epoch 82/250 - Train Loss: 0.063054, Val Loss: 0.063669[0m
2025-12-20 02:16:42,685 | INFO     | Epoch 83/250 - Train Loss: 0.062299, Val Loss: 0.061787[0m
2025-12-20 02:16:42,735 | INFO     | New best model saved with Val Loss: 0.061787
2025-12-20 02:26:19,514 | INFO     | Epoch 84/250 - Train Loss: 0.062025, Val Loss: 0.062835[0m
2025-12-20 02:35:55,936 | INFO     | Epoch 85/250 - Train Loss: 0.062918, Val Loss: 0.064800[0m
2025-12-20 02:45:32,605 | INFO     | Epoch 86/250 - Train Loss: 0.061584, Val Loss: 0.063568[0m
2025-12-20 02:55:09,372 | INFO     | Epoch 87/250 - Train Loss: 0.061380, Val Loss: 0.062860[0m
2025-12-20 03:04:45,837 | INFO     | Epoch 88/250 - Train Loss: 0.062213, Val Loss: 0.063523[0m
2025-12-20 03:14:23,163 | INFO     | Epoch 89/250 - Train Loss: 0.062372, Val Loss: 0.062578[0m
2025-12-20 03:24:00,563 | INFO     | Epoch 90/250 - Train Loss: 0.060029, Val Loss: 0.061803[0m
2025-12-20 03:33:38,035 | INFO     | Epoch 91/250 - Train Loss: 0.061178, Val Loss: 0.065051[0m
2025-12-20 03:43:15,418 | INFO     | Epoch 92/250 - Train Loss: 0.064114, Val Loss: 0.063934[0m
2025-12-20 03:52:52,791 | INFO     | Epoch 93/250 - Train Loss: 0.062248, Val Loss: 0.062066[0m
2025-12-20 04:02:30,151 | INFO     | Epoch 94/250 - Train Loss: 0.061745, Val Loss: 0.063076[0m
2025-12-20 04:12:07,145 | INFO     | Epoch 95/250 - Train Loss: 0.059604, Val Loss: 0.062224[0m
2025-12-20 04:21:44,494 | INFO     | Epoch 96/250 - Train Loss: 0.061032, Val Loss: 0.062147[0m
2025-12-20 04:31:21,808 | INFO     | Epoch 97/250 - Train Loss: 0.060226, Val Loss: 0.063317[0m
2025-12-20 04:40:59,131 | INFO     | Epoch 98/250 - Train Loss: 0.064245, Val Loss: 0.063078[0m
2025-12-20 04:50:36,205 | INFO     | Epoch 99/250 - Train Loss: 0.059677, Val Loss: 0.061064[0m
2025-12-20 04:50:36,246 | INFO     | New best model saved with Val Loss: 0.061064
2025-12-20 05:00:13,629 | INFO     | Epoch 100/250 - Train Loss: 0.060683, Val Loss: 0.062301[0m
2025-12-20 05:09:51,096 | INFO     | Epoch 101/250 - Train Loss: 0.055484, Val Loss: 0.059675[0m
2025-12-20 05:09:51,143 | INFO     | New best model saved with Val Loss: 0.059675
2025-12-20 05:19:28,522 | INFO     | Epoch 102/250 - Train Loss: 0.054350, Val Loss: 0.058340[0m
2025-12-20 05:19:28,577 | INFO     | New best model saved with Val Loss: 0.058340
2025-12-20 05:29:05,941 | INFO     | Epoch 103/250 - Train Loss: 0.053802, Val Loss: 0.059292[0m
2025-12-20 05:38:43,263 | INFO     | Epoch 104/250 - Train Loss: 0.054304, Val Loss: 0.058547[0m
2025-12-20 05:48:20,461 | INFO     | Epoch 105/250 - Train Loss: 0.053492, Val Loss: 0.059650[0m
2025-12-20 05:57:57,232 | INFO     | Epoch 106/250 - Train Loss: 0.054110, Val Loss: 0.058685[0m
2025-12-20 06:07:34,206 | INFO     | Epoch 107/250 - Train Loss: 0.054062, Val Loss: 0.058418[0m
2025-12-20 06:17:11,040 | INFO     | Epoch 108/250 - Train Loss: 0.054016, Val Loss: 0.059628[0m
2025-12-20 06:26:47,895 | INFO     | Epoch 109/250 - Train Loss: 0.053207, Val Loss: 0.058520[0m
2025-12-20 06:36:24,457 | INFO     | Epoch 110/250 - Train Loss: 0.053331, Val Loss: 0.058655[0m
2025-12-20 06:46:01,313 | INFO     | Epoch 111/250 - Train Loss: 0.054158, Val Loss: 0.057487[0m
2025-12-20 06:46:01,366 | INFO     | New best model saved with Val Loss: 0.057487
2025-12-20 06:55:38,098 | INFO     | Epoch 112/250 - Train Loss: 0.053737, Val Loss: 0.059207[0m
2025-12-20 07:05:14,849 | INFO     | Epoch 113/250 - Train Loss: 0.052863, Val Loss: 0.058438[0m
2025-12-20 07:14:51,559 | INFO     | Epoch 114/250 - Train Loss: 0.052511, Val Loss: 0.059314[0m
2025-12-20 07:24:28,319 | INFO     | Epoch 115/250 - Train Loss: 0.053432, Val Loss: 0.058591[0m
2025-12-20 07:34:04,817 | INFO     | Epoch 116/250 - Train Loss: 0.053405, Val Loss: 0.058854[0m
2025-12-20 07:43:41,554 | INFO     | Epoch 117/250 - Train Loss: 0.053162, Val Loss: 0.058892[0m
2025-12-20 07:53:18,418 | INFO     | Epoch 118/250 - Train Loss: 0.051607, Val Loss: 0.058022[0m
2025-12-20 08:02:55,227 | INFO     | Epoch 119/250 - Train Loss: 0.052417, Val Loss: 0.058168[0m
2025-12-20 08:12:31,730 | INFO     | Epoch 120/250 - Train Loss: 0.053392, Val Loss: 0.057819[0m
2025-12-20 08:22:09,244 | INFO     | Epoch 121/250 - Train Loss: 0.054605, Val Loss: 0.061976[0m
2025-12-20 08:31:46,560 | INFO     | Epoch 122/250 - Train Loss: 0.056786, Val Loss: 0.057653[0m
2025-12-20 08:41:23,954 | INFO     | Epoch 123/250 - Train Loss: 0.052029, Val Loss: 0.057387[0m
2025-12-20 08:41:24,008 | INFO     | New best model saved with Val Loss: 0.057387
2025-12-20 08:51:01,401 | INFO     | Epoch 124/250 - Train Loss: 0.052868, Val Loss: 0.057966[0m
2025-12-20 09:00:38,789 | INFO     | Epoch 125/250 - Train Loss: 0.051892, Val Loss: 0.057703[0m
2025-12-20 09:10:15,951 | INFO     | Epoch 126/250 - Train Loss: 0.050866, Val Loss: 0.063536[0m
2025-12-20 09:19:53,369 | INFO     | Epoch 127/250 - Train Loss: 0.054063, Val Loss: 0.058179[0m
2025-12-20 09:25:29,355 | INFO     | Config:
exp_name: spressure_N10k_lr1e-3_e250
model:
  input_dim: 3
  output_dim: 1
  head_num: 8
  hidden_dim: 256
  res: true
  slice_num: 32
  layer_num: 5
  mlp_ratio: 1.5
  dropout: 0.1
training:
  batch_size: 1
  epochs: 250
  lr: 0.001
  scheduler_step: 50
  scheduler_gamma: 0.5
  max_grad_norm: 0.1
  num_workers: 1
  weight_decay: 0.0
  test_only: 0
  gpus: '0'
  seed: 42
dataload:
  directory: /mnt/wjc_group/mae-zhangbj/DrivAerNet_dataset/

2025-12-20 09:25:29,355 | INFO     | args.exp_name : spressure_N10k_lr1e-3_e250
2025-12-20 09:25:29,355 | INFO     | Starting training with 1 GPUs
2025-12-20 09:25:30,487 | INFO     | Total trainable parameters: 3381321
2025-12-20 09:25:30,488 | INFO     | Data loaded: 405 training batches, 81 validation batches, 106 test batches
2025-12-20 09:25:30,488 | INFO     | Staring training for 250 epochs
2025-12-20 09:29:31,329 | INFO     | Epoch 128/250 - Train Loss: 0.050926, Val Loss: 0.059123[0m
2025-12-20 09:39:09,702 | INFO     | Epoch 129/250 - Train Loss: 0.050622, Val Loss: 0.058132[0m
2025-12-20 09:48:47,920 | INFO     | Epoch 130/250 - Train Loss: 0.049843, Val Loss: 0.058562[0m
2025-12-20 09:58:25,970 | INFO     | Epoch 131/250 - Train Loss: 0.056472, Val Loss: 0.059679[0m
2025-12-20 10:08:04,241 | INFO     | Epoch 132/250 - Train Loss: 0.052707, Val Loss: 0.060050[0m
2025-12-20 10:17:42,455 | INFO     | Epoch 133/250 - Train Loss: 0.055125, Val Loss: 0.060485[0m
2025-12-20 10:27:20,001 | INFO     | Epoch 134/250 - Train Loss: 0.050164, Val Loss: 0.058570[0m
2025-12-20 10:36:57,597 | INFO     | Epoch 135/250 - Train Loss: 0.051237, Val Loss: 0.060324[0m
2025-12-20 10:46:35,281 | INFO     | Epoch 136/250 - Train Loss: 0.050822, Val Loss: 0.058191[0m
2025-12-20 10:56:12,688 | INFO     | Epoch 137/250 - Train Loss: 0.051377, Val Loss: 0.058272[0m
2025-12-20 11:05:50,073 | INFO     | Epoch 138/250 - Train Loss: 0.054427, Val Loss: 0.058632[0m
2025-12-20 11:15:27,440 | INFO     | Epoch 139/250 - Train Loss: 0.051960, Val Loss: 0.057654[0m
2025-12-20 11:25:04,817 | INFO     | Epoch 140/250 - Train Loss: 0.049604, Val Loss: 0.064685[0m
2025-12-20 11:34:42,167 | INFO     | Epoch 141/250 - Train Loss: 0.056294, Val Loss: 0.058146[0m
2025-12-20 11:44:19,097 | INFO     | Epoch 142/250 - Train Loss: 0.049813, Val Loss: 0.062965[0m
2025-12-20 11:53:56,103 | INFO     | Epoch 143/250 - Train Loss: 0.051881, Val Loss: 0.057614[0m
2025-12-20 12:03:33,185 | INFO     | Epoch 144/250 - Train Loss: 0.051077, Val Loss: 0.063967[0m
2025-12-20 12:13:10,321 | INFO     | Epoch 145/250 - Train Loss: 0.054928, Val Loss: 0.057984[0m
2025-12-20 12:22:47,398 | INFO     | Epoch 146/250 - Train Loss: 0.054507, Val Loss: 0.059668[0m
2025-12-20 12:32:24,304 | INFO     | Epoch 147/250 - Train Loss: 0.049165, Val Loss: 0.057430[0m
2025-12-20 12:42:01,440 | INFO     | Epoch 148/250 - Train Loss: 0.050044, Val Loss: 0.059319[0m
2025-12-20 12:51:38,502 | INFO     | Epoch 149/250 - Train Loss: 0.048613, Val Loss: 0.057731[0m
2025-12-20 13:01:15,588 | INFO     | Epoch 150/250 - Train Loss: 0.049935, Val Loss: 0.059914[0m
2025-12-20 13:10:52,907 | INFO     | Epoch 151/250 - Train Loss: 0.046623, Val Loss: 0.057690[0m
2025-12-20 13:20:29,768 | INFO     | Epoch 152/250 - Train Loss: 0.045760, Val Loss: 0.056343[0m
2025-12-20 13:20:29,824 | INFO     | New best model saved with Val Loss: 0.056343
2025-12-20 13:30:07,312 | INFO     | Epoch 153/250 - Train Loss: 0.045666, Val Loss: 0.056207[0m
2025-12-20 13:30:07,364 | INFO     | New best model saved with Val Loss: 0.056207
2025-12-20 13:39:44,846 | INFO     | Epoch 154/250 - Train Loss: 0.045574, Val Loss: 0.057014[0m
2025-12-20 13:49:22,263 | INFO     | Epoch 155/250 - Train Loss: 0.045688, Val Loss: 0.057579[0m
2025-12-20 13:58:59,718 | INFO     | Epoch 156/250 - Train Loss: 0.045416, Val Loss: 0.057572[0m
2025-12-20 14:08:36,929 | INFO     | Epoch 157/250 - Train Loss: 0.045805, Val Loss: 0.057166[0m
2025-12-20 14:18:14,413 | INFO     | Epoch 158/250 - Train Loss: 0.045297, Val Loss: 0.056500[0m
2025-12-20 14:27:51,870 | INFO     | Epoch 159/250 - Train Loss: 0.046338, Val Loss: 0.056587[0m
2025-12-20 14:37:29,309 | INFO     | Epoch 160/250 - Train Loss: 0.045501, Val Loss: 0.057135[0m
2025-12-20 14:47:06,816 | INFO     | Epoch 161/250 - Train Loss: 0.045305, Val Loss: 0.056918[0m
2025-12-20 14:56:44,245 | INFO     | Epoch 162/250 - Train Loss: 0.045961, Val Loss: 0.056772[0m
2025-12-20 15:06:21,464 | INFO     | Epoch 163/250 - Train Loss: 0.044309, Val Loss: 0.057780[0m
2025-12-20 15:15:58,629 | INFO     | Epoch 164/250 - Train Loss: 0.046291, Val Loss: 0.056867[0m
2025-12-20 15:25:35,810 | INFO     | Epoch 165/250 - Train Loss: 0.044489, Val Loss: 0.057252[0m
2025-12-20 15:35:12,964 | INFO     | Epoch 166/250 - Train Loss: 0.044808, Val Loss: 0.056495[0m
2025-12-20 15:44:49,916 | INFO     | Epoch 167/250 - Train Loss: 0.044300, Val Loss: 0.058044[0m
2025-12-20 15:54:26,821 | INFO     | Epoch 168/250 - Train Loss: 0.044255, Val Loss: 0.056537[0m
2025-12-20 16:04:03,800 | INFO     | Epoch 169/250 - Train Loss: 0.043793, Val Loss: 0.056635[0m
2025-12-20 16:13:40,790 | INFO     | Epoch 170/250 - Train Loss: 0.044131, Val Loss: 0.056483[0m
2025-12-20 16:23:17,940 | INFO     | Epoch 171/250 - Train Loss: 0.043424, Val Loss: 0.057786[0m
2025-12-20 16:32:54,943 | INFO     | Epoch 172/250 - Train Loss: 0.043777, Val Loss: 0.056711[0m
2025-12-20 16:42:31,834 | INFO     | Epoch 173/250 - Train Loss: 0.043439, Val Loss: 0.058429[0m
2025-12-20 16:52:08,706 | INFO     | Epoch 174/250 - Train Loss: 0.043256, Val Loss: 0.057430[0m
2025-12-20 17:01:45,592 | INFO     | Epoch 175/250 - Train Loss: 0.043114, Val Loss: 0.057832[0m
2025-12-20 17:11:22,317 | INFO     | Epoch 176/250 - Train Loss: 0.043837, Val Loss: 0.057467[0m
2025-12-20 17:20:58,879 | INFO     | Epoch 177/250 - Train Loss: 0.043012, Val Loss: 0.057335[0m
2025-12-20 17:30:35,683 | INFO     | Epoch 178/250 - Train Loss: 0.042676, Val Loss: 0.057068[0m
2025-12-20 17:40:12,550 | INFO     | Epoch 179/250 - Train Loss: 0.044616, Val Loss: 0.059137[0m
2025-12-20 17:49:49,494 | INFO     | Epoch 180/250 - Train Loss: 0.044236, Val Loss: 0.057362[0m
2025-12-20 17:59:26,540 | INFO     | Epoch 181/250 - Train Loss: 0.042656, Val Loss: 0.057610[0m
2025-12-20 18:09:03,448 | INFO     | Epoch 182/250 - Train Loss: 0.042245, Val Loss: 0.057260[0m
2025-12-20 18:18:40,398 | INFO     | Epoch 183/250 - Train Loss: 0.042310, Val Loss: 0.056930[0m
2025-12-20 18:28:16,987 | INFO     | Epoch 184/250 - Train Loss: 0.042199, Val Loss: 0.056901[0m
2025-12-20 18:37:55,074 | INFO     | Epoch 185/250 - Train Loss: 0.048089, Val Loss: 0.056656[0m
2025-12-20 18:47:33,203 | INFO     | Epoch 186/250 - Train Loss: 0.043564, Val Loss: 0.066023[0m
2025-12-20 18:57:11,190 | INFO     | Epoch 187/250 - Train Loss: 0.049398, Val Loss: 0.058235[0m
2025-12-20 19:06:48,404 | INFO     | Epoch 188/250 - Train Loss: 0.046232, Val Loss: 0.061774[0m
2025-12-20 19:16:25,846 | INFO     | Epoch 189/250 - Train Loss: 0.044556, Val Loss: 0.056990[0m
2025-12-20 19:26:03,231 | INFO     | Epoch 190/250 - Train Loss: 0.041895, Val Loss: 0.056153[0m
2025-12-20 19:26:03,278 | INFO     | New best model saved with Val Loss: 0.056153
2025-12-20 19:35:40,773 | INFO     | Epoch 191/250 - Train Loss: 0.041244, Val Loss: 0.058009[0m
2025-12-20 19:45:18,265 | INFO     | Epoch 192/250 - Train Loss: 0.041271, Val Loss: 0.057143[0m
2025-12-20 19:54:55,653 | INFO     | Epoch 193/250 - Train Loss: 0.042578, Val Loss: 0.056711[0m
2025-12-20 20:04:33,102 | INFO     | Epoch 194/250 - Train Loss: 0.041289, Val Loss: 0.057423[0m
2025-12-20 20:14:10,217 | INFO     | Epoch 195/250 - Train Loss: 0.041260, Val Loss: 0.056998[0m
2025-12-20 20:23:47,683 | INFO     | Epoch 196/250 - Train Loss: 0.041380, Val Loss: 0.057801[0m
2025-12-20 20:33:25,187 | INFO     | Epoch 197/250 - Train Loss: 0.041511, Val Loss: 0.057631[0m
2025-12-20 20:43:02,217 | INFO     | Epoch 198/250 - Train Loss: 0.041282, Val Loss: 0.057316[0m
2025-12-20 20:52:39,661 | INFO     | Epoch 199/250 - Train Loss: 0.047335, Val Loss: 0.060398[0m
2025-12-20 21:02:17,110 | INFO     | Epoch 200/250 - Train Loss: 0.050996, Val Loss: 0.094196[0m
2025-12-20 21:11:54,684 | INFO     | Epoch 201/250 - Train Loss: 0.048528, Val Loss: 0.060232[0m
2025-12-20 21:21:32,139 | INFO     | Epoch 202/250 - Train Loss: 0.042707, Val Loss: 0.056406[0m
2025-12-20 21:31:09,608 | INFO     | Epoch 203/250 - Train Loss: 0.040358, Val Loss: 0.056204[0m
2025-12-20 21:40:47,065 | INFO     | Epoch 204/250 - Train Loss: 0.039985, Val Loss: 0.056685[0m
2025-12-20 21:47:37,071 | INFO     | Epoch 205/250 - Train Loss: 0.039954, Val Loss: 0.057010[0m
2025-12-20 21:54:01,516 | INFO     | Epoch 206/250 - Train Loss: 0.039774, Val Loss: 0.056562[0m
2025-12-20 21:57:36,814 | INFO     | Epoch 207/250 - Train Loss: 0.039541, Val Loss: 0.056463[0m
2025-12-20 22:00:22,952 | INFO     | Epoch 208/250 - Train Loss: 0.039424, Val Loss: 0.056492[0m
2025-12-20 22:03:09,107 | INFO     | Epoch 209/250 - Train Loss: 0.039477, Val Loss: 0.056767[0m
2025-12-20 22:05:55,269 | INFO     | Epoch 210/250 - Train Loss: 0.039368, Val Loss: 0.056443[0m
2025-12-20 22:08:41,535 | INFO     | Epoch 211/250 - Train Loss: 0.039478, Val Loss: 0.057812[0m
2025-12-20 22:11:27,735 | INFO     | Epoch 212/250 - Train Loss: 0.039321, Val Loss: 0.056668[0m
2025-12-20 22:14:13,902 | INFO     | Epoch 213/250 - Train Loss: 0.039180, Val Loss: 0.056996[0m
2025-12-20 22:17:00,055 | INFO     | Epoch 214/250 - Train Loss: 0.039186, Val Loss: 0.056534[0m
2025-12-20 22:19:46,205 | INFO     | Epoch 215/250 - Train Loss: 0.038972, Val Loss: 0.056799[0m
2025-12-20 22:22:32,359 | INFO     | Epoch 216/250 - Train Loss: 0.039290, Val Loss: 0.056458[0m
2025-12-20 22:25:18,495 | INFO     | Epoch 217/250 - Train Loss: 0.038966, Val Loss: 0.056603[0m
2025-12-20 22:28:04,664 | INFO     | Epoch 218/250 - Train Loss: 0.039309, Val Loss: 0.056798[0m
2025-12-20 22:30:50,810 | INFO     | Epoch 219/250 - Train Loss: 0.039274, Val Loss: 0.056838[0m
2025-12-20 22:33:36,951 | INFO     | Epoch 220/250 - Train Loss: 0.038811, Val Loss: 0.057151[0m
2025-12-20 22:36:23,214 | INFO     | Epoch 221/250 - Train Loss: 0.038676, Val Loss: 0.056395[0m
2025-12-20 22:39:09,350 | INFO     | Epoch 222/250 - Train Loss: 0.038640, Val Loss: 0.056768[0m
2025-12-20 22:41:55,482 | INFO     | Epoch 223/250 - Train Loss: 0.038465, Val Loss: 0.056473[0m
2025-12-20 22:44:41,629 | INFO     | Epoch 224/250 - Train Loss: 0.038561, Val Loss: 0.056782[0m
2025-12-20 22:47:27,778 | INFO     | Epoch 225/250 - Train Loss: 0.039347, Val Loss: 0.056645[0m
2025-12-20 22:50:13,923 | INFO     | Epoch 226/250 - Train Loss: 0.038357, Val Loss: 0.056997[0m
2025-12-20 22:53:00,084 | INFO     | Epoch 227/250 - Train Loss: 0.038258, Val Loss: 0.056831[0m
2025-12-20 22:55:46,244 | INFO     | Epoch 228/250 - Train Loss: 0.038221, Val Loss: 0.056848[0m
2025-12-20 22:58:32,416 | INFO     | Epoch 229/250 - Train Loss: 0.038498, Val Loss: 0.057111[0m
2025-12-20 23:01:18,572 | INFO     | Epoch 230/250 - Train Loss: 0.037979, Val Loss: 0.056566[0m
2025-12-20 23:04:04,825 | INFO     | Epoch 231/250 - Train Loss: 0.037998, Val Loss: 0.057098[0m
2025-12-20 23:06:50,981 | INFO     | Epoch 232/250 - Train Loss: 0.038013, Val Loss: 0.056951[0m
2025-12-20 23:09:37,139 | INFO     | Epoch 233/250 - Train Loss: 0.037941, Val Loss: 0.058231[0m
2025-12-20 23:12:23,277 | INFO     | Epoch 234/250 - Train Loss: 0.038546, Val Loss: 0.056851[0m
2025-12-20 23:15:09,435 | INFO     | Epoch 235/250 - Train Loss: 0.038160, Val Loss: 0.056883[0m
2025-12-20 23:17:55,590 | INFO     | Epoch 236/250 - Train Loss: 0.037826, Val Loss: 0.056755[0m
2025-12-20 23:20:41,762 | INFO     | Epoch 237/250 - Train Loss: 0.037753, Val Loss: 0.056852[0m
2025-12-20 23:23:27,944 | INFO     | Epoch 238/250 - Train Loss: 0.037864, Val Loss: 0.057620[0m
2025-12-20 23:26:14,101 | INFO     | Epoch 239/250 - Train Loss: 0.038100, Val Loss: 0.056352[0m
2025-12-20 23:29:00,255 | INFO     | Epoch 240/250 - Train Loss: 0.037537, Val Loss: 0.057007[0m
2025-12-20 23:31:46,522 | INFO     | Epoch 241/250 - Train Loss: 0.037368, Val Loss: 0.056851[0m
2025-12-20 23:34:32,687 | INFO     | Epoch 242/250 - Train Loss: 0.037390, Val Loss: 0.057065[0m
2025-12-20 23:37:18,845 | INFO     | Epoch 243/250 - Train Loss: 0.037291, Val Loss: 0.057133[0m
2025-12-20 23:40:05,005 | INFO     | Epoch 244/250 - Train Loss: 0.037232, Val Loss: 0.057047[0m
2025-12-20 23:42:51,164 | INFO     | Epoch 245/250 - Train Loss: 0.037212, Val Loss: 0.056900[0m
2025-12-20 23:45:37,322 | INFO     | Epoch 246/250 - Train Loss: 0.037232, Val Loss: 0.056726[0m
2025-12-20 23:48:23,484 | INFO     | Epoch 247/250 - Train Loss: 0.037206, Val Loss: 0.057474[0m
2025-12-20 23:51:09,650 | INFO     | Epoch 248/250 - Train Loss: 0.036959, Val Loss: 0.056950[0m
2025-12-20 23:53:55,806 | INFO     | Epoch 249/250 - Train Loss: 0.037025, Val Loss: 0.056951[0m
2025-12-20 23:56:41,967 | INFO     | Epoch 250/250 - Train Loss: 0.037020, Val Loss: 0.056699[0m
2025-12-20 23:56:42,084 | INFO     | Final model saved to experiments_DrivAerNet/spressure_N10k_lr1e-3_e250/final_model.pth
2025-12-20 23:56:42,084 | INFO     | Testing the final model
2025-12-20 23:56:51,888 | INFO     | *******************[35mL2_erro:[0m
2025-12-20 23:56:51,888 | INFO     |  0.169417
2025-12-20 23:56:51,888 | INFO     | *******************[35mmse_loss:[0m
2025-12-20 23:56:51,888 | INFO     |  0.049024
2025-12-20 23:56:51,888 | INFO     | *******************[35minference_time:[0m
2025-12-20 23:56:51,888 | INFO     |  0.000000
2025-12-20 23:56:51,888 | INFO     | Testing the best model
2025-12-20 23:57:01,699 | INFO     | *******************[35mL2_erro:[0m
2025-12-20 23:57:01,699 | INFO     |  0.169860
2025-12-20 23:57:01,699 | INFO     | *******************[35mmse_loss:[0m
2025-12-20 23:57:01,699 | INFO     |  0.049309
2025-12-20 23:57:01,699 | INFO     | *******************[35minference_time:[0m
2025-12-20 23:57:01,699 | INFO     |  0.000000
