🚀 Starting VTK Data Processing Pipeline

🔄 Creating data loaders...
Total samples found in /data/zhangbojun/DrivAerNet++_dataset/PressureVTK/E_S_WWC_WM/pklFile/: 688
Train: 483, Val: 69, Test: 136
Per-file data root: /data/zhangbojun/DrivAerNet++_dataset/PressureVTK/E_S_WWC_WM/pklFile/
Data split:
  - Training: 483 simulations (indices: [5, 6, 7, 8, 9, 10, 11, 15, 16, 17, 18, 19, 20, 21, 25, 26, 27, 28, 29, 30, 31, 35, 36, 37, 38, 39, 40, 41, 45, 46, 47, 48, 49, 50, 51, 55, 56, 57, 58, 59, 60, 61, 65, 66, 67, 68, 69, 70, 71, 75, 76, 77, 78, 79, 80, 81, 85, 86, 87, 88, 89, 90, 91, 95, 96, 97, 98, 99, 100, 101, 105, 106, 107, 108, 109, 110, 111, 115, 116, 117, 118, 119, 120, 121, 125, 126, 127, 128, 129, 130, 131, 135, 136, 137, 139, 140, 141, 142, 146, 147, 148, 149, 150, 151, 152, 156, 157, 158, 159, 160, 161, 162, 166, 167, 168, 169, 170, 171, 172, 176, 177, 178, 179, 180, 181, 182, 186, 187, 188, 189, 190, 191, 192, 196, 197, 198, 199, 200, 201, 202, 206, 207, 208, 209, 210, 211, 212, 216, 217, 218, 219, 220, 221, 222, 226, 227, 228, 229, 230, 231, 232, 236, 237, 238, 239, 240, 241, 242, 246, 247, 248, 249, 250, 251, 252, 256, 257, 258, 259, 260, 261, 262, 266, 267, 268, 270, 271, 272, 273, 277, 278, 279, 280, 281, 282, 283, 287, 288, 289, 290, 291, 292, 293, 297, 298, 299, 300, 301, 302, 303, 307, 308, 309, 310, 311, 312, 313, 317, 318, 319, 320, 322, 323, 324, 328, 329, 330, 331, 332, 333, 334, 339, 340, 341, 342, 343, 344, 345, 349, 350, 351, 352, 353, 354, 355, 359, 360, 361, 362, 363, 364, 365, 369, 370, 371, 372, 373, 374, 375, 379, 380, 381, 382, 383, 384, 385, 389, 390, 391, 392, 393, 394, 395, 399, 400, 401, 402, 403, 404, 405, 409, 410, 411, 412, 413, 414, 415, 419, 420, 421, 422, 423, 424, 425, 429, 430, 431, 432, 433, 434, 435, 439, 440, 441, 442, 443, 444, 445, 449, 450, 451, 452, 453, 454, 455, 459, 460, 461, 462, 463, 464, 465, 469, 470, 471, 472, 473, 474, 475, 479, 480, 481, 482, 483, 484, 485, 489, 490, 491, 492, 493, 494, 495, 499, 500, 501, 502, 503, 504, 505, 509, 510, 511, 512, 513, 514, 515, 519, 520, 521, 522, 523, 524, 525, 529, 530, 531, 532, 533, 534, 535, 539, 540, 541, 542, 543, 544, 545, 549, 550, 551, 552, 553, 554, 555, 559, 560, 561, 562, 563, 564, 565, 569, 570, 571, 572, 573, 574, 575, 579, 580, 581, 582, 583, 584, 585, 589, 590, 591, 592, 593, 594, 595, 599, 600, 601, 602, 603, 604, 605, 609, 610, 611, 612, 613, 614, 615, 620, 621, 622, 623, 624, 625, 627, 632, 633, 634, 635, 636, 637, 638, 643, 644, 645, 646, 647, 648, 649, 653, 654, 655, 656, 657, 658, 659, 663, 664, 665, 666, 667, 668, 669, 673, 674, 675, 676, 677, 678, 679, 683, 684, 685, 686, 687, 688, 689, 693, 694, 695, 696, 697, 698, 699])
  - Validation: 69 simulations (indices: [12, 22, 32, 42, 52, 62, 72, 82, 92, 102, 112, 122, 132, 143, 153, 163, 173, 183, 193, 203, 213, 223, 233, 243, 253, 263, 274, 284, 294, 304, 314, 325, 335, 346, 356, 366, 376, 386, 396, 406, 416, 426, 436, 446, 456, 466, 476, 486, 496, 506, 516, 526, 536, 546, 556, 566, 576, 586, 596, 606, 616, 628, 639, 650, 660, 670, 680, 690, 700])
  - Testing: 136 simulations (indices: [13, 14, 23, 24, 33, 34, 43, 44, 53, 54, 63, 64, 73, 74, 83, 84, 93, 94, 103, 104, 113, 114, 123, 124, 133, 134, 144, 145, 154, 155, 164, 165, 174, 175, 184, 185, 194, 195, 204, 205, 214, 215, 224, 225, 234, 235, 244, 245, 254, 255, 264, 265, 275, 276, 285, 286, 295, 296, 305, 306, 315, 316, 326, 327, 336, 337, 347, 348, 357, 358, 367, 368, 377, 378, 387, 388, 397, 398, 407, 408, 417, 418, 427, 428, 437, 438, 447, 448, 457, 458, 467, 468, 477, 478, 487, 488, 497, 498, 507, 508, 517, 518, 527, 528, 537, 538, 547, 548, 557, 558, 567, 568, 577, 578, 587, 588, 597, 598, 607, 608, 617, 618, 629, 631, 641, 642, 651, 652, 661, 662, 671, 672, 681, 682, 691, 692])
  - Predicting: pressure

🏗️  Creating model...
Model parameters: 3851137

🎯 Starting training...
Using device: cuda
Starting training for 300 epochs (model_name='LinearNO', assuming 'transolver' and coorf-only input)...
Epoch 1/300 - Train:   0%|          | 0/483 [00:00<?, ?batch/s]                                                               Traceback (most recent call last):
  File "/home/zhangbojun/ML_Turbulent/PGD-NO/driver/main.py", line 210, in <module>
    main()
  File "/home/zhangbojun/ML_Turbulent/PGD-NO/driver/main.py", line 182, in main
    history = train(
  File "/home/zhangbojun/ML_Turbulent/PGD-NO/driver/utils/ml.py", line 83, in train
    outputs = model(coorf)
  File "/home/zhangbojun/.conda/envs/pgd-no/lib/python3.10/site-packages/torch/nn/modules/module.py", line 1736, in _wrapped_call_impl
    return self._call_impl(*args, **kwargs)
  File "/home/zhangbojun/.conda/envs/pgd-no/lib/python3.10/site-packages/torch/nn/modules/module.py", line 1747, in _call_impl
    return forward_call(*args, **kwargs)
  File "/home/zhangbojun/ML_Turbulent/PGD-NO/driver/models/LinearAttnNeuralOperator.py", line 252, in forward
    fx = block(fx)
  File "/home/zhangbojun/.conda/envs/pgd-no/lib/python3.10/site-packages/torch/nn/modules/module.py", line 1736, in _wrapped_call_impl
    return self._call_impl(*args, **kwargs)
  File "/home/zhangbojun/.conda/envs/pgd-no/lib/python3.10/site-packages/torch/nn/modules/module.py", line 1747, in _call_impl
    return forward_call(*args, **kwargs)
  File "/home/zhangbojun/ML_Turbulent/PGD-NO/driver/models/LinearAttnNeuralOperator.py", line 113, in forward
    fx = self.Attn(self.ln_1(fx)) + fx
  File "/home/zhangbojun/.conda/envs/pgd-no/lib/python3.10/site-packages/torch/nn/modules/module.py", line 1736, in _wrapped_call_impl
    return self._call_impl(*args, **kwargs)
  File "/home/zhangbojun/.conda/envs/pgd-no/lib/python3.10/site-packages/torch/nn/modules/module.py", line 1747, in _call_impl
    return forward_call(*args, **kwargs)
  File "/home/zhangbojun/ML_Turbulent/PGD-NO/driver/models/LinearAttnNeuralOperator.py", line 29, in forward
    B, N, C = x.shape
ValueError: too many values to unpack (expected 3)
