2026-03-17 19:21:40,443 | INFO     | Config:
exp_name: velocity_N10k_lr1e-3_e250
model:
  input_dim: 3
  output_dim: 1
  res: true
  emb_dims: 1024
  k: 40
  mlp_ratio: 1.5
  dropout: 0.4
training:
  input: volume_anchor_position
  target: volume_anchor_velocity
  batch_size: 1
  epochs: 400
  lr: 0.001
  scheduler_step: 50
  scheduler_gamma: 0.5
  max_grad_norm: 0.1
  num_workers: 1
  weight_decay: 0.0
  test_only: 1
  gpus: '0'
  root_dir: /mnt/wjc_group/mae-zhangbj/DrivAerML_dataset/small
  seed: 42

2026-03-17 19:21:40,443 | INFO     | args.exp_name : velocity_N10k_lr1e-3_e250
2026-03-17 19:21:40,443 | INFO     | Starting training with 1 GPUs
2026-03-17 19:21:40,634 | INFO     | Total trainable parameters: 1437705
2026-03-17 19:21:40,635 | INFO     | Data loaded: 380 training batches, 33 validation batches, 44 test batches
2026-03-17 19:21:41,376 | INFO     | Staring training for 400 epochs
2026-03-17 19:23:32,308 | INFO     | Epoch 1/400 - Train Loss: 1.009236, Val Loss: 0.990164[0m
2026-03-17 19:23:32,321 | INFO     | New best model saved with Val Loss: 0.990164
2026-03-17 19:25:22,764 | INFO     | Epoch 2/400 - Train Loss: 0.997964, Val Loss: 0.989789[0m
2026-03-17 19:25:22,786 | INFO     | New best model saved with Val Loss: 0.989789
2026-03-17 19:27:13,262 | INFO     | Epoch 3/400 - Train Loss: 0.998041, Val Loss: 0.989693[0m
2026-03-17 19:27:13,290 | INFO     | New best model saved with Val Loss: 0.989693
2026-03-17 19:29:03,751 | INFO     | Epoch 4/400 - Train Loss: 0.997784, Val Loss: 0.989702[0m
2026-03-17 19:30:54,194 | INFO     | Epoch 5/400 - Train Loss: 0.997840, Val Loss: 0.989889[0m
2026-03-17 19:32:44,649 | INFO     | Epoch 6/400 - Train Loss: 0.997781, Val Loss: 0.989698[0m
2026-03-17 19:34:35,102 | INFO     | Epoch 7/400 - Train Loss: 0.997749, Val Loss: 0.989849[0m
2026-04-21 18:21:36,949 | INFO     | Config:
exp_name: velocity_N10k_lr1e-3_e250
model:
  input_dim: 3
  output_dim: 1
  res: true
  emb_dims: 1024
  k: 40
  mlp_ratio: 1.5
  dropout: 0.4
training:
  input: volume_anchor_position
  target: volume_anchor_velocity
  batch_size: 1
  epochs: 150
  lr: 0.001
  scheduler_step: 50
  scheduler_gamma: 0.5
  max_grad_norm: 0.1
  num_workers: 1
  weight_decay: 1.0e-05
  test_only: 0
  gpus: '0'
  seed: 42
  root_dir: /mnt/wjc_group/mae-zhangbj/DrivAerML_dataset/small
dataload:
  directory: /Users/zhangbojun/ShapeNet_dataset

2026-04-21 18:21:36,949 | INFO     | args.exp_name : velocity_N10k_lr1e-3_e250
2026-04-21 18:21:36,949 | INFO     | Starting training with 1 GPUs
2026-04-21 18:21:37,198 | INFO     | Total trainable parameters: 1437705
2026-04-21 18:21:37,199 | INFO     | Data loaded: 380 training batches, 33 validation batches, 44 test batches
2026-04-21 18:21:37,910 | INFO     | Staring training for 150 epochs
2026-04-21 18:23:30,142 | INFO     | Epoch 1/150 - Train Loss: 1.009251, Val Loss: 0.990243[0m
2026-04-21 18:23:30,160 | INFO     | New best model saved with Val Loss: 0.990243
2026-04-21 18:25:21,917 | INFO     | Epoch 2/150 - Train Loss: 0.997980, Val Loss: 0.989834[0m
2026-04-21 18:25:21,944 | INFO     | New best model saved with Val Loss: 0.989834
2026-04-21 18:27:13,692 | INFO     | Epoch 3/150 - Train Loss: 0.998074, Val Loss: 0.989769[0m
2026-04-21 18:27:13,720 | INFO     | New best model saved with Val Loss: 0.989769
2026-04-21 18:29:05,447 | INFO     | Epoch 4/150 - Train Loss: 0.997839, Val Loss: 0.989696[0m
2026-04-21 18:29:05,469 | INFO     | New best model saved with Val Loss: 0.989696
2026-04-21 18:30:57,184 | INFO     | Epoch 5/150 - Train Loss: 0.997913, Val Loss: 0.989935[0m
2026-04-21 18:32:48,915 | INFO     | Epoch 6/150 - Train Loss: 0.997810, Val Loss: 0.989690[0m
2026-04-21 18:32:48,928 | INFO     | New best model saved with Val Loss: 0.989690
2026-04-21 18:34:40,758 | INFO     | Epoch 7/150 - Train Loss: 0.997808, Val Loss: 0.989842[0m
2026-04-21 18:36:33,112 | INFO     | Epoch 8/150 - Train Loss: 0.997735, Val Loss: 0.990667[0m
2026-04-21 18:38:26,124 | INFO     | Epoch 9/150 - Train Loss: 0.997843, Val Loss: 0.989713[0m
2026-04-21 18:40:21,291 | INFO     | Epoch 10/150 - Train Loss: 0.997682, Val Loss: 0.990158[0m
2026-04-21 18:42:17,497 | INFO     | Epoch 11/150 - Train Loss: 0.997695, Val Loss: 0.989926[0m
2026-04-21 18:44:18,152 | INFO     | Epoch 12/150 - Train Loss: 0.997699, Val Loss: 0.989824[0m
2026-04-21 18:46:20,390 | INFO     | Epoch 13/150 - Train Loss: 0.997591, Val Loss: 0.988728[0m
2026-04-21 18:46:20,412 | INFO     | New best model saved with Val Loss: 0.988728
2026-04-21 18:48:23,265 | INFO     | Epoch 14/150 - Train Loss: 0.982561, Val Loss: 0.956420[0m
2026-04-21 18:48:23,292 | INFO     | New best model saved with Val Loss: 0.956420
2026-04-21 18:50:28,063 | INFO     | Epoch 15/150 - Train Loss: 0.964077, Val Loss: 0.955657[0m
2026-04-21 18:50:28,086 | INFO     | New best model saved with Val Loss: 0.955657
2026-04-21 18:52:33,138 | INFO     | Epoch 16/150 - Train Loss: 0.957646, Val Loss: 0.946860[0m
2026-04-21 18:52:33,158 | INFO     | New best model saved with Val Loss: 0.946860
2026-04-21 18:54:38,218 | INFO     | Epoch 17/150 - Train Loss: 0.940793, Val Loss: 0.924653[0m
2026-04-21 18:54:38,236 | INFO     | New best model saved with Val Loss: 0.924653
2026-04-21 18:56:43,327 | INFO     | Epoch 18/150 - Train Loss: 0.931648, Val Loss: 0.916267[0m
2026-04-21 18:56:43,344 | INFO     | New best model saved with Val Loss: 0.916267
2026-04-21 18:58:48,391 | INFO     | Epoch 19/150 - Train Loss: 0.922803, Val Loss: 0.916520[0m
2026-04-21 19:00:53,466 | INFO     | Epoch 20/150 - Train Loss: 0.912805, Val Loss: 0.900108[0m
2026-04-21 19:00:53,493 | INFO     | New best model saved with Val Loss: 0.900108
2026-04-21 19:02:58,677 | INFO     | Epoch 21/150 - Train Loss: 0.904883, Val Loss: 0.894376[0m
2026-04-21 19:02:58,699 | INFO     | New best model saved with Val Loss: 0.894376
2026-04-21 19:05:03,788 | INFO     | Epoch 22/150 - Train Loss: 0.888994, Val Loss: 0.871977[0m
2026-04-21 19:05:03,806 | INFO     | New best model saved with Val Loss: 0.871977
2026-04-21 19:07:08,896 | INFO     | Epoch 23/150 - Train Loss: 0.879751, Val Loss: 0.861054[0m
2026-04-21 19:07:08,917 | INFO     | New best model saved with Val Loss: 0.861054
2026-04-21 19:09:14,011 | INFO     | Epoch 24/150 - Train Loss: 0.877267, Val Loss: 0.873617[0m
2026-04-21 19:11:19,090 | INFO     | Epoch 25/150 - Train Loss: 0.868977, Val Loss: 0.852636[0m
2026-04-21 19:11:19,103 | INFO     | New best model saved with Val Loss: 0.852636
2026-04-21 19:13:24,206 | INFO     | Epoch 26/150 - Train Loss: 0.867503, Val Loss: 0.864427[0m
2026-04-21 19:15:29,270 | INFO     | Epoch 27/150 - Train Loss: 0.860206, Val Loss: 0.839694[0m
2026-04-21 19:15:29,291 | INFO     | New best model saved with Val Loss: 0.839694
2026-04-21 19:17:34,348 | INFO     | Epoch 28/150 - Train Loss: 0.854008, Val Loss: 0.837028[0m
2026-04-21 19:17:34,369 | INFO     | New best model saved with Val Loss: 0.837028
2026-04-21 19:19:39,457 | INFO     | Epoch 29/150 - Train Loss: 0.852256, Val Loss: 0.830548[0m
2026-04-21 19:19:39,476 | INFO     | New best model saved with Val Loss: 0.830548
2026-04-21 19:21:44,550 | INFO     | Epoch 30/150 - Train Loss: 0.852113, Val Loss: 0.845930[0m
2026-04-21 19:23:49,742 | INFO     | Epoch 31/150 - Train Loss: 0.844808, Val Loss: 0.827449[0m
2026-04-21 19:23:49,763 | INFO     | New best model saved with Val Loss: 0.827449
2026-04-21 19:25:54,864 | INFO     | Epoch 32/150 - Train Loss: 0.850038, Val Loss: 0.829480[0m
2026-04-21 19:28:00,015 | INFO     | Epoch 33/150 - Train Loss: 0.841381, Val Loss: 0.823922[0m
2026-04-21 19:28:00,037 | INFO     | New best model saved with Val Loss: 0.823922
2026-04-21 19:30:05,139 | INFO     | Epoch 34/150 - Train Loss: 0.832403, Val Loss: 0.833649[0m
2026-04-21 19:32:10,238 | INFO     | Epoch 35/150 - Train Loss: 0.829391, Val Loss: 0.811957[0m
2026-04-21 19:32:10,264 | INFO     | New best model saved with Val Loss: 0.811957
2026-04-21 19:34:15,339 | INFO     | Epoch 36/150 - Train Loss: 0.829222, Val Loss: 0.811505[0m
2026-04-21 19:34:15,360 | INFO     | New best model saved with Val Loss: 0.811505
2026-04-21 19:35:29,410 | INFO     | Config:
exp_name: velocity_N10k_lr1e-3_e250
model:
  input_dim: 3
  output_dim: 1
  res: true
  emb_dims: 1024
  k: 40
  mlp_ratio: 1.5
  dropout: 0.4
training:
  input: volume_anchor_position
  target: volume_anchor_velocity
  batch_size: 1
  epochs: 150
  lr: 0.001
  scheduler_step: 50
  scheduler_gamma: 0.5
  max_grad_norm: 0.1
  num_workers: 1
  weight_decay: 1.0e-05
  test_only: 0
  gpus: '0'
  seed: 42
  root_dir: /mnt/wjc_group/mae-zhangbj/DrivAerML_dataset/small
dataload:
  directory: /Users/zhangbojun/ShapeNet_dataset

2026-04-21 19:35:29,410 | INFO     | args.exp_name : velocity_N10k_lr1e-3_e250
2026-04-21 19:35:29,410 | INFO     | Starting training with 1 GPUs
2026-04-21 19:35:29,635 | INFO     | Total trainable parameters: 1437705
2026-04-21 19:35:29,635 | INFO     | Data loaded: 380 training batches, 33 validation batches, 44 test batches
2026-04-21 19:35:30,365 | INFO     | Staring training for 150 epochs
2026-04-21 19:36:18,375 | INFO     | Config:
exp_name: velocity_N10k_lr1e-3_e250
model:
  input_dim: 3
  output_dim: 1
  res: true
  emb_dims: 1024
  k: 40
  mlp_ratio: 1.5
  dropout: 0.4
training:
  input: volume_anchor_position
  target: volume_anchor_velocity
  batch_size: 1
  epochs: 150
  lr: 0.001
  scheduler_step: 50
  scheduler_gamma: 0.5
  max_grad_norm: 0.1
  num_workers: 1
  weight_decay: 1.0e-05
  test_only: 0
  gpus: '0'
  seed: 42
  root_dir: /mnt/wjc_group/mae-zhangbj/DrivAerML_dataset/small
dataload:
  directory: /Users/zhangbojun/ShapeNet_dataset

2026-04-21 19:36:18,375 | INFO     | args.exp_name : velocity_N10k_lr1e-3_e250
2026-04-21 19:36:18,375 | INFO     | Starting training with 1 GPUs
2026-04-21 19:36:18,566 | INFO     | Total trainable parameters: 1437705
2026-04-21 19:36:18,567 | INFO     | Data loaded: 380 training batches, 33 validation batches, 44 test batches
2026-04-21 19:36:19,280 | INFO     | Staring training for 150 epochs
2026-04-21 19:38:10,272 | INFO     | Epoch 1/150 - Train Loss: 1.009251, Val Loss: 0.990243[0m
2026-04-21 19:38:10,293 | INFO     | New best model saved with Val Loss: 0.990243
2026-04-21 19:40:00,794 | INFO     | Epoch 2/150 - Train Loss: 0.997980, Val Loss: 0.989834[0m
2026-04-21 19:40:00,816 | INFO     | New best model saved with Val Loss: 0.989834
2026-04-21 19:41:51,304 | INFO     | Epoch 3/150 - Train Loss: 0.998074, Val Loss: 0.989769[0m
2026-04-21 19:41:51,321 | INFO     | New best model saved with Val Loss: 0.989769
2026-04-21 19:43:41,804 | INFO     | Epoch 4/150 - Train Loss: 0.997839, Val Loss: 0.989696[0m
2026-04-21 19:43:41,826 | INFO     | New best model saved with Val Loss: 0.989696
2026-04-21 19:45:32,314 | INFO     | Epoch 5/150 - Train Loss: 0.997913, Val Loss: 0.989935[0m
2026-04-21 19:47:22,809 | INFO     | Epoch 6/150 - Train Loss: 0.997810, Val Loss: 0.989690[0m
2026-04-21 19:47:22,831 | INFO     | New best model saved with Val Loss: 0.989690
2026-04-21 19:49:13,409 | INFO     | Epoch 7/150 - Train Loss: 0.997808, Val Loss: 0.989842[0m
2026-04-21 19:51:04,556 | INFO     | Epoch 8/150 - Train Loss: 0.997735, Val Loss: 0.990667[0m
2026-04-21 19:52:56,322 | INFO     | Epoch 9/150 - Train Loss: 0.997843, Val Loss: 0.989713[0m
2026-04-21 19:54:50,249 | INFO     | Epoch 10/150 - Train Loss: 0.997682, Val Loss: 0.990158[0m
2026-04-21 19:56:45,226 | INFO     | Epoch 11/150 - Train Loss: 0.997695, Val Loss: 0.989926[0m
2026-04-21 19:58:44,608 | INFO     | Epoch 12/150 - Train Loss: 0.997699, Val Loss: 0.989824[0m
2026-04-21 20:00:45,567 | INFO     | Epoch 13/150 - Train Loss: 0.997591, Val Loss: 0.988728[0m
2026-04-21 20:00:45,591 | INFO     | New best model saved with Val Loss: 0.988728
2026-04-21 20:02:47,231 | INFO     | Epoch 14/150 - Train Loss: 0.982561, Val Loss: 0.956420[0m
2026-04-21 20:02:47,249 | INFO     | New best model saved with Val Loss: 0.956420
2026-04-21 20:04:50,788 | INFO     | Epoch 15/150 - Train Loss: 0.964077, Val Loss: 0.955657[0m
2026-04-21 20:04:50,810 | INFO     | New best model saved with Val Loss: 0.955657
2026-04-21 20:06:54,608 | INFO     | Epoch 16/150 - Train Loss: 0.957646, Val Loss: 0.946860[0m
2026-04-21 20:06:54,630 | INFO     | New best model saved with Val Loss: 0.946860
2026-04-21 20:08:58,475 | INFO     | Epoch 17/150 - Train Loss: 0.940793, Val Loss: 0.924653[0m
2026-04-21 20:08:58,497 | INFO     | New best model saved with Val Loss: 0.924653
2026-04-21 20:11:02,337 | INFO     | Epoch 18/150 - Train Loss: 0.931648, Val Loss: 0.916267[0m
2026-04-21 20:11:02,359 | INFO     | New best model saved with Val Loss: 0.916267
2026-04-21 20:13:06,196 | INFO     | Epoch 19/150 - Train Loss: 0.922803, Val Loss: 0.916520[0m
2026-04-21 20:15:10,040 | INFO     | Epoch 20/150 - Train Loss: 0.912805, Val Loss: 0.900108[0m
2026-04-21 20:15:10,058 | INFO     | New best model saved with Val Loss: 0.900108
2026-04-21 20:17:14,010 | INFO     | Epoch 21/150 - Train Loss: 0.904883, Val Loss: 0.894376[0m
2026-04-21 20:17:14,033 | INFO     | New best model saved with Val Loss: 0.894376
2026-04-21 20:19:17,898 | INFO     | Epoch 22/150 - Train Loss: 0.888994, Val Loss: 0.871977[0m
2026-04-21 20:19:17,922 | INFO     | New best model saved with Val Loss: 0.871977
2026-04-21 20:21:21,795 | INFO     | Epoch 23/150 - Train Loss: 0.879751, Val Loss: 0.861054[0m
2026-04-21 20:21:21,818 | INFO     | New best model saved with Val Loss: 0.861054
2026-04-21 20:23:25,684 | INFO     | Epoch 24/150 - Train Loss: 0.877267, Val Loss: 0.873617[0m
2026-04-21 20:25:29,538 | INFO     | Epoch 25/150 - Train Loss: 0.868977, Val Loss: 0.852636[0m
2026-04-21 20:25:29,556 | INFO     | New best model saved with Val Loss: 0.852636
2026-04-21 20:27:33,412 | INFO     | Epoch 26/150 - Train Loss: 0.867503, Val Loss: 0.864427[0m
2026-04-21 20:29:37,268 | INFO     | Epoch 27/150 - Train Loss: 0.860206, Val Loss: 0.839694[0m
2026-04-21 20:29:37,291 | INFO     | New best model saved with Val Loss: 0.839694
2026-04-21 20:31:41,135 | INFO     | Epoch 28/150 - Train Loss: 0.854008, Val Loss: 0.837028[0m
2026-04-21 20:31:41,157 | INFO     | New best model saved with Val Loss: 0.837028
2026-04-21 20:33:44,997 | INFO     | Epoch 29/150 - Train Loss: 0.852256, Val Loss: 0.830548[0m
2026-04-21 20:33:45,019 | INFO     | New best model saved with Val Loss: 0.830548
2026-04-21 20:35:48,870 | INFO     | Epoch 30/150 - Train Loss: 0.852113, Val Loss: 0.845930[0m
2026-04-21 20:37:52,828 | INFO     | Epoch 31/150 - Train Loss: 0.844808, Val Loss: 0.827449[0m
2026-04-21 20:37:52,850 | INFO     | New best model saved with Val Loss: 0.827449
2026-04-21 20:39:56,715 | INFO     | Epoch 32/150 - Train Loss: 0.850038, Val Loss: 0.829480[0m
2026-04-21 20:42:00,579 | INFO     | Epoch 33/150 - Train Loss: 0.841381, Val Loss: 0.823922[0m
2026-04-21 20:42:00,601 | INFO     | New best model saved with Val Loss: 0.823922
2026-04-21 20:44:04,451 | INFO     | Epoch 34/150 - Train Loss: 0.832403, Val Loss: 0.833649[0m
2026-04-21 20:46:08,308 | INFO     | Epoch 35/150 - Train Loss: 0.829391, Val Loss: 0.811957[0m
2026-04-21 20:46:08,330 | INFO     | New best model saved with Val Loss: 0.811957
2026-04-21 20:48:12,179 | INFO     | Epoch 36/150 - Train Loss: 0.829222, Val Loss: 0.811505[0m
2026-04-21 20:48:12,201 | INFO     | New best model saved with Val Loss: 0.811505
2026-04-21 20:50:16,075 | INFO     | Epoch 37/150 - Train Loss: 0.824802, Val Loss: 0.803467[0m
2026-04-21 20:50:16,097 | INFO     | New best model saved with Val Loss: 0.803467
2026-04-21 20:52:19,969 | INFO     | Epoch 38/150 - Train Loss: 0.823112, Val Loss: 0.813995[0m
2026-04-21 20:54:23,816 | INFO     | Epoch 39/150 - Train Loss: 0.821752, Val Loss: 0.819277[0m
2026-04-21 20:56:27,676 | INFO     | Epoch 40/150 - Train Loss: 0.821837, Val Loss: 0.802083[0m
2026-04-21 20:56:27,699 | INFO     | New best model saved with Val Loss: 0.802083
2026-04-21 20:58:31,664 | INFO     | Epoch 41/150 - Train Loss: 0.817660, Val Loss: 0.804976[0m
2026-04-21 21:00:35,528 | INFO     | Epoch 42/150 - Train Loss: 0.816848, Val Loss: 0.803173[0m
2026-04-21 21:02:39,411 | INFO     | Epoch 43/150 - Train Loss: 0.815936, Val Loss: 0.789514[0m
2026-04-21 21:02:39,435 | INFO     | New best model saved with Val Loss: 0.789514
2026-04-21 21:04:43,309 | INFO     | Epoch 44/150 - Train Loss: 0.820418, Val Loss: 0.809086[0m
2026-04-21 21:06:47,168 | INFO     | Epoch 45/150 - Train Loss: 0.814295, Val Loss: 0.796299[0m
2026-04-21 21:08:51,032 | INFO     | Epoch 46/150 - Train Loss: 0.825530, Val Loss: 0.796995[0m
2026-04-21 21:10:54,920 | INFO     | Epoch 47/150 - Train Loss: 0.812788, Val Loss: 0.795403[0m
2026-04-21 21:12:58,793 | INFO     | Epoch 48/150 - Train Loss: 0.810480, Val Loss: 0.812051[0m
2026-04-21 21:15:02,673 | INFO     | Epoch 49/150 - Train Loss: 0.807579, Val Loss: 0.796444[0m
2026-04-21 21:17:06,544 | INFO     | Epoch 50/150 - Train Loss: 0.811900, Val Loss: 0.794914[0m
2026-04-21 21:19:10,511 | INFO     | Epoch 51/150 - Train Loss: 0.805164, Val Loss: 0.787440[0m
2026-04-21 21:19:10,528 | INFO     | New best model saved with Val Loss: 0.787440
2026-04-21 21:21:14,404 | INFO     | Epoch 52/150 - Train Loss: 0.811235, Val Loss: 0.804944[0m
2026-04-21 21:23:18,296 | INFO     | Epoch 53/150 - Train Loss: 0.812968, Val Loss: 0.806480[0m
2026-04-21 21:25:22,156 | INFO     | Epoch 54/150 - Train Loss: 0.806434, Val Loss: 0.788485[0m
2026-04-21 21:27:26,035 | INFO     | Epoch 55/150 - Train Loss: 0.804322, Val Loss: 0.785272[0m
2026-04-21 21:27:26,057 | INFO     | New best model saved with Val Loss: 0.785272
2026-04-21 21:29:29,924 | INFO     | Epoch 56/150 - Train Loss: 0.801802, Val Loss: 0.783841[0m
2026-04-21 21:29:29,942 | INFO     | New best model saved with Val Loss: 0.783841
2026-04-21 21:31:33,817 | INFO     | Epoch 57/150 - Train Loss: 0.801495, Val Loss: 0.791562[0m
2026-04-21 21:33:37,687 | INFO     | Epoch 58/150 - Train Loss: 0.799497, Val Loss: 0.784929[0m
2026-04-21 21:35:41,577 | INFO     | Epoch 59/150 - Train Loss: 0.800199, Val Loss: 0.780943[0m
2026-04-21 21:35:41,598 | INFO     | New best model saved with Val Loss: 0.780943
2026-04-21 21:37:45,473 | INFO     | Epoch 60/150 - Train Loss: 0.812347, Val Loss: 0.785410[0m
2026-04-21 21:39:49,438 | INFO     | Epoch 61/150 - Train Loss: 0.799974, Val Loss: 0.780843[0m
2026-04-21 21:39:49,456 | INFO     | New best model saved with Val Loss: 0.780843
2026-04-21 21:41:53,332 | INFO     | Epoch 62/150 - Train Loss: 0.820550, Val Loss: 0.784348[0m
2026-04-21 21:43:57,199 | INFO     | Epoch 63/150 - Train Loss: 0.801991, Val Loss: 0.789322[0m
2026-04-21 21:46:01,076 | INFO     | Epoch 64/150 - Train Loss: 0.800702, Val Loss: 0.783005[0m
2026-04-21 21:48:04,960 | INFO     | Epoch 65/150 - Train Loss: 0.797632, Val Loss: 0.779785[0m
2026-04-21 21:48:04,982 | INFO     | New best model saved with Val Loss: 0.779785
2026-04-21 21:50:08,875 | INFO     | Epoch 66/150 - Train Loss: 0.798483, Val Loss: 0.783241[0m
2026-04-21 21:52:12,768 | INFO     | Epoch 67/150 - Train Loss: 0.796594, Val Loss: 0.786523[0m
2026-04-21 21:54:16,630 | INFO     | Epoch 68/150 - Train Loss: 0.796106, Val Loss: 0.784184[0m
2026-04-21 21:56:20,497 | INFO     | Epoch 69/150 - Train Loss: 0.798104, Val Loss: 0.789462[0m
2026-04-21 21:58:24,398 | INFO     | Epoch 70/150 - Train Loss: 0.802907, Val Loss: 0.789387[0m
2026-04-21 22:00:28,375 | INFO     | Epoch 71/150 - Train Loss: 0.793718, Val Loss: 0.779410[0m
2026-04-21 22:00:28,401 | INFO     | New best model saved with Val Loss: 0.779410
2026-04-21 22:02:32,289 | INFO     | Epoch 72/150 - Train Loss: 0.791681, Val Loss: 0.778290[0m
2026-04-21 22:02:32,314 | INFO     | New best model saved with Val Loss: 0.778290
2026-04-21 22:04:36,196 | INFO     | Epoch 73/150 - Train Loss: 0.793523, Val Loss: 0.782940[0m
2026-04-21 22:06:40,078 | INFO     | Epoch 74/150 - Train Loss: 0.789701, Val Loss: 0.780184[0m
2026-04-21 22:08:43,943 | INFO     | Epoch 75/150 - Train Loss: 0.788905, Val Loss: 0.774619[0m
2026-04-21 22:08:43,957 | INFO     | New best model saved with Val Loss: 0.774619
2026-04-21 22:10:47,860 | INFO     | Epoch 76/150 - Train Loss: 0.793235, Val Loss: 0.778505[0m
2026-04-21 22:12:51,733 | INFO     | Epoch 77/150 - Train Loss: 0.789765, Val Loss: 0.772664[0m
2026-04-21 22:12:51,756 | INFO     | New best model saved with Val Loss: 0.772664
2026-04-21 22:14:55,630 | INFO     | Epoch 78/150 - Train Loss: 0.805478, Val Loss: 0.829336[0m
2026-04-21 22:16:59,532 | INFO     | Epoch 79/150 - Train Loss: 0.796180, Val Loss: 0.779412[0m
2026-04-21 22:19:03,406 | INFO     | Epoch 80/150 - Train Loss: 0.790193, Val Loss: 0.778277[0m
2026-04-21 22:21:07,387 | INFO     | Epoch 81/150 - Train Loss: 0.789471, Val Loss: 0.776936[0m
2026-04-21 22:23:11,270 | INFO     | Epoch 82/150 - Train Loss: 0.787799, Val Loss: 0.774420[0m
2026-04-21 22:25:15,140 | INFO     | Epoch 83/150 - Train Loss: 0.787887, Val Loss: 0.771460[0m
2026-04-21 22:25:15,162 | INFO     | New best model saved with Val Loss: 0.771460
2026-04-21 22:27:19,013 | INFO     | Epoch 84/150 - Train Loss: 0.786091, Val Loss: 0.770043[0m
2026-04-21 22:27:19,031 | INFO     | New best model saved with Val Loss: 0.770043
2026-04-21 22:29:22,907 | INFO     | Epoch 85/150 - Train Loss: 0.787802, Val Loss: 0.776111[0m
2026-04-21 22:31:26,765 | INFO     | Epoch 86/150 - Train Loss: 0.785866, Val Loss: 0.778849[0m
2026-04-21 22:33:30,638 | INFO     | Epoch 87/150 - Train Loss: 0.786365, Val Loss: 0.771901[0m
2026-04-21 22:35:34,523 | INFO     | Epoch 88/150 - Train Loss: 0.784842, Val Loss: 0.771055[0m
2026-04-21 22:37:38,407 | INFO     | Epoch 89/150 - Train Loss: 0.785453, Val Loss: 0.773954[0m
2026-04-21 22:39:42,274 | INFO     | Epoch 90/150 - Train Loss: 0.785862, Val Loss: 0.780652[0m
2026-04-21 22:41:46,232 | INFO     | Epoch 91/150 - Train Loss: 0.789030, Val Loss: 0.771732[0m
2026-04-21 22:43:50,089 | INFO     | Epoch 92/150 - Train Loss: 0.783627, Val Loss: 0.773830[0m
2026-04-21 22:45:53,962 | INFO     | Epoch 93/150 - Train Loss: 0.784047, Val Loss: 0.767606[0m
2026-04-21 22:45:53,983 | INFO     | New best model saved with Val Loss: 0.767606
2026-04-21 22:47:57,852 | INFO     | Epoch 94/150 - Train Loss: 0.783714, Val Loss: 0.770637[0m
2026-04-21 22:50:01,709 | INFO     | Epoch 95/150 - Train Loss: 0.784345, Val Loss: 0.768680[0m
2026-04-21 22:52:05,586 | INFO     | Epoch 96/150 - Train Loss: 0.797416, Val Loss: 0.768692[0m
2026-04-21 22:54:09,455 | INFO     | Epoch 97/150 - Train Loss: 0.782789, Val Loss: 0.766362[0m
2026-04-21 22:54:09,476 | INFO     | New best model saved with Val Loss: 0.766362
2026-04-21 22:56:13,340 | INFO     | Epoch 98/150 - Train Loss: 0.782028, Val Loss: 0.766517[0m
2026-04-21 22:58:17,217 | INFO     | Epoch 99/150 - Train Loss: 0.782414, Val Loss: 0.771432[0m
2026-04-21 23:00:21,080 | INFO     | Epoch 100/150 - Train Loss: 0.781257, Val Loss: 0.773176[0m
2026-04-21 23:02:25,047 | INFO     | Epoch 101/150 - Train Loss: 0.789650, Val Loss: 0.798382[0m
2026-04-21 23:04:28,917 | INFO     | Epoch 102/150 - Train Loss: 0.785703, Val Loss: 0.769135[0m
2026-04-21 23:06:32,769 | INFO     | Epoch 103/150 - Train Loss: 0.781427, Val Loss: 0.764599[0m
2026-04-21 23:06:32,792 | INFO     | New best model saved with Val Loss: 0.764599
2026-04-21 23:08:36,659 | INFO     | Epoch 104/150 - Train Loss: 0.780347, Val Loss: 0.767999[0m
2026-04-21 23:10:40,550 | INFO     | Epoch 105/150 - Train Loss: 0.781884, Val Loss: 0.766114[0m
2026-04-21 23:12:44,409 | INFO     | Epoch 106/150 - Train Loss: 0.780093, Val Loss: 0.764947[0m
2026-04-21 23:14:48,272 | INFO     | Epoch 107/150 - Train Loss: 0.779179, Val Loss: 0.767004[0m
2026-04-21 23:16:52,144 | INFO     | Epoch 108/150 - Train Loss: 0.785246, Val Loss: 0.767132[0m
2026-04-21 23:18:56,014 | INFO     | Epoch 109/150 - Train Loss: 0.779475, Val Loss: 0.767060[0m
2026-04-21 23:20:59,887 | INFO     | Epoch 110/150 - Train Loss: 0.779914, Val Loss: 0.765065[0m
2026-04-21 23:23:03,857 | INFO     | Epoch 111/150 - Train Loss: 0.778180, Val Loss: 0.771513[0m
2026-04-21 23:25:07,717 | INFO     | Epoch 112/150 - Train Loss: 0.779088, Val Loss: 0.776034[0m
2026-04-21 23:27:11,581 | INFO     | Epoch 113/150 - Train Loss: 0.779802, Val Loss: 0.765087[0m
2026-04-21 23:29:15,447 | INFO     | Epoch 114/150 - Train Loss: 0.779206, Val Loss: 0.766851[0m
2026-04-21 23:31:19,335 | INFO     | Epoch 115/150 - Train Loss: 0.768877, Val Loss: 0.755778[0m
2026-04-21 23:31:19,354 | INFO     | New best model saved with Val Loss: 0.755778
2026-04-21 23:33:23,226 | INFO     | Epoch 116/150 - Train Loss: 0.767776, Val Loss: 0.755232[0m
2026-04-21 23:33:23,251 | INFO     | New best model saved with Val Loss: 0.755232
2026-04-21 23:35:27,140 | INFO     | Epoch 117/150 - Train Loss: 0.767279, Val Loss: 0.754557[0m
2026-04-21 23:35:27,162 | INFO     | New best model saved with Val Loss: 0.754557
2026-04-21 23:37:31,032 | INFO     | Epoch 118/150 - Train Loss: 0.766746, Val Loss: 0.755453[0m
2026-04-21 23:39:34,899 | INFO     | Epoch 119/150 - Train Loss: 0.766589, Val Loss: 0.754406[0m
2026-04-21 23:39:34,921 | INFO     | New best model saved with Val Loss: 0.754406
2026-04-21 23:41:38,796 | INFO     | Epoch 120/150 - Train Loss: 0.766268, Val Loss: 0.754492[0m
2026-04-21 23:43:42,760 | INFO     | Epoch 121/150 - Train Loss: 0.766080, Val Loss: 0.754258[0m
2026-04-21 23:43:42,782 | INFO     | New best model saved with Val Loss: 0.754258
2026-04-21 23:45:46,657 | INFO     | Epoch 122/150 - Train Loss: 0.765752, Val Loss: 0.753516[0m
2026-04-21 23:45:46,679 | INFO     | New best model saved with Val Loss: 0.753516
2026-04-21 23:47:50,541 | INFO     | Epoch 123/150 - Train Loss: 0.765654, Val Loss: 0.753019[0m
2026-04-21 23:47:50,563 | INFO     | New best model saved with Val Loss: 0.753019
2026-04-21 23:49:54,433 | INFO     | Epoch 124/150 - Train Loss: 0.765643, Val Loss: 0.753887[0m
2026-04-21 23:51:58,305 | INFO     | Epoch 125/150 - Train Loss: 0.765172, Val Loss: 0.752762[0m
2026-04-21 23:51:58,328 | INFO     | New best model saved with Val Loss: 0.752762
2026-04-21 23:54:02,191 | INFO     | Epoch 126/150 - Train Loss: 0.765084, Val Loss: 0.752719[0m
2026-04-21 23:54:02,213 | INFO     | New best model saved with Val Loss: 0.752719
2026-04-21 23:56:06,084 | INFO     | Epoch 127/150 - Train Loss: 0.764840, Val Loss: 0.752207[0m
2026-04-21 23:56:06,106 | INFO     | New best model saved with Val Loss: 0.752207
2026-04-21 23:58:09,991 | INFO     | Epoch 128/150 - Train Loss: 0.764700, Val Loss: 0.752605[0m
2026-04-22 00:00:13,891 | INFO     | Epoch 129/150 - Train Loss: 0.764515, Val Loss: 0.751467[0m
2026-04-22 00:00:13,918 | INFO     | New best model saved with Val Loss: 0.751467
2026-04-22 00:02:17,804 | INFO     | Epoch 130/150 - Train Loss: 0.764184, Val Loss: 0.752306[0m
2026-04-22 00:04:21,786 | INFO     | Epoch 131/150 - Train Loss: 0.764116, Val Loss: 0.752061[0m
2026-04-22 00:06:25,649 | INFO     | Epoch 132/150 - Train Loss: 0.763780, Val Loss: 0.751373[0m
2026-04-22 00:06:25,671 | INFO     | New best model saved with Val Loss: 0.751373
2026-04-22 00:08:29,559 | INFO     | Epoch 133/150 - Train Loss: 0.763648, Val Loss: 0.755641[0m
2026-04-22 00:10:33,456 | INFO     | Epoch 134/150 - Train Loss: 0.763505, Val Loss: 0.750961[0m
2026-04-22 00:10:33,481 | INFO     | New best model saved with Val Loss: 0.750961
2026-04-22 00:12:37,387 | INFO     | Epoch 135/150 - Train Loss: 0.763494, Val Loss: 0.750861[0m
2026-04-22 00:12:37,413 | INFO     | New best model saved with Val Loss: 0.750861
2026-04-22 00:14:41,299 | INFO     | Epoch 136/150 - Train Loss: 0.763198, Val Loss: 0.751500[0m
2026-04-22 00:16:45,168 | INFO     | Epoch 137/150 - Train Loss: 0.763235, Val Loss: 0.750348[0m
2026-04-22 00:16:45,189 | INFO     | New best model saved with Val Loss: 0.750348
2026-04-22 00:18:49,046 | INFO     | Epoch 138/150 - Train Loss: 0.763000, Val Loss: 0.751579[0m
2026-04-22 00:20:52,909 | INFO     | Epoch 139/150 - Train Loss: 0.762651, Val Loss: 0.750190[0m
2026-04-22 00:20:52,926 | INFO     | New best model saved with Val Loss: 0.750190
2026-04-22 00:22:56,794 | INFO     | Epoch 140/150 - Train Loss: 0.762880, Val Loss: 0.750435[0m
2026-04-22 00:25:00,802 | INFO     | Epoch 141/150 - Train Loss: 0.762602, Val Loss: 0.751839[0m
2026-04-22 00:27:04,687 | INFO     | Epoch 142/150 - Train Loss: 0.762691, Val Loss: 0.752618[0m
2026-04-22 00:29:08,548 | INFO     | Epoch 143/150 - Train Loss: 0.762340, Val Loss: 0.751895[0m
2026-04-22 00:31:12,413 | INFO     | Epoch 144/150 - Train Loss: 0.762132, Val Loss: 0.750675[0m
2026-04-22 00:33:16,287 | INFO     | Epoch 145/150 - Train Loss: 0.761980, Val Loss: 0.751852[0m
2026-04-22 00:35:20,152 | INFO     | Epoch 146/150 - Train Loss: 0.761860, Val Loss: 0.751900[0m
2026-04-22 00:37:24,063 | INFO     | Epoch 147/150 - Train Loss: 0.761822, Val Loss: 0.749623[0m
2026-04-22 00:37:24,082 | INFO     | New best model saved with Val Loss: 0.749623
2026-04-22 00:39:27,945 | INFO     | Epoch 148/150 - Train Loss: 0.761503, Val Loss: 0.749212[0m
2026-04-22 00:39:27,968 | INFO     | New best model saved with Val Loss: 0.749212
2026-04-22 00:41:31,839 | INFO     | Epoch 149/150 - Train Loss: 0.761163, Val Loss: 0.752281[0m
2026-04-22 00:43:35,705 | INFO     | Epoch 150/150 - Train Loss: 0.761206, Val Loss: 0.748937[0m
2026-04-22 00:43:35,728 | INFO     | New best model saved with Val Loss: 0.748937
2026-04-22 00:43:35,836 | INFO     | Final model saved to experiments_DrivAerML/velocity_N10k_lr1e-3_e250/final_model.pth
2026-04-22 00:43:35,836 | INFO     | Testing the final model
2026-04-25 14:03:02,878 | INFO     | Config:
exp_name: velocity_N10k_lr1e-3_e250
model:
  input_dim: 3
  output_dim: 1
  res: true
  emb_dims: 1024
  k: 40
  mlp_ratio: 1.5
  dropout: 0.4
training:
  input: volume_anchor_position
  target: volume_anchor_velocity
  batch_size: 1
  epochs: 250
  lr: 0.001
  scheduler_step: 50
  scheduler_gamma: 0.5
  max_grad_norm: 0.1
  num_workers: 1
  weight_decay: 1.0e-05
  test_only: 1
  gpus: '0'
  seed: 42
  root_dir: /mnt/wjc_group/mae-zhangbj/DrivAerML_dataset/small
dataload:
  directory: /Users/zhangbojun/ShapeNet_dataset

2026-04-25 14:03:02,878 | INFO     | args.exp_name : velocity_N10k_lr1e-3_e250
2026-04-25 14:03:02,878 | INFO     | Starting training with 1 GPUs
2026-04-25 14:03:03,079 | INFO     | Total trainable parameters: 1437705
2026-04-25 14:03:03,080 | INFO     | Data loaded: 380 training batches, 33 validation batches, 44 test batches
2026-04-25 14:03:03,789 | INFO     | Loading best model for testing only
2026-04-25 14:03:04,259 | INFO     | y.shape:torch.Size([1, 3, 10000])
2026-04-25 14:03:04,260 | INFO     | y_hat.shape:torch.Size([1, 1, 10000])
2026-04-25 14:05:12,769 | INFO     | Config:
exp_name: velocity_N10k_lr1e-3_e250
model:
  input_dim: 3
  output_dim: 3
  res: true
  emb_dims: 1024
  k: 40
  mlp_ratio: 1.5
  dropout: 0.4
training:
  input: volume_anchor_position
  target: volume_anchor_velocity
  batch_size: 1
  epochs: 250
  lr: 0.001
  scheduler_step: 50
  scheduler_gamma: 0.5
  max_grad_norm: 0.1
  num_workers: 1
  weight_decay: 1.0e-05
  test_only: 0
  gpus: '0'
  seed: 42
  root_dir: /mnt/wjc_group/mae-zhangbj/DrivAerML_dataset/small
dataload:
  directory: /Users/zhangbojun/ShapeNet_dataset

2026-04-25 14:05:12,769 | INFO     | args.exp_name : velocity_N10k_lr1e-3_e250
2026-04-25 14:05:12,769 | INFO     | Starting training with 1 GPUs
2026-04-25 14:05:12,986 | INFO     | Total trainable parameters: 1437705
2026-04-25 14:05:12,987 | INFO     | Data loaded: 380 training batches, 33 validation batches, 44 test batches
2026-04-25 14:05:13,706 | INFO     | Staring training for 250 epochs
2026-04-25 14:07:05,926 | INFO     | Epoch 1/250 - Train Loss: 1.009251, Val Loss: 0.990243[0m
2026-04-25 14:07:05,944 | INFO     | New best model saved with Val Loss: 0.990243
2026-04-25 14:08:57,674 | INFO     | Epoch 2/250 - Train Loss: 0.997980, Val Loss: 0.989834[0m
2026-04-25 14:08:57,700 | INFO     | New best model saved with Val Loss: 0.989834
2026-04-25 14:10:49,404 | INFO     | Epoch 3/250 - Train Loss: 0.998074, Val Loss: 0.989769[0m
2026-04-25 14:10:49,432 | INFO     | New best model saved with Val Loss: 0.989769
2026-04-25 14:12:41,146 | INFO     | Epoch 4/250 - Train Loss: 0.997839, Val Loss: 0.989696[0m
2026-04-25 14:12:41,169 | INFO     | New best model saved with Val Loss: 0.989696
2026-04-25 14:14:32,859 | INFO     | Epoch 5/250 - Train Loss: 0.997913, Val Loss: 0.989935[0m
2026-04-25 14:16:24,555 | INFO     | Epoch 6/250 - Train Loss: 0.997810, Val Loss: 0.989690[0m
2026-04-25 14:16:24,578 | INFO     | New best model saved with Val Loss: 0.989690
2026-04-25 14:18:16,398 | INFO     | Epoch 7/250 - Train Loss: 0.997808, Val Loss: 0.989842[0m
2026-04-25 14:20:08,755 | INFO     | Epoch 8/250 - Train Loss: 0.997735, Val Loss: 0.990667[0m
2026-04-25 14:22:01,750 | INFO     | Epoch 9/250 - Train Loss: 0.997843, Val Loss: 0.989713[0m
2026-04-25 14:23:56,903 | INFO     | Epoch 10/250 - Train Loss: 0.997682, Val Loss: 0.990158[0m
2026-04-25 14:25:53,102 | INFO     | Epoch 11/250 - Train Loss: 0.997695, Val Loss: 0.989926[0m
2026-04-25 14:27:53,742 | INFO     | Epoch 12/250 - Train Loss: 0.997699, Val Loss: 0.989824[0m
2026-04-25 14:29:55,960 | INFO     | Epoch 13/250 - Train Loss: 0.997591, Val Loss: 0.988728[0m
2026-04-25 14:29:55,981 | INFO     | New best model saved with Val Loss: 0.988728
2026-04-25 14:31:58,829 | INFO     | Epoch 14/250 - Train Loss: 0.982561, Val Loss: 0.956420[0m
2026-04-25 14:31:58,846 | INFO     | New best model saved with Val Loss: 0.956420
2026-04-25 14:34:03,589 | INFO     | Epoch 15/250 - Train Loss: 0.964077, Val Loss: 0.955657[0m
2026-04-25 14:34:03,611 | INFO     | New best model saved with Val Loss: 0.955657
2026-04-25 14:36:08,635 | INFO     | Epoch 16/250 - Train Loss: 0.957646, Val Loss: 0.946860[0m
2026-04-25 14:36:08,657 | INFO     | New best model saved with Val Loss: 0.946860
2026-04-25 14:38:13,693 | INFO     | Epoch 17/250 - Train Loss: 0.940793, Val Loss: 0.924653[0m
2026-04-25 14:38:13,714 | INFO     | New best model saved with Val Loss: 0.924653
2026-04-25 14:40:18,780 | INFO     | Epoch 18/250 - Train Loss: 0.931648, Val Loss: 0.916267[0m
2026-04-25 14:40:18,801 | INFO     | New best model saved with Val Loss: 0.916267
2026-04-25 14:42:23,836 | INFO     | Epoch 19/250 - Train Loss: 0.922803, Val Loss: 0.916520[0m
2026-04-25 14:44:28,883 | INFO     | Epoch 20/250 - Train Loss: 0.912805, Val Loss: 0.900108[0m
2026-04-25 14:44:28,904 | INFO     | New best model saved with Val Loss: 0.900108
2026-04-25 14:46:34,042 | INFO     | Epoch 21/250 - Train Loss: 0.904883, Val Loss: 0.894376[0m
2026-04-25 14:46:34,059 | INFO     | New best model saved with Val Loss: 0.894376
2026-04-25 14:48:39,132 | INFO     | Epoch 22/250 - Train Loss: 0.888994, Val Loss: 0.871977[0m
2026-04-25 14:48:39,149 | INFO     | New best model saved with Val Loss: 0.871977
2026-04-25 14:50:44,227 | INFO     | Epoch 23/250 - Train Loss: 0.879751, Val Loss: 0.861054[0m
2026-04-25 14:50:44,244 | INFO     | New best model saved with Val Loss: 0.861054
2026-04-25 14:52:49,315 | INFO     | Epoch 24/250 - Train Loss: 0.877267, Val Loss: 0.873617[0m
2026-04-25 14:54:54,403 | INFO     | Epoch 25/250 - Train Loss: 0.868977, Val Loss: 0.852636[0m
2026-04-25 14:54:54,425 | INFO     | New best model saved with Val Loss: 0.852636
2026-04-25 14:56:59,499 | INFO     | Epoch 26/250 - Train Loss: 0.867503, Val Loss: 0.864427[0m
2026-04-25 14:59:04,575 | INFO     | Epoch 27/250 - Train Loss: 0.860206, Val Loss: 0.839694[0m
2026-04-25 14:59:04,596 | INFO     | New best model saved with Val Loss: 0.839694
2026-04-25 15:01:09,679 | INFO     | Epoch 28/250 - Train Loss: 0.854008, Val Loss: 0.837028[0m
2026-04-25 15:01:09,701 | INFO     | New best model saved with Val Loss: 0.837028
2026-04-25 15:03:14,776 | INFO     | Epoch 29/250 - Train Loss: 0.852256, Val Loss: 0.830548[0m
2026-04-25 15:03:14,797 | INFO     | New best model saved with Val Loss: 0.830548
2026-04-25 15:05:19,858 | INFO     | Epoch 30/250 - Train Loss: 0.852113, Val Loss: 0.845930[0m
2026-04-25 15:07:25,031 | INFO     | Epoch 31/250 - Train Loss: 0.844808, Val Loss: 0.827449[0m
2026-04-25 15:07:25,052 | INFO     | New best model saved with Val Loss: 0.827449
2026-04-25 15:09:30,135 | INFO     | Epoch 32/250 - Train Loss: 0.850038, Val Loss: 0.829480[0m
2026-04-25 15:11:35,259 | INFO     | Epoch 33/250 - Train Loss: 0.841381, Val Loss: 0.823922[0m
2026-04-25 15:11:35,281 | INFO     | New best model saved with Val Loss: 0.823922
2026-04-25 15:13:40,343 | INFO     | Epoch 34/250 - Train Loss: 0.832403, Val Loss: 0.833649[0m
2026-04-25 15:15:45,428 | INFO     | Epoch 35/250 - Train Loss: 0.829391, Val Loss: 0.811957[0m
2026-04-25 15:15:45,449 | INFO     | New best model saved with Val Loss: 0.811957
2026-04-25 15:17:50,523 | INFO     | Epoch 36/250 - Train Loss: 0.829222, Val Loss: 0.811505[0m
2026-04-25 15:17:50,544 | INFO     | New best model saved with Val Loss: 0.811505
2026-04-25 15:19:55,618 | INFO     | Epoch 37/250 - Train Loss: 0.824802, Val Loss: 0.803467[0m
2026-04-25 15:19:55,635 | INFO     | New best model saved with Val Loss: 0.803467
2026-04-25 15:22:00,706 | INFO     | Epoch 38/250 - Train Loss: 0.823112, Val Loss: 0.813995[0m
2026-04-25 15:24:05,781 | INFO     | Epoch 39/250 - Train Loss: 0.821752, Val Loss: 0.819277[0m
2026-04-25 15:26:10,856 | INFO     | Epoch 40/250 - Train Loss: 0.821837, Val Loss: 0.802083[0m
2026-04-25 15:26:10,884 | INFO     | New best model saved with Val Loss: 0.802083
2026-04-25 15:28:16,071 | INFO     | Epoch 41/250 - Train Loss: 0.817660, Val Loss: 0.804976[0m
2026-04-25 15:30:21,137 | INFO     | Epoch 42/250 - Train Loss: 0.816848, Val Loss: 0.803173[0m
2026-04-25 15:32:26,223 | INFO     | Epoch 43/250 - Train Loss: 0.815936, Val Loss: 0.789514[0m
2026-04-25 15:32:26,236 | INFO     | New best model saved with Val Loss: 0.789514
2026-04-25 15:34:31,310 | INFO     | Epoch 44/250 - Train Loss: 0.820418, Val Loss: 0.809086[0m
2026-04-25 15:36:36,402 | INFO     | Epoch 45/250 - Train Loss: 0.814295, Val Loss: 0.796299[0m
2026-04-25 15:38:41,459 | INFO     | Epoch 46/250 - Train Loss: 0.825530, Val Loss: 0.796995[0m
2026-04-25 15:40:46,542 | INFO     | Epoch 47/250 - Train Loss: 0.812788, Val Loss: 0.795403[0m
2026-04-25 15:42:51,641 | INFO     | Epoch 48/250 - Train Loss: 0.810480, Val Loss: 0.812051[0m
2026-04-25 15:44:56,732 | INFO     | Epoch 49/250 - Train Loss: 0.807579, Val Loss: 0.796444[0m
2026-04-25 15:47:01,807 | INFO     | Epoch 50/250 - Train Loss: 0.811900, Val Loss: 0.794914[0m
2026-04-25 15:49:06,982 | INFO     | Epoch 51/250 - Train Loss: 0.805164, Val Loss: 0.787440[0m
2026-04-25 15:49:07,005 | INFO     | New best model saved with Val Loss: 0.787440
2026-04-25 15:51:12,114 | INFO     | Epoch 52/250 - Train Loss: 0.811235, Val Loss: 0.804944[0m
2026-04-25 15:53:17,224 | INFO     | Epoch 53/250 - Train Loss: 0.812968, Val Loss: 0.806480[0m
2026-04-25 15:55:22,328 | INFO     | Epoch 54/250 - Train Loss: 0.806434, Val Loss: 0.788485[0m
2026-04-25 15:57:27,419 | INFO     | Epoch 55/250 - Train Loss: 0.804322, Val Loss: 0.785272[0m
2026-04-25 15:57:27,441 | INFO     | New best model saved with Val Loss: 0.785272
2026-04-25 15:59:32,533 | INFO     | Epoch 56/250 - Train Loss: 0.801802, Val Loss: 0.783841[0m
2026-04-25 15:59:32,551 | INFO     | New best model saved with Val Loss: 0.783841
2026-04-25 16:01:37,662 | INFO     | Epoch 57/250 - Train Loss: 0.801495, Val Loss: 0.791562[0m
2026-04-25 16:03:42,782 | INFO     | Epoch 58/250 - Train Loss: 0.799497, Val Loss: 0.784929[0m
2026-04-25 16:05:47,869 | INFO     | Epoch 59/250 - Train Loss: 0.800199, Val Loss: 0.780943[0m
2026-04-25 16:05:47,890 | INFO     | New best model saved with Val Loss: 0.780943
2026-04-25 16:07:52,987 | INFO     | Epoch 60/250 - Train Loss: 0.812347, Val Loss: 0.785410[0m
2026-04-25 16:09:58,170 | INFO     | Epoch 61/250 - Train Loss: 0.799974, Val Loss: 0.780843[0m
2026-04-25 16:09:58,194 | INFO     | New best model saved with Val Loss: 0.780843
2026-04-25 16:12:03,280 | INFO     | Epoch 62/250 - Train Loss: 0.820550, Val Loss: 0.784348[0m
2026-04-25 16:14:08,370 | INFO     | Epoch 63/250 - Train Loss: 0.801991, Val Loss: 0.789322[0m
2026-04-25 16:16:13,463 | INFO     | Epoch 64/250 - Train Loss: 0.800702, Val Loss: 0.783005[0m
2026-04-25 16:18:18,560 | INFO     | Epoch 65/250 - Train Loss: 0.797632, Val Loss: 0.779785[0m
2026-04-25 16:18:18,581 | INFO     | New best model saved with Val Loss: 0.779785
2026-04-25 16:20:23,672 | INFO     | Epoch 66/250 - Train Loss: 0.798483, Val Loss: 0.783241[0m
2026-04-25 16:22:28,759 | INFO     | Epoch 67/250 - Train Loss: 0.796594, Val Loss: 0.786523[0m
2026-04-25 16:24:33,892 | INFO     | Epoch 68/250 - Train Loss: 0.796106, Val Loss: 0.784184[0m
2026-04-25 16:26:38,984 | INFO     | Epoch 69/250 - Train Loss: 0.798104, Val Loss: 0.789462[0m
2026-04-25 16:28:44,091 | INFO     | Epoch 70/250 - Train Loss: 0.802907, Val Loss: 0.789387[0m
2026-04-25 16:30:49,284 | INFO     | Epoch 71/250 - Train Loss: 0.793718, Val Loss: 0.779410[0m
2026-04-25 16:30:49,307 | INFO     | New best model saved with Val Loss: 0.779410
2026-04-25 16:32:54,388 | INFO     | Epoch 72/250 - Train Loss: 0.791681, Val Loss: 0.778290[0m
2026-04-25 16:32:54,409 | INFO     | New best model saved with Val Loss: 0.778290
2026-04-25 16:34:59,507 | INFO     | Epoch 73/250 - Train Loss: 0.793523, Val Loss: 0.782940[0m
2026-04-25 16:37:04,604 | INFO     | Epoch 74/250 - Train Loss: 0.789701, Val Loss: 0.780184[0m
2026-04-25 16:39:09,691 | INFO     | Epoch 75/250 - Train Loss: 0.788905, Val Loss: 0.774619[0m
2026-04-25 16:39:09,713 | INFO     | New best model saved with Val Loss: 0.774619
2026-04-25 16:41:14,818 | INFO     | Epoch 76/250 - Train Loss: 0.793235, Val Loss: 0.778505[0m
2026-04-25 16:43:19,899 | INFO     | Epoch 77/250 - Train Loss: 0.789765, Val Loss: 0.772664[0m
2026-04-25 16:43:19,921 | INFO     | New best model saved with Val Loss: 0.772664
2026-04-25 16:45:25,007 | INFO     | Epoch 78/250 - Train Loss: 0.805478, Val Loss: 0.829336[0m
2026-04-25 16:47:30,110 | INFO     | Epoch 79/250 - Train Loss: 0.796180, Val Loss: 0.779412[0m
2026-04-25 16:49:35,223 | INFO     | Epoch 80/250 - Train Loss: 0.790193, Val Loss: 0.778277[0m
2026-04-25 16:51:40,425 | INFO     | Epoch 81/250 - Train Loss: 0.789471, Val Loss: 0.776936[0m
2026-04-25 16:53:45,528 | INFO     | Epoch 82/250 - Train Loss: 0.787799, Val Loss: 0.774420[0m
2026-04-25 16:55:50,616 | INFO     | Epoch 83/250 - Train Loss: 0.787887, Val Loss: 0.771460[0m
2026-04-25 16:55:50,637 | INFO     | New best model saved with Val Loss: 0.771460
2026-04-25 16:57:55,727 | INFO     | Epoch 84/250 - Train Loss: 0.786091, Val Loss: 0.770043[0m
2026-04-25 16:57:55,748 | INFO     | New best model saved with Val Loss: 0.770043
2026-04-25 17:00:00,843 | INFO     | Epoch 85/250 - Train Loss: 0.787802, Val Loss: 0.776111[0m
2026-04-25 17:02:05,942 | INFO     | Epoch 86/250 - Train Loss: 0.785866, Val Loss: 0.778849[0m
2026-04-25 17:04:11,039 | INFO     | Epoch 87/250 - Train Loss: 0.786365, Val Loss: 0.771901[0m
2026-04-25 17:06:16,162 | INFO     | Epoch 88/250 - Train Loss: 0.784842, Val Loss: 0.771055[0m
2026-04-25 17:08:21,224 | INFO     | Epoch 89/250 - Train Loss: 0.785453, Val Loss: 0.773954[0m
2026-04-25 17:10:26,310 | INFO     | Epoch 90/250 - Train Loss: 0.785862, Val Loss: 0.780652[0m
2026-04-25 17:12:31,482 | INFO     | Epoch 91/250 - Train Loss: 0.789030, Val Loss: 0.771732[0m
2026-04-25 17:14:36,599 | INFO     | Epoch 92/250 - Train Loss: 0.783627, Val Loss: 0.773830[0m
2026-04-25 17:16:41,718 | INFO     | Epoch 93/250 - Train Loss: 0.784047, Val Loss: 0.767606[0m
2026-04-25 17:16:41,739 | INFO     | New best model saved with Val Loss: 0.767606
2026-04-25 17:18:46,819 | INFO     | Epoch 94/250 - Train Loss: 0.783714, Val Loss: 0.770637[0m
2026-04-25 17:20:51,897 | INFO     | Epoch 95/250 - Train Loss: 0.784345, Val Loss: 0.768680[0m
2026-04-25 17:22:56,986 | INFO     | Epoch 96/250 - Train Loss: 0.797416, Val Loss: 0.768692[0m
2026-04-25 17:25:02,063 | INFO     | Epoch 97/250 - Train Loss: 0.782789, Val Loss: 0.766362[0m
2026-04-25 17:25:02,086 | INFO     | New best model saved with Val Loss: 0.766362
2026-04-25 17:27:07,171 | INFO     | Epoch 98/250 - Train Loss: 0.782028, Val Loss: 0.766517[0m
2026-04-25 17:29:12,260 | INFO     | Epoch 99/250 - Train Loss: 0.782414, Val Loss: 0.771432[0m
2026-04-25 17:31:17,335 | INFO     | Epoch 100/250 - Train Loss: 0.781257, Val Loss: 0.773176[0m
2026-04-25 17:33:22,520 | INFO     | Epoch 101/250 - Train Loss: 0.789650, Val Loss: 0.798382[0m
2026-04-25 17:35:27,612 | INFO     | Epoch 102/250 - Train Loss: 0.785703, Val Loss: 0.769135[0m
2026-04-25 17:37:32,722 | INFO     | Epoch 103/250 - Train Loss: 0.781427, Val Loss: 0.764599[0m
2026-04-25 17:37:32,741 | INFO     | New best model saved with Val Loss: 0.764599
2026-04-25 17:39:37,818 | INFO     | Epoch 104/250 - Train Loss: 0.780347, Val Loss: 0.767999[0m
2026-04-25 17:41:42,943 | INFO     | Epoch 105/250 - Train Loss: 0.781884, Val Loss: 0.766114[0m
2026-04-25 17:43:48,035 | INFO     | Epoch 106/250 - Train Loss: 0.780093, Val Loss: 0.764947[0m
2026-04-25 17:45:53,116 | INFO     | Epoch 107/250 - Train Loss: 0.779179, Val Loss: 0.767004[0m
2026-04-25 17:47:58,204 | INFO     | Epoch 108/250 - Train Loss: 0.785246, Val Loss: 0.767132[0m
2026-04-25 17:50:03,290 | INFO     | Epoch 109/250 - Train Loss: 0.779475, Val Loss: 0.767060[0m
2026-04-25 17:52:08,362 | INFO     | Epoch 110/250 - Train Loss: 0.779914, Val Loss: 0.765065[0m
2026-04-25 17:54:13,527 | INFO     | Epoch 111/250 - Train Loss: 0.778180, Val Loss: 0.771513[0m
2026-04-25 17:56:18,602 | INFO     | Epoch 112/250 - Train Loss: 0.779088, Val Loss: 0.776034[0m
2026-04-25 17:58:23,699 | INFO     | Epoch 113/250 - Train Loss: 0.779802, Val Loss: 0.765087[0m
2026-04-25 18:00:28,769 | INFO     | Epoch 114/250 - Train Loss: 0.779206, Val Loss: 0.766851[0m
2026-04-25 18:02:33,868 | INFO     | Epoch 115/250 - Train Loss: 0.768877, Val Loss: 0.755778[0m
2026-04-25 18:02:33,889 | INFO     | New best model saved with Val Loss: 0.755778
2026-04-25 18:04:38,985 | INFO     | Epoch 116/250 - Train Loss: 0.767776, Val Loss: 0.755232[0m
2026-04-25 18:04:39,007 | INFO     | New best model saved with Val Loss: 0.755232
2026-04-25 18:06:44,094 | INFO     | Epoch 117/250 - Train Loss: 0.767279, Val Loss: 0.754557[0m
2026-04-25 18:06:44,121 | INFO     | New best model saved with Val Loss: 0.754557
2026-04-25 18:08:49,230 | INFO     | Epoch 118/250 - Train Loss: 0.766746, Val Loss: 0.755453[0m
2026-04-25 18:10:54,324 | INFO     | Epoch 119/250 - Train Loss: 0.766589, Val Loss: 0.754406[0m
2026-04-25 18:10:54,346 | INFO     | New best model saved with Val Loss: 0.754406
2026-04-25 18:12:59,449 | INFO     | Epoch 120/250 - Train Loss: 0.766268, Val Loss: 0.754492[0m
2026-04-25 18:15:04,642 | INFO     | Epoch 121/250 - Train Loss: 0.766080, Val Loss: 0.754258[0m
2026-04-25 18:15:04,663 | INFO     | New best model saved with Val Loss: 0.754258
2026-04-25 18:17:09,735 | INFO     | Epoch 122/250 - Train Loss: 0.765752, Val Loss: 0.753516[0m
2026-04-25 18:17:09,757 | INFO     | New best model saved with Val Loss: 0.753516
2026-04-25 18:19:14,839 | INFO     | Epoch 123/250 - Train Loss: 0.765654, Val Loss: 0.753019[0m
2026-04-25 18:19:14,862 | INFO     | New best model saved with Val Loss: 0.753019
2026-04-25 18:21:19,943 | INFO     | Epoch 124/250 - Train Loss: 0.765643, Val Loss: 0.753887[0m
2026-04-25 18:23:25,027 | INFO     | Epoch 125/250 - Train Loss: 0.765172, Val Loss: 0.752762[0m
2026-04-25 18:23:25,048 | INFO     | New best model saved with Val Loss: 0.752762
2026-04-25 18:25:30,130 | INFO     | Epoch 126/250 - Train Loss: 0.765084, Val Loss: 0.752719[0m
2026-04-25 18:25:30,151 | INFO     | New best model saved with Val Loss: 0.752719
2026-04-25 18:27:35,240 | INFO     | Epoch 127/250 - Train Loss: 0.764840, Val Loss: 0.752207[0m
2026-04-25 18:27:35,262 | INFO     | New best model saved with Val Loss: 0.752207
2026-04-25 18:29:40,362 | INFO     | Epoch 128/250 - Train Loss: 0.764700, Val Loss: 0.752605[0m
2026-04-25 18:31:45,439 | INFO     | Epoch 129/250 - Train Loss: 0.764515, Val Loss: 0.751467[0m
2026-04-25 18:31:45,457 | INFO     | New best model saved with Val Loss: 0.751467
2026-04-25 18:33:50,551 | INFO     | Epoch 130/250 - Train Loss: 0.764184, Val Loss: 0.752306[0m
2026-04-25 18:35:55,739 | INFO     | Epoch 131/250 - Train Loss: 0.764116, Val Loss: 0.752061[0m
2026-04-25 18:38:00,839 | INFO     | Epoch 132/250 - Train Loss: 0.763780, Val Loss: 0.751373[0m
2026-04-25 18:38:00,861 | INFO     | New best model saved with Val Loss: 0.751373
2026-04-25 18:40:05,935 | INFO     | Epoch 133/250 - Train Loss: 0.763648, Val Loss: 0.755641[0m
2026-04-25 18:42:11,023 | INFO     | Epoch 134/250 - Train Loss: 0.763505, Val Loss: 0.750961[0m
2026-04-25 18:42:11,040 | INFO     | New best model saved with Val Loss: 0.750961
2026-04-25 18:44:16,114 | INFO     | Epoch 135/250 - Train Loss: 0.763494, Val Loss: 0.750861[0m
2026-04-25 18:44:16,135 | INFO     | New best model saved with Val Loss: 0.750861
2026-04-25 18:46:21,216 | INFO     | Epoch 136/250 - Train Loss: 0.763198, Val Loss: 0.751500[0m
2026-04-25 18:48:26,306 | INFO     | Epoch 137/250 - Train Loss: 0.763235, Val Loss: 0.750348[0m
2026-04-25 18:48:26,330 | INFO     | New best model saved with Val Loss: 0.750348
2026-04-25 18:50:31,417 | INFO     | Epoch 138/250 - Train Loss: 0.763000, Val Loss: 0.751579[0m
2026-04-25 18:52:36,495 | INFO     | Epoch 139/250 - Train Loss: 0.762651, Val Loss: 0.750190[0m
2026-04-25 18:52:36,516 | INFO     | New best model saved with Val Loss: 0.750190
2026-04-25 18:54:41,610 | INFO     | Epoch 140/250 - Train Loss: 0.762880, Val Loss: 0.750435[0m
2026-04-25 18:56:46,790 | INFO     | Epoch 141/250 - Train Loss: 0.762602, Val Loss: 0.751839[0m
2026-04-25 18:58:51,876 | INFO     | Epoch 142/250 - Train Loss: 0.762691, Val Loss: 0.752618[0m
2026-04-25 19:00:56,964 | INFO     | Epoch 143/250 - Train Loss: 0.762340, Val Loss: 0.751895[0m
2026-04-25 19:03:02,071 | INFO     | Epoch 144/250 - Train Loss: 0.762132, Val Loss: 0.750675[0m
2026-04-25 19:05:07,200 | INFO     | Epoch 145/250 - Train Loss: 0.761980, Val Loss: 0.751852[0m
2026-04-25 19:07:12,309 | INFO     | Epoch 146/250 - Train Loss: 0.761860, Val Loss: 0.751900[0m
2026-04-25 19:09:17,413 | INFO     | Epoch 147/250 - Train Loss: 0.761822, Val Loss: 0.749623[0m
2026-04-25 19:09:17,434 | INFO     | New best model saved with Val Loss: 0.749623
2026-04-25 19:11:22,527 | INFO     | Epoch 148/250 - Train Loss: 0.761503, Val Loss: 0.749212[0m
2026-04-25 19:11:22,549 | INFO     | New best model saved with Val Loss: 0.749212
2026-04-25 19:13:27,636 | INFO     | Epoch 149/250 - Train Loss: 0.761163, Val Loss: 0.752281[0m
2026-04-25 19:15:32,756 | INFO     | Epoch 150/250 - Train Loss: 0.761206, Val Loss: 0.748937[0m
2026-04-25 19:15:32,776 | INFO     | New best model saved with Val Loss: 0.748937
2026-04-25 19:17:37,960 | INFO     | Epoch 151/250 - Train Loss: 0.760940, Val Loss: 0.751741[0m
2026-04-25 19:19:43,089 | INFO     | Epoch 152/250 - Train Loss: 0.761053, Val Loss: 0.749782[0m
2026-04-25 19:21:48,213 | INFO     | Epoch 153/250 - Train Loss: 0.760927, Val Loss: 0.750067[0m
2026-04-25 19:23:53,287 | INFO     | Epoch 154/250 - Train Loss: 0.760705, Val Loss: 0.749620[0m
2026-04-25 19:25:58,379 | INFO     | Epoch 155/250 - Train Loss: 0.760615, Val Loss: 0.749350[0m
2026-04-25 19:28:03,504 | INFO     | Epoch 156/250 - Train Loss: 0.760396, Val Loss: 0.748672[0m
2026-04-25 19:28:03,521 | INFO     | New best model saved with Val Loss: 0.748672
2026-04-25 19:30:08,598 | INFO     | Epoch 157/250 - Train Loss: 0.760398, Val Loss: 0.749052[0m
2026-04-25 19:32:13,703 | INFO     | Epoch 158/250 - Train Loss: 0.760151, Val Loss: 0.747869[0m
2026-04-25 19:32:13,728 | INFO     | New best model saved with Val Loss: 0.747869
2026-04-25 19:34:18,807 | INFO     | Epoch 159/250 - Train Loss: 0.760261, Val Loss: 0.747925[0m
2026-04-25 19:36:23,901 | INFO     | Epoch 160/250 - Train Loss: 0.759991, Val Loss: 0.748983[0m
2026-04-25 19:38:29,102 | INFO     | Epoch 161/250 - Train Loss: 0.760052, Val Loss: 0.747986[0m
2026-04-25 19:40:34,198 | INFO     | Epoch 162/250 - Train Loss: 0.759761, Val Loss: 0.747274[0m
2026-04-25 19:40:34,219 | INFO     | New best model saved with Val Loss: 0.747274
2026-04-25 19:42:39,295 | INFO     | Epoch 163/250 - Train Loss: 0.759630, Val Loss: 0.748811[0m
2026-04-25 19:44:44,378 | INFO     | Epoch 164/250 - Train Loss: 0.759620, Val Loss: 0.747956[0m
2026-04-25 19:46:49,467 | INFO     | Epoch 165/250 - Train Loss: 0.759366, Val Loss: 0.749669[0m
2026-04-25 19:48:54,542 | INFO     | Epoch 166/250 - Train Loss: 0.760323, Val Loss: 0.747481[0m
2026-04-25 19:50:59,619 | INFO     | Epoch 167/250 - Train Loss: 0.759633, Val Loss: 0.748952[0m
2026-04-25 19:53:04,723 | INFO     | Epoch 168/250 - Train Loss: 0.759228, Val Loss: 0.747798[0m
2026-04-25 19:55:09,801 | INFO     | Epoch 169/250 - Train Loss: 0.758976, Val Loss: 0.748886[0m
2026-04-25 19:57:14,876 | INFO     | Epoch 170/250 - Train Loss: 0.759143, Val Loss: 0.747471[0m
2026-04-25 19:59:20,064 | INFO     | Epoch 171/250 - Train Loss: 0.758676, Val Loss: 0.747648[0m
2026-04-25 20:01:25,137 | INFO     | Epoch 172/250 - Train Loss: 0.758869, Val Loss: 0.748942[0m
2026-04-25 20:03:30,219 | INFO     | Epoch 173/250 - Train Loss: 0.758745, Val Loss: 0.746541[0m
2026-04-25 20:03:30,241 | INFO     | New best model saved with Val Loss: 0.746541
2026-04-25 20:05:35,324 | INFO     | Epoch 174/250 - Train Loss: 0.758634, Val Loss: 0.748689[0m
2026-04-25 20:07:40,415 | INFO     | Epoch 175/250 - Train Loss: 0.758378, Val Loss: 0.746607[0m
2026-04-25 20:09:45,479 | INFO     | Epoch 176/250 - Train Loss: 0.758472, Val Loss: 0.748270[0m
2026-04-25 20:11:50,571 | INFO     | Epoch 177/250 - Train Loss: 0.758201, Val Loss: 0.747392[0m
2026-04-25 20:13:55,639 | INFO     | Epoch 178/250 - Train Loss: 0.758109, Val Loss: 0.749063[0m
2026-04-25 20:16:00,720 | INFO     | Epoch 179/250 - Train Loss: 0.758215, Val Loss: 0.748574[0m
2026-04-25 20:18:05,791 | INFO     | Epoch 180/250 - Train Loss: 0.758136, Val Loss: 0.746192[0m
2026-04-25 20:18:05,813 | INFO     | New best model saved with Val Loss: 0.746192
2026-04-25 20:20:10,998 | INFO     | Epoch 181/250 - Train Loss: 0.757917, Val Loss: 0.747567[0m
2026-04-25 20:22:16,072 | INFO     | Epoch 182/250 - Train Loss: 0.757939, Val Loss: 0.749895[0m
2026-04-25 20:24:21,164 | INFO     | Epoch 183/250 - Train Loss: 0.757680, Val Loss: 0.746381[0m
2026-04-25 20:26:26,239 | INFO     | Epoch 184/250 - Train Loss: 0.757488, Val Loss: 0.747240[0m
2026-04-25 20:28:31,363 | INFO     | Epoch 185/250 - Train Loss: 0.757758, Val Loss: 0.750109[0m
2026-04-25 20:30:36,439 | INFO     | Epoch 186/250 - Train Loss: 0.757604, Val Loss: 0.747099[0m
2026-04-25 20:32:41,575 | INFO     | Epoch 187/250 - Train Loss: 0.757439, Val Loss: 0.745702[0m
2026-04-25 20:32:41,596 | INFO     | New best model saved with Val Loss: 0.745702
2026-04-25 20:34:46,674 | INFO     | Epoch 188/250 - Train Loss: 0.757271, Val Loss: 0.746022[0m
2026-04-25 20:36:51,754 | INFO     | Epoch 189/250 - Train Loss: 0.757054, Val Loss: 0.746589[0m
2026-04-25 20:38:56,832 | INFO     | Epoch 190/250 - Train Loss: 0.757404, Val Loss: 0.745788[0m
2026-04-25 20:41:02,174 | INFO     | Epoch 191/250 - Train Loss: 0.757075, Val Loss: 0.746196[0m
2026-04-25 20:43:07,244 | INFO     | Epoch 192/250 - Train Loss: 0.757078, Val Loss: 0.746006[0m
2026-04-25 20:45:12,316 | INFO     | Epoch 193/250 - Train Loss: 0.756908, Val Loss: 0.746870[0m
2026-04-25 20:47:17,375 | INFO     | Epoch 194/250 - Train Loss: 0.756853, Val Loss: 0.746135[0m
2026-04-25 20:49:22,490 | INFO     | Epoch 195/250 - Train Loss: 0.756775, Val Loss: 0.745412[0m
2026-04-25 20:49:22,513 | INFO     | New best model saved with Val Loss: 0.745412
2026-04-25 20:51:27,587 | INFO     | Epoch 196/250 - Train Loss: 0.756961, Val Loss: 0.745647[0m
2026-04-25 20:53:32,684 | INFO     | Epoch 197/250 - Train Loss: 0.756632, Val Loss: 0.745379[0m
2026-04-25 20:53:32,705 | INFO     | New best model saved with Val Loss: 0.745379
2026-04-25 20:55:37,809 | INFO     | Epoch 198/250 - Train Loss: 0.756568, Val Loss: 0.745990[0m
2026-04-25 20:57:42,895 | INFO     | Epoch 199/250 - Train Loss: 0.756423, Val Loss: 0.746114[0m
2026-04-25 20:59:48,022 | INFO     | Epoch 200/250 - Train Loss: 0.756444, Val Loss: 0.745772[0m
2026-04-25 21:01:53,211 | INFO     | Epoch 201/250 - Train Loss: 0.756292, Val Loss: 0.745638[0m
2026-04-25 21:03:58,288 | INFO     | Epoch 202/250 - Train Loss: 0.756188, Val Loss: 0.747291[0m
2026-04-25 21:06:03,368 | INFO     | Epoch 203/250 - Train Loss: 0.756073, Val Loss: 0.745328[0m
2026-04-25 21:06:03,392 | INFO     | New best model saved with Val Loss: 0.745328
2026-04-25 21:08:08,483 | INFO     | Epoch 204/250 - Train Loss: 0.756104, Val Loss: 0.744895[0m
2026-04-25 21:08:08,505 | INFO     | New best model saved with Val Loss: 0.744895
2026-04-25 21:10:13,587 | INFO     | Epoch 205/250 - Train Loss: 0.756111, Val Loss: 0.745156[0m
2026-04-25 21:12:18,666 | INFO     | Epoch 206/250 - Train Loss: 0.755904, Val Loss: 0.744902[0m
2026-04-25 21:14:23,747 | INFO     | Epoch 207/250 - Train Loss: 0.755879, Val Loss: 0.744893[0m
2026-04-25 21:14:23,769 | INFO     | New best model saved with Val Loss: 0.744893
2026-04-25 21:16:28,843 | INFO     | Epoch 208/250 - Train Loss: 0.755755, Val Loss: 0.744789[0m
2026-04-25 21:16:28,861 | INFO     | New best model saved with Val Loss: 0.744789
2026-04-25 21:18:33,939 | INFO     | Epoch 209/250 - Train Loss: 0.755592, Val Loss: 0.744827[0m
2026-04-25 21:20:39,003 | INFO     | Epoch 210/250 - Train Loss: 0.755846, Val Loss: 0.745186[0m
2026-04-25 21:22:44,178 | INFO     | Epoch 211/250 - Train Loss: 0.755491, Val Loss: 0.744726[0m
2026-04-25 21:22:44,200 | INFO     | New best model saved with Val Loss: 0.744726
2026-04-25 21:24:49,263 | INFO     | Epoch 212/250 - Train Loss: 0.755503, Val Loss: 0.744923[0m
2026-04-25 21:26:54,339 | INFO     | Epoch 213/250 - Train Loss: 0.755384, Val Loss: 0.745091[0m
2026-04-25 21:28:59,426 | INFO     | Epoch 214/250 - Train Loss: 0.755274, Val Loss: 0.745016[0m
2026-04-25 21:31:04,501 | INFO     | Epoch 215/250 - Train Loss: 0.755126, Val Loss: 0.744925[0m
2026-04-25 21:33:09,575 | INFO     | Epoch 216/250 - Train Loss: 0.755321, Val Loss: 0.744603[0m
2026-04-25 21:33:09,593 | INFO     | New best model saved with Val Loss: 0.744603
2026-04-25 21:35:14,673 | INFO     | Epoch 217/250 - Train Loss: 0.755095, Val Loss: 0.745251[0m
2026-04-25 21:37:19,762 | INFO     | Epoch 218/250 - Train Loss: 0.755179, Val Loss: 0.745878[0m
2026-04-25 21:39:24,848 | INFO     | Epoch 219/250 - Train Loss: 0.755120, Val Loss: 0.743706[0m
2026-04-25 21:39:24,873 | INFO     | New best model saved with Val Loss: 0.743706
2026-04-25 21:41:29,955 | INFO     | Epoch 220/250 - Train Loss: 0.754998, Val Loss: 0.744269[0m
2026-04-25 21:43:35,131 | INFO     | Epoch 221/250 - Train Loss: 0.754683, Val Loss: 0.743876[0m
2026-04-25 21:45:40,213 | INFO     | Epoch 222/250 - Train Loss: 0.754833, Val Loss: 0.744605[0m
2026-04-25 21:47:45,295 | INFO     | Epoch 223/250 - Train Loss: 0.754652, Val Loss: 0.745115[0m
2026-04-25 21:49:50,419 | INFO     | Epoch 224/250 - Train Loss: 0.754596, Val Loss: 0.743273[0m
2026-04-25 21:49:50,440 | INFO     | New best model saved with Val Loss: 0.743273
2026-04-25 21:51:55,512 | INFO     | Epoch 225/250 - Train Loss: 0.754608, Val Loss: 0.742685[0m
2026-04-25 21:51:55,533 | INFO     | New best model saved with Val Loss: 0.742685
2026-04-25 21:54:00,652 | INFO     | Epoch 226/250 - Train Loss: 0.754375, Val Loss: 0.742253[0m
2026-04-25 21:54:00,675 | INFO     | New best model saved with Val Loss: 0.742253
2026-04-25 21:56:05,768 | INFO     | Epoch 227/250 - Train Loss: 0.754694, Val Loss: 0.742600[0m
2026-04-25 21:58:10,855 | INFO     | Epoch 228/250 - Train Loss: 0.754267, Val Loss: 0.743242[0m
2026-04-25 22:00:15,982 | INFO     | Epoch 229/250 - Train Loss: 0.754653, Val Loss: 0.745217[0m
2026-04-25 22:02:21,047 | INFO     | Epoch 230/250 - Train Loss: 0.754384, Val Loss: 0.743836[0m
2026-04-25 22:04:26,218 | INFO     | Epoch 231/250 - Train Loss: 0.754354, Val Loss: 0.744696[0m
2026-04-25 22:06:31,308 | INFO     | Epoch 232/250 - Train Loss: 0.753969, Val Loss: 0.744145[0m
2026-04-25 22:08:36,405 | INFO     | Epoch 233/250 - Train Loss: 0.753899, Val Loss: 0.743622[0m
2026-04-25 22:10:41,515 | INFO     | Epoch 234/250 - Train Loss: 0.753927, Val Loss: 0.743072[0m
2026-04-25 22:12:46,603 | INFO     | Epoch 235/250 - Train Loss: 0.754032, Val Loss: 0.743989[0m
2026-04-25 22:14:51,671 | INFO     | Epoch 236/250 - Train Loss: 0.753990, Val Loss: 0.742269[0m
2026-04-25 22:16:56,797 | INFO     | Epoch 237/250 - Train Loss: 0.754082, Val Loss: 0.743289[0m
2026-04-25 22:19:01,893 | INFO     | Epoch 238/250 - Train Loss: 0.751886, Val Loss: 0.741769[0m
2026-04-25 22:19:01,910 | INFO     | New best model saved with Val Loss: 0.741769
2026-04-25 22:21:06,998 | INFO     | Epoch 239/250 - Train Loss: 0.751561, Val Loss: 0.741297[0m
2026-04-25 22:21:07,019 | INFO     | New best model saved with Val Loss: 0.741297
2026-04-25 22:23:12,149 | INFO     | Epoch 240/250 - Train Loss: 0.751450, Val Loss: 0.741244[0m
2026-04-25 22:23:12,171 | INFO     | New best model saved with Val Loss: 0.741244
2026-04-25 22:25:17,343 | INFO     | Epoch 241/250 - Train Loss: 0.751359, Val Loss: 0.741232[0m
2026-04-25 22:25:17,369 | INFO     | New best model saved with Val Loss: 0.741232
2026-04-25 22:27:22,455 | INFO     | Epoch 242/250 - Train Loss: 0.751379, Val Loss: 0.741410[0m
2026-04-25 22:29:27,534 | INFO     | Epoch 243/250 - Train Loss: 0.751293, Val Loss: 0.741337[0m
2026-04-25 22:31:32,636 | INFO     | Epoch 244/250 - Train Loss: 0.751214, Val Loss: 0.741359[0m
2026-04-25 22:33:37,743 | INFO     | Epoch 245/250 - Train Loss: 0.751229, Val Loss: 0.741118[0m
2026-04-25 22:33:37,765 | INFO     | New best model saved with Val Loss: 0.741118
2026-04-25 22:35:42,858 | INFO     | Epoch 246/250 - Train Loss: 0.751266, Val Loss: 0.741182[0m
2026-04-25 22:37:47,951 | INFO     | Epoch 247/250 - Train Loss: 0.751171, Val Loss: 0.741206[0m
2026-04-25 22:39:53,039 | INFO     | Epoch 248/250 - Train Loss: 0.751208, Val Loss: 0.741142[0m
2026-04-25 22:41:58,118 | INFO     | Epoch 249/250 - Train Loss: 0.751122, Val Loss: 0.741036[0m
2026-04-25 22:41:58,135 | INFO     | New best model saved with Val Loss: 0.741036
2026-04-25 22:44:03,266 | INFO     | Epoch 250/250 - Train Loss: 0.751128, Val Loss: 0.741070[0m
2026-04-25 22:44:03,380 | INFO     | Final model saved to experiments_DrivAerML/velocity_N10k_lr1e-3_e250/final_model.pth
2026-04-25 22:44:03,380 | INFO     | Testing the final model
2026-04-26 12:15:56,454 | INFO     | Config:
exp_name: velocity_N10k_lr1e-3_e250
model:
  input_dim: 3
  output_dim: 3
  res: true
  emb_dims: 1024
  k: 40
  mlp_ratio: 1.5
  dropout: 0.4
training:
  input: volume_anchor_position
  target: volume_anchor_velocity
  batch_size: 1
  epochs: 250
  lr: 0.001
  scheduler_step: 50
  scheduler_gamma: 0.5
  max_grad_norm: 0.1
  num_workers: 1
  weight_decay: 1.0e-05
  test_only: 1
  gpus: '0'
  seed: 42
  root_dir: /mnt/wjc_group/mae-zhangbj/DrivAerML_dataset/small
dataload:
  directory: /Users/zhangbojun/ShapeNet_dataset

2026-04-26 12:15:56,454 | INFO     | args.exp_name : velocity_N10k_lr1e-3_e250
2026-04-26 12:15:56,454 | INFO     | Starting training with 1 GPUs
2026-04-26 12:15:56,636 | INFO     | Total trainable parameters: 1437705
2026-04-26 12:15:56,637 | INFO     | Data loaded: 380 training batches, 33 validation batches, 44 test batches
2026-04-26 12:15:57,391 | INFO     | Loading best model for testing only
2026-04-26 12:15:57,871 | INFO     | x.shape: torch.Size([1, 3, 10000])
2026-04-26 12:15:57,871 | INFO     | y.shape: torch.Size([1, 3, 10000])
2026-04-26 12:15:57,871 | INFO     | y_hat.shape: torch.Size([1, 1, 10000])
