/work/mae-zhangbj/lib/miniconda3/envs/d2l/lib/python3.10/site-packages/torch_geometric/__init__.py:4: UserWarning: An issue occurred while importing 'pyg-lib'. Disabling its usage. Stacktrace: /lib64/libm.so.6: version `GLIBC_2.29' not found (required by /work/mae-zhangbj/lib/miniconda3/envs/d2l/lib/python3.10/site-packages/libpyg.so)
  import torch_geometric.typing
/work/mae-zhangbj/lib/miniconda3/envs/d2l/lib/python3.10/site-packages/torch_geometric/__init__.py:4: UserWarning: An issue occurred while importing 'torch-sparse'. Disabling its usage. Stacktrace: /lib64/libm.so.6: version `GLIBC_2.29' not found (required by /work/mae-zhangbj/lib/miniconda3/envs/d2l/lib/python3.10/site-packages/libpyg.so)
  import torch_geometric.typing
2025-12-08 14:44:10,909 - INFO - args.exp_name : RTformer_DrivAerNet
2025-12-08 14:44:10,910 - INFO - Starting training with 1 GPUs
2025-12-08 14:44:12,289 - INFO - Total trainable parameters: 3866433
[rank0]:[W1208 14:44:12.295367279 ProcessGroupNCCL.cpp:1496] Warning: WARNING: destroy_process_group() was not called before program exit, which can leak resources. For more info, please see https://pytorch.org/docs/stable/distributed.html#shutdown (function operator())
Traceback (most recent call last):
  File "/work/mae-zhangbj/ML_Turbulent/Transolver_zbj/zbj/train_drivaernet.py", line 509, in <module>
    main()
  File "/work/mae-zhangbj/ML_Turbulent/Transolver_zbj/zbj/train_drivaernet.py", line 505, in main
    mp.spawn(train_and_evaluate, args=(world_size, args), nprocs=world_size, join=True)
  File "/work/mae-zhangbj/lib/miniconda3/envs/d2l/lib/python3.10/site-packages/torch/multiprocessing/spawn.py", line 340, in spawn
    return start_processes(fn, args, nprocs, join, daemon, start_method="spawn")
  File "/work/mae-zhangbj/lib/miniconda3/envs/d2l/lib/python3.10/site-packages/torch/multiprocessing/spawn.py", line 296, in start_processes
    while not context.join():
  File "/work/mae-zhangbj/lib/miniconda3/envs/d2l/lib/python3.10/site-packages/torch/multiprocessing/spawn.py", line 215, in join
    raise ProcessRaisedException(msg, error_index, failed_process.pid)
torch.multiprocessing.spawn.ProcessRaisedException: 

-- Process 0 terminated with the following error:
Traceback (most recent call last):
  File "/work/mae-zhangbj/lib/miniconda3/envs/d2l/lib/python3.10/site-packages/torch/multiprocessing/spawn.py", line 90, in _wrap
    fn(i, *args)
  File "/work/mae-zhangbj/ML_Turbulent/Transolver_zbj/zbj/train_drivaernet.py", line 128, in train_and_evaluate
    train_dataloader, val_dataloader, test_dataloader = get_dataloaders(
  File "/work/mae-zhangbj/ML_Turbulent/Transolver_zbj/zbj/preprocessors_drivaernet/data_loader.py", line 163, in get_dataloaders
    full_dataset = SurfacePressureDataset(
  File "/work/mae-zhangbj/ML_Turbulent/Transolver_zbj/zbj/preprocessors_drivaernet/data_loader.py", line 39, in __init__
    self.vtk_files = [os.path.join(root_dir, f) for f in os.listdir(root_dir) if f.endswith('.vtk')]
FileNotFoundError: [Errno 2] No such file or directory: '/work/mae-zhangbj/DrivAriNet_dataset/SurfacePressureVTK'

