Starting DrivAerNet training on GPU nodes...
Running on host: a04u35g
Job ID: 2594854
Requested GPUs: 
=== environment diagnostics ===
/work/mae-zhangbj/lib/miniconda3/envs/d2l/bin/python
python: 3.10.18 (main, Jun  5 2025, 13:14:17) [GCC 11.2.0]
torch 2.6.0+cu124 torch.version.cuda 12.4 cuda_available True
nvidia-smi output:
Mon Dec  8 14:42:46 2025       
+-----------------------------------------------------------------------------------------+
| NVIDIA-SMI 560.28.03              Driver Version: 560.28.03      CUDA Version: 12.6     |
|-----------------------------------------+------------------------+----------------------+
| GPU  Name                 Persistence-M | Bus-Id          Disp.A | Volatile Uncorr. ECC |
| Fan  Temp   Perf          Pwr:Usage/Cap |           Memory-Usage | GPU-Util  Compute M. |
|                                         |                        |               MIG M. |
|=========================================+========================+======================|
|   0  Tesla V100-PCIE-16GB           On  |   00000000:03:00.0 Off |                    0 |
| N/A   29C    P0             24W /  250W |      34MiB /  16384MiB |      0%   E. Process |
|                                         |                        |                  N/A |
+-----------------------------------------+------------------------+----------------------+
                                                                                         
+-----------------------------------------------------------------------------------------+
| Processes:                                                                              |
|  GPU   GI   CI        PID   Type   Process name                              GPU Memory |
|        ID   ID                                                               Usage      |
|=========================================================================================|
|    0   N/A  N/A    583029      C   nvidia-cuda-mps-server                         30MiB |
+-----------------------------------------------------------------------------------------+
torch_scatter OK 2.1.2+pt26cu124
torch_sparse FAILED: /lib64/libm.so.6: version `GLIBC_2.29' not found (required by /work/mae-zhangbj/lib/miniconda3/envs/d2l/lib/python3.10/site-packages/libpyg.so)
torch_cluster OK 1.6.3+pt26cu124
torch_spline_conv OK 1.2.2+pt26cu124
torch_geometric OK 2.7.0
=== job end ===

------------------------------------------------------------
Sender: LSF System <lsfadmin@a04u35g>
Subject: Job 2594854: <gpu_transolver> in cluster <qmhpc> Done

Job <gpu_transolver> was submitted from host <a04u28l> by user <mae-zhangbj> in cluster <qmhpc> at Mon Dec  8 14:30:36 2025
Job was executed on host(s) <a04u35g>, in queue <4v100-16-e5>, as user <mae-zhangbj> in cluster <qmhpc> at Mon Dec  8 14:42:14 2025
</work/mae-zhangbj> was used as the home directory.
</work/mae-zhangbj/ML_Turbulent/Transolver_zbj/zbj> was used as the working directory.
Started at Mon Dec  8 14:42:14 2025
Terminated at Mon Dec  8 14:44:18 2025
Results reported at Mon Dec  8 14:44:18 2025

Your job looked like:

------------------------------------------------------------
# LSBATCH: User input
#!/bin/bash

#BSUB -J gpu_transolver      # Job name
#BSUB -q 4v100-16-e5       # Queue name (change if needed)
#BSUB -n 1                            # Number of CPU cores
#BSUB -R "span[ptile=1]"
#BSUB -gpu "num=1"
#BSUB -oo logs/%J.out            # Standard output (%J = job ID)
#BSUB -eo logs/%J.err            # Standard error
#BSUB -env "all"                      # Export your current environment

# -------------------------------
# Load environment and run script
# -------------------------------

echo "Starting DrivAerNet training on GPU nodes..."
echo "Running on host: $(hostname)"
echo "Job ID: $LSB_JOBID"
echo "Requested GPUs: $LSB_GPU_REQ"

# Activate d2l
source ~/lib/miniconda3/etc/profile.d/conda.sh || source /work/mae-zhangbj/lib/miniconda3/etc/profile.d/conda.sh
#conda activate pyg_gpu || { echo "conda activate failed"; exit 1; }
conda activate d2l || { echo "conda activate failed"; exit 1; }

module load cuda/12.4 || echo "module load cuda/12.4 failed or module not available"

# Optional: verify GPU is available
# Debug prints to confirm environment
echo "=== environment diagnostics ==="
which python
python -c "import sys; print('python:', sys.version.splitlines()[0])"
python -c "import torch; print('torch', torch.__version__, 'torch.version.cuda', torch.version.cuda, 'cuda_available', torch.cuda.is_available())"
echo "nvidia-smi output:"
nvidia-smi || echo "nvidia-smi failed or no GPU visible"

# Try importing key C-extensions to see if they load
python - <<'PY'
import importlib, sys
mods = ["torch_scatter","torch_sparse","torch_cluster","torch_spline_conv","torch_geometric"]
for m in mods:
    try:
        mod = importlib.import_module(m)
        print(m, "OK", getattr(mod, "__version__", None))
    except Exception as e:
        print(m, "FAILED:", e)
PY

#python test_model.py


(... more ...)
------------------------------------------------------------

Successfully completed.

Resource usage summary:

    CPU time :                                   34.23 sec.
    Max Memory :                                 907 MB
    Average Memory :                             352.37 MB
    Total Requested Memory :                     -
    Delta Memory :                               -
    Max Swap :                                   -
    Max Processes :                              6
    Max Threads :                                22
    Run time :                                   124 sec.
    Turnaround time :                            822 sec.

The output (if any) is above this job summary.



PS:

Read file <logs/2594854.err> for stderr output of this job.

