2025-12-25 15:41:04,211 | INFO     | Config:
exp_name: spressure_N10k_lr1e-3_e250_run1
model:
  input_dim: 3
  output_dim: 1
  head_num: 8
  hidden_dim: 256
  res: true
  slice_num: 32
  layer_num: 5
  mlp_ratio: 1.5
  dropout: 0.1
training:
  target: y_pres
  x_mean:
  - 1.575143
  - -0.0188374
  - 0.6046101
  x_std:
  - 1.3669719
  - 0.6226963
  - 0.39627418
  y_mean: -94.5
  y_std: 117.25
  batch_size: 1
  epochs: 250
  lr: 0.001
  scheduler_step: 50
  scheduler_gamma: 0.5
  max_grad_norm: 0.1
  num_workers: 1
  weight_decay: 0.0
  test_only: 0
  gpus: '0'
  seed: 42
dataload:
  directory: /mnt/wjc_group/mae-zhangbj/DrivAerNet_dataset/

2025-12-25 15:41:04,211 | INFO     | args.exp_name : spressure_N10k_lr1e-3_e250_run1
2025-12-25 15:41:04,211 | INFO     | Starting training with 1 GPUs
2025-12-25 15:41:08,242 | INFO     | Total trainable parameters: 3381321
2025-12-25 15:41:08,242 | INFO     | Data loaded: 2457 training batches, 531 validation batches, 534 test batches
2025-12-25 15:41:08,243 | INFO     | Staring training for 250 epochs
2025-12-25 16:19:59,921 | INFO     | Epoch 1/250 - Train Loss: 0.367903, Val Loss: 0.243151[0m
2025-12-25 16:19:59,949 | INFO     | New best model saved with Val Loss: 0.243151
2025-12-25 16:58:48,845 | INFO     | Epoch 2/250 - Train Loss: 0.207714, Val Loss: 0.168732[0m
2025-12-25 16:58:48,898 | INFO     | New best model saved with Val Loss: 0.168732
2025-12-25 17:37:39,230 | INFO     | Epoch 3/250 - Train Loss: 0.155306, Val Loss: 0.130673[0m
2025-12-25 17:37:39,284 | INFO     | New best model saved with Val Loss: 0.130673
2025-12-25 18:16:29,659 | INFO     | Epoch 4/250 - Train Loss: 0.126569, Val Loss: 0.117057[0m
2025-12-25 18:16:29,709 | INFO     | New best model saved with Val Loss: 0.117057
2025-12-25 18:55:20,422 | INFO     | Epoch 5/250 - Train Loss: 0.110764, Val Loss: 0.092674[0m
2025-12-25 18:55:20,475 | INFO     | New best model saved with Val Loss: 0.092674
2025-12-25 19:34:09,918 | INFO     | Epoch 6/250 - Train Loss: 0.099175, Val Loss: 0.086480[0m
2025-12-25 19:34:09,972 | INFO     | New best model saved with Val Loss: 0.086480
2025-12-25 20:13:00,300 | INFO     | Epoch 7/250 - Train Loss: 0.091542, Val Loss: 0.085036[0m
2025-12-25 20:13:00,355 | INFO     | New best model saved with Val Loss: 0.085036
2025-12-25 20:51:50,954 | INFO     | Epoch 8/250 - Train Loss: 0.085865, Val Loss: 0.077736[0m
2025-12-25 20:51:51,005 | INFO     | New best model saved with Val Loss: 0.077736
2025-12-25 21:30:41,391 | INFO     | Epoch 9/250 - Train Loss: 0.081865, Val Loss: 0.074793[0m
2025-12-25 21:30:41,441 | INFO     | New best model saved with Val Loss: 0.074793
2025-12-25 22:09:30,421 | INFO     | Epoch 10/250 - Train Loss: 0.078023, Val Loss: 0.070953[0m
2025-12-25 22:09:30,474 | INFO     | New best model saved with Val Loss: 0.070953
2025-12-25 22:48:20,709 | INFO     | Epoch 11/250 - Train Loss: 0.074175, Val Loss: 0.065563[0m
2025-12-25 22:48:20,755 | INFO     | New best model saved with Val Loss: 0.065563
2025-12-25 23:27:11,068 | INFO     | Epoch 12/250 - Train Loss: 0.072149, Val Loss: 0.064060[0m
2025-12-25 23:27:11,122 | INFO     | New best model saved with Val Loss: 0.064060
2025-12-26 00:06:01,372 | INFO     | Epoch 13/250 - Train Loss: 0.069772, Val Loss: 0.066772[0m
2025-12-26 00:44:50,445 | INFO     | Epoch 14/250 - Train Loss: 0.067722, Val Loss: 0.060766[0m
2025-12-26 00:44:50,497 | INFO     | New best model saved with Val Loss: 0.060766
2025-12-26 01:23:40,839 | INFO     | Epoch 15/250 - Train Loss: 0.065935, Val Loss: 0.060091[0m
2025-12-26 01:23:40,889 | INFO     | New best model saved with Val Loss: 0.060091
2025-12-26 02:02:31,360 | INFO     | Epoch 16/250 - Train Loss: 0.064742, Val Loss: 0.060920[0m
2025-12-26 02:41:21,561 | INFO     | Epoch 17/250 - Train Loss: 0.063728, Val Loss: 0.057215[0m
2025-12-26 02:41:21,611 | INFO     | New best model saved with Val Loss: 0.057215
2025-12-26 03:20:10,928 | INFO     | Epoch 18/250 - Train Loss: 0.062030, Val Loss: 0.055616[0m
2025-12-26 03:20:10,981 | INFO     | New best model saved with Val Loss: 0.055616
2025-12-26 03:59:01,777 | INFO     | Epoch 19/250 - Train Loss: 0.061452, Val Loss: 0.054676[0m
2025-12-26 03:59:01,820 | INFO     | New best model saved with Val Loss: 0.054676
2025-12-26 04:37:51,663 | INFO     | Epoch 20/250 - Train Loss: 0.060081, Val Loss: 0.053630[0m
2025-12-26 04:37:51,713 | INFO     | New best model saved with Val Loss: 0.053630
2025-12-26 05:16:41,601 | INFO     | Epoch 21/250 - Train Loss: 0.059739, Val Loss: 0.051887[0m
2025-12-26 05:16:41,652 | INFO     | New best model saved with Val Loss: 0.051887
2025-12-26 05:55:31,119 | INFO     | Epoch 22/250 - Train Loss: 0.058743, Val Loss: 0.052801[0m
2025-12-26 06:34:21,319 | INFO     | Epoch 23/250 - Train Loss: 0.057720, Val Loss: 0.051962[0m
2025-12-26 07:13:11,275 | INFO     | Epoch 24/250 - Train Loss: 0.057136, Val Loss: 0.050586[0m
2025-12-26 07:13:11,330 | INFO     | New best model saved with Val Loss: 0.050586
2025-12-26 07:52:01,168 | INFO     | Epoch 25/250 - Train Loss: 0.056416, Val Loss: 0.050331[0m
2025-12-26 07:52:01,208 | INFO     | New best model saved with Val Loss: 0.050331
2025-12-26 08:30:51,077 | INFO     | Epoch 26/250 - Train Loss: 0.056682, Val Loss: 0.050169[0m
2025-12-26 08:30:51,130 | INFO     | New best model saved with Val Loss: 0.050169
2025-12-26 09:09:39,617 | INFO     | Epoch 27/250 - Train Loss: 0.055682, Val Loss: 0.050375[0m
2025-12-26 09:48:29,411 | INFO     | Epoch 28/250 - Train Loss: 0.055387, Val Loss: 0.051636[0m
2025-12-26 10:27:19,726 | INFO     | Epoch 29/250 - Train Loss: 0.054604, Val Loss: 0.050680[0m
2025-12-26 11:02:53,546 | INFO     | Epoch 30/250 - Train Loss: 0.054449, Val Loss: 0.054418[0m
2025-12-26 11:19:48,139 | INFO     | Epoch 31/250 - Train Loss: 0.054283, Val Loss: 0.051239[0m
2025-12-26 11:36:42,723 | INFO     | Epoch 32/250 - Train Loss: 0.053899, Val Loss: 0.048031[0m
2025-12-26 11:36:42,772 | INFO     | New best model saved with Val Loss: 0.048031
2025-12-26 11:53:37,281 | INFO     | Epoch 33/250 - Train Loss: 0.053505, Val Loss: 0.048744[0m
2025-12-26 12:10:31,657 | INFO     | Epoch 34/250 - Train Loss: 0.053217, Val Loss: 0.048481[0m
2025-12-26 12:27:26,132 | INFO     | Epoch 35/250 - Train Loss: 0.052584, Val Loss: 0.048580[0m
2025-12-26 12:44:20,254 | INFO     | Epoch 36/250 - Train Loss: 0.052775, Val Loss: 0.047933[0m
2025-12-26 12:44:20,308 | INFO     | New best model saved with Val Loss: 0.047933
2025-12-26 13:01:15,114 | INFO     | Epoch 37/250 - Train Loss: 0.052254, Val Loss: 0.045395[0m
2025-12-26 13:01:15,165 | INFO     | New best model saved with Val Loss: 0.045395
2025-12-26 13:18:10,206 | INFO     | Epoch 38/250 - Train Loss: 0.051975, Val Loss: 0.046442[0m
2025-12-26 13:35:05,365 | INFO     | Epoch 39/250 - Train Loss: 0.051664, Val Loss: 0.048773[0m
2025-12-26 13:52:00,243 | INFO     | Epoch 40/250 - Train Loss: 0.051749, Val Loss: 0.046554[0m
2025-12-26 14:08:55,025 | INFO     | Epoch 41/250 - Train Loss: 0.051373, Val Loss: 0.046527[0m
2025-12-26 14:25:49,372 | INFO     | Epoch 42/250 - Train Loss: 0.051154, Val Loss: 0.047044[0m
2025-12-26 14:42:44,059 | INFO     | Epoch 43/250 - Train Loss: 0.050608, Val Loss: 0.046070[0m
2025-12-26 14:59:38,913 | INFO     | Epoch 44/250 - Train Loss: 0.050768, Val Loss: 0.046921[0m
2025-12-26 15:16:33,905 | INFO     | Epoch 45/250 - Train Loss: 0.051039, Val Loss: 0.046182[0m
2025-12-26 15:33:28,580 | INFO     | Epoch 46/250 - Train Loss: 0.050208, Val Loss: 0.056459[0m
2025-12-26 15:50:23,016 | INFO     | Epoch 47/250 - Train Loss: 0.050748, Val Loss: 0.046294[0m
2025-12-26 16:07:17,445 | INFO     | Epoch 48/250 - Train Loss: 0.049949, Val Loss: 0.059842[0m
2025-12-26 16:24:12,215 | INFO     | Epoch 49/250 - Train Loss: 0.049845, Val Loss: 0.046634[0m
2025-12-26 16:41:07,050 | INFO     | Epoch 50/250 - Train Loss: 0.049692, Val Loss: 0.046244[0m
2025-12-26 16:58:01,946 | INFO     | Epoch 51/250 - Train Loss: 0.046471, Val Loss: 0.043387[0m
2025-12-26 16:58:01,997 | INFO     | New best model saved with Val Loss: 0.043387
2025-12-26 17:14:56,496 | INFO     | Epoch 52/250 - Train Loss: 0.046211, Val Loss: 0.042819[0m
2025-12-26 17:14:56,547 | INFO     | New best model saved with Val Loss: 0.042819
2025-12-26 17:31:51,644 | INFO     | Epoch 53/250 - Train Loss: 0.046048, Val Loss: 0.043366[0m
2025-12-26 17:48:46,531 | INFO     | Epoch 54/250 - Train Loss: 0.045930, Val Loss: 0.042059[0m
2025-12-26 17:48:46,583 | INFO     | New best model saved with Val Loss: 0.042059
2025-12-26 18:05:41,525 | INFO     | Epoch 55/250 - Train Loss: 0.045815, Val Loss: 0.042734[0m
2025-12-26 18:22:35,973 | INFO     | Epoch 56/250 - Train Loss: 0.045546, Val Loss: 0.042426[0m
2025-12-26 18:39:29,784 | INFO     | Epoch 57/250 - Train Loss: 0.045421, Val Loss: 0.042406[0m
2025-12-26 18:56:24,201 | INFO     | Epoch 58/250 - Train Loss: 0.045448, Val Loss: 0.041983[0m
2025-12-26 18:56:24,250 | INFO     | New best model saved with Val Loss: 0.041983
2025-12-26 19:13:18,955 | INFO     | Epoch 59/250 - Train Loss: 0.045417, Val Loss: 0.041661[0m
2025-12-26 19:13:19,007 | INFO     | New best model saved with Val Loss: 0.041661
2025-12-26 19:30:13,743 | INFO     | Epoch 60/250 - Train Loss: 0.045473, Val Loss: 0.042817[0m
2025-12-26 19:47:08,640 | INFO     | Epoch 61/250 - Train Loss: 0.045227, Val Loss: 0.041723[0m
2025-12-26 20:04:03,367 | INFO     | Epoch 62/250 - Train Loss: 0.045308, Val Loss: 0.043548[0m
2025-12-26 20:20:57,998 | INFO     | Epoch 63/250 - Train Loss: 0.044728, Val Loss: 0.042480[0m
2025-12-26 20:37:52,507 | INFO     | Epoch 64/250 - Train Loss: 0.045605, Val Loss: 0.041870[0m
2025-12-26 20:54:47,013 | INFO     | Epoch 65/250 - Train Loss: 0.044672, Val Loss: 0.043061[0m
2025-12-26 21:11:41,660 | INFO     | Epoch 66/250 - Train Loss: 0.045212, Val Loss: 0.042624[0m
2025-12-26 21:28:36,272 | INFO     | Epoch 67/250 - Train Loss: 0.045032, Val Loss: 0.041679[0m
2025-12-26 21:45:30,473 | INFO     | Epoch 68/250 - Train Loss: 0.044875, Val Loss: 0.042160[0m
2025-12-26 22:02:25,533 | INFO     | Epoch 69/250 - Train Loss: 0.045030, Val Loss: 0.041618[0m
2025-12-26 22:02:25,586 | INFO     | New best model saved with Val Loss: 0.041618
2025-12-26 22:19:20,251 | INFO     | Epoch 70/250 - Train Loss: 0.044634, Val Loss: 0.041680[0m
2025-12-26 22:36:14,525 | INFO     | Epoch 71/250 - Train Loss: 0.045116, Val Loss: 0.041888[0m
2025-12-26 22:53:08,633 | INFO     | Epoch 72/250 - Train Loss: 0.044799, Val Loss: 0.041127[0m
2025-12-26 22:53:08,681 | INFO     | New best model saved with Val Loss: 0.041127
2025-12-26 23:10:03,210 | INFO     | Epoch 73/250 - Train Loss: 0.044726, Val Loss: 0.041389[0m
2025-12-26 23:26:57,767 | INFO     | Epoch 74/250 - Train Loss: 0.044244, Val Loss: 0.042210[0m
2025-12-26 23:43:52,100 | INFO     | Epoch 75/250 - Train Loss: 0.044873, Val Loss: 0.060240[0m
2025-12-27 00:00:46,338 | INFO     | Epoch 76/250 - Train Loss: 0.044811, Val Loss: 0.041383[0m
2025-12-27 00:17:40,642 | INFO     | Epoch 77/250 - Train Loss: 0.044952, Val Loss: 0.041395[0m
2025-12-27 00:34:34,756 | INFO     | Epoch 78/250 - Train Loss: 0.044317, Val Loss: 0.041179[0m
2025-12-27 00:51:29,011 | INFO     | Epoch 79/250 - Train Loss: 0.044511, Val Loss: 0.041344[0m
2025-12-27 01:08:23,369 | INFO     | Epoch 80/250 - Train Loss: 0.044454, Val Loss: 0.041148[0m
2025-12-27 01:25:17,857 | INFO     | Epoch 81/250 - Train Loss: 0.044498, Val Loss: 0.041407[0m
2025-12-27 01:42:12,317 | INFO     | Epoch 82/250 - Train Loss: 0.044162, Val Loss: 0.041874[0m
2025-12-27 01:59:06,608 | INFO     | Epoch 83/250 - Train Loss: 0.044882, Val Loss: 0.041209[0m
2025-12-27 02:16:00,847 | INFO     | Epoch 84/250 - Train Loss: 0.043956, Val Loss: 0.042220[0m
2025-12-27 02:32:55,031 | INFO     | Epoch 85/250 - Train Loss: 0.044398, Val Loss: 0.041507[0m
2025-12-27 02:49:48,875 | INFO     | Epoch 86/250 - Train Loss: 0.044661, Val Loss: 0.041525[0m
2025-12-27 03:06:42,908 | INFO     | Epoch 87/250 - Train Loss: 0.044497, Val Loss: 0.041629[0m
2025-12-27 03:23:37,043 | INFO     | Epoch 88/250 - Train Loss: 0.044452, Val Loss: 0.043297[0m
2025-12-27 03:40:31,111 | INFO     | Epoch 89/250 - Train Loss: 0.043920, Val Loss: 0.040840[0m
2025-12-27 03:40:31,163 | INFO     | New best model saved with Val Loss: 0.040840
2025-12-27 03:57:25,170 | INFO     | Epoch 90/250 - Train Loss: 0.044204, Val Loss: 0.041600[0m
2025-12-27 04:14:19,205 | INFO     | Epoch 91/250 - Train Loss: 0.044493, Val Loss: 0.041174[0m
2025-12-27 04:31:13,168 | INFO     | Epoch 92/250 - Train Loss: 0.044357, Val Loss: 0.043278[0m
2025-12-27 04:48:06,877 | INFO     | Epoch 93/250 - Train Loss: 0.043907, Val Loss: 0.041888[0m
2025-12-27 05:05:00,662 | INFO     | Epoch 94/250 - Train Loss: 0.044512, Val Loss: 0.040822[0m
2025-12-27 05:05:00,716 | INFO     | New best model saved with Val Loss: 0.040822
2025-12-27 05:21:54,375 | INFO     | Epoch 95/250 - Train Loss: 0.043674, Val Loss: 0.043318[0m
2025-12-27 05:38:48,170 | INFO     | Epoch 96/250 - Train Loss: 0.044173, Val Loss: 0.041235[0m
2025-12-27 05:55:42,069 | INFO     | Epoch 97/250 - Train Loss: 0.043876, Val Loss: 0.043245[0m
2025-12-27 06:12:35,774 | INFO     | Epoch 98/250 - Train Loss: 0.043854, Val Loss: 0.041938[0m
2025-12-27 06:29:29,559 | INFO     | Epoch 99/250 - Train Loss: 0.044319, Val Loss: 0.041045[0m
2025-12-27 06:46:23,144 | INFO     | Epoch 100/250 - Train Loss: 0.043927, Val Loss: 0.046448[0m
2025-12-27 07:03:16,882 | INFO     | Epoch 101/250 - Train Loss: 0.042001, Val Loss: 0.040105[0m
2025-12-27 07:03:16,933 | INFO     | New best model saved with Val Loss: 0.040105
2025-12-27 07:20:10,951 | INFO     | Epoch 102/250 - Train Loss: 0.041511, Val Loss: 0.039759[0m
2025-12-27 07:20:11,008 | INFO     | New best model saved with Val Loss: 0.039759
2025-12-27 07:37:04,951 | INFO     | Epoch 103/250 - Train Loss: 0.041082, Val Loss: 0.039515[0m
2025-12-27 07:37:05,006 | INFO     | New best model saved with Val Loss: 0.039515
2025-12-27 07:53:59,095 | INFO     | Epoch 104/250 - Train Loss: 0.041484, Val Loss: 0.039957[0m
2025-12-27 08:10:53,073 | INFO     | Epoch 105/250 - Train Loss: 0.041304, Val Loss: 0.043893[0m
2025-12-27 08:27:47,249 | INFO     | Epoch 106/250 - Train Loss: 0.041797, Val Loss: 0.039942[0m
2025-12-27 08:44:41,403 | INFO     | Epoch 107/250 - Train Loss: 0.041145, Val Loss: 0.040184[0m
2025-12-27 09:01:35,367 | INFO     | Epoch 108/250 - Train Loss: 0.040925, Val Loss: 0.040048[0m
2025-12-27 09:18:29,136 | INFO     | Epoch 109/250 - Train Loss: 0.040780, Val Loss: 0.040127[0m
2025-12-27 09:35:22,906 | INFO     | Epoch 110/250 - Train Loss: 0.040740, Val Loss: 0.040479[0m
2025-12-27 09:52:16,776 | INFO     | Epoch 111/250 - Train Loss: 0.040664, Val Loss: 0.040736[0m
2025-12-27 10:09:10,562 | INFO     | Epoch 112/250 - Train Loss: 0.040282, Val Loss: 0.040726[0m
2025-12-27 10:26:04,539 | INFO     | Epoch 113/250 - Train Loss: 0.041568, Val Loss: 0.039573[0m
2025-12-27 10:42:58,418 | INFO     | Epoch 114/250 - Train Loss: 0.041051, Val Loss: 0.040618[0m
2025-12-27 10:59:52,069 | INFO     | Epoch 115/250 - Train Loss: 0.040514, Val Loss: 0.041172[0m
2025-12-27 11:16:46,382 | INFO     | Epoch 116/250 - Train Loss: 0.041153, Val Loss: 0.043213[0m
2025-12-27 11:33:40,804 | INFO     | Epoch 117/250 - Train Loss: 0.040707, Val Loss: 0.041546[0m
2025-12-27 11:50:35,020 | INFO     | Epoch 118/250 - Train Loss: 0.040941, Val Loss: 0.039219[0m
2025-12-27 11:50:35,076 | INFO     | New best model saved with Val Loss: 0.039219
2025-12-27 12:07:29,173 | INFO     | Epoch 119/250 - Train Loss: 0.041347, Val Loss: 0.039610[0m
2025-12-27 12:24:23,220 | INFO     | Epoch 120/250 - Train Loss: 0.041353, Val Loss: 0.040493[0m
2025-12-27 12:41:17,446 | INFO     | Epoch 121/250 - Train Loss: 0.040038, Val Loss: 0.039596[0m
2025-12-27 12:58:11,432 | INFO     | Epoch 122/250 - Train Loss: 0.040855, Val Loss: 0.046840[0m
2025-12-27 13:15:05,361 | INFO     | Epoch 123/250 - Train Loss: 0.041032, Val Loss: 0.039865[0m
2025-12-27 13:31:59,188 | INFO     | Epoch 124/250 - Train Loss: 0.040452, Val Loss: 0.044920[0m
2025-12-27 13:48:53,014 | INFO     | Epoch 125/250 - Train Loss: 0.041242, Val Loss: 0.039148[0m
2025-12-27 13:48:53,069 | INFO     | New best model saved with Val Loss: 0.039148
2025-12-27 14:05:47,044 | INFO     | Epoch 126/250 - Train Loss: 0.040419, Val Loss: 0.039578[0m
2025-12-27 14:22:41,058 | INFO     | Epoch 127/250 - Train Loss: 0.041574, Val Loss: 0.040677[0m
2025-12-27 14:39:35,192 | INFO     | Epoch 128/250 - Train Loss: 0.040730, Val Loss: 0.039494[0m
2025-12-27 14:56:29,338 | INFO     | Epoch 129/250 - Train Loss: 0.042055, Val Loss: 0.040823[0m
2025-12-27 15:13:23,603 | INFO     | Epoch 130/250 - Train Loss: 0.040833, Val Loss: 0.040124[0m
2025-12-27 15:30:18,581 | INFO     | Epoch 131/250 - Train Loss: 0.040542, Val Loss: 0.049925[0m
2025-12-27 15:47:13,230 | INFO     | Epoch 132/250 - Train Loss: 0.040815, Val Loss: 0.039718[0m
2025-12-27 16:04:07,697 | INFO     | Epoch 133/250 - Train Loss: 0.040904, Val Loss: 0.040425[0m
2025-12-27 16:21:02,132 | INFO     | Epoch 134/250 - Train Loss: 0.040253, Val Loss: 0.041258[0m
2025-12-27 16:37:56,633 | INFO     | Epoch 135/250 - Train Loss: 0.041686, Val Loss: 0.041493[0m
2025-12-27 16:54:51,045 | INFO     | Epoch 136/250 - Train Loss: 0.042401, Val Loss: 0.047660[0m
2025-12-27 17:11:45,625 | INFO     | Epoch 137/250 - Train Loss: 0.041373, Val Loss: 0.047941[0m
2025-12-27 17:28:40,110 | INFO     | Epoch 138/250 - Train Loss: 0.041236, Val Loss: 0.041402[0m
2025-12-27 17:45:34,515 | INFO     | Epoch 139/250 - Train Loss: 0.042106, Val Loss: 0.051879[0m
2025-12-27 18:02:28,816 | INFO     | Epoch 140/250 - Train Loss: 0.043365, Val Loss: 0.040668[0m
2025-12-27 18:19:23,165 | INFO     | Epoch 141/250 - Train Loss: 0.040867, Val Loss: 0.048602[0m
2025-12-27 18:36:17,358 | INFO     | Epoch 142/250 - Train Loss: 0.041760, Val Loss: 0.044267[0m
