2025-12-18 17:55:05,834 | INFO     | Config:
exp_name: v5_epoch300_N50_000_drop01_lr_query
slice_num: 64
ref: 8
downsample: 5
batch_size: 1
epochs: 300
lr: 0.001
scheduler_step: 100
scheduler_gamma: 0.1
max_grad_norm: 0.1
num_workers: 1
weight_decay: 1.0e-05
ndim: 3
input_dim: 3
output_dim_surface: 1
output_dim_volume: 3
geometry_depth: 1
num_surf_blocks: 6
num_volume_blocks: 6
num_heads: 3
blocks: pscsc
n_input: 192
dim: 192
n_layers: 8
res: true
dim_head: 64
radius: 0.25
seed: 1
test_only: 0
gpus: '0'
root_dir: /mnt/wjc_group/mae-zhangbj/DrivAerML_dataset/small

2025-12-18 17:55:05,834 | INFO     | args.exp_name : v5_epoch300_N50_000_drop01_lr_query
2025-12-18 17:55:05,834 | INFO     | Starting training with 1 GPUs
2025-12-18 17:55:43,519 | INFO     | Config:
exp_name: v5_epoch300_N50_000_drop01_lr_query
slice_num: 64
ref: 8
downsample: 5
batch_size: 1
epochs: 300
lr: 0.001
scheduler_step: 100
scheduler_gamma: 0.1
max_grad_norm: 0.1
num_workers: 1
weight_decay: 1.0e-05
ndim: 3
input_dim: 3
output_dim_surface: 1
output_dim_volume: 3
geometry_depth: 1
num_surf_blocks: 6
num_volume_blocks: 6
num_heads: 3
blocks: pscsc
n_input: 192
dim: 192
n_layers: 8
res: true
dim_head: 64
radius: 0.25
seed: 1
test_only: 0
gpus: '0'
root_dir: /mnt/wjc_group/mae-zhangbj/DrivAerML_dataset/small

2025-12-18 17:55:43,519 | INFO     | args.exp_name : v5_epoch300_N50_000_drop01_lr_query
2025-12-18 17:55:43,519 | INFO     | Starting training with 1 GPUs
2025-12-18 17:55:45,329 | INFO     | Total trainable parameters: 21190455
2025-12-18 17:55:45,331 | INFO     | Data loaded: 380 training batches, 33 validation batches, 44 test batches
2025-12-18 17:55:45,333 | INFO     | Staring training for 300 epochs
2025-12-18 17:59:48,487 | INFO     | Config:
exp_name: v5_epoch300_N50_000_drop01_lr_query
slice_num: 64
ref: 8
downsample: 5
batch_size: 1
epochs: 300
lr: 0.001
scheduler_step: 100
scheduler_gamma: 0.1
max_grad_norm: 0.1
num_workers: 1
weight_decay: 1.0e-05
ndim: 3
input_dim: 3
output_dim_surface: 1
output_dim_volume: 3
geometry_depth: 1
num_surf_blocks: 6
num_volume_blocks: 6
num_heads: 3
blocks: pscsc
n_input: 192
dim: 192
n_layers: 8
res: true
dim_head: 64
radius: 0.25
seed: 1
test_only: 0
gpus: '0'
root_dir: /mnt/wjc_group/mae-zhangbj/DrivAerML_dataset/small

2025-12-18 17:59:48,487 | INFO     | args.exp_name : v5_epoch300_N50_000_drop01_lr_query
2025-12-18 17:59:48,487 | INFO     | Starting training with 1 GPUs
2025-12-18 17:59:50,246 | INFO     | Total trainable parameters: 21190455
2025-12-18 17:59:50,247 | INFO     | Data loaded: 380 training batches, 33 validation batches, 44 test batches
2025-12-18 17:59:50,249 | INFO     | Staring training for 300 epochs
2025-12-18 17:59:50,407 | INFO     | geometry_position: shape = (10000, 3)
2025-12-18 17:59:50,408 | INFO     | geometry_batch_idx: shape = (10000,)
2025-12-18 17:59:50,408 | INFO     | geometry_supernode_idx: shape = (10000,)
2025-12-18 17:59:50,408 | INFO     | surface_anchor_position: shape = (1, 10000, 3)
2025-12-18 17:59:50,408 | INFO     | volume_anchor_position: shape = (1, 10000, 3)
2025-12-18 18:02:08,292 | INFO     | Config:
exp_name: v5_epoch300_N50_000_drop01_lr_query
slice_num: 64
ref: 8
downsample: 5
batch_size: 1
epochs: 300
lr: 0.001
scheduler_step: 100
scheduler_gamma: 0.1
max_grad_norm: 0.1
num_workers: 1
weight_decay: 1.0e-05
ndim: 3
input_dim: 3
output_dim_surface: 1
output_dim_volume: 3
geometry_depth: 1
num_surf_blocks: 6
num_volume_blocks: 6
num_heads: 3
blocks: pscsc
n_input: 192
dim: 192
n_layers: 8
res: true
dim_head: 64
radius: 0.25
seed: 1
test_only: 0
gpus: '0'
root_dir: /mnt/wjc_group/mae-zhangbj/DrivAerML_dataset/small

2025-12-18 18:02:08,292 | INFO     | args.exp_name : v5_epoch300_N50_000_drop01_lr_query
2025-12-18 18:02:08,292 | INFO     | Starting training with 1 GPUs
2025-12-18 18:02:10,063 | INFO     | Total trainable parameters: 21190455
2025-12-18 18:02:10,065 | INFO     | Data loaded: 380 training batches, 33 validation batches, 44 test batches
2025-12-18 18:02:10,067 | INFO     | Staring training for 300 epochs
2025-12-18 18:02:10,187 | INFO     | geometry_position: shape = (10000, 3)
2025-12-18 18:02:10,187 | INFO     | geometry_batch_idx: shape = (10000,)
2025-12-18 18:02:10,187 | INFO     | geometry_supernode_idx: shape = (10000,)
2025-12-18 18:02:10,187 | INFO     | surface_anchor_position: shape = (1, 10000, 3)
2025-12-18 18:02:10,187 | INFO     | volume_anchor_position: shape = (1, 10000, 3)
2025-12-18 18:04:32,910 | INFO     | Config:
exp_name: v5_epoch300_N50_000_drop01_lr_query
slice_num: 64
ref: 8
downsample: 5
batch_size: 1
epochs: 300
lr: 0.001
scheduler_step: 100
scheduler_gamma: 0.1
max_grad_norm: 0.1
num_workers: 1
weight_decay: 1.0e-05
ndim: 3
input_dim: 3
output_dim_surface: 1
output_dim_volume: 3
geometry_depth: 1
num_surf_blocks: 6
num_volume_blocks: 6
num_heads: 3
blocks: pscsc
n_input: 192
dim: 192
n_layers: 8
res: true
dim_head: 64
radius: 0.25
seed: 1
test_only: 0
gpus: '0'
root_dir: /mnt/wjc_group/mae-zhangbj/DrivAerML_dataset/small

2025-12-18 18:04:32,910 | INFO     | args.exp_name : v5_epoch300_N50_000_drop01_lr_query
2025-12-18 18:04:32,910 | INFO     | Starting training with 1 GPUs
2025-12-18 18:04:34,640 | INFO     | Total trainable parameters: 21190455
2025-12-18 18:04:34,642 | INFO     | Data loaded: 380 training batches, 33 validation batches, 44 test batches
2025-12-18 18:04:34,643 | INFO     | Staring training for 300 epochs
2025-12-18 18:04:34,773 | INFO     | geometry_position: shape = (10000, 3)
2025-12-18 18:04:34,773 | INFO     | geometry_batch_idx: shape = (10000,)
2025-12-18 18:04:34,773 | INFO     | geometry_supernode_idx: shape = (10000,)
2025-12-18 18:04:34,773 | INFO     | surface_anchor_position: shape = (1, 10000, 3)
2025-12-18 18:04:34,774 | INFO     | volume_anchor_position: shape = (1, 10000, 3)
2025-12-18 18:05:25,482 | INFO     | Config:
exp_name: v5_epoch300_N50_000_drop01_lr_query
slice_num: 64
ref: 8
downsample: 5
batch_size: 1
epochs: 300
lr: 0.001
scheduler_step: 100
scheduler_gamma: 0.1
max_grad_norm: 0.1
num_workers: 1
weight_decay: 1.0e-05
ndim: 3
input_dim: 3
output_dim_surface: 1
output_dim_volume: 3
geometry_depth: 1
num_surf_blocks: 6
num_volume_blocks: 6
num_heads: 3
blocks: pscsc
n_input: 192
dim: 192
n_layers: 8
res: true
dim_head: 64
radius: 0.25
seed: 1
test_only: 0
gpus: '0'
root_dir: /mnt/wjc_group/mae-zhangbj/DrivAerML_dataset/small

2025-12-18 18:05:25,482 | INFO     | args.exp_name : v5_epoch300_N50_000_drop01_lr_query
2025-12-18 18:05:25,482 | INFO     | Starting training with 1 GPUs
2025-12-18 18:05:27,244 | INFO     | Total trainable parameters: 21190455
2025-12-18 18:05:27,246 | INFO     | Data loaded: 380 training batches, 33 validation batches, 44 test batches
2025-12-18 18:05:27,247 | INFO     | Staring training for 300 epochs
2025-12-18 18:05:27,384 | INFO     | geometry_position: shape = (10000, 3)
2025-12-18 18:05:27,385 | INFO     | geometry_batch_idx: shape = (10000,)
2025-12-18 18:05:27,385 | INFO     | geometry_supernode_idx: shape = (10000,)
2025-12-18 18:05:27,385 | INFO     | surface_anchor_position: shape = (1, 10000, 3)
2025-12-18 18:05:27,386 | INFO     | volume_anchor_position: shape = (1, 10000, 3)
2025-12-18 18:07:29,400 | INFO     | Config:
exp_name: v5_epoch300_N50_000_drop01_lr_query
slice_num: 64
ref: 8
downsample: 5
batch_size: 1
epochs: 300
lr: 0.001
scheduler_step: 100
scheduler_gamma: 0.1
max_grad_norm: 0.1
num_workers: 1
weight_decay: 1.0e-05
ndim: 3
input_dim: 3
output_dim_surface: 1
output_dim_volume: 3
geometry_depth: 1
num_surf_blocks: 6
num_volume_blocks: 6
num_heads: 3
blocks: pscsc
n_input: 192
dim: 192
n_layers: 8
res: true
dim_head: 64
radius: 0.25
seed: 1
test_only: 0
gpus: '0'
root_dir: /mnt/wjc_group/mae-zhangbj/DrivAerML_dataset/small

2025-12-18 18:07:29,401 | INFO     | args.exp_name : v5_epoch300_N50_000_drop01_lr_query
2025-12-18 18:07:29,401 | INFO     | Starting training with 1 GPUs
2025-12-18 18:07:31,158 | INFO     | Total trainable parameters: 21190455
2025-12-18 18:07:31,160 | INFO     | Data loaded: 380 training batches, 33 validation batches, 44 test batches
2025-12-18 18:07:31,162 | INFO     | Staring training for 300 epochs
2025-12-18 18:07:31,301 | INFO     | geometry_position: shape = (10000, 3)
2025-12-18 18:07:31,301 | INFO     | geometry_batch_idx: shape = (10000,)
2025-12-18 18:07:31,302 | INFO     | geometry_supernode_idx: shape = (10000,)
2025-12-18 18:07:31,302 | INFO     | surface_anchor_position: shape = (1, 10000, 3)
2025-12-18 18:07:31,302 | INFO     | volume_anchor_position: shape = (1, 10000, 3)
2025-12-18 18:13:19,266 | INFO     | Config:
exp_name: v5_epoch300_N50_000_drop01_lr_query
slice_num: 32
ref: 8
downsample: 5
batch_size: 1
epochs: 300
lr: 0.001
scheduler_step: 100
scheduler_gamma: 0.1
max_grad_norm: 0.1
num_workers: 1
weight_decay: 1.0e-05
ndim: 3
input_dim: 3
output_dim_surface: 1
output_dim_volume: 3
geometry_depth: 1
num_surf_blocks: 6
num_volume_blocks: 6
num_heads: 3
blocks: pscsc
n_input: 192
dim: 192
n_layers: 5
res: true
dim_head: 64
radius: 0.25
seed: 1
test_only: 0
gpus: '0'
root_dir: /mnt/wjc_group/mae-zhangbj/DrivAerML_dataset/small

2025-12-18 18:13:19,266 | INFO     | args.exp_name : v5_epoch300_N50_000_drop01_lr_query
2025-12-18 18:13:19,266 | INFO     | Starting training with 1 GPUs
2025-12-18 18:13:20,927 | INFO     | Total trainable parameters: 19229879
2025-12-18 18:13:20,928 | INFO     | Data loaded: 380 training batches, 33 validation batches, 44 test batches
2025-12-18 18:13:20,929 | INFO     | Staring training for 300 epochs
2025-12-18 18:13:21,057 | INFO     | geometry_position: shape = (10000, 3)
2025-12-18 18:13:21,058 | INFO     | geometry_batch_idx: shape = (10000,)
2025-12-18 18:13:21,058 | INFO     | geometry_supernode_idx: shape = (10000,)
2025-12-18 18:13:21,058 | INFO     | surface_anchor_position: shape = (1, 10000, 3)
2025-12-18 18:13:21,058 | INFO     | volume_anchor_position: shape = (1, 10000, 3)
